02-22 21:41:38.574  3321  3321 D DCT     : [0]isDataAllowed: not allowed due to - Attached= false - SIM not loaded

02-22 21:41:38.574  3321  3321 D DCT     : [0]isDataPossible(default): possible=false isDataAllowed=false apnTypePossible=true apnContextisEnabled=false apnContextState()=IDLE isDataAllowedOnDataDisabled =false

02-22 21:41:38.574  3321  3321 D DCT     : [ApnContext:default] getApnSetting: apnSetting=null

02-22 21:41:38.584  3321  3321 D DCT     : [0]isDataAllowed getRecordsLoaded=false

02-22 21:41:38.589  3321  3321 D DCT     : [0]isDataAllowed: not allowed due to - Attached= false - SIM not loaded

02-22 21:41:38.589  3321  3321 D DCT     : [0]isDataPossible(mms): possible=false isDataAllowed=false apnTypePossible=true apnContextisEnabled=false apnContextState()=IDLE isDataAllowedOnDataDisabled =false

02-22 21:41:38.589  3321  3321 D DCT     : [ApnContext:mms] getApnSetting: apnSetting=null

02-22 21:41:38.614  3321  3321 D DCT     : [0]isDataAllowed getRecordsLoaded=false

02-22 21:41:38.614  3321  3321 D DCT     : [0]isDataAllowed: not allowed due to - Attached= false - SIM not loaded

02-22 21:41:38.614  3321  3321 D DCT     : [0]isDataPossible(cas): possible=false isDataAllowed=false apnTypePossible=true apnContextisEnabled=false apnContextState()=IDLE isDataAllowedOnDataDisabled =false

02-22 21:41:38.614  3321  3321 D DCT     : [ApnContext:cas] getApnSetting: apnSetting=null

02-22 21:41:38.619  3321  3321 D DCT     : [0]isDataAllowed getRecordsLoaded=false

02-22 21:41:38.619  3321  3321 D DCT     : [0]isDataAllowed: not allowed due to - Attached= false - SIM not loaded

02-22 21:41:38.619  3321  3321 D DCT     : [0]isDataPossible(cbs): possible=false isDataAllowed=false apnTypePossible=true apnContextisEnabled=false apnContextState()=IDLE isDataAllowedOnDataDisabled =false

02-22 21:41:38.619  3321  3321 D DCT     : [ApnContext:cbs] getApnSetting: apnSetting=null

02-22 21:41:38.629  3321  3321 D DCT     : [0]isDataAllowed getRecordsLoaded=false

02-22 21:41:38.629  3321  3321 D DCT     : [0]isDataAllowed: not allowed due to - Attached= false - SIM not loaded

02-22 21:41:38.629  3321  3321 D DCT     : [0]isDataPossible(ia): possible=false isDataAllowed=false apnTypePossible=true apnContextisEnabled=false apnContextState()=IDLE isDataAllowedOnDataDisabled =false

02-22 21:41:38.629  3321  3321 D DCT     : [ApnContext:ia] getApnSetting: apnSetting=null

02-22 21:41:38.634  3321  3321 D DCT     : [0]isDataAllowed getRecordsLoaded=false

02-22 21:41:38.634  3321  3321 D DCT     : [0]isDataAllowed: not allowed due to - Attached= false - SIM not loaded

02-22 21:41:38.634  3321  3321 D DCT     : [0]isDataPossible(dun): possible=false isDataAllowed=false apnTypePossible=true apnContextisEnabled=false apnContextState()=IDLE isDataAllowedOnDataDisabled =false

02-22 21:41:38.634  3321  3321 D DCT     : [ApnContext:dun] getApnSetting: apnSetting=null

02-22 21:41:38.679  3321  3321 D DefaultPhoneNotifier: notifySignalStrength: mRegistry=com.android.internal.telephony.ITelephonyRegistry$Stub$Proxy@b8e39e7 ss=SignalStrength: 0 99 -120 -200 -120 -200 -1 0 2147483647 2147483647 2147483647 2147483647 2147483647 0x0 gsm|lte sender=Handler (com.android.internal.telephony.gsm.GSMPhone) {89eae82}

02-22 21:41:38.684  3321  3321 D GsmSST  : Intent : android.intent.action.ANY_DATA_STATE

02-22 21:41:38.689  3321  3321 D CAT     : CatBIPManager$1: >>>>>>>>>> BROADCAST EVENT FROM CAT BIP MANAGER <<<<<<<<<<

02-22 21:41:38.689  3321  3321 D CAT     : CatBIPManager$1: intent receiver called with not listening : UNKNOWN and Intent { act=android.intent.action.ANY_DATA_STATE flg=0x10 bqHint=4 (has extras) }

02-22 21:41:38.689  3321  3321 D GsmSST  : Intent : android.intent.action.ANY_DATA_STATE

02-22 21:41:38.689  3321  3321 D CAT     : CatBIPManager$1: >>>>>>>>>> BROADCAST EVENT FROM CAT BIP MANAGER <<<<<<<<<<

02-22 21:41:38.689  3321  3321 D CAT     : CatBIPManager$1: intent receiver called with not listening : UNKNOWN and Intent { act=android.intent.action.ANY_DATA_STATE flg=0x10 bqHint=4 (has extras) }

02-22 21:41:38.689  3321  3321 D GsmSST  : Intent : android.intent.action.ANY_DATA_STATE

02-22 21:41:38.699  3321  3321 D CAT     : CatBIPManager$1: >>>>>>>>>> BROADCAST EVENT FROM CAT BIP MANAGER <<<<<<<<<<

02-22 21:41:38.699  3321  3321 D CAT     : CatBIPManager$1: intent receiver called with not listening : UNKNOWN and Intent { act=android.intent.action.ANY_DATA_STATE flg=0x10 bqHint=4 (has extras) }

02-22 21:41:38.699  3321  3321 D GsmSST  : Intent : android.intent.action.ANY_DATA_STATE

02-22 21:41:38.704  3321  3321 D CAT     : CatBIPManager$1: >>>>>>>>>> BROADCAST EVENT FROM CAT BIP MANAGER <<<<<<<<<<

02-22 21:41:38.704  3321  3321 D CAT     : CatBIPManager$1: intent receiver called with not listening : UNKNOWN and Intent { act=android.intent.action.ANY_DATA_STATE flg=0x10 bqHint=4 (has extras) }

02-22 21:41:38.704  3321  3321 D GsmSST  : Intent : android.intent.action.ANY_DATA_STATE

02-22 21:41:38.714  3321  3321 D CAT     : CatBIPManager$1: >>>>>>>>>> BROADCAST EVENT FROM CAT BIP MANAGER <<<<<<<<<<

02-22 21:41:38.714  3321  3321 D CAT     : CatBIPManager$1: intent receiver called with not listening : UNKNOWN and Intent { act=android.intent.action.ANY_DATA_STATE flg=0x10 bqHint=4 (has extras) }

02-22 21:41:38.714  3321  3321 D GsmSST  : Intent : android.intent.action.ANY_DATA_STATE

02-22 21:41:38.714  3321  3321 D CAT     : CatBIPManager$1: >>>>>>>>>> BROADCAST EVENT FROM CAT BIP MANAGER <<<<<<<<<<

02-22 21:41:38.714  3321  3321 D CAT     : CatBIPManager$1: intent receiver called with not listening : UNKNOWN and Intent { act=android.intent.action.ANY_DATA_STATE flg=0x10 bqHint=4 (has extras) }

02-22 21:41:38.714  3321  3321 D GsmSST  : Intent : android.intent.action.ANY_DATA_STATE

02-22 21:41:38.724  3321  3321 D CAT     : CatBIPManager$1: >>>>>>>>>> BROADCAST EVENT FROM CAT BIP MANAGER <<<<<<<<<<

02-22 21:41:38.724  3321  3321 D CAT     : CatBIPManager$1: intent receiver called with not listening : UNKNOWN and Intent { act=android.intent.action.ANY_DATA_STATE flg=0x10 bqHint=4 (has extras) }

02-22 21:41:38.724  3321  3321 D GsmSST  : Intent : android.intent.action.ANY_DATA_STATE

02-22 21:41:38.739  3321  3321 D CAT     : CatBIPManager$1: >>>>>>>>>> BROADCAST EVENT FROM CAT BIP MANAGER <<<<<<<<<<

02-22 21:41:38.739  3321  3321 D CAT     : CatBIPManager$1: intent receiver called with not listening : UNKNOWN and Intent { act=android.intent.action.ANY_DATA_STATE flg=0x10 bqHint=4 (has extras) }

02-22 21:41:38.739  3321  3321 D GsmSST  : Intent : android.intent.action.ANY_DATA_STATE

02-22 21:41:38.754  3321  3321 D CAT     : CatBIPManager$1: >>>>>>>>>> BROADCAST EVENT FROM CAT BIP MANAGER <<<<<<<<<<

02-22 21:41:38.754  3321  3321 D CAT     : CatBIPManager$1: intent receiver called with not listening : UNKNOWN and Intent { act=android.intent.action.ANY_DATA_STATE flg=0x10 bqHint=4 (has extras) }

02-22 21:41:38.754  3321  3321 D GsmSST  : Intent : android.intent.action.ANY_DATA_STATE

02-22 21:41:38.759  3321  3321 D CAT     : CatBIPManager$1: >>>>>>>>>> BROADCAST EVENT FROM CAT BIP MANAGER <<<<<<<<<<

02-22 21:41:38.759  3321  3321 D CAT     : CatBIPManager$1: intent receiver called with not listening : UNKNOWN and Intent { act=android.intent.action.ANY_DATA_STATE flg=0x10 bqHint=4 (has extras) }

02-22 21:41:38.759  3321  3321 D GsmSST  : Intent : android.intent.action.ANY_DATA_STATE

02-22 21:41:38.764  3321  3321 D CAT     : CatBIPManager$1: >>>>>>>>>> BROADCAST EVENT FROM CAT BIP MANAGER <<<<<<<<<<

02-22 21:41:38.764  3321  3321 D CAT     : CatBIPManager$1: intent receiver called with not listening : UNKNOWN and Intent { act=android.intent.action.ANY_DATA_STATE flg=0x10 bqHint=4 (has extras) }

02-22 21:41:38.764  3321  3321 D GsmSST  : Intent : android.intent.action.ANY_DATA_STATE

02-22 21:41:38.774  3321  3321 D CAT     : CatBIPManager$1: >>>>>>>>>> BROADCAST EVENT FROM CAT BIP MANAGER <<<<<<<<<<

02-22 21:41:38.774  3321  3321 D CAT     : CatBIPManager$1: intent receiver called with not listening : UNKNOWN and Intent { act=android.intent.action.ANY_DATA_STATE flg=0x10 bqHint=4 (has extras) }

02-22 21:41:38.774  3321  3321 D GsmSST  : Intent : android.intent.action.ANY_DATA_STATE

02-22 21:41:38.824  3321  3321 D CAT     : CatBIPManager$1: >>>>>>>>>> BROADCAST EVENT FROM CAT BIP MANAGER <<<<<<<<<<

02-22 21:41:38.824  3321  3321 D CAT     : CatBIPManager$1: intent receiver called with not listening : UNKNOWN and Intent { act=android.intent.action.ANY_DATA_STATE flg=0x10 bqHint=4 (has extras) }

02-22 21:41:38.824  3321  3321 D GsmSST  : Intent : android.intent.action.ANY_DATA_STATE

02-22 21:41:38.864  3321  3321 D CAT     : CatBIPManager$1: >>>>>>>>>> BROADCAST EVENT FROM CAT BIP MANAGER <<<<<<<<<<

02-22 21:41:38.864  3321  3321 D CAT     : CatBIPManager$1: intent receiver called with not listening : UNKNOWN and Intent { act=android.intent.action.ANY_DATA_STATE flg=0x10 bqHint=4 (has extras) }

02-22 21:41:38.864  3321  3321 D GsmSST  : Intent : android.intent.action.ANY_DATA_STATE

02-22 21:41:38.869  3321  3321 D CAT     : CatBIPManager$1: >>>>>>>>>> BROADCAST EVENT FROM CAT BIP MANAGER <<<<<<<<<<

02-22 21:41:38.869  3321  3321 D CAT     : CatBIPManager$1: intent receiver called with not listening : UNKNOWN and Intent { act=android.intent.action.ANY_DATA_STATE flg=0x10 bqHint=4 (has extras) }

02-22 21:41:38.874  3321  3590 D TelephonyManager: getLteOnCdmaMode=0 curVal=0 product_type='' lteOnCdmaProductType=''

02-22 21:41:44.374  2764  2818 I MultiSimManager: return subId: 4

02-22 21:41:44.399  2764  2818 I MultiSimManager: return subId: 2147483647

02-22 21:41:44.399  3321  3333 D SubscriptionController: [getPhoneId] asked for default subId=4

02-22 21:41:45.374  4047  4218 D TelephonyManager: getTopPackageName = com.sec.android.app.launcher

02-22 21:41:45.389  4047  4218 D TelephonyManager: getTopPackageName = com.sec.android.app.launcher

02-22 21:41:46.574  3321  3590 D DCT     : [0]getDataEnabled: getIntWithSubId retVal=true

02-22 21:41:46.974  4047  4226 D TelephonyManager: getTopPackageName = com.sec.android.app.launcher

02-22 21:41:46.974  4047  4226 D TelephonyManager: getTopPackageName = com.sec.android.app.launcher

02-22 21:41:47.139  4047  4226 D TelephonyManager: getTopPackageName = com.sec.android.app.launcher

02-22 21:41:47.149  4047  4226 D TelephonyManager: getTopPackageName = com.sec.android.app.launcher

02-22 21:41:47.174  4047  4226 D TelephonyManager: getTopPackageName = com.sec.android.app.launcher

02-22 21:41:47.174  4047  4226 D TelephonyManager: getTopPackageName = com.sec.android.app.launcher

02-22 21:41:47.184  4047  4226 D TelephonyManager: getTopPackageName = com.sec.android.app.launcher

02-22 21:41:47.199  4047  4226 D TelephonyManager: getTopPackageName = com.sec.android.app.launcher

02-22 21:41:47.199  4047  4226 D TelephonyManager: getTopPackageName = com.sec.android.app.launcher

02-22 21:41:47.229  4047  4226 D TelephonyManager: getTopPackageName = com.sec.android.app.launcher

02-22 21:41:47.229  4047  4226 D TelephonyManager: getTopPackageName = com.sec.android.app.launcher

02-22 21:41:47.229  4047  4226 D TelephonyManager: getTopPackageName = com.sec.android.app.launcher

02-22 21:41:47.229  4047  4226 D TelephonyManager: getTopPackageName = com.sec.android.app.launcher

02-22 21:41:47.234  4047  4226 D TelephonyManager: getTopPackageName = com.sec.android.app.launcher

02-22 21:41:47.234  4047  4226 D TelephonyManager: getTopPackageName = com.sec.android.app.launcher

02-22 21:41:47.234  4047  4226 D TelephonyManager: getTopPackageName = com.sec.android.app.launcher

02-22 21:41:47.234  4047  4226 D TelephonyManager: getTopPackageName = com.sec.android.app.launcher

02-22 21:41:47.239  4047  4226 D TelephonyManager: getTopPackageName = com.sec.android.app.launcher

02-22 21:41:47.944  3321  3590 D GsmSST  : getCellLocation(): X good mCellLoc= xxx

02-22 21:41:48.689  3321  3321 D SubscriptionController: getSimStateForSlotIdx:  simState=NETWORK_LOCKED ordinal=4

02-22 21:41:48.689  3321  3321 D SubscriptionManager: getSimStateForSlotIdx: simState=4 slotIdx=0

02-22 21:41:48.699  3321  4000 I MultiSimManager: return subId: 4

02-22 21:41:48.754  3321  4000 D RILJ    : [0043]> SET_TRANSMIT_POWER 1024 [SUB0]

02-22 21:41:48.799  3321  3561 D RILJ    : [0043]< SET_TRANSMIT_POWER  [SUB0]

02-22 21:41:49.089  4047  4226 D TelephonyManager: getTopPackageName = com.sec.android.app.launcher

02-22 21:41:49.224  3321  3333 D GsmSST  : SST.getAllCellInfo(): CallingUid = 10008, CallingPid = 3667

02-22 21:41:49.224  3321  3333 D RILJ    : [0044]> RIL_REQUEST_GET_CELL_INFO_LIST [SUB0]

02-22 21:41:49.254  3321  3561 D RILJ    : [0044]< RIL_REQUEST_GET_CELL_INFO_LIST  [SUB0]

02-22 21:41:51.979  3321  3321 D RILJ    : [0045]> OPERATOR [SUB0]

02-22 21:41:52.024  3321  3321 D RILJ    : [0046]> DATA_REGISTRATION_STATE [SUB0]

02-22 21:41:52.029  3321  3321 D RILJ    : [0047]> VOICE_REGISTRATION_STATE [SUB0]

02-22 21:41:52.029  3321  3321 D RILJ    : [0048]> QUERY_NETWORK_SELECTION_MODE [SUB0]

02-22 21:41:52.029  3321  3561 D RILJ    : [0045]< OPERATOR {xx,xx,xx,xx} [SUB0]

02-22 21:41:52.039  3321  3561 D RILJ    : [0046]< DATA_REGISTRATION_STATE {0, 0000, 00000000, 0, null, 4, 0xfffe, null, 0x00000000, null, null, 0} [SUB0]

02-22 21:41:52.039  3321  3321 D TelephonyManager: setTelephonyProperty: success phoneId=0 property=gsm.operator.ispsroaming value: false propVal=false

02-22 21:41:52.039  3321  3321 D GsmSST  : handlPollStateResultMessage: GsmSST setDataRegState=1 regState=0 dataRadioTechnology=0

02-22 21:41:52.044  3321  3561 D RILJ    : [0047]< VOICE_REGISTRATION_STATE {0, 0000, 00000000, 0, null, null, null, null, null, null, null, null, null, null, null, 2, 2, 0} [SUB0]

02-22 21:41:52.044  3321  3321 D GsmSST  : handlePollStateResult(); regState: 0, mNewLuRejCause: -1

02-22 21:41:52.049  3321  3561 D RILJ    : [0048]< QUERY_NETWORK_SELECTION_MODE {0} [SUB0]

02-22 21:41:52.049  3321  3321 I SIMRecords: [SIMRecords] getFakeHomeOn() simOper[******], getIMSI()[******]

02-22 21:41:52.054  3321  3321 D GsmSST  : Poll ServiceState done:  oldSS=[1 1 voice home data home  Unknown Unknown CSS not supported -1 -1 RoamInd=-1 DefRoamInd=-1 VoiceRegType=0 ImsVoiceAvail=0 IsEbSupport=2 IsEaBarred=0 Snap=0 FemtocellInd=0 EmergOnly=false IsDataRoamingFromRegistration=false] newSS=[1 1 voice home data home  Unknown Unknown CSS not supported -1 -1 RoamInd=-1 DefRoamInd=-1 VoiceRegType=0 ImsVoiceAvail=2 IsEbSupport=2 IsEaBarred=0 Snap=0 FemtocellInd=0 EmergOnly=false IsDataRoamingFromRegistration=false] oldMaxDataCalls=4 mNewMaxDataCalls=4 oldReasonDataDenied=-1 mNewReasonDataDenied=-1

02-22 21:41:52.054  3321  3321 D GsmSST  : hasChanged : false, NetworkStateChangedByRescanDialog : true, isFirstRescanDialogCheckAfterBoot : false

02-22 21:41:52.054  3321  3321 D GsmSST  : SelectionMode : 0, isBootCompleted : false

02-22 21:41:54.464  4047  4212 D TelephonyManager: getTopPackageName = com.sec.android.app.launcher

02-22 21:41:58.684  3321  3321 D RILJ    : [0049]> SIGNAL_STRENGTH [SUB0]

02-22 21:41:58.699  3321  3561 D RILJ    : [0049]< SIGNAL_STRENGTH SignalStrength: 0 99 0 200 0 200 -1 0 2147483647 255 2147483647 2147483647 2147483647 0x0 gsm|lte [SUB0]

02-22 21:41:58.699  3321  3321 W SignalStrength: Signal before validate=SignalStrength: 0 99 0 200 0 200 -1 0 2147483647 255 2147483647 2147483647 2147483647 0x0 gsm|lte

02-22 21:41:58.699  3321  3321 W SignalStrength: Signal after validate=SignalStrength: 0 99 -120 -200 -120 -200 -1 0 2147483647 2147483647 2147483647 2147483647 2147483647 0x0 gsm|lte

02-22 21:41:58.699  3321  3321 D DefaultPhoneNotifier: notifySignalStrength: mRegistry=com.android.internal.telephony.ITelephonyRegistry$Stub$Proxy@b8e39e7 ss=SignalStrength: 0 99 -120 -200 -120 -200 -1 0 2147483647 2147483647 2147483647 2147483647 2147483647 0x0 gsm|lte sender=Handler (com.android.internal.telephony.gsm.GSMPhone) {89eae82}

02-22 21:41:58.974  3321  4000 D TelephonyManager: getLteOnCdmaMode=0 curVal=0 product_type='' lteOnCdmaProductType=''

02-22 21:42:03.954  3321  3333 D SmsApplication: SEC SMS is disabled.

02-22 21:42:03.959  3321  3333 D SmsApplication: No PackageName Pattern : net.aetherpal.device

02-22 21:42:04.244  3321  3321 E use-Rlog/RLOG-STK: onReceive android.intent.action.BOOT_COMPLETED

02-22 21:42:04.274  3321  3321 D CAT     : StkAppService: onStart)

02-22 21:42:04.274  3321  3321 D CAT     : StkAppService: Before SendMessage to ServiceHandler)

02-22 21:42:04.274  3321  3321 D CAT     : StkAppService: After SendMessage to ServiceHandler)

02-22 21:42:04.274  3321  5171 D CAT     : StkAppService$ServiceHandler: OP_BOOT_COMPLETED

02-22 21:42:04.919  3321  4000 D SubscriptionController: getSimStateForSlotIdx:  simState=NETWORK_LOCKED ordinal=4

02-22 21:42:04.919  5184  5184 D SubscriptionManager: getSimStateForSlotIdx: simState=4 slotIdx=0

02-22 21:42:04.934  5184  5184 D TelephonyManager: getTopPackageName = com.sec.android.app.launcher

02-22 21:42:05.504  3844  3844 D SecPhoneBootCompleteReceiver: onReceive(): android.intent.action.BOOT_COMPLETED

02-22 21:42:05.529  3844  3844 D SecPhoneBootCompleteReceiver: Starting RilInitTracker service

02-22 21:42:05.539  3844  3844 I RIL_TRACKER: swVer : T377AUCU2AQGF

02-22 21:42:05.539  3844  3844 E RIL_TRACKER: Secril is ready

02-22 21:42:05.539  3844  3844 E RIL_TRACKER: intent for SECPHONE_READY

02-22 21:42:05.549  3844  3844 I RIL_TRACKER: onDestroy()

02-22 21:42:05.884  3321  3642 D GsmSST  : SST.getAllCellInfo(): CallingUid = 1000, CallingPid = 2764

02-22 21:42:05.884  3321  3642 D RILJ    : [0050]> RIL_REQUEST_GET_CELL_INFO_LIST [SUB0]

02-22 21:42:05.894  3321  3561 D RILJ    : [0050]< RIL_REQUEST_GET_CELL_INFO_LIST  [SUB0]

02-22 21:42:06.064  3321  3333 D GsmSST  : SST.getAllCellInfo(): CallingUid = 1000, CallingPid = 2764

02-22 21:42:06.064  3321  3333 D GsmSST  : SST.getAllCellInfo(): return last, back to back calls

02-22 21:42:06.219  3844  3844 D RILS    : handleMessage(): { when=0 what=1000 target=com.sec.phone.SecPhoneService$1 }

02-22 21:42:06.234  3844  3844 D RILS    : [0001]> OEM_HOOK_RAW[06050004]

02-22 21:42:06.269  3844  3864 D RILS    : processSolicited(): mResult - { when=-3m30s142ms barrier=0 }

02-22 21:42:06.269  3844  3864 D RILS    : processSolicited(): reply - { when=-3m30s142ms barrier=0 }

02-22 21:42:06.269  3844  3864 D RILS    : [0001]< OEM_HOOK_RAW { when=-3m30s142ms barrier=0 }

02-22 21:42:06.279  2205  2459 D RILClient: processUnsolicited(): resp_id (11020), len(19)

02-22 21:42:06.279  2186  2922 D RILClient: processUnsolicited(): resp_id (11020), len(19)

02-22 21:42:06.279  2199  2510 D RILClient: processUnsolicited(): resp_id (11020), len(19)

02-22 21:42:06.279  2213  2455 D RILClient: processUnsolicited(): resp_id (11020), len(19)

02-22 21:42:06.279  2213  2455 D RILClient: processUnsolicited(): unsol_func resp_id (11020), len(19)

02-22 21:42:06.284  2213  2455 D ATD     : Send Msg [RIL > ATD] 19 bytes <BOOTING COMPLETED(\r)(\n)>

02-22 21:42:06.389  2213  2455 D ATD     : SetAtdStatus(), 1_1_0

02-22 21:42:06.389  2213  2455 D ATD     : Send Msg [ATD > UART] 19 bytes <BOOTING COMPLETED(\r)(\n)>

02-22 21:42:06.619  3321  3590 D SubscriptionController: [getAllSubInfoCount]+

02-22 21:42:06.619  3321  3590 D SubscriptionController: [getAllSubInfoCount]- count: 4

02-22 21:42:06.659  3321  3333 D SubscriptionController: getSimStateForSlotIdx:  simState=NETWORK_LOCKED ordinal=4

02-22 21:42:06.659  2764  5262 D SubscriptionManager: getSimStateForSlotIdx: simState=4 slotIdx=0

02-22 21:42:06.669  3321  4000 D SubscriptionController: getSimStateForSlotIdx:  simState=NETWORK_LOCKED ordinal=4

02-22 21:42:06.669  2764  5262 D SubscriptionManager: getSimStateForSlotIdx: simState=4 slotIdx=0

02-22 21:42:06.749  3321  3331 D SubscriptionController: getSimStateForSlotIdx:  simState=NETWORK_LOCKED ordinal=4

02-22 21:42:06.749  2764  5262 D SubscriptionManager: getSimStateForSlotIdx: simState=4 slotIdx=0

02-22 21:42:06.754  3321  3642 D SubscriptionController: getSimStateForSlotIdx:  simState=NETWORK_LOCKED ordinal=4

02-22 21:42:06.754  2764  5262 D SubscriptionManager: getSimStateForSlotIdx: simState=4 slotIdx=0

02-22 21:42:09.329  3321  3331 D SubscriptionController: [getActiveSubInfoList]+

02-22 21:42:09.339  3321  3590 D SubscriptionController: [getActiveSubInfoList]+

02-22 21:42:09.339  3321  4000 D SubscriptionController: getSimStateForSlotIdx:  simState=NETWORK_LOCKED ordinal=4

02-22 21:42:09.339  3092  3092 D SubscriptionManager: getSimStateForSlotIdx: simState=4 slotIdx=0

02-22 21:42:09.354  3321  3642 D SubscriptionController: [getActiveSubInfoList]+

02-22 21:42:09.449  3321  3333 D SubscriptionController: [getActiveSubInfoList]+

02-22 21:42:11.164  3321  3333 D SubscriptionController: [getActiveSubInfoList]+

02-22 21:42:11.169  5428  5428 I MultiSimManager: return getEnabledSimCount count = 1

02-22 21:42:11.169  3321  3331 D SubscriptionController: getSimStateForSlotIdx:  simState=NETWORK_LOCKED ordinal=4

02-22 21:42:11.169  5428  5428 D SubscriptionManager: getSimStateForSlotIdx: simState=4 slotIdx=0

02-22 21:42:12.094  3321  3590 D GsmSST  : SST.getAllCellInfo(): CallingUid = 1000, CallingPid = 2764

02-22 21:42:12.094  3321  3590 D RILJ    : [0051]> RIL_REQUEST_GET_CELL_INFO_LIST [SUB0]

02-22 21:42:12.104  3321  3561 D RILJ    : [0051]< RIL_REQUEST_GET_CELL_INFO_LIST  [SUB0]

02-22 21:42:14.539  3321  3590 D SubscriptionController: getSimStateForSlotIdx:  simState=NETWORK_LOCKED ordinal=4

02-22 21:42:14.539  5428  5637 D SubscriptionManager: getSimStateForSlotIdx: simState=4 slotIdx=0

02-22 21:42:14.569  3321  3333 D SubscriptionController: getSimStateForSlotIdx:  simState=NETWORK_LOCKED ordinal=4

02-22 21:42:14.569  5428  5637 D SubscriptionManager: getSimStateForSlotIdx: simState=4 slotIdx=0

02-22 21:42:15.119  3321  4000 D SubscriptionController: getSimStateForSlotIdx:  simState=NETWORK_LOCKED ordinal=4

02-22 21:42:15.119  3321  4000 D SubscriptionManager: getSimStateForSlotIdx: simState=4 slotIdx=0

02-22 21:42:15.259  3321  4000 D TelephonyManager: getLteOnCdmaMode=0 curVal=0 product_type='' lteOnCdmaProductType=''

02-22 21:42:15.939  3321  3331 D GsmSST  : SST.getAllCellInfo(): CallingUid = 1000, CallingPid = 2764

02-22 21:42:15.939  3321  3331 D RILJ    : [0052]> RIL_REQUEST_GET_CELL_INFO_LIST [SUB0]

02-22 21:42:15.949  3321  3561 D RILJ    : [0052]< RIL_REQUEST_GET_CELL_INFO_LIST  [SUB0]

02-22 21:42:16.184  3321  3642 D SubscriptionController: getSimStateForSlotIdx:  simState=NETWORK_LOCKED ordinal=4

02-22 21:42:16.184  5749  5840 D SubscriptionManager: getSimStateForSlotIdx: simState=4 slotIdx=0

02-22 21:42:18.704  3321  3321 D RILJ    : [0053]> SIGNAL_STRENGTH [SUB0]

02-22 21:42:18.714  3321  3561 D RILJ    : [0053]< SIGNAL_STRENGTH SignalStrength: 0 99 0 200 0 200 -1 0 2147483647 255 2147483647 2147483647 2147483647 0x0 gsm|lte [SUB0]

02-22 21:42:18.714  3321  3321 W SignalStrength: Signal before validate=SignalStrength: 0 99 0 200 0 200 -1 0 2147483647 255 2147483647 2147483647 2147483647 0x0 gsm|lte

02-22 21:42:18.714  3321  3321 W SignalStrength: Signal after validate=SignalStrength: 0 99 -120 -200 -120 -200 -1 0 2147483647 2147483647 2147483647 2147483647 2147483647 0x0 gsm|lte

02-22 21:42:18.714  3321  3321 D DefaultPhoneNotifier: notifySignalStrength: mRegistry=com.android.internal.telephony.ITelephonyRegistry$Stub$Proxy@b8e39e7 ss=SignalStrength: 0 99 -120 -200 -120 -200 -1 0 2147483647 2147483647 2147483647 2147483647 2147483647 0x0 gsm|lte sender=Handler (com.android.internal.telephony.gsm.GSMPhone) {89eae82}

02-22 21:42:18.754  3321  3642 D TelephonyManager: getLteOnCdmaMode=0 curVal=0 product_type='' lteOnCdmaProductType=''

02-22 21:42:19.519  3321  3331 D SubscriptionController: getSimStateForSlotIdx:  simState=NETWORK_LOCKED ordinal=4

02-22 21:42:19.519  5749  6089 D SubscriptionManager: getSimStateForSlotIdx: simState=4 slotIdx=0

02-22 21:42:20.084  3321  4000 D SubscriptionController: getSimStateForSlotIdx:  simState=NETWORK_LOCKED ordinal=4

02-22 21:42:20.084  5667  5667 D SubscriptionManager: getSimStateForSlotIdx: simState=4 slotIdx=0

02-22 21:42:25.999  3321  3333 D GsmSST  : SST.getAllCellInfo(): CallingUid = 1000, CallingPid = 2764

02-22 21:42:25.999  3321  3333 D RILJ    : [0054]> RIL_REQUEST_GET_CELL_INFO_LIST [SUB0]

02-22 21:42:26.009  3321  3561 D RILJ    : [0054]< RIL_REQUEST_GET_CELL_INFO_LIST  [SUB0]

02-22 21:42:26.389  3321  3642 D SubscriptionController: getSimStateForSlotIdx:  simState=NETWORK_LOCKED ordinal=4

02-22 21:42:26.389  6027  6288 D SubscriptionManager: getSimStateForSlotIdx: simState=4 slotIdx=0

02-22 21:42:26.654  3321  3590 D SubscriptionController: getSimStateForSlotIdx:  simState=NETWORK_LOCKED ordinal=4

02-22 21:42:26.659  6027  6289 D SubscriptionManager: getSimStateForSlotIdx: simState=4 slotIdx=0

02-22 21:42:27.014  3321  4000 D SubscriptionController: getSimStateForSlotIdx:  simState=NETWORK_LOCKED ordinal=4

02-22 21:42:27.014  6310  6310 D SubscriptionManager: getSimStateForSlotIdx: simState=4 slotIdx=0

02-22 21:42:27.379  3321  3331 D SubscriptionController: getSimStateForSlotIdx:  simState=NETWORK_LOCKED ordinal=4

02-22 21:42:27.379  6027  6307 D SubscriptionManager: getSimStateForSlotIdx: simState=4 slotIdx=0

02-22 21:42:28.139  3321  3333 D SubscriptionController: getSimStateForSlotIdx:  simState=NETWORK_LOCKED ordinal=4

02-22 21:42:28.139  6027  6290 D SubscriptionManager: getSimStateForSlotIdx: simState=4 slotIdx=0

02-22 21:42:37.064  3321  3642 D SubscriptionController: getSimStateForSlotIdx:  simState=NETWORK_LOCKED ordinal=4

02-22 21:42:37.064  6027  6408 D SubscriptionManager: getSimStateForSlotIdx: simState=4 slotIdx=0

02-22 21:42:38.729  3321  3321 D RILJ    : [0055]> SIGNAL_STRENGTH [SUB0]

02-22 21:42:38.914  3321  3561 D RILJ    : [0055]< SIGNAL_STRENGTH SignalStrength: 0 99 0 200 0 200 -1 0 2147483647 255 2147483647 2147483647 2147483647 0x0 gsm|lte [SUB0]

02-22 21:42:38.914  3321  3321 W SignalStrength: Signal before validate=SignalStrength: 0 99 0 200 0 200 -1 0 2147483647 255 2147483647 2147483647 2147483647 0x0 gsm|lte

02-22 21:42:38.914  3321  3321 W SignalStrength: Signal after validate=SignalStrength: 0 99 -120 -200 -120 -200 -1 0 2147483647 2147483647 2147483647 2147483647 2147483647 0x0 gsm|lte

02-22 21:42:38.914  3321  3321 D DefaultPhoneNotifier: notifySignalStrength: mRegistry=com.android.internal.telephony.ITelephonyRegistry$Stub$Proxy@b8e39e7 ss=SignalStrength: 0 99 -120 -200 -120 -200 -1 0 2147483647 2147483647 2147483647 2147483647 2147483647 0x0 gsm|lte sender=Handler (com.android.internal.telephony.gsm.GSMPhone) {89eae82}

02-22 21:42:39.214  3321  3642 D TelephonyManager: getLteOnCdmaMode=0 curVal=0 product_type='' lteOnCdmaProductType=''

02-22 21:42:40.909  3321  3333 D SubscriptionController: getSimStateForSlotIdx:  simState=NETWORK_LOCKED ordinal=4

02-22 21:42:40.929  6536  6811 D SubscriptionManager: getSimStateForSlotIdx: simState=4 slotIdx=0

02-22 21:42:41.234  3321  3642 D SubscriptionController: getSimStateForSlotIdx:  simState=NETWORK_LOCKED ordinal=4

02-22 21:42:41.234  6536  6683 D SubscriptionManager: getSimStateForSlotIdx: simState=4 slotIdx=0

02-22 21:42:41.649  3321  3331 D SubscriptionController: getSimStateForSlotIdx:  simState=NETWORK_LOCKED ordinal=4

02-22 21:42:41.649  6536  6811 D SubscriptionManager: getSimStateForSlotIdx: simState=4 slotIdx=0

02-22 21:42:49.334  3321  3321 E SmsApplication: onPackageChanged: packageName = com.google.android.apps.docs

02-22 21:42:49.389  3321  6999 E SmsApplication: onPackageChanged: run

02-22 21:42:58.934  3321  3321 D RILJ    : [0056]> SIGNAL_STRENGTH [SUB0]

02-22 21:42:59.044  3321  3561 D RILJ    : [0056]< SIGNAL_STRENGTH SignalStrength: 0 99 0 200 0 200 -1 0 2147483647 255 2147483647 2147483647 2147483647 0x0 gsm|lte [SUB0]

02-22 21:42:59.049  3321  3321 W SignalStrength: Signal before validate=SignalStrength: 0 99 0 200 0 200 -1 0 2147483647 255 2147483647 2147483647 2147483647 0x0 gsm|lte

02-22 21:42:59.049  3321  3321 W SignalStrength: Signal after validate=SignalStrength: 0 99 -120 -200 -120 -200 -1 0 2147483647 2147483647 2147483647 2147483647 2147483647 0x0 gsm|lte

02-22 21:42:59.054  3321  3321 D DefaultPhoneNotifier: notifySignalStrength: mRegistry=com.android.internal.telephony.ITelephonyRegistry$Stub$Proxy@b8e39e7 ss=SignalStrength: 0 99 -120 -200 -120 -200 -1 0 2147483647 2147483647 2147483647 2147483647 2147483647 0x0 gsm|lte sender=Handler (com.android.internal.telephony.gsm.GSMPhone) {89eae82}

02-22 21:42:59.139  3321  3331 D TelephonyManager: getLteOnCdmaMode=0 curVal=0 product_type='' lteOnCdmaProductType=''

02-22 21:43:18.934  3321  3590 D SubscriptionController: getSimStateForSlotIdx:  simState=NETWORK_LOCKED ordinal=4

02-22 21:43:18.934  7392  7392 D SubscriptionManager: getSimStateForSlotIdx: simState=4 slotIdx=0

02-22 21:43:19.064  3321  3331 D SubscriptionController: getSimStateForSlotIdx:  simState=NETWORK_LOCKED ordinal=4

02-22 21:43:19.064  7392  7392 D SubscriptionManager: getSimStateForSlotIdx: simState=4 slotIdx=0

02-22 21:43:19.069  3321  4000 D SubscriptionController: getSimStateForSlotIdx:  simState=NETWORK_LOCKED ordinal=4

02-22 21:43:19.069  7392  7392 D SubscriptionManager: getSimStateForSlotIdx: simState=4 slotIdx=0

02-22 21:43:19.079  3321  3321 D RILJ    : [0057]> SIGNAL_STRENGTH [SUB0]

02-22 21:43:19.149  3321  3561 D RILJ    : [0057]< SIGNAL_STRENGTH SignalStrength: 0 99 0 200 0 200 -1 0 2147483647 255 2147483647 2147483647 2147483647 0x0 gsm|lte [SUB0]

02-22 21:43:19.149  3321  3321 W SignalStrength: Signal before validate=SignalStrength: 0 99 0 200 0 200 -1 0 2147483647 255 2147483647 2147483647 2147483647 0x0 gsm|lte

02-22 21:43:19.149  3321  3321 W SignalStrength: Signal after validate=SignalStrength: 0 99 -120 -200 -120 -200 -1 0 2147483647 2147483647 2147483647 2147483647 2147483647 0x0 gsm|lte

02-22 21:43:19.154  3321  3321 D DefaultPhoneNotifier: notifySignalStrength: mRegistry=com.android.internal.telephony.ITelephonyRegistry$Stub$Proxy@b8e39e7 ss=SignalStrength: 0 99 -120 -200 -120 -200 -1 0 2147483647 2147483647 2147483647 2147483647 2147483647 0x0 gsm|lte sender=Handler (com.android.internal.telephony.gsm.GSMPhone) {89eae82}

02-22 21:43:19.329  3321  3331 D TelephonyManager: getLteOnCdmaMode=0 curVal=0 product_type='' lteOnCdmaProductType=''

02-22 21:43:30.364  3321  3642 D SubscriptionController: [getActiveSubInfoList]+

02-22 21:43:35.344  4047  4209 D TelephonyManager: getTopPackageName = com.sec.android.app.launcher

02-22 21:43:39.194  3321  3321 D RILJ    : [0058]> SIGNAL_STRENGTH [SUB0]

02-22 21:43:39.299  3321  3561 D RILJ    : [0058]< SIGNAL_STRENGTH SignalStrength: 0 99 0 200 0 200 -1 0 2147483647 255 2147483647 2147483647 2147483647 0x0 gsm|lte [SUB0]

02-22 21:43:39.304  3321  3321 W SignalStrength: Signal before validate=SignalStrength: 0 99 0 200 0 200 -1 0 2147483647 255 2147483647 2147483647 2147483647 0x0 gsm|lte

02-22 21:43:39.304  3321  3321 W SignalStrength: Signal after validate=SignalStrength: 0 99 -120 -200 -120 -200 -1 0 2147483647 2147483647 2147483647 2147483647 2147483647 0x0 gsm|lte

02-22 21:43:39.314  3321  3321 D DefaultPhoneNotifier: notifySignalStrength: mRegistry=com.android.internal.telephony.ITelephonyRegistry$Stub$Proxy@b8e39e7 ss=SignalStrength: 0 99 -120 -200 -120 -200 -1 0 2147483647 2147483647 2147483647 2147483647 2147483647 0x0 gsm|lte sender=Handler (com.android.internal.telephony.gsm.GSMPhone) {89eae82}

02-22 21:43:40.519  3321  3590 D TelephonyManager: getLteOnCdmaMode=0 curVal=0 product_type='' lteOnCdmaProductType=''

02-22 21:43:43.744  3321  3331 D SubscriptionController: [getActiveSubInfoList]+

02-22 21:43:48.724  7793  7839 D TelephonyManager: getTopPackageName = com.sec.android.app.launcher

02-22 21:43:52.594  7793  7884 D TelephonyManager: getTopPackageName = com.sec.android.app.launcher

02-22 21:43:52.634  7793  7884 D TelephonyManager: getTopPackageName = com.sec.android.app.launcher

02-22 21:43:53.359  7793  7884 D TelephonyManager: getTopPackageName = com.sec.android.app.launcher

02-22 21:43:53.379  7793  7823 D TelephonyManager: getTopPackageName = com.sec.android.app.launcher

02-22 21:43:59.229  3321  3321 E SmsApplication: onPackageChanged: packageName = com.google.android.gms

02-22 21:43:59.254  3321  7986 E SmsApplication: onPackageChanged: run

02-22 21:43:59.464  3321  3321 D RILJ    : [0059]> SIGNAL_STRENGTH [SUB0]

02-22 21:43:59.624  3321  3561 D RILJ    : [0059]< SIGNAL_STRENGTH SignalStrength: 0 99 0 200 0 200 -1 0 2147483647 255 2147483647 2147483647 2147483647 0x0 gsm|lte [SUB0]

02-22 21:43:59.624  3321  3321 W SignalStrength: Signal before validate=SignalStrength: 0 99 0 200 0 200 -1 0 2147483647 255 2147483647 2147483647 2147483647 0x0 gsm|lte

02-22 21:43:59.624  3321  3321 W SignalStrength: Signal after validate=SignalStrength: 0 99 -120 -200 -120 -200 -1 0 2147483647 2147483647 2147483647 2147483647 2147483647 0x0 gsm|lte

02-22 21:43:59.629  3321  3321 D DefaultPhoneNotifier: notifySignalStrength: mRegistry=com.android.internal.telephony.ITelephonyRegistry$Stub$Proxy@b8e39e7 ss=SignalStrength: 0 99 -120 -200 -120 -200 -1 0 2147483647 2147483647 2147483647 2147483647 2147483647 0x0 gsm|lte sender=Handler (com.android.internal.telephony.gsm.GSMPhone) {89eae82}

02-22 21:43:59.989  3321  3642 D TelephonyManager: getLteOnCdmaMode=0 curVal=0 product_type='' lteOnCdmaProductType=''

02-22 21:44:01.669  7793  7839 D TelephonyManager: getTopPackageName = com.sec.android.app.launcher

02-22 21:44:01.679  7793  7839 D TelephonyManager: getTopPackageName = com.sec.android.app.launcher

02-22 21:44:04.569  7793  7839 D TelephonyManager: getTopPackageName = com.sec.android.app.launcher

02-22 21:44:05.814  7793  7884 D TelephonyManager: getTopPackageName = com.sec.android.app.launcher

02-22 21:44:05.819  7793  7884 D TelephonyManager: getTopPackageName = com.sec.android.app.launcher

02-22 21:44:05.824  7793  7884 D TelephonyManager: getTopPackageName = com.sec.android.app.launcher

02-22 21:44:05.839  7793  7884 D TelephonyManager: getTopPackageName = com.sec.android.app.launcher

02-22 21:44:05.844  7793  7884 D TelephonyManager: getTopPackageName = com.sec.android.app.launcher

02-22 21:44:05.844  7793  7884 D TelephonyManager: getTopPackageName = com.sec.android.app.launcher

02-22 21:44:05.844  7793  7884 D TelephonyManager: getTopPackageName = com.sec.android.app.launcher

02-22 21:44:05.844  7793  7884 D TelephonyManager: getTopPackageName = com.sec.android.app.launcher

02-22 21:44:05.854  7793  7884 D TelephonyManager: getTopPackageName = com.sec.android.app.launcher

02-22 21:44:05.854  7793  7884 D TelephonyManager: getTopPackageName = com.sec.android.app.launcher

02-22 21:44:05.859  7793  7884 D TelephonyManager: getTopPackageName = com.sec.android.app.launcher

02-22 21:44:05.859  7793  7884 D TelephonyManager: getTopPackageName = com.sec.android.app.launcher

02-22 21:44:05.859  7793  7884 D TelephonyManager: getTopPackageName = com.sec.android.app.launcher

02-22 21:44:05.859  7793  7884 D TelephonyManager: getTopPackageName = com.sec.android.app.launcher

02-22 21:44:05.869  7793  7884 D TelephonyManager: getTopPackageName = com.sec.android.app.launcher

02-22 21:44:05.874  7793  7884 D TelephonyManager: getTopPackageName = com.sec.android.app.launcher

02-22 21:44:05.879  7793  7884 D TelephonyManager: getTopPackageName = com.sec.android.app.launcher

02-22 21:44:05.884  7793  7884 D TelephonyManager: getTopPackageName = com.sec.android.app.launcher

02-22 21:44:09.589  7793  7884 D TelephonyManager: getTopPackageName = com.sec.android.app.launcher

02-22 21:44:12.609  3321  3331 D SubscriptionController: [getActiveSubInfoList]+

02-22 21:44:13.314  3321  4000 D SubscriptionController: getSimStateForSlotIdx:  simState=NETWORK_LOCKED ordinal=4

02-22 21:44:13.314  7793  7840 D SubscriptionManager: getSimStateForSlotIdx: simState=4 slotIdx=0

02-22 21:44:16.329  3321  3331 D SubscriptionController: [getActiveSubInfoList]+

02-22 21:44:16.334  3321  3331 D SubscriptionController: [getActiveSubInfoForSubscriber]+ subId=4 subInfo= XXX

02-22 21:44:16.874  3321  4000 D SubscriptionController: [getActiveSubInfoList]+

02-22 21:44:16.879  3321  4000 D SubscriptionController: [getActiveSubInfoForSubscriber]+ subId=4 subInfo= XXX

02-22 21:44:16.914  3321  3333 D SubscriptionController: [getActiveSubInfoList]+

02-22 21:44:16.919  3321  3333 D SubscriptionController: [getActiveSubInfoForSubscriber]+ subId=4 subInfo= XXX

02-22 21:44:16.934  3321  3331 D SubscriptionController: [getActiveSubInfoList]+

02-22 21:44:16.939  3321  3331 D SubscriptionController: [getActiveSubInfoForSubscriber]+ subId=4 subInfo= XXX

02-22 21:44:16.964  3321  3590 D SubscriptionController: [getActiveSubInfoList]+

02-22 21:44:16.979  3321  3590 D SubscriptionController: [getActiveSubInfoForSubscriber]+ subId=4 subInfo= XXX

02-22 21:44:17.044  3321  4000 D SubscriptionController: [getActiveSubInfoList]+

02-22 21:44:17.054  3321  4000 D SubscriptionController: [getActiveSubInfoForSubscriber]+ subId=4 subInfo= XXX

02-22 21:44:19.714  3321  3321 D RILJ    : [0060]> SIGNAL_STRENGTH [SUB0]

02-22 21:44:19.749  3321  3561 D RILJ    : [0060]< SIGNAL_STRENGTH SignalStrength: 0 99 0 200 0 200 -1 0 2147483647 255 2147483647 2147483647 2147483647 0x0 gsm|lte [SUB0]

02-22 21:44:19.754  3321  3321 W SignalStrength: Signal before validate=SignalStrength: 0 99 0 200 0 200 -1 0 2147483647 255 2147483647 2147483647 2147483647 0x0 gsm|lte

02-22 21:44:19.754  3321  3321 W SignalStrength: Signal after validate=SignalStrength: 0 99 -120 -200 -120 -200 -1 0 2147483647 2147483647 2147483647 2147483647 2147483647 0x0 gsm|lte

02-22 21:44:19.759  3321  3321 D DefaultPhoneNotifier: notifySignalStrength: mRegistry=com.android.internal.telephony.ITelephonyRegistry$Stub$Proxy@b8e39e7 ss=SignalStrength: 0 99 -120 -200 -120 -200 -1 0 2147483647 2147483647 2147483647 2147483647 2147483647 0x0 gsm|lte sender=Handler (com.android.internal.telephony.gsm.GSMPhone) {89eae82}

02-22 21:44:19.909  3321  3590 D TelephonyManager: getLteOnCdmaMode=0 curVal=0 product_type='' lteOnCdmaProductType=''

02-22 21:44:24.099  7793  7841 D TelephonyManager: getTopPackageName = com.sec.android.app.launcher

02-22 21:44:39.789  3321  3321 D RILJ    : [0061]> SIGNAL_STRENGTH [SUB0]

02-22 21:44:39.854  3321  3561 D RILJ    : [0061]< SIGNAL_STRENGTH SignalStrength: 0 99 0 200 0 200 -1 0 2147483647 255 2147483647 2147483647 2147483647 0x0 gsm|lte [SUB0]

02-22 21:44:39.859  3321  3321 W SignalStrength: Signal before validate=SignalStrength: 0 99 0 200 0 200 -1 0 2147483647 255 2147483647 2147483647 2147483647 0x0 gsm|lte

02-22 21:44:39.864  3321  3321 W SignalStrength: Signal after validate=SignalStrength: 0 99 -120 -200 -120 -200 -1 0 2147483647 2147483647 2147483647 2147483647 2147483647 0x0 gsm|lte

02-22 21:44:39.914  3321  3321 D DefaultPhoneNotifier: notifySignalStrength: mRegistry=com.android.internal.telephony.ITelephonyRegistry$Stub$Proxy@b8e39e7 ss=SignalStrength: 0 99 -120 -200 -120 -200 -1 0 2147483647 2147483647 2147483647 2147483647 2147483647 0x0 gsm|lte sender=Handler (com.android.internal.telephony.gsm.GSMPhone) {89eae82}

02-22 21:44:40.094  3321  4000 D TelephonyManager: getLteOnCdmaMode=0 curVal=0 product_type='' lteOnCdmaProductType=''

02-22 21:44:49.509  3321  3321 E SmsApplication: onPackageChanged: packageName = com.google.android.apps.docs

02-22 21:44:49.539  3321  8797 E SmsApplication: onPackageChanged: run

02-22 21:44:50.924  3321  3331 D SubscriptionController: getSimStateForSlotIdx:  simState=NETWORK_LOCKED ordinal=4

02-22 21:44:50.924  5184  5184 D SubscriptionManager: getSimStateForSlotIdx: simState=4 slotIdx=0

02-22 21:44:51.154  3321  4000 D SubscriptionController: getSimStateForSlotIdx:  simState=NETWORK_LOCKED ordinal=4

02-22 21:44:51.159  5184  8830 D SubscriptionManager: getSimStateForSlotIdx: simState=4 slotIdx=0

02-22 21:44:59.954  3321  3321 D RILJ    : [0062]> SIGNAL_STRENGTH [SUB0]

02-22 21:44:59.964  3321  3561 D RILJ    : [0062]< SIGNAL_STRENGTH SignalStrength: 0 99 0 200 0 200 -1 0 2147483647 255 2147483647 2147483647 2147483647 0x0 gsm|lte [SUB0]

02-22 21:44:59.964  3321  3321 W SignalStrength: Signal before validate=SignalStrength: 0 99 0 200 0 200 -1 0 2147483647 255 2147483647 2147483647 2147483647 0x0 gsm|lte

02-22 21:44:59.964  3321  3321 W SignalStrength: Signal after validate=SignalStrength: 0 99 -120 -200 -120 -200 -1 0 2147483647 2147483647 2147483647 2147483647 2147483647 0x0 gsm|lte

02-22 21:44:59.964  3321  3321 D DefaultPhoneNotifier: notifySignalStrength: mRegistry=com.android.internal.telephony.ITelephonyRegistry$Stub$Proxy@b8e39e7 ss=SignalStrength: 0 99 -120 -200 -120 -200 -1 0 2147483647 2147483647 2147483647 2147483647 2147483647 0x0 gsm|lte sender=Handler (com.android.internal.telephony.gsm.GSMPhone) {89eae82}

02-22 21:44:59.979  3321  3590 D TelephonyManager: getLteOnCdmaMode=0 curVal=0 product_type='' lteOnCdmaProductType=''

02-22 21:45:06.909  3321  3642 D SubscriptionController: getSimStateForSlotIdx:  simState=NETWORK_LOCKED ordinal=4

02-22 21:45:06.909  9079  9248 D SubscriptionManager: getSimStateForSlotIdx: simState=4 slotIdx=0

02-22 21:45:06.929  3321  3590 D SubscriptionController: getSimStateForSlotIdx:  simState=NETWORK_LOCKED ordinal=4

02-22 21:45:06.929  9079  9114 D SubscriptionManager: getSimStateForSlotIdx: simState=4 slotIdx=0

02-22 21:45:07.034  3321  3333 D SubscriptionController: getSimStateForSlotIdx:  simState=NETWORK_LOCKED ordinal=4

02-22 21:45:07.034  9079  9248 D SubscriptionManager: getSimStateForSlotIdx: simState=4 slotIdx=0

02-22 21:45:16.684  3321  3331 D SubscriptionController: getSimStateForSlotIdx:  simState=NETWORK_LOCKED ordinal=4

02-22 21:45:16.689  9303  9303 D SubscriptionManager: getSimStateForSlotIdx: simState=4 slotIdx=0

02-22 21:45:16.749  3321  3642 D SubscriptionController: getSimStateForSlotIdx:  simState=NETWORK_LOCKED ordinal=4

02-22 21:45:16.754  9303  9327 D SubscriptionManager: getSimStateForSlotIdx: simState=4 slotIdx=0

02-22 21:45:19.974  3321  3321 D RILJ    : [0063]> SIGNAL_STRENGTH [SUB0]

02-22 21:45:19.989  3321  3561 D RILJ    : [0063]< SIGNAL_STRENGTH SignalStrength: 0 99 0 200 0 200 -1 0 2147483647 255 2147483647 2147483647 2147483647 0x0 gsm|lte [SUB0]

02-22 21:45:19.989  3321  3321 W SignalStrength: Signal before validate=SignalStrength: 0 99 0 200 0 200 -1 0 2147483647 255 2147483647 2147483647 2147483647 0x0 gsm|lte

02-22 21:45:19.989  3321  3321 W SignalStrength: Signal after validate=SignalStrength: 0 99 -120 -200 -120 -200 -1 0 2147483647 2147483647 2147483647 2147483647 2147483647 0x0 gsm|lte

02-22 21:45:19.989  3321  3321 D DefaultPhoneNotifier: notifySignalStrength: mRegistry=com.android.internal.telephony.ITelephonyRegistry$Stub$Proxy@b8e39e7 ss=SignalStrength: 0 99 -120 -200 -120 -200 -1 0 2147483647 2147483647 2147483647 2147483647 2147483647 0x0 gsm|lte sender=Handler (com.android.internal.telephony.gsm.GSMPhone) {89eae82}

02-22 21:45:20.004  3321  3331 D TelephonyManager: getLteOnCdmaMode=0 curVal=0 product_type='' lteOnCdmaProductType=''

02-22 21:45:21.509  3321  4000 D SubscriptionController: getSimStateForSlotIdx:  simState=NETWORK_LOCKED ordinal=4

02-22 21:45:21.509  9340  9358 D SubscriptionManager: getSimStateForSlotIdx: simState=4 slotIdx=0

02-22 21:45:21.804  3321  3590 D SubscriptionController: getSimStateForSlotIdx:  simState=NETWORK_LOCKED ordinal=4

02-22 21:45:21.804  9340  9384 D SubscriptionManager: getSimStateForSlotIdx: simState=4 slotIdx=0

02-22 21:45:26.764  3321  4000 D GsmSST  : SST.getAllCellInfo(): CallingUid = 1000, CallingPid = 2764

02-22 21:45:26.764  3321  4000 D RILJ    : [0064]> RIL_REQUEST_GET_CELL_INFO_LIST [SUB0]

02-22 21:45:26.779  3321  3561 D RILJ    : [0064]< RIL_REQUEST_GET_CELL_INFO_LIST  [SUB0]

02-22 21:45:39.999  3321  3321 D RILJ    : [0065]> SIGNAL_STRENGTH [SUB0]

02-22 21:45:40.004  3321  3561 D RILJ    : [0065]< SIGNAL_STRENGTH SignalStrength: 0 99 0 200 0 200 -1 0 2147483647 255 2147483647 2147483647 2147483647 0x0 gsm|lte [SUB0]

02-22 21:45:40.009  3321  3321 W SignalStrength: Signal before validate=SignalStrength: 0 99 0 200 0 200 -1 0 2147483647 255 2147483647 2147483647 2147483647 0x0 gsm|lte

02-22 21:45:40.009  3321  3321 W SignalStrength: Signal after validate=SignalStrength: 0 99 -120 -200 -120 -200 -1 0 2147483647 2147483647 2147483647 2147483647 2147483647 0x0 gsm|lte

02-22 21:45:40.009  3321  3321 D DefaultPhoneNotifier: notifySignalStrength: mRegistry=com.android.internal.telephony.ITelephonyRegistry$Stub$Proxy@b8e39e7 ss=SignalStrength: 0 99 -120 -200 -120 -200 -1 0 2147483647 2147483647 2147483647 2147483647 2147483647 0x0 gsm|lte sender=Handler (com.android.internal.telephony.gsm.GSMPhone) {89eae82}

02-22 21:45:40.019  3321  3331 D TelephonyManager: getLteOnCdmaMode=0 curVal=0 product_type='' lteOnCdmaProductType=''

02-22 21:45:56.899  3321  3331 D GsmSST  : SST.getAllCellInfo(): CallingUid = 1000, CallingPid = 2764

02-22 21:45:56.899  3321  3331 D RILJ    : [0066]> RIL_REQUEST_GET_CELL_INFO_LIST [SUB0]

02-22 21:45:56.909  3321  3561 D RILJ    : [0066]< RIL_REQUEST_GET_CELL_INFO_LIST  [SUB0]

02-22 21:46:00.014  3321  3321 D RILJ    : [0067]> SIGNAL_STRENGTH [SUB0]

02-22 21:46:00.024  3321  3561 D RILJ    : [0067]< SIGNAL_STRENGTH SignalStrength: 0 99 0 200 0 200 -1 0 2147483647 255 2147483647 2147483647 2147483647 0x0 gsm|lte [SUB0]

02-22 21:46:00.024  3321  3321 W SignalStrength: Signal before validate=SignalStrength: 0 99 0 200 0 200 -1 0 2147483647 255 2147483647 2147483647 2147483647 0x0 gsm|lte

02-22 21:46:00.024  3321  3321 W SignalStrength: Signal after validate=SignalStrength: 0 99 -120 -200 -120 -200 -1 0 2147483647 2147483647 2147483647 2147483647 2147483647 0x0 gsm|lte

02-22 21:46:00.024  3321  3321 D DefaultPhoneNotifier: notifySignalStrength: mRegistry=com.android.internal.telephony.ITelephonyRegistry$Stub$Proxy@b8e39e7 ss=SignalStrength: 0 99 -120 -200 -120 -200 -1 0 2147483647 2147483647 2147483647 2147483647 2147483647 0x0 gsm|lte sender=Handler (com.android.internal.telephony.gsm.GSMPhone) {89eae82}

02-22 21:46:00.034  3321  3333 D TelephonyManager: getLteOnCdmaMode=0 curVal=0 product_type='' lteOnCdmaProductType=''

02-22 21:46:14.949  3321  3331 D SubscriptionController: getSimStateForSlotIdx:  simState=NETWORK_LOCKED ordinal=4

02-22 21:46:14.949  2764  2764 D SubscriptionManager: getSimStateForSlotIdx: simState=4 slotIdx=0

02-22 21:46:20.029  3321  3321 D RILJ    : [0068]> SIGNAL_STRENGTH [SUB0]

02-22 21:46:20.039  3321  3561 D RILJ    : [0068]< SIGNAL_STRENGTH SignalStrength: 0 99 0 200 0 200 -1 0 2147483647 255 2147483647 2147483647 2147483647 0x0 gsm|lte [SUB0]

02-22 21:46:20.039  3321  3321 W SignalStrength: Signal before validate=SignalStrength: 0 99 0 200 0 200 -1 0 2147483647 255 2147483647 2147483647 2147483647 0x0 gsm|lte

02-22 21:46:20.039  3321  3321 W SignalStrength: Signal after validate=SignalStrength: 0 99 -120 -200 -120 -200 -1 0 2147483647 2147483647 2147483647 2147483647 2147483647 0x0 gsm|lte

02-22 21:46:20.039  3321  3321 D DefaultPhoneNotifier: notifySignalStrength: mRegistry=com.android.internal.telephony.ITelephonyRegistry$Stub$Proxy@b8e39e7 ss=SignalStrength: 0 99 -120 -200 -120 -200 -1 0 2147483647 2147483647 2147483647 2147483647 2147483647 0x0 gsm|lte sender=Handler (com.android.internal.telephony.gsm.GSMPhone) {89eae82}

02-22 21:46:20.054  3321  3333 D TelephonyManager: getLteOnCdmaMode=0 curVal=0 product_type='' lteOnCdmaProductType=''

02-22 21:46:40.049  3321  3321 D RILJ    : [0069]> SIGNAL_STRENGTH [SUB0]

02-22 21:46:40.059  3321  3561 D RILJ    : [0069]< SIGNAL_STRENGTH SignalStrength: 0 99 0 200 0 200 -1 0 2147483647 255 2147483647 2147483647 2147483647 0x0 gsm|lte [SUB0]

02-22 21:46:40.059  3321  3321 W SignalStrength: Signal before validate=SignalStrength: 0 99 0 200 0 200 -1 0 2147483647 255 2147483647 2147483647 2147483647 0x0 gsm|lte

02-22 21:46:40.059  3321  3321 W SignalStrength: Signal after validate=SignalStrength: 0 99 -120 -200 -120 -200 -1 0 2147483647 2147483647 2147483647 2147483647 2147483647 0x0 gsm|lte

02-22 21:46:40.059  3321  3321 D DefaultPhoneNotifier: notifySignalStrength: mRegistry=com.android.internal.telephony.ITelephonyRegistry$Stub$Proxy@b8e39e7 ss=SignalStrength: 0 99 -120 -200 -120 -200 -1 0 2147483647 2147483647 2147483647 2147483647 2147483647 0x0 gsm|lte sender=Handler (com.android.internal.telephony.gsm.GSMPhone) {89eae82}

02-22 21:46:40.074  3321  3642 D TelephonyManager: getLteOnCdmaMode=0 curVal=0 product_type='' lteOnCdmaProductType=''

02-22 21:47:00.069  3321  3321 D RILJ    : [0070]> SIGNAL_STRENGTH [SUB0]

02-22 21:47:00.074  3321  3561 D RILJ    : [0070]< SIGNAL_STRENGTH SignalStrength: 0 99 0 200 0 200 -1 0 2147483647 255 2147483647 2147483647 2147483647 0x0 gsm|lte [SUB0]

02-22 21:47:00.074  3321  3321 W SignalStrength: Signal before validate=SignalStrength: 0 99 0 200 0 200 -1 0 2147483647 255 2147483647 2147483647 2147483647 0x0 gsm|lte

02-22 21:47:00.079  3321  3321 W SignalStrength: Signal after validate=SignalStrength: 0 99 -120 -200 -120 -200 -1 0 2147483647 2147483647 2147483647 2147483647 2147483647 0x0 gsm|lte

02-22 21:47:00.079  3321  3321 D DefaultPhoneNotifier: notifySignalStrength: mRegistry=com.android.internal.telephony.ITelephonyRegistry$Stub$Proxy@b8e39e7 ss=SignalStrength: 0 99 -120 -200 -120 -200 -1 0 2147483647 2147483647 2147483647 2147483647 2147483647 0x0 gsm|lte sender=Handler (com.android.internal.telephony.gsm.GSMPhone) {89eae82}

02-22 21:47:00.084  3321  3590 D TelephonyManager: getLteOnCdmaMode=0 curVal=0 product_type='' lteOnCdmaProductType=''

02-22 21:47:20.084  3321  3321 D RILJ    : [0071]> SIGNAL_STRENGTH [SUB0]

