02-22 21:47:20.089  3321  3561 D RILJ    : [0071]< SIGNAL_STRENGTH SignalStrength: 0 99 0 200 0 200 -1 0 2147483647 255 2147483647 2147483647 2147483647 0x0 gsm|lte [SUB0]

02-22 21:47:20.089  3321  3321 W SignalStrength: Signal before validate=SignalStrength: 0 99 0 200 0 200 -1 0 2147483647 255 2147483647 2147483647 2147483647 0x0 gsm|lte

02-22 21:47:20.094  3321  3321 W SignalStrength: Signal after validate=SignalStrength: 0 99 -120 -200 -120 -200 -1 0 2147483647 2147483647 2147483647 2147483647 2147483647 0x0 gsm|lte

02-22 21:47:20.094  3321  3321 D DefaultPhoneNotifier: notifySignalStrength: mRegistry=com.android.internal.telephony.ITelephonyRegistry$Stub$Proxy@b8e39e7 ss=SignalStrength: 0 99 -120 -200 -120 -200 -1 0 2147483647 2147483647 2147483647 2147483647 2147483647 0x0 gsm|lte sender=Handler (com.android.internal.telephony.gsm.GSMPhone) {89eae82}

02-22 21:47:20.099  3321  4000 D TelephonyManager: getLteOnCdmaMode=0 curVal=0 product_type='' lteOnCdmaProductType=''

02-22 21:47:40.099  3321  3321 D RILJ    : [0072]> SIGNAL_STRENGTH [SUB0]

02-22 21:47:40.104  3321  3561 D RILJ    : [0072]< SIGNAL_STRENGTH SignalStrength: 0 99 0 200 0 200 -1 0 2147483647 255 2147483647 2147483647 2147483647 0x0 gsm|lte [SUB0]

02-22 21:47:40.109  3321  3321 W SignalStrength: Signal before validate=SignalStrength: 0 99 0 200 0 200 -1 0 2147483647 255 2147483647 2147483647 2147483647 0x0 gsm|lte

02-22 21:47:40.109  3321  3321 W SignalStrength: Signal after validate=SignalStrength: 0 99 -120 -200 -120 -200 -1 0 2147483647 2147483647 2147483647 2147483647 2147483647 0x0 gsm|lte

02-22 21:47:40.109  3321  3321 D DefaultPhoneNotifier: notifySignalStrength: mRegistry=com.android.internal.telephony.ITelephonyRegistry$Stub$Proxy@b8e39e7 ss=SignalStrength: 0 99 -120 -200 -120 -200 -1 0 2147483647 2147483647 2147483647 2147483647 2147483647 0x0 gsm|lte sender=Handler (com.android.internal.telephony.gsm.GSMPhone) {89eae82}

02-22 21:47:40.114  3321  3331 D TelephonyManager: getLteOnCdmaMode=0 curVal=0 product_type='' lteOnCdmaProductType=''

02-22 21:48:00.114  3321  3321 D RILJ    : [0073]> SIGNAL_STRENGTH [SUB0]

02-22 21:48:00.119  3321  3561 D RILJ    : [0073]< SIGNAL_STRENGTH SignalStrength: 0 99 0 200 0 200 -1 0 2147483647 255 2147483647 2147483647 2147483647 0x0 gsm|lte [SUB0]

02-22 21:48:00.119  3321  3321 W SignalStrength: Signal before validate=SignalStrength: 0 99 0 200 0 200 -1 0 2147483647 255 2147483647 2147483647 2147483647 0x0 gsm|lte

02-22 21:48:00.119  3321  3321 W SignalStrength: Signal after validate=SignalStrength: 0 99 -120 -200 -120 -200 -1 0 2147483647 2147483647 2147483647 2147483647 2147483647 0x0 gsm|lte

02-22 21:48:00.119  3321  3321 D DefaultPhoneNotifier: notifySignalStrength: mRegistry=com.android.internal.telephony.ITelephonyRegistry$Stub$Proxy@b8e39e7 ss=SignalStrength: 0 99 -120 -200 -120 -200 -1 0 2147483647 2147483647 2147483647 2147483647 2147483647 0x0 gsm|lte sender=Handler (com.android.internal.telephony.gsm.GSMPhone) {89eae82}

02-22 21:48:00.124  3321  3642 D TelephonyManager: getLteOnCdmaMode=0 curVal=0 product_type='' lteOnCdmaProductType=''

02-22 21:48:20.124  3321  3321 D RILJ    : [0074]> SIGNAL_STRENGTH [SUB0]

02-22 21:48:20.134  3321  3561 D RILJ    : [0074]< SIGNAL_STRENGTH SignalStrength: 0 99 0 200 0 200 -1 0 2147483647 255 2147483647 2147483647 2147483647 0x0 gsm|lte [SUB0]

02-22 21:48:20.134  3321  3321 W SignalStrength: Signal before validate=SignalStrength: 0 99 0 200 0 200 -1 0 2147483647 255 2147483647 2147483647 2147483647 0x0 gsm|lte

02-22 21:48:20.134  3321  3321 W SignalStrength: Signal after validate=SignalStrength: 0 99 -120 -200 -120 -200 -1 0 2147483647 2147483647 2147483647 2147483647 2147483647 0x0 gsm|lte

02-22 21:48:20.134  3321  3321 D DefaultPhoneNotifier: notifySignalStrength: mRegistry=com.android.internal.telephony.ITelephonyRegistry$Stub$Proxy@b8e39e7 ss=SignalStrength: 0 99 -120 -200 -120 -200 -1 0 2147483647 2147483647 2147483647 2147483647 2147483647 0x0 gsm|lte sender=Handler (com.android.internal.telephony.gsm.GSMPhone) {89eae82}

02-22 21:48:20.144  3321  3331 D TelephonyManager: getLteOnCdmaMode=0 curVal=0 product_type='' lteOnCdmaProductType=''

02-22 21:48:40.139  3321  3321 D RILJ    : [0075]> SIGNAL_STRENGTH [SUB0]

02-22 21:48:40.149  3321  3561 D RILJ    : [0075]< SIGNAL_STRENGTH SignalStrength: 0 99 0 200 0 200 -1 0 2147483647 255 2147483647 2147483647 2147483647 0x0 gsm|lte [SUB0]

02-22 21:48:40.149  3321  3321 W SignalStrength: Signal before validate=SignalStrength: 0 99 0 200 0 200 -1 0 2147483647 255 2147483647 2147483647 2147483647 0x0 gsm|lte

02-22 21:48:40.149  3321  3321 W SignalStrength: Signal after validate=SignalStrength: 0 99 -120 -200 -120 -200 -1 0 2147483647 2147483647 2147483647 2147483647 2147483647 0x0 gsm|lte

02-22 21:48:40.149  3321  3321 D DefaultPhoneNotifier: notifySignalStrength: mRegistry=com.android.internal.telephony.ITelephonyRegistry$Stub$Proxy@b8e39e7 ss=SignalStrength: 0 99 -120 -200 -120 -200 -1 0 2147483647 2147483647 2147483647 2147483647 2147483647 0x0 gsm|lte sender=Handler (com.android.internal.telephony.gsm.GSMPhone) {89eae82}

02-22 21:48:40.159  3321  3642 D TelephonyManager: getLteOnCdmaMode=0 curVal=0 product_type='' lteOnCdmaProductType=''

02-22 21:49:00.154  3321  3321 D RILJ    : [0076]> SIGNAL_STRENGTH [SUB0]

02-22 21:49:00.159  3321  3561 D RILJ    : [0076]< SIGNAL_STRENGTH SignalStrength: 0 99 0 200 0 200 -1 0 2147483647 255 2147483647 2147483647 2147483647 0x0 gsm|lte [SUB0]

02-22 21:49:00.159  3321  3321 W SignalStrength: Signal before validate=SignalStrength: 0 99 0 200 0 200 -1 0 2147483647 255 2147483647 2147483647 2147483647 0x0 gsm|lte

02-22 21:49:00.159  3321  3321 W SignalStrength: Signal after validate=SignalStrength: 0 99 -120 -200 -120 -200 -1 0 2147483647 2147483647 2147483647 2147483647 2147483647 0x0 gsm|lte

02-22 21:49:00.159  3321  3321 D DefaultPhoneNotifier: notifySignalStrength: mRegistry=com.android.internal.telephony.ITelephonyRegistry$Stub$Proxy@b8e39e7 ss=SignalStrength: 0 99 -120 -200 -120 -200 -1 0 2147483647 2147483647 2147483647 2147483647 2147483647 0x0 gsm|lte sender=Handler (com.android.internal.telephony.gsm.GSMPhone) {89eae82}

02-22 21:49:00.164  3321  3642 D TelephonyManager: getLteOnCdmaMode=0 curVal=0 product_type='' lteOnCdmaProductType=''

02-22 21:49:20.164  3321  3321 D RILJ    : [0077]> SIGNAL_STRENGTH [SUB0]

02-22 21:49:20.174  3321  3561 D RILJ    : [0077]< SIGNAL_STRENGTH SignalStrength: 0 99 0 200 0 200 -1 0 2147483647 255 2147483647 2147483647 2147483647 0x0 gsm|lte [SUB0]

02-22 21:49:20.184  3321  3321 W SignalStrength: Signal before validate=SignalStrength: 0 99 0 200 0 200 -1 0 2147483647 255 2147483647 2147483647 2147483647 0x0 gsm|lte

02-22 21:49:20.184  3321  3321 W SignalStrength: Signal after validate=SignalStrength: 0 99 -120 -200 -120 -200 -1 0 2147483647 2147483647 2147483647 2147483647 2147483647 0x0 gsm|lte

02-22 21:49:20.184  3321  3321 D DefaultPhoneNotifier: notifySignalStrength: mRegistry=com.android.internal.telephony.ITelephonyRegistry$Stub$Proxy@b8e39e7 ss=SignalStrength: 0 99 -120 -200 -120 -200 -1 0 2147483647 2147483647 2147483647 2147483647 2147483647 0x0 gsm|lte sender=Handler (com.android.internal.telephony.gsm.GSMPhone) {89eae82}

02-22 21:49:20.194  3321  3331 D TelephonyManager: getLteOnCdmaMode=0 curVal=0 product_type='' lteOnCdmaProductType=''

02-22 21:49:40.194  3321  3321 D RILJ    : [0078]> SIGNAL_STRENGTH [SUB0]

02-22 21:49:40.199  3321  3561 D RILJ    : [0078]< SIGNAL_STRENGTH SignalStrength: 0 99 0 200 0 200 -1 0 2147483647 255 2147483647 2147483647 2147483647 0x0 gsm|lte [SUB0]

02-22 21:49:40.199  3321  3321 W SignalStrength: Signal before validate=SignalStrength: 0 99 0 200 0 200 -1 0 2147483647 255 2147483647 2147483647 2147483647 0x0 gsm|lte

02-22 21:49:40.199  3321  3321 W SignalStrength: Signal after validate=SignalStrength: 0 99 -120 -200 -120 -200 -1 0 2147483647 2147483647 2147483647 2147483647 2147483647 0x0 gsm|lte

02-22 21:49:40.199  3321  3321 D DefaultPhoneNotifier: notifySignalStrength: mRegistry=com.android.internal.telephony.ITelephonyRegistry$Stub$Proxy@b8e39e7 ss=SignalStrength: 0 99 -120 -200 -120 -200 -1 0 2147483647 2147483647 2147483647 2147483647 2147483647 0x0 gsm|lte sender=Handler (com.android.internal.telephony.gsm.GSMPhone) {89eae82}

02-22 21:49:40.209  3321  3333 D TelephonyManager: getLteOnCdmaMode=0 curVal=0 product_type='' lteOnCdmaProductType=''

02-22 21:50:00.209  3321  3321 D RILJ    : [0079]> SIGNAL_STRENGTH [SUB0]

02-22 21:50:00.214  3321  3561 D RILJ    : [0079]< SIGNAL_STRENGTH SignalStrength: 0 99 0 200 0 200 -1 0 2147483647 255 2147483647 2147483647 2147483647 0x0 gsm|lte [SUB0]

02-22 21:50:00.219  3321  3321 W SignalStrength: Signal before validate=SignalStrength: 0 99 0 200 0 200 -1 0 2147483647 255 2147483647 2147483647 2147483647 0x0 gsm|lte

02-22 21:50:00.219  3321  3321 W SignalStrength: Signal after validate=SignalStrength: 0 99 -120 -200 -120 -200 -1 0 2147483647 2147483647 2147483647 2147483647 2147483647 0x0 gsm|lte

02-22 21:50:00.219  3321  3321 D DefaultPhoneNotifier: notifySignalStrength: mRegistry=com.android.internal.telephony.ITelephonyRegistry$Stub$Proxy@b8e39e7 ss=SignalStrength: 0 99 -120 -200 -120 -200 -1 0 2147483647 2147483647 2147483647 2147483647 2147483647 0x0 gsm|lte sender=Handler (com.android.internal.telephony.gsm.GSMPhone) {89eae82}

02-22 21:50:00.224  3321  3642 D TelephonyManager: getLteOnCdmaMode=0 curVal=0 product_type='' lteOnCdmaProductType=''

02-22 21:50:05.774  3321  3590 D GsmSST  : getCellLocation(): X good mCellLoc= xxx

02-22 21:50:05.799  3321  3331 D GsmSST  : SST.getAllCellInfo(): CallingUid = 10008, CallingPid = 3667

02-22 21:50:05.799  3321  3331 D RILJ    : [0080]> RIL_REQUEST_GET_CELL_INFO_LIST [SUB0]

02-22 21:50:05.809  3321  3561 D RILJ    : [0080]< RIL_REQUEST_GET_CELL_INFO_LIST  [SUB0]

02-22 21:50:05.839  2197  2441 E RILD    : GetIpcMessage: partial IPC received. received 512 expected 3178

02-22 21:50:05.839  2197  2441 E RILD    : ProcessIpcMessageReceived: Incomplete IPC received.

02-22 21:50:05.839  2197  2441 E RILD    : GetIpcMessage: partial IPC received. received 1024 expected 3178

02-22 21:50:05.839  2197  2441 E RILD    : ProcessIpcMessageReceived: Incomplete IPC received.

02-22 21:50:05.839  2197  2441 E RILD    : GetIpcMessage: partial IPC received. received 1536 expected 3178

02-22 21:50:05.839  2197  2441 E RILD    : ProcessIpcMessageReceived: Incomplete IPC received.

02-22 21:50:05.839  2197  2441 E RILD    : GetIpcMessage: partial IPC received. received 2048 expected 3178

02-22 21:50:05.839  2197  2441 E RILD    : ProcessIpcMessageReceived: Incomplete IPC received.

02-22 21:50:05.839  2197  2441 E RILD    : GetIpcMessage: partial IPC received. received 2560 expected 3178

02-22 21:50:05.839  2197  2441 E RILD    : ProcessIpcMessageReceived: Incomplete IPC received.

02-22 21:50:05.839  2197  2441 E RILD    : GetIpcMessage: partial IPC received. received 3072 expected 3178

02-22 21:50:05.839  2197  2441 E RILD    : ProcessIpcMessageReceived: Incomplete IPC received.

02-22 21:50:05.839  2205  2459 D RILClient: processUnsolicited(): resp_id (11009), len(12)

02-22 21:50:05.839  2205  2459 D RILClient: processUnsolicited(): unsol_func resp_id (11009), len(12)

02-22 21:50:05.839  2186  2922 D RILClient: processUnsolicited(): resp_id (11009), len(12)

02-22 21:50:05.839  2213  2455 D RILClient: processUnsolicited(): resp_id (11009), len(12)

02-22 21:50:05.839  2205  2459 D RILClient: processUnsolicited(): resp_id (11009), len(3178)

02-22 21:50:05.839  2205  2459 D RILClient: processUnsolicited(): unsol_func resp_id (11009), len(3178)

02-22 21:50:05.839  2186  2922 D RILClient: processUnsolicited(): resp_id (11009), len(3178)

02-22 21:50:05.839  2213  2455 D RILClient: processUnsolicited(): resp_id (11009), len(3178)

02-22 21:50:05.844  2199  2510 D RILClient: processUnsolicited(): resp_id (11009), len(12)

02-22 21:50:05.844  2199  2510 D RILClient: processUnsolicited(): resp_id (11009), len(3178)

02-22 21:50:05.869  3321  3642 D DCT     : [0]getDataEnabled: getIntWithSubId retVal=true

02-22 21:50:05.869  3321  3321 D DctController: [TNF 4]got request NetworkRequest [ id=24, legacyType=3, [ Transports: CELLULAR Capabilities: SUPL&NOT_RESTRICTED&TRUSTED&NOT_VPN] ] with score 0

02-22 21:50:05.869  3321  3321 D DctController: [TNF 4]  my score=50, my filter=[ Transports: CELLULAR Capabilities: MMS&SUPL&DUN&FOTA&IMS&CBS&IA&RCS&XCAP&EIMS&INTERNET&NOT_RESTRICTED&TRUSTED&NOT_VPN&ENT1&BIP Specifier: <4>]

02-22 21:50:05.869  3321  3321 D DctController: [TNF 4]evalRequest evalRequest  = NetworkRequest [ id=24, legacyType=3, [ Transports: CELLULAR Capabilities: SUPL&NOT_RESTRICTED&TRUSTED&NOT_VPN] ] n.requested= false

02-22 21:50:05.869  3321  3321 D DctController: [TNF 4]evalRequest

02-22 21:50:05.869  3321  3321 D DctController: [TNF 4]  needNetworkFor

02-22 21:50:05.869  3321  3321 D DctController: [TNF 4]Cellular needs Network for NetworkRequest [ id=24, legacyType=3, [ Transports: CELLULAR Capabilities: SUPL&NOT_RESTRICTED&TRUSTED&NOT_VPN] ]

02-22 21:50:05.869  3321  4000 D SubscriptionController: getSimStateForSlotIdx:  simState=NETWORK_LOCKED ordinal=4

02-22 21:50:05.869  2764  3271 D SubscriptionManager: getSimStateForSlotIdx: simState=4 slotIdx=0

02-22 21:50:05.874  3321  3321 D DctController: apnForNetworkRequest name=supl, type=3

02-22 21:50:05.874  3321  3321 D DctController: requestNetwork request=NetworkRequest [ id=24, legacyType=3, [ Transports: CELLULAR Capabilities: SUPL&NOT_RESTRICTED&TRUSTED&NOT_VPN] ], priority=2

02-22 21:50:05.874  3321  3321 D DctController: processRequests

02-22 21:50:05.874  3321  3321 D DctController: handleMessage msg={ when=0 what=100 target=com.android.internal.telephony.dataconnection.DctController }

02-22 21:50:05.874  3321  3321 D DctController: selectExecPhone requestInfo = [request=NetworkRequest [ id=24, legacyType=3, [ Transports: CELLULAR Capabilities: SUPL&NOT_RESTRICTED&TRUSTED&NOT_VPN] ], executed=false, executedPhoneId=-1, enabledSlot=-1, priority=2]

02-22 21:50:05.874  3321  3321 D DctController: selectExecPhone requestInfo = [request=NetworkRequest [ id=2, legacyType=-1, [ Transports: CELLULAR Capabilities: INTERNET&NOT_RESTRICTED&TRUSTED&NOT_VPN] ], executed=false, executedPhoneId=-1, enabledSlot=-1, priority=0]

02-22 21:50:05.874  3321  3321 D DctController: getTopPriorityRequestPhoneId = 0, priority = 2

02-22 21:50:05.874  3321  3321 D DcSwitchAsyncChannel: [DcSwitchAsyncChannel-0]: rspIsIdle=false

02-22 21:50:05.874  3321  3590 D GsmSST  : getCellLocation(): X good mCellLoc= xxx

02-22 21:50:05.874  3321  3321 D DctController: onProcessRequest requestedPhoneId=0, activePhoneId=0

02-22 21:50:05.879  3321  3639 D DcSwitchSM: [DcSwitchStateMachine-0] AttachingState: REQ_CONNECT, apnRequest=[request=NetworkRequest [ id=24, legacyType=3, [ Transports: CELLULAR Capabilities: SUPL&NOT_RESTRICTED&TRUSTED&NOT_VPN] ], executed=false, executedPhoneId=-1, enabledSlot=-1, priority=2]

02-22 21:50:05.879  3321  3639 D DcSwitchSM: [DcSwitchStateMachine-0] AttachingState: REQ_CONNECT, apnRequest=[request=NetworkRequest [ id=2, legacyType=-1, [ Transports: CELLULAR Capabilities: INTERNET&NOT_RESTRICTED&TRUSTED&NOT_VPN] ], executed=false, executedPhoneId=-1, enabledSlot=-1, priority=0]

02-22 21:50:06.114  2213  2455 D RILClient: processUnsolicited(): resp_id (11009), len(12)

02-22 21:50:06.114  2199  2510 D RILClient: processUnsolicited(): resp_id (11009), len(12)

02-22 21:50:06.114  2205  2459 D RILClient: processUnsolicited(): resp_id (11009), len(12)

02-22 21:50:06.114  2205  2459 D RILClient: processUnsolicited(): unsol_func resp_id (11009), len(12)

02-22 21:50:06.114  2186  2922 D RILClient: processUnsolicited(): resp_id (11009), len(12)

02-22 21:50:06.404  2205  2459 D RILClient: processUnsolicited(): resp_id (11009), len(12)

02-22 21:50:06.404  2205  2459 D RILClient: processUnsolicited(): unsol_func resp_id (11009), len(12)

02-22 21:50:06.404  2186  2922 D RILClient: processUnsolicited(): resp_id (11009), len(12)

02-22 21:50:06.409  2205  2459 D RILClient: processUnsolicited(): resp_id (11009), len(9)

02-22 21:50:06.409  2205  2459 D RILClient: processUnsolicited(): unsol_func resp_id (11009), len(9)

02-22 21:50:06.409  2186  2922 D RILClient: processUnsolicited(): resp_id (11009), len(9)

02-22 21:50:06.409  2199  2510 D RILClient: processUnsolicited(): resp_id (11009), len(12)

02-22 21:50:06.409  2199  2510 D RILClient: processUnsolicited(): resp_id (11009), len(9)

02-22 21:50:06.409  2213  2455 D RILClient: processUnsolicited(): resp_id (11009), len(12)

02-22 21:50:06.409  2213  2455 D RILClient: processUnsolicited(): resp_id (11009), len(9)

02-22 21:50:07.824  3321  3321 D DctController: [TNF 4]handleRemoveRequest() mRequestInfos has key=24

02-22 21:50:07.824  3321  3321 D DctController: [TNF 4]Cellular releasing Network for NetworkRequest [ id=24, legacyType=3, [ Transports: CELLULAR Capabilities: SUPL&NOT_RESTRICTED&TRUSTED&NOT_VPN] ]

02-22 21:50:07.824  3321  3321 D DctController: apnForNetworkRequest name=supl, type=3

02-22 21:50:07.829  3321  3321 D DctController: releaseNetwork request=NetworkRequest [ id=24, legacyType=3, [ Transports: CELLULAR Capabilities: SUPL&NOT_RESTRICTED&TRUSTED&NOT_VPN] ], requestInfo=[request=NetworkRequest [ id=24, legacyType=3, [ Transports: CELLULAR Capabilities: SUPL&NOT_RESTRICTED&TRUSTED&NOT_VPN] ], executed=false, executedPhoneId=-1, enabledSlot=-1, priority=2]

02-22 21:50:07.829  3321  3321 D DctController: releaseRequest, request= [request=NetworkRequest [ id=24, legacyType=3, [ Transports: CELLULAR Capabilities: SUPL&NOT_RESTRICTED&TRUSTED&NOT_VPN] ], executed=false, executedPhoneId=-1, enabledSlot=-1, priority=2]

02-22 21:50:07.829  3321  3321 D DctController: processRequests

02-22 21:50:07.829  3321  3321 D DctController: handleMessage msg={ when=0 what=103 obj=[request=NetworkRequest [ id=24, legacyType=3, [ Transports: CELLULAR Capabilities: SUPL&NOT_RESTRICTED&TRUSTED&NOT_VPN] ], executed=false, executedPhoneId=-1, enabledSlot=-1, priority=2] target=com.android.internal.telephony.dataconnection.DctController }

02-22 21:50:07.829  3321  3321 D DctController: onReleaseRequest request=[request=NetworkRequest [ id=24, legacyType=3, [ Transports: CELLULAR Capabilities: SUPL&NOT_RESTRICTED&TRUSTED&NOT_VPN] ], executed=false, executedPhoneId=-1, enabledSlot=-1, priority=2]

02-22 21:50:07.829  3321  3321 D DctController: handleMessage msg={ when=-2ms what=100 target=com.android.internal.telephony.dataconnection.DctController }

02-22 21:50:07.829  3321  3321 D DctController: selectExecPhone requestInfo = [request=NetworkRequest [ id=2, legacyType=-1, [ Transports: CELLULAR Capabilities: INTERNET&NOT_RESTRICTED&TRUSTED&NOT_VPN] ], executed=false, executedPhoneId=-1, enabledSlot=-1, priority=0]

02-22 21:50:07.834  3321  3321 D DctController: getTopPriorityRequestPhoneId = 0, priority = 0

02-22 21:50:07.834  3321  3321 D DcSwitchAsyncChannel: [DcSwitchAsyncChannel-0]: rspIsIdle=false

02-22 21:50:07.834  3321  3321 D DctController: onProcessRequest requestedPhoneId=0, activePhoneId=0

02-22 21:50:07.834  3321  3639 D DcSwitchSM: [DcSwitchStateMachine-0] AttachingState: REQ_CONNECT, apnRequest=[request=NetworkRequest [ id=2, legacyType=-1, [ Transports: CELLULAR Capabilities: INTERNET&NOT_RESTRICTED&TRUSTED&NOT_VPN] ], executed=false, executedPhoneId=-1, enabledSlot=-1, priority=0]

02-22 21:50:08.444  2213  2455 D RILClient: processUnsolicited(): resp_id (11009), len(12)

02-22 21:50:08.444  2199  2510 D RILClient: processUnsolicited(): resp_id (11009), len(12)

02-22 21:50:08.444  2186  2922 D RILClient: processUnsolicited(): resp_id (11009), len(12)

02-22 21:50:08.444  2205  2459 D RILClient: processUnsolicited(): resp_id (11009), len(12)

02-22 21:50:08.444  2205  2459 D RILClient: processUnsolicited(): unsol_func resp_id (11009), len(12)

02-22 21:50:10.829  3321  3333 D GsmSST  : getCellLocation(): X good mCellLoc= xxx

02-22 21:50:10.844  3321  4000 D GsmSST  : SST.getAllCellInfo(): CallingUid = 10008, CallingPid = 3667

02-22 21:50:10.844  3321  4000 D RILJ    : [0081]> RIL_REQUEST_GET_CELL_INFO_LIST [SUB0]

02-22 21:50:10.849  3321  3561 D RILJ    : [0081]< RIL_REQUEST_GET_CELL_INFO_LIST  [SUB0]

02-22 21:50:15.809  2197  2441 E RILD    : GetIpcMessage: partial IPC received. received 512 expected 3178

02-22 21:50:15.809  2197  2441 E RILD    : ProcessIpcMessageReceived: Incomplete IPC received.

02-22 21:50:15.809  2197  2441 E RILD    : GetIpcMessage: partial IPC received. received 1024 expected 3178

02-22 21:50:15.809  2197  2441 E RILD    : ProcessIpcMessageReceived: Incomplete IPC received.

02-22 21:50:15.809  2197  2441 E RILD    : GetIpcMessage: partial IPC received. received 1536 expected 3178

02-22 21:50:15.809  2197  2441 E RILD    : ProcessIpcMessageReceived: Incomplete IPC received.

02-22 21:50:15.809  2213  2455 D RILClient: processUnsolicited(): resp_id (11009), len(12)

02-22 21:50:15.809  2197  2441 E RILD    : GetIpcMessage: partial IPC received. received 2048 expected 3178

02-22 21:50:15.809  2197  2441 E RILD    : ProcessIpcMessageReceived: Incomplete IPC received.

02-22 21:50:15.809  2186  2922 D RILClient: processUnsolicited(): resp_id (11009), len(12)

02-22 21:50:15.809  2197  2441 E RILD    : GetIpcMessage: partial IPC received. received 2560 expected 3178

02-22 21:50:15.809  2197  2441 E RILD    : ProcessIpcMessageReceived: Incomplete IPC received.

02-22 21:50:15.809  2199  2510 D RILClient: processUnsolicited(): resp_id (11009), len(12)

02-22 21:50:15.809  2197  2441 E RILD    : GetIpcMessage: partial IPC received. received 3072 expected 3178

02-22 21:50:15.809  2197  2441 E RILD    : ProcessIpcMessageReceived: Incomplete IPC received.

02-22 21:50:15.809  2205  2459 D RILClient: processUnsolicited(): resp_id (11009), len(12)

02-22 21:50:15.809  2205  2459 D RILClient: processUnsolicited(): unsol_func resp_id (11009), len(12)

02-22 21:50:15.814  3321  3331 D DCT     : [0]getDataEnabled: getIntWithSubId retVal=true

02-22 21:50:15.814  2205  2459 D RILClient: processUnsolicited(): resp_id (11009), len(3178)

02-22 21:50:15.814  2205  2459 D RILClient: processUnsolicited(): unsol_func resp_id (11009), len(3178)

02-22 21:50:15.814  2213  2455 D RILClient: processUnsolicited(): resp_id (11009), len(3178)

02-22 21:50:15.814  2199  2510 D RILClient: processUnsolicited(): resp_id (11009), len(3178)

02-22 21:50:15.814  2186  2922 D RILClient: processUnsolicited(): resp_id (11009), len(3178)

02-22 21:50:15.819  3321  3321 D DctController: [TNF 4]got request NetworkRequest [ id=25, legacyType=3, [ Transports: CELLULAR Capabilities: SUPL&NOT_RESTRICTED&TRUSTED&NOT_VPN] ] with score 0

02-22 21:50:15.824  3321  3642 D SubscriptionController: getSimStateForSlotIdx:  simState=NETWORK_LOCKED ordinal=4

02-22 21:50:15.824  2764  3271 D SubscriptionManager: getSimStateForSlotIdx: simState=4 slotIdx=0

02-22 21:50:15.824  3321  3321 D DctController: [TNF 4]  my score=50, my filter=[ Transports: CELLULAR Capabilities: MMS&SUPL&DUN&FOTA&IMS&CBS&IA&RCS&XCAP&EIMS&INTERNET&NOT_RESTRICTED&TRUSTED&NOT_VPN&ENT1&BIP Specifier: <4>]

02-22 21:50:15.824  3321  3321 D DctController: [TNF 4]evalRequest evalRequest  = NetworkRequest [ id=25, legacyType=3, [ Transports: CELLULAR Capabilities: SUPL&NOT_RESTRICTED&TRUSTED&NOT_VPN] ] n.requested= false

02-22 21:50:15.824  2205  2459 D RILClient: processUnsolicited(): resp_id (11009), len(12)

02-22 21:50:15.824  2205  2459 D RILClient: processUnsolicited(): unsol_func resp_id (11009), len(12)

02-22 21:50:15.824  3321  3321 D DctController: [TNF 4]evalRequest

02-22 21:50:15.824  3321  3321 D DctController: [TNF 4]  needNetworkFor

02-22 21:50:15.824  2213  2455 D RILClient: processUnsolicited(): resp_id (11009), len(12)

02-22 21:50:15.824  2199  2510 D RILClient: processUnsolicited(): resp_id (11009), len(12)

02-22 21:50:15.824  2186  2922 D RILClient: processUnsolicited(): resp_id (11009), len(12)

02-22 21:50:15.824  3321  3321 D DctController: [TNF 4]Cellular needs Network for NetworkRequest [ id=25, legacyType=3, [ Transports: CELLULAR Capabilities: SUPL&NOT_RESTRICTED&TRUSTED&NOT_VPN] ]

02-22 21:50:15.824  3321  3321 D DctController: apnForNetworkRequest name=supl, type=3

02-22 21:50:15.824  3321  3321 D DctController: requestNetwork request=NetworkRequest [ id=25, legacyType=3, [ Transports: CELLULAR Capabilities: SUPL&NOT_RESTRICTED&TRUSTED&NOT_VPN] ], priority=2

02-22 21:50:15.824  3321  3321 D DctController: processRequests

02-22 21:50:15.824  3321  3321 D DctController: handleMessage msg={ when=0 what=100 target=com.android.internal.telephony.dataconnection.DctController }

02-22 21:50:15.824  3321  3321 D DctController: selectExecPhone requestInfo = [request=NetworkRequest [ id=25, legacyType=3, [ Transports: CELLULAR Capabilities: SUPL&NOT_RESTRICTED&TRUSTED&NOT_VPN] ], executed=false, executedPhoneId=-1, enabledSlot=-1, priority=2]

02-22 21:50:15.829  3321  3321 D DctController: selectExecPhone requestInfo = [request=NetworkRequest [ id=2, legacyType=-1, [ Transports: CELLULAR Capabilities: INTERNET&NOT_RESTRICTED&TRUSTED&NOT_VPN] ], executed=false, executedPhoneId=-1, enabledSlot=-1, priority=0]

02-22 21:50:15.829  3321  3321 D DctController: getTopPriorityRequestPhoneId = 0, priority = 2

02-22 21:50:15.829  3321  3321 D DcSwitchAsyncChannel: [DcSwitchAsyncChannel-0]: rspIsIdle=false

02-22 21:50:15.829  3321  3321 D DctController: onProcessRequest requestedPhoneId=0, activePhoneId=0

02-22 21:50:15.829  3321  3639 D DcSwitchSM: [DcSwitchStateMachine-0] AttachingState: REQ_CONNECT, apnRequest=[request=NetworkRequest [ id=25, legacyType=3, [ Transports: CELLULAR Capabilities: SUPL&NOT_RESTRICTED&TRUSTED&NOT_VPN] ], executed=false, executedPhoneId=-1, enabledSlot=-1, priority=2]

02-22 21:50:15.829  3321  3333 D GsmSST  : getCellLocation(): X good mCellLoc= xxx

02-22 21:50:15.829  3321  3639 D DcSwitchSM: [DcSwitchStateMachine-0] AttachingState: REQ_CONNECT, apnRequest=[request=NetworkRequest [ id=2, legacyType=-1, [ Transports: CELLULAR Capabilities: INTERNET&NOT_RESTRICTED&TRUSTED&NOT_VPN] ], executed=false, executedPhoneId=-1, enabledSlot=-1, priority=0]

02-22 21:50:15.864  3321  4000 D GsmSST  : getCellLocation(): X good mCellLoc= xxx

02-22 21:50:15.874  3321  3590 D GsmSST  : SST.getAllCellInfo(): CallingUid = 10008, CallingPid = 3667

02-22 21:50:15.874  3321  3590 D RILJ    : [0082]> RIL_REQUEST_GET_CELL_INFO_LIST [SUB0]

02-22 21:50:15.879  3321  3561 D RILJ    : [0082]< RIL_REQUEST_GET_CELL_INFO_LIST  [SUB0]

02-22 21:50:17.809  3321  3321 D DctController: [TNF 4]handleRemoveRequest() mRequestInfos has key=25

02-22 21:50:17.809  3321  3321 D DctController: [TNF 4]Cellular releasing Network for NetworkRequest [ id=25, legacyType=3, [ Transports: CELLULAR Capabilities: SUPL&NOT_RESTRICTED&TRUSTED&NOT_VPN] ]

02-22 21:50:17.809  3321  3321 D DctController: apnForNetworkRequest name=supl, type=3

02-22 21:50:17.809  3321  3321 D DctController: releaseNetwork request=NetworkRequest [ id=25, legacyType=3, [ Transports: CELLULAR Capabilities: SUPL&NOT_RESTRICTED&TRUSTED&NOT_VPN] ], requestInfo=[request=NetworkRequest [ id=25, legacyType=3, [ Transports: CELLULAR Capabilities: SUPL&NOT_RESTRICTED&TRUSTED&NOT_VPN] ], executed=false, executedPhoneId=-1, enabledSlot=-1, priority=2]

02-22 21:50:17.814  3321  3321 D DctController: releaseRequest, request= [request=NetworkRequest [ id=25, legacyType=3, [ Transports: CELLULAR Capabilities: SUPL&NOT_RESTRICTED&TRUSTED&NOT_VPN] ], executed=false, executedPhoneId=-1, enabledSlot=-1, priority=2]

02-22 21:50:17.814  3321  3321 D DctController: processRequests

02-22 21:50:17.814  3321  3321 D DctController: handleMessage msg={ when=-1ms what=103 obj=[request=NetworkRequest [ id=25, legacyType=3, [ Transports: CELLULAR Capabilities: SUPL&NOT_RESTRICTED&TRUSTED&NOT_VPN] ], executed=false, executedPhoneId=-1, enabledSlot=-1, priority=2] target=com.android.internal.telephony.dataconnection.DctController }

02-22 21:50:17.814  3321  3321 D DctController: onReleaseRequest request=[request=NetworkRequest [ id=25, legacyType=3, [ Transports: CELLULAR Capabilities: SUPL&NOT_RESTRICTED&TRUSTED&NOT_VPN] ], executed=false, executedPhoneId=-1, enabledSlot=-1, priority=2]

02-22 21:50:17.814  3321  3321 D DctController: handleMessage msg={ when=-2ms what=100 target=com.android.internal.telephony.dataconnection.DctController }

02-22 21:50:17.814  3321  3321 D DctController: selectExecPhone requestInfo = [request=NetworkRequest [ id=2, legacyType=-1, [ Transports: CELLULAR Capabilities: INTERNET&NOT_RESTRICTED&TRUSTED&NOT_VPN] ], executed=false, executedPhoneId=-1, enabledSlot=-1, priority=0]

02-22 21:50:17.814  3321  3321 D DctController: getTopPriorityRequestPhoneId = 0, priority = 0

02-22 21:50:17.814  3321  3321 D DcSwitchAsyncChannel: [DcSwitchAsyncChannel-0]: rspIsIdle=false

02-22 21:50:17.814  3321  3321 D DctController: onProcessRequest requestedPhoneId=0, activePhoneId=0

02-22 21:50:17.819  3321  3639 D DcSwitchSM: [DcSwitchStateMachine-0] AttachingState: REQ_CONNECT, apnRequest=[request=NetworkRequest [ id=2, legacyType=-1, [ Transports: CELLULAR Capabilities: INTERNET&NOT_RESTRICTED&TRUSTED&NOT_VPN] ], executed=false, executedPhoneId=-1, enabledSlot=-1, priority=0]

02-22 21:50:20.224  3321  3321 D RILJ    : [0083]> SIGNAL_STRENGTH [SUB0]

02-22 21:50:20.229  3321  3561 D RILJ    : [0083]< SIGNAL_STRENGTH SignalStrength: 0 99 0 200 0 200 -1 0 2147483647 255 2147483647 2147483647 2147483647 0x0 gsm|lte [SUB0]

02-22 21:50:20.234  3321  3321 W SignalStrength: Signal before validate=SignalStrength: 0 99 0 200 0 200 -1 0 2147483647 255 2147483647 2147483647 2147483647 0x0 gsm|lte

02-22 21:50:20.234  3321  3321 W SignalStrength: Signal after validate=SignalStrength: 0 99 -120 -200 -120 -200 -1 0 2147483647 2147483647 2147483647 2147483647 2147483647 0x0 gsm|lte

02-22 21:50:20.234  3321  3321 D DefaultPhoneNotifier: notifySignalStrength: mRegistry=com.android.internal.telephony.ITelephonyRegistry$Stub$Proxy@b8e39e7 ss=SignalStrength: 0 99 -120 -200 -120 -200 -1 0 2147483647 2147483647 2147483647 2147483647 2147483647 0x0 gsm|lte sender=Handler (com.android.internal.telephony.gsm.GSMPhone) {89eae82}

02-22 21:50:20.239  3321  3642 D TelephonyManager: getLteOnCdmaMode=0 curVal=0 product_type='' lteOnCdmaProductType=''

02-22 21:50:20.904  3321  4000 D GsmSST  : getCellLocation(): X good mCellLoc= xxx

02-22 21:50:20.909  3321  3590 D GsmSST  : SST.getAllCellInfo(): CallingUid = 10008, CallingPid = 3667

02-22 21:50:20.914  3321  3590 D RILJ    : [0084]> RIL_REQUEST_GET_CELL_INFO_LIST [SUB0]

02-22 21:50:20.919  3321  3561 D RILJ    : [0084]< RIL_REQUEST_GET_CELL_INFO_LIST  [SUB0]

02-22 21:50:25.949  3321  3331 D GsmSST  : getCellLocation(): X good mCellLoc= xxx

02-22 21:50:25.959  3321  3642 D GsmSST  : SST.getAllCellInfo(): CallingUid = 10008, CallingPid = 3667

02-22 21:50:25.959  3321  3642 D RILJ    : [0085]> RIL_REQUEST_GET_CELL_INFO_LIST [SUB0]

02-22 21:50:25.964  3321  3561 D RILJ    : [0085]< RIL_REQUEST_GET_CELL_INFO_LIST  [SUB0]

02-22 21:50:30.989  3321  3590 D GsmSST  : getCellLocation(): X good mCellLoc= xxx

02-22 21:50:31.009  3321  3331 D GsmSST  : SST.getAllCellInfo(): CallingUid = 10008, CallingPid = 3667

02-22 21:50:31.009  3321  3331 D RILJ    : [0086]> RIL_REQUEST_GET_CELL_INFO_LIST [SUB0]

02-22 21:50:31.014  3321  3561 D RILJ    : [0086]< RIL_REQUEST_GET_CELL_INFO_LIST  [SUB0]

02-22 21:50:40.239  3321  3321 D RILJ    : [0087]> SIGNAL_STRENGTH [SUB0]

02-22 21:50:40.249  3321  3561 D RILJ    : [0087]< SIGNAL_STRENGTH SignalStrength: 0 99 0 200 0 200 -1 0 2147483647 255 2147483647 2147483647 2147483647 0x0 gsm|lte [SUB0]

02-22 21:50:40.249  3321  3321 W SignalStrength: Signal before validate=SignalStrength: 0 99 0 200 0 200 -1 0 2147483647 255 2147483647 2147483647 2147483647 0x0 gsm|lte

02-22 21:50:40.249  3321  3321 W SignalStrength: Signal after validate=SignalStrength: 0 99 -120 -200 -120 -200 -1 0 2147483647 2147483647 2147483647 2147483647 2147483647 0x0 gsm|lte

02-22 21:50:40.249  3321  3321 D DefaultPhoneNotifier: notifySignalStrength: mRegistry=com.android.internal.telephony.ITelephonyRegistry$Stub$Proxy@b8e39e7 ss=SignalStrength: 0 99 -120 -200 -120 -200 -1 0 2147483647 2147483647 2147483647 2147483647 2147483647 0x0 gsm|lte sender=Handler (com.android.internal.telephony.gsm.GSMPhone) {89eae82}

02-22 21:50:40.254  3321  3331 D TelephonyManager: getLteOnCdmaMode=0 curVal=0 product_type='' lteOnCdmaProductType=''

02-22 21:51:00.254  3321  3321 D RILJ    : [0088]> SIGNAL_STRENGTH [SUB0]

02-22 21:51:00.264  3321  3561 D RILJ    : [0088]< SIGNAL_STRENGTH SignalStrength: 0 99 0 200 0 200 -1 0 2147483647 255 2147483647 2147483647 2147483647 0x0 gsm|lte [SUB0]

02-22 21:51:00.264  3321  3321 W SignalStrength: Signal before validate=SignalStrength: 0 99 0 200 0 200 -1 0 2147483647 255 2147483647 2147483647 2147483647 0x0 gsm|lte

02-22 21:51:00.264  3321  3321 W SignalStrength: Signal after validate=SignalStrength: 0 99 -120 -200 -120 -200 -1 0 2147483647 2147483647 2147483647 2147483647 2147483647 0x0 gsm|lte

02-22 21:51:00.264  3321  3321 D DefaultPhoneNotifier: notifySignalStrength: mRegistry=com.android.internal.telephony.ITelephonyRegistry$Stub$Proxy@b8e39e7 ss=SignalStrength: 0 99 -120 -200 -120 -200 -1 0 2147483647 2147483647 2147483647 2147483647 2147483647 0x0 gsm|lte sender=Handler (com.android.internal.telephony.gsm.GSMPhone) {89eae82}

02-22 21:51:00.274  3321  3331 D TelephonyManager: getLteOnCdmaMode=0 curVal=0 product_type='' lteOnCdmaProductType=''

02-22 21:51:20.269  3321  3321 D RILJ    : [0089]> SIGNAL_STRENGTH [SUB0]

02-22 21:51:20.279  3321  3561 D RILJ    : [0089]< SIGNAL_STRENGTH SignalStrength: 0 99 0 200 0 200 -1 0 2147483647 255 2147483647 2147483647 2147483647 0x0 gsm|lte [SUB0]

02-22 21:51:20.279  3321  3321 W SignalStrength: Signal before validate=SignalStrength: 0 99 0 200 0 200 -1 0 2147483647 255 2147483647 2147483647 2147483647 0x0 gsm|lte

02-22 21:51:20.279  3321  3321 W SignalStrength: Signal after validate=SignalStrength: 0 99 -120 -200 -120 -200 -1 0 2147483647 2147483647 2147483647 2147483647 2147483647 0x0 gsm|lte

02-22 21:51:20.279  3321  3321 D DefaultPhoneNotifier: notifySignalStrength: mRegistry=com.android.internal.telephony.ITelephonyRegistry$Stub$Proxy@b8e39e7 ss=SignalStrength: 0 99 -120 -200 -120 -200 -1 0 2147483647 2147483647 2147483647 2147483647 2147483647 0x0 gsm|lte sender=Handler (com.android.internal.telephony.gsm.GSMPhone) {89eae82}

02-22 21:51:20.289  3321  4000 D TelephonyManager: getLteOnCdmaMode=0 curVal=0 product_type='' lteOnCdmaProductType=''

02-22 21:51:40.289  3321  3321 D RILJ    : [0090]> SIGNAL_STRENGTH [SUB0]

02-22 21:51:40.294  3321  3561 D RILJ    : [0090]< SIGNAL_STRENGTH SignalStrength: 0 99 0 200 0 200 -1 0 2147483647 255 2147483647 2147483647 2147483647 0x0 gsm|lte [SUB0]

02-22 21:51:40.294  3321  3321 W SignalStrength: Signal before validate=SignalStrength: 0 99 0 200 0 200 -1 0 2147483647 255 2147483647 2147483647 2147483647 0x0 gsm|lte

02-22 21:51:40.299  3321  3321 W SignalStrength: Signal after validate=SignalStrength: 0 99 -120 -200 -120 -200 -1 0 2147483647 2147483647 2147483647 2147483647 2147483647 0x0 gsm|lte

02-22 21:51:40.299  3321  3321 D DefaultPhoneNotifier: notifySignalStrength: mRegistry=com.android.internal.telephony.ITelephonyRegistry$Stub$Proxy@b8e39e7 ss=SignalStrength: 0 99 -120 -200 -120 -200 -1 0 2147483647 2147483647 2147483647 2147483647 2147483647 0x0 gsm|lte sender=Handler (com.android.internal.telephony.gsm.GSMPhone) {89eae82}

02-22 21:51:40.309  3321  3642 D TelephonyManager: getLteOnCdmaMode=0 curVal=0 product_type='' lteOnCdmaProductType=''

02-22 21:52:00.309  3321  3321 D RILJ    : [0091]> SIGNAL_STRENGTH [SUB0]

02-22 21:52:00.314  3321  3561 D RILJ    : [0091]< SIGNAL_STRENGTH SignalStrength: 0 99 0 200 0 200 -1 0 2147483647 255 2147483647 2147483647 2147483647 0x0 gsm|lte [SUB0]

02-22 21:52:00.314  3321  3321 W SignalStrength: Signal before validate=SignalStrength: 0 99 0 200 0 200 -1 0 2147483647 255 2147483647 2147483647 2147483647 0x0 gsm|lte

02-22 21:52:00.319  3321  3321 W SignalStrength: Signal after validate=SignalStrength: 0 99 -120 -200 -120 -200 -1 0 2147483647 2147483647 2147483647 2147483647 2147483647 0x0 gsm|lte

02-22 21:52:00.319  3321  3321 D DefaultPhoneNotifier: notifySignalStrength: mRegistry=com.android.internal.telephony.ITelephonyRegistry$Stub$Proxy@b8e39e7 ss=SignalStrength: 0 99 -120 -200 -120 -200 -1 0 2147483647 2147483647 2147483647 2147483647 2147483647 0x0 gsm|lte sender=Handler (com.android.internal.telephony.gsm.GSMPhone) {89eae82}

02-22 21:52:00.324  3321  4000 D TelephonyManager: getLteOnCdmaMode=0 curVal=0 product_type='' lteOnCdmaProductType=''

02-22 21:52:20.324  3321  3321 D RILJ    : [0092]> SIGNAL_STRENGTH [SUB0]

02-22 21:52:20.334  3321  3561 D RILJ    : [0092]< SIGNAL_STRENGTH SignalStrength: 0 99 0 200 0 200 -1 0 2147483647 255 2147483647 2147483647 2147483647 0x0 gsm|lte [SUB0]

02-22 21:52:20.334  3321  3321 W SignalStrength: Signal before validate=SignalStrength: 0 99 0 200 0 200 -1 0 2147483647 255 2147483647 2147483647 2147483647 0x0 gsm|lte

02-22 21:52:20.334  3321  3321 W SignalStrength: Signal after validate=SignalStrength: 0 99 -120 -200 -120 -200 -1 0 2147483647 2147483647 2147483647 2147483647 2147483647 0x0 gsm|lte

02-22 21:52:20.334  3321  3321 D DefaultPhoneNotifier: notifySignalStrength: mRegistry=com.android.internal.telephony.ITelephonyRegistry$Stub$Proxy@b8e39e7 ss=SignalStrength: 0 99 -120 -200 -120 -200 -1 0 2147483647 2147483647 2147483647 2147483647 2147483647 0x0 gsm|lte sender=Handler (com.android.internal.telephony.gsm.GSMPhone) {89eae82}

02-22 21:52:20.344  3321  3590 D TelephonyManager: getLteOnCdmaMode=0 curVal=0 product_type='' lteOnCdmaProductType=''

02-22 21:52:40.339  3321  3321 D RILJ    : [0093]> SIGNAL_STRENGTH [SUB0]

02-22 21:52:40.349  3321  3561 D RILJ    : [0093]< SIGNAL_STRENGTH SignalStrength: 0 99 0 200 0 200 -1 0 2147483647 255 2147483647 2147483647 2147483647 0x0 gsm|lte [SUB0]

02-22 21:52:40.349  3321  3321 W SignalStrength: Signal before validate=SignalStrength: 0 99 0 200 0 200 -1 0 2147483647 255 2147483647 2147483647 2147483647 0x0 gsm|lte

02-22 21:52:40.349  3321  3321 W SignalStrength: Signal after validate=SignalStrength: 0 99 -120 -200 -120 -200 -1 0 2147483647 2147483647 2147483647 2147483647 2147483647 0x0 gsm|lte

02-22 21:52:40.349  3321  3321 D DefaultPhoneNotifier: notifySignalStrength: mRegistry=com.android.internal.telephony.ITelephonyRegistry$Stub$Proxy@b8e39e7 ss=SignalStrength: 0 99 -120 -200 -120 -200 -1 0 2147483647 2147483647 2147483647 2147483647 2147483647 0x0 gsm|lte sender=Handler (com.android.internal.telephony.gsm.GSMPhone) {89eae82}

02-22 21:52:40.359  3321  3331 D TelephonyManager: getLteOnCdmaMode=0 curVal=0 product_type='' lteOnCdmaProductType=''

02-22 21:53:00.354  3321  3321 D RILJ    : [0094]> SIGNAL_STRENGTH [SUB0]

02-22 21:53:00.364  3321  3561 D RILJ    : [0094]< SIGNAL_STRENGTH SignalStrength: 0 99 0 200 0 200 -1 0 2147483647 255 2147483647 2147483647 2147483647 0x0 gsm|lte [SUB0]

02-22 21:53:00.364  3321  3321 W SignalStrength: Signal before validate=SignalStrength: 0 99 0 200 0 200 -1 0 2147483647 255 2147483647 2147483647 2147483647 0x0 gsm|lte

02-22 21:53:00.364  3321  3321 W SignalStrength: Signal after validate=SignalStrength: 0 99 -120 -200 -120 -200 -1 0 2147483647 2147483647 2147483647 2147483647 2147483647 0x0 gsm|lte

02-22 21:53:00.364  3321  3321 D DefaultPhoneNotifier: notifySignalStrength: mRegistry=com.android.internal.telephony.ITelephonyRegistry$Stub$Proxy@b8e39e7 ss=SignalStrength: 0 99 -120 -200 -120 -200 -1 0 2147483647 2147483647 2147483647 2147483647 2147483647 0x0 gsm|lte sender=Handler (com.android.internal.telephony.gsm.GSMPhone) {89eae82}

02-22 21:53:00.374  3321  3331 D TelephonyManager: getLteOnCdmaMode=0 curVal=0 product_type='' lteOnCdmaProductType=''

02-22 21:53:20.369  3321  3321 D RILJ    : [0095]> SIGNAL_STRENGTH [SUB0]

02-22 21:53:20.379  3321  3561 D RILJ    : [0095]< SIGNAL_STRENGTH SignalStrength: 0 99 0 200 0 200 -1 0 2147483647 255 2147483647 2147483647 2147483647 0x0 gsm|lte [SUB0]

02-22 21:53:20.379  3321  3321 W SignalStrength: Signal before validate=SignalStrength: 0 99 0 200 0 200 -1 0 2147483647 255 2147483647 2147483647 2147483647 0x0 gsm|lte

02-22 21:53:20.379  3321  3321 W SignalStrength: Signal after validate=SignalStrength: 0 99 -120 -200 -120 -200 -1 0 2147483647 2147483647 2147483647 2147483647 2147483647 0x0 gsm|lte

02-22 21:53:20.379  3321  3321 D DefaultPhoneNotifier: notifySignalStrength: mRegistry=com.android.internal.telephony.ITelephonyRegistry$Stub$Proxy@b8e39e7 ss=SignalStrength: 0 99 -120 -200 -120 -200 -1 0 2147483647 2147483647 2147483647 2147483647 2147483647 0x0 gsm|lte sender=Handler (com.android.internal.telephony.gsm.GSMPhone) {89eae82}

02-22 21:53:20.384  3321  3331 D TelephonyManager: getLteOnCdmaMode=0 curVal=0 product_type='' lteOnCdmaProductType=''

02-22 21:53:40.384  3321  3321 D RILJ    : [0096]> SIGNAL_STRENGTH [SUB0]

02-22 21:53:40.389  3321  3561 D RILJ    : [0096]< SIGNAL_STRENGTH SignalStrength: 0 99 0 200 0 200 -1 0 2147483647 255 2147483647 2147483647 2147483647 0x0 gsm|lte [SUB0]

02-22 21:53:40.389  3321  3321 W SignalStrength: Signal before validate=SignalStrength: 0 99 0 200 0 200 -1 0 2147483647 255 2147483647 2147483647 2147483647 0x0 gsm|lte

02-22 21:53:40.389  3321  3321 W SignalStrength: Signal after validate=SignalStrength: 0 99 -120 -200 -120 -200 -1 0 2147483647 2147483647 2147483647 2147483647 2147483647 0x0 gsm|lte

02-22 21:53:40.394  3321  3321 D DefaultPhoneNotifier: notifySignalStrength: mRegistry=com.android.internal.telephony.ITelephonyRegistry$Stub$Proxy@b8e39e7 ss=SignalStrength: 0 99 -120 -200 -120 -200 -1 0 2147483647 2147483647 2147483647 2147483647 2147483647 0x0 gsm|lte sender=Handler (com.android.internal.telephony.gsm.GSMPhone) {89eae82}

02-22 21:53:40.399  3321  3642 D TelephonyManager: getLteOnCdmaMode=0 curVal=0 product_type='' lteOnCdmaProductType=''

02-22 21:54:00.399  3321  3321 D RILJ    : [0097]> SIGNAL_STRENGTH [SUB0]

02-22 21:54:00.404  3321  3561 D RILJ    : [0097]< SIGNAL_STRENGTH SignalStrength: 0 99 0 200 0 200 -1 0 2147483647 255 2147483647 2147483647 2147483647 0x0 gsm|lte [SUB0]

02-22 21:54:00.409  3321  3321 W SignalStrength: Signal before validate=SignalStrength: 0 99 0 200 0 200 -1 0 2147483647 255 2147483647 2147483647 2147483647 0x0 gsm|lte

02-22 21:54:00.409  3321  3321 W SignalStrength: Signal after validate=SignalStrength: 0 99 -120 -200 -120 -200 -1 0 2147483647 2147483647 2147483647 2147483647 2147483647 0x0 gsm|lte

02-22 21:54:00.409  3321  3321 D DefaultPhoneNotifier: notifySignalStrength: mRegistry=com.android.internal.telephony.ITelephonyRegistry$Stub$Proxy@b8e39e7 ss=SignalStrength: 0 99 -120 -200 -120 -200 -1 0 2147483647 2147483647 2147483647 2147483647 2147483647 0x0 gsm|lte sender=Handler (com.android.internal.telephony.gsm.GSMPhone) {89eae82}

02-22 21:54:00.414  3321  4000 D TelephonyManager: getLteOnCdmaMode=0 curVal=0 product_type='' lteOnCdmaProductType=''

02-22 21:54:20.419  3321  3321 D RILJ    : [0098]> SIGNAL_STRENGTH [SUB0]

02-22 21:54:20.429  3321  3561 D RILJ    : [0098]< SIGNAL_STRENGTH SignalStrength: 0 99 0 200 0 200 -1 0 2147483647 255 2147483647 2147483647 2147483647 0x0 gsm|lte [SUB0]

02-22 21:54:20.429  3321  3321 W SignalStrength: Signal before validate=SignalStrength: 0 99 0 200 0 200 -1 0 2147483647 255 2147483647 2147483647 2147483647 0x0 gsm|lte

02-22 21:54:20.429  3321  3321 W SignalStrength: Signal after validate=SignalStrength: 0 99 -120 -200 -120 -200 -1 0 2147483647 2147483647 2147483647 2147483647 2147483647 0x0 gsm|lte

02-22 21:54:20.429  3321  3321 D DefaultPhoneNotifier: notifySignalStrength: mRegistry=com.android.internal.telephony.ITelephonyRegistry$Stub$Proxy@b8e39e7 ss=SignalStrength: 0 99 -120 -200 -120 -200 -1 0 2147483647 2147483647 2147483647 2147483647 2147483647 0x0 gsm|lte sender=Handler (com.android.internal.telephony.gsm.GSMPhone) {89eae82}

02-22 21:54:20.439  3321  3590 D TelephonyManager: getLteOnCdmaMode=0 curVal=0 product_type='' lteOnCdmaProductType=''

02-22 21:54:40.439  3321  3321 D RILJ    : [0099]> SIGNAL_STRENGTH [SUB0]

02-22 21:54:40.444  3321  3561 D RILJ    : [0099]< SIGNAL_STRENGTH SignalStrength: 0 99 0 200 0 200 -1 0 2147483647 255 2147483647 2147483647 2147483647 0x0 gsm|lte [SUB0]

02-22 21:54:40.444  3321  3321 W SignalStrength: Signal before validate=SignalStrength: 0 99 0 200 0 200 -1 0 2147483647 255 2147483647 2147483647 2147483647 0x0 gsm|lte

02-22 21:54:40.444  3321  3321 W SignalStrength: Signal after validate=SignalStrength: 0 99 -120 -200 -120 -200 -1 0 2147483647 2147483647 2147483647 2147483647 2147483647 0x0 gsm|lte

02-22 21:54:40.444  3321  3321 D DefaultPhoneNotifier: notifySignalStrength: mRegistry=com.android.internal.telephony.ITelephonyRegistry$Stub$Proxy@b8e39e7 ss=SignalStrength: 0 99 -120 -200 -120 -200 -1 0 2147483647 2147483647 2147483647 2147483647 2147483647 0x0 gsm|lte sender=Handler (com.android.internal.telephony.gsm.GSMPhone) {89eae82}

02-22 21:54:40.454  3321  3333 D TelephonyManager: getLteOnCdmaMode=0 curVal=0 product_type='' lteOnCdmaProductType=''

02-22 21:55:00.449  3321  3321 D RILJ    : [0100]> SIGNAL_STRENGTH [SUB0]

02-22 21:55:00.459  3321  3561 D RILJ    : [0100]< SIGNAL_STRENGTH SignalStrength: 0 99 0 200 0 200 -1 0 2147483647 255 2147483647 2147483647 2147483647 0x0 gsm|lte [SUB0]

02-22 21:55:00.459  3321  3321 W SignalStrength: Signal before validate=SignalStrength: 0 99 0 200 0 200 -1 0 2147483647 255 2147483647 2147483647 2147483647 0x0 gsm|lte

02-22 21:55:00.459  3321  3321 W SignalStrength: Signal after validate=SignalStrength: 0 99 -120 -200 -120 -200 -1 0 2147483647 2147483647 2147483647 2147483647 2147483647 0x0 gsm|lte

02-22 21:55:00.459  3321  3321 D DefaultPhoneNotifier: notifySignalStrength: mRegistry=com.android.internal.telephony.ITelephonyRegistry$Stub$Proxy@b8e39e7 ss=SignalStrength: 0 99 -120 -200 -120 -200 -1 0 2147483647 2147483647 2147483647 2147483647 2147483647 0x0 gsm|lte sender=Handler (com.android.internal.telephony.gsm.GSMPhone) {89eae82}

02-22 21:55:00.464  3321  3333 D TelephonyManager: getLteOnCdmaMode=0 curVal=0 product_type='' lteOnCdmaProductType=''

02-22 21:55:20.464  3321  3321 D RILJ    : [0101]> SIGNAL_STRENGTH [SUB0]

02-22 21:55:20.469  3321  3561 D RILJ    : [0101]< SIGNAL_STRENGTH SignalStrength: 0 99 0 200 0 200 -1 0 2147483647 255 2147483647 2147483647 2147483647 0x0 gsm|lte [SUB0]

02-22 21:55:20.474  3321  3321 W SignalStrength: Signal before validate=SignalStrength: 0 99 0 200 0 200 -1 0 2147483647 255 2147483647 2147483647 2147483647 0x0 gsm|lte

02-22 21:55:20.474  3321  3321 W SignalStrength: Signal after validate=SignalStrength: 0 99 -120 -200 -120 -200 -1 0 2147483647 2147483647 2147483647 2147483647 2147483647 0x0 gsm|lte

02-22 21:55:20.474  3321  3321 D DefaultPhoneNotifier: notifySignalStrength: mRegistry=com.android.internal.telephony.ITelephonyRegistry$Stub$Proxy@b8e39e7 ss=SignalStrength: 0 99 -120 -200 -120 -200 -1 0 2147483647 2147483647 2147483647 2147483647 2147483647 0x0 gsm|lte sender=Handler (com.android.internal.telephony.gsm.GSMPhone) {89eae82}

02-22 21:55:20.479  3321  3642 D TelephonyManager: getLteOnCdmaMode=0 curVal=0 product_type='' lteOnCdmaProductType=''

02-22 21:55:40.479  3321  3321 D RILJ    : [0102]> SIGNAL_STRENGTH [SUB0]

02-22 21:55:40.489  3321  3561 D RILJ    : [0102]< SIGNAL_STRENGTH SignalStrength: 0 99 0 200 0 200 -1 0 2147483647 255 2147483647 2147483647 2147483647 0x0 gsm|lte [SUB0]

02-22 21:55:40.489  3321  3321 W SignalStrength: Signal before validate=SignalStrength: 0 99 0 200 0 200 -1 0 2147483647 255 2147483647 2147483647 2147483647 0x0 gsm|lte

02-22 21:55:40.489  3321  3321 W SignalStrength: Signal after validate=SignalStrength: 0 99 -120 -200 -120 -200 -1 0 2147483647 2147483647 2147483647 2147483647 2147483647 0x0 gsm|lte

02-22 21:55:40.489  3321  3321 D DefaultPhoneNotifier: notifySignalStrength: mRegistry=com.android.internal.telephony.ITelephonyRegistry$Stub$Proxy@b8e39e7 ss=SignalStrength: 0 99 -120 -200 -120 -200 -1 0 2147483647 2147483647 2147483647 2147483647 2147483647 0x0 gsm|lte sender=Handler (com.android.internal.telephony.gsm.GSMPhone) {89eae82}

02-22 21:55:40.499  3321  3331 D TelephonyManager: getLteOnCdmaMode=0 curVal=0 product_type='' lteOnCdmaProductType=''

02-22 21:56:00.494  3321  3321 D RILJ    : [0103]> SIGNAL_STRENGTH [SUB0]

02-22 21:56:00.504  3321  3561 D RILJ    : [0103]< SIGNAL_STRENGTH SignalStrength: 0 99 0 200 0 200 -1 0 2147483647 255 2147483647 2147483647 2147483647 0x0 gsm|lte [SUB0]

02-22 21:56:00.504  3321  3321 W SignalStrength: Signal before validate=SignalStrength: 0 99 0 200 0 200 -1 0 2147483647 255 2147483647 2147483647 2147483647 0x0 gsm|lte

02-22 21:56:00.504  3321  3321 W SignalStrength: Signal after validate=SignalStrength: 0 99 -120 -200 -120 -200 -1 0 2147483647 2147483647 2147483647 2147483647 2147483647 0x0 gsm|lte

02-22 21:56:00.504  3321  3321 D DefaultPhoneNotifier: notifySignalStrength: mRegistry=com.android.internal.telephony.ITelephonyRegistry$Stub$Proxy@b8e39e7 ss=SignalStrength: 0 99 -120 -200 -120 -200 -1 0 2147483647 2147483647 2147483647 2147483647 2147483647 0x0 gsm|lte sender=Handler (com.android.internal.telephony.gsm.GSMPhone) {89eae82}

02-22 21:56:00.509  3321  3642 D TelephonyManager: getLteOnCdmaMode=0 curVal=0 product_type='' lteOnCdmaProductType=''

02-22 21:56:20.509  3321  3321 D RILJ    : [0104]> SIGNAL_STRENGTH [SUB0]

