02-22 21:41:20.855  3321  3861 D use-Rlog/RLOG-IMS-IIL: IpcDispatcher: IpcDispatcher: IpcDispatcher

02-22 21:41:20.860  3844  3864 D RILS    : [0000]> OEM_HOOK_RAW[120a0004]

02-22 21:41:20.870  3321  3321 E use-Rlog/RLOG-IMS-IIL: ImsTelephonyService: Manager instances are not ready. continuing to wait

02-22 21:41:20.870  3844  3864 D RILS    : processSolicited(): mResult - null

02-22 21:41:20.870  3844  3864 D RILS    : processSolicited(): reply - { when=-2m44s727ms barrier=0 }

02-22 21:41:20.870  3321  3861 D use-Rlog/RLOG-IMS-IIL: ImsCallManager: ImsCallManager (mVoltePolicy: notallowed)

02-22 21:41:20.880  3321  3868 D use-Rlog/RLOG-IMS-IIL: IpcDispatcher: ImsModemReceiver::Create Socket !!

02-22 21:41:20.880  3321  3868 D use-Rlog/RLOG-IMS-IIL: IpcDispatcher: ImsModemReceiver::Create Socket : imsd

02-22 21:41:20.880  3321  3868 D use-Rlog/RLOG-IMS-IIL: IpcDispatcher: Connected to 'imsd' socket

02-22 21:41:20.880  3321  3321 E use-Rlog/RLOG-IMS-IIL: ImsTelephonyService: Manager instances are not ready. continuing to wait

02-22 21:41:20.885  3321  3861 D SubscriptionController: [getPhoneId]- no sims, returning default phoneId=0

02-22 21:41:20.885  3844  3864 D RILS    : [0000]< OEM_HOOK_RAW { when=-2m44s729ms barrier=0 }

02-22 21:41:20.895  3321  3861 D SubscriptionController: [getPhoneId]- no sims, returning default phoneId=0

02-22 21:41:20.895  3321  3321 E use-Rlog/RLOG-IMS-IIL: ImsTelephonyService: Manager instances are not ready. continuing to wait

02-22 21:41:20.905  3321  3861 D use-Rlog/RLOG-IMS-IIL: ImsSmsManager: ImsSmsManager networkCapa : ATT-ATT-GSM-USA

02-22 21:41:20.910  3321  3861 D use-Rlog/RLOG-IMS-IIL: ImsIilManager: ImsIilManager

02-22 21:41:20.910  3321  3321 E use-Rlog/RLOG-IMS-IIL: ImsTelephonyService: Manager instances are not ready. continuing to wait

02-22 21:41:20.920  3321  3321 E use-Rlog/RLOG-IMS-IIL: ImsTelephonyService: Manager instances are not ready. continuing to wait

02-22 21:41:20.930  3321  3861 D use-Rlog/RLOG-IMS-IIL: ImsSsManager: ImsSsManager

02-22 21:41:20.930  3321  3861 D use-Rlog/RLOG-IMS-IIL: ImsCallManager: onDataConnectionStateChanged(): state -1, networkType 0 old 0

02-22 21:41:20.930  3321  3321 D use-Rlog/RLOG-IMS-IIL: ImsTelephonyService: Manager instances are ready

02-22 21:41:20.935  3321  3321 D use-Rlog/RLOG-IMS-IIL: IpcDispatcher: [Tx]: (M)IPC_IIL_CMD (S)IPC_IIL_IIL_CONNECTED (T)NOTI l:0

02-22 21:41:20.935  3321  3321 E use-Rlog/RLOG-IMS-IIL: ImsTelephonyService: Finished initiating

02-22 21:41:20.935  3321  3321 D use-Rlog/RLOG-IMS-IIL: ImsTelephonyService: IMS Telephony Service bound

02-22 21:41:20.945  3321  3321 D DebugService: DebugService DebugService:

02-22 21:41:20.965  3321  3321 D SipService: SipService: started!

02-22 21:41:21.015  3321  3321 D SipService: start:

02-22 21:41:21.015  3321  3321 D SubscriptionController: [getPhoneId]- no sims, returning default phoneId=0

02-22 21:41:21.035  3321  3321 D RILJ    : [0020]> RIL_REQUEST_QUERY_TTY_MODE [SUB0]

02-22 21:41:21.055  3321  3561 D RILJ    : [0020]< RIL_REQUEST_QUERY_TTY_MODE {0} [SUB0]

02-22 21:41:21.075  3321  3321 D UiccController: Received EVENT_GET_ICC_STATUS_DONE

02-22 21:41:21.075  3321  3321 E UiccController: Error getting ICC status. RIL_REQUEST_GET_ICC_STATUS should never return an error

02-22 21:41:21.075  3321  3321 E UiccController: com.android.internal.telephony.CommandException: GENERIC_FAILURE

02-22 21:41:21.075  3321  3321 E UiccController: 	at com.android.internal.telephony.RILRequest.onError(RIL.java:261)

02-22 21:41:21.075  3321  3321 E UiccController: 	at com.android.internal.telephony.RIL.processSolicited(RIL.java:3392)

02-22 21:41:21.075  3321  3321 E UiccController: 	at com.android.internal.telephony.RIL.processResponse(RIL.java:3013)

02-22 21:41:21.075  3321  3321 E UiccController: 	at com.android.internal.telephony.RIL.access$700(RIL.java:286)

02-22 21:41:21.075  3321  3321 E UiccController: 	at com.android.internal.telephony.RIL$RILReceiver.run(RIL.java:740)

02-22 21:41:21.075  3321  3321 E UiccController: 	at java.lang.Thread.run(Thread.java:818)

02-22 21:41:21.075  3321  3321 D GsmSST  : mDeviceShuttingDown = false

02-22 21:41:21.075  3321  3321 D GsmSST  : mDesiredPowerState = true

02-22 21:41:21.080  3321  3321 D GsmSST  : getRadioState = RADIO_ON

02-22 21:41:21.080  3321  3321 D GsmSST  : mPowerOffDelayNeed = true

02-22 21:41:21.080  3321  3321 D GsmSST  : mAlarmSwitch = false

02-22 21:41:21.080  3321  3321 D RILJ    : [0021]> OPERATOR [SUB0]

02-22 21:41:21.080  3321  3321 D RILJ    : [0022]> DATA_REGISTRATION_STATE [SUB0]

02-22 21:41:21.080  3321  3321 D RILJ    : [0023]> VOICE_REGISTRATION_STATE [SUB0]

02-22 21:41:21.080  3321  3321 D RILJ    : [0024]> QUERY_NETWORK_SELECTION_MODE [SUB0]

02-22 21:41:21.080  3321  3321 D SMSDispatcher: [SMSDispatcher] handleRadioStateChanged: RADIO_ON

02-22 21:41:21.085  3321  3561 D RILJ    : [0021]< OPERATOR {xx,xx,xx,xx} [SUB0]

02-22 21:41:21.085  3321  3321 D RILJ    : [0025]> GET_CURRENT_CALLS [SUB0]

02-22 21:41:21.090  3321  3321 D RILJ    : [0026]> RIL_REQUEST_VOICE_RADIO_TECH [SUB0]

02-22 21:41:21.090  3321  3561 D RILJ    : [0022]< DATA_REGISTRATION_STATE {0, 0000, 00000000, 0, null, 4, 0xfffe, null, 0x00000000, null, null, 0} [SUB0]

02-22 21:41:21.090  3321  3321 D RILJ    : [0027]> RIL_REQUEST_IMS_REGISTRATION_STATE [SUB0]

02-22 21:41:21.095  3321  3321 D RILJ    : [0028]> RIL_REQUEST_CDMA_GET_SUBSCRIPTION_SOURCE [SUB0]

02-22 21:41:21.095  3321  3321 D IccCardProxy: IccCardProxy handleMessage : 2

02-22 21:41:21.095  3321  3321 E PHONE   : ServiceState.getRadioTechnology() DEPRECATED will be removed *******

02-22 21:41:21.095  3321  3561 D RILJ    : [0027]< RIL_REQUEST_IMS_REGISTRATION_STATE {0, 1} [SUB0]

02-22 21:41:21.100  3321  3561 D RILJ    : [0028]< RIL_REQUEST_CDMA_GET_SUBSCRIPTION_SOURCE {0} [SUB0]

02-22 21:41:21.100  3321  3561 D RILJ    : [0023]< VOICE_REGISTRATION_STATE {0, 0000, 00000000, 0, null, null, null, null, null, null, null, null, null, null, null, 2, 2, 0} [SUB0]

02-22 21:41:21.105  3321  3561 D RILJ    : [0024]< QUERY_NETWORK_SELECTION_MODE {0} [SUB0]

02-22 21:41:21.105  3321  3561 D RILJ    : [0026]< RIL_REQUEST_VOICE_RADIO_TECH {0} [SUB0]

02-22 21:41:21.120  3321  3321 D GSMPhone: Service state changed for emergnecy number

02-22 21:41:21.120  3321  3321 D SubscriptionController: [getSlotId]- subId invalid

02-22 21:41:21.120  3321  3321 D SubscriptionController: getSimStateForSlotIdx:  simState=NOT_READY ordinal=6

02-22 21:41:21.120  3321  3321 D SubscriptionManager: getSimStateForSlotIdx: simState=6 slotIdx=0

02-22 21:41:21.120  3321  3321 D TelephonyManager: getSimState: default sim:-1, sim state for slotIdx=0 is 6, return state as unknown

02-22 21:41:21.120  3321  3321 D GSMPhone: setEmergencyNumbers: mPrevSs=[null], ss=[3 3 voice home data home  Unknown Unknown CSS not supported -1 -1 RoamInd=-1 DefRoamInd=-1 VoiceRegType=0 ImsVoiceAvail=0 IsEbSupport=0 IsEaBarred=0 Snap=0 FemtocellInd=0 EmergOnly=false IsDataRoamingFromRegistration=false]

02-22 21:41:21.120  3321  3321 D GSMPhone: setEmergencyNumbers: customerSpec=null

02-22 21:41:21.120  3321  3321 D GSMPhone: setEmergencyNumbers: simstateProperty=NOT_READY

02-22 21:41:21.120  3321  3321 D GSMPhone: setEmergencyNumbers: withSIM=false

02-22 21:41:21.130  3321  3321 D GSMPhone: setEmergencyNumbers: ECC for operator=112,911,999,000,08,110,118,119

02-22 21:41:21.130  3321  3321 D GSMPhone: setEmergencyNumbers: emergencyNumbers=112,911,999,000,08,110,118,119

02-22 21:41:21.130  3321  3321 D GSMPhone: setEmergencyNumbers: ril.ecclist00 - 112,911,999,000,08,110,118,119

02-22 21:41:21.135  3321  3321 D UiccController: Received EVENT_ICC_STATUS_CHANGED, calling getIccCardStatus

02-22 21:41:21.135  3321  3321 D RILJ    : [0029]> GET_SIM_STATUS [SUB0]

02-22 21:41:21.140  3321  3321 D DCT     : [0]handleMessage msg={ when=-2s789ms what=270377 obj=android.os.AsyncResult@77addcf target=com.android.internal.telephony.dataconnection.DcTracker }

02-22 21:41:21.140  3321  3321 D DCT     : [0]Discard nwTypeChanged due to better LostMultiApnSupport and MultiApnSupport

02-22 21:41:21.140  3321  3321 D SubscriptionController: [getSubId]- sSlotIdxToSubId.size == 0, return DummySubIds slotIdx=0

02-22 21:41:21.140  2197  2292 E RILD    : Not support read boot param (ro.carrierid.param.offset)

02-22 21:41:21.140  3321  3561 D RILJ    : [UNSL]< UNSOL_SIM_ICCID_NOTI [SUB0]

02-22 21:41:21.145  3321  3868 D use-Rlog/RLOG-IMS-IIL: IpcDispatcher: [Rx]: (M)IPC_CALL_CMD (S)IPC_CALL_LIST (T)GET l:7

02-22 21:41:21.145  3321  3861 D use-Rlog/RLOG-IMS-IIL: ImsCallManager: handleMessage: event 100

02-22 21:41:21.145  3321  3861 D use-Rlog/RLOG-IMS-IIL: IpcDispatcher: [Tx]: (M)IPC_CALL_CMD (S)IPC_CALL_LIST (T)RESP l:0

02-22 21:41:21.145  3321  3861 D use-Rlog/RLOG-IMS-IIL: ImsSmsManager: handleMessage: event 100

02-22 21:41:21.145  3321  3561 D RILJ    : [UNSL]< UNSOL_RESPONSE_SIM_STATUS_CHANGED [SUB0]

02-22 21:41:21.145  3321  3861 D use-Rlog/RLOG-IMS-IIL: ImsIilManager: handleMessage: event 100

02-22 21:41:21.145  3321  3861 D use-Rlog/RLOG-IMS-IIL: ImsSsManager: handleMessage: event 100

02-22 21:41:21.150  3321  3561 D RILJ    : [0029]< GET_SIM_STATUS IccCardState {CARDSTATE_PRESENT,PINSTATE_UNKNOWN,num_apps=3,gsm_id=0{APPTYPE_USIM,APPSTATE_SUBSCRIPTION_PERSO,PERSOSUBSTATE_SIM_NETWORK,pin1=PINSTATE_UNKNOWN,pin2=PINSTATE_UNKNOWN-3/10/10/10},cdma_id=-1,ims_id=1{APPTYPE_ISIM,APPSTATE_SUBSCRIPTION_PERSO,PERSOSUBSTATE_SIM_NETWORK,pin1=PINSTATE_UNKNOWN,pin2=PINSTATE_UNKNOWN-3/8/10/8}} [SUB0]

02-22 21:41:21.150  3321  3561 D RILJ    : [0025]< GET_CURRENT_CALLS {} [SUB0]

02-22 21:41:21.195  3321  3321 D SubscriptionController: [getSubId]- sSlotIdxToSubId.size == 0, return DummySubIds slotIdx=0

02-22 21:41:21.205  3321  3321 D SubscriptionController: getPhoneId,  received dummy subId 2147483643

02-22 21:41:21.205  3321  3321 D SubscriptionController: [getSlotId]- subId invalid

02-22 21:41:21.205  3321  3321 D SubscriptionController: getSimStateForSlotIdx:  simState=NOT_READY ordinal=6

02-22 21:41:21.205  3321  3321 D SubscriptionManager: getSimStateForSlotIdx: simState=6 slotIdx=0

02-22 21:41:21.205  3321  3321 D TelephonyManager: getSimState: default sim:-1, sim state for slotIdx=0 is 6, return state as unknown

02-22 21:41:21.210  3321  3321 D SubscriptionController: [getSubId]- sSlotIdxToSubId.size == 0, return DummySubIds slotIdx=0

02-22 21:41:21.210  3321  3321 D SubscriptionController: [getSubId]- sSlotIdxToSubId.size == 0, return DummySubIds slotIdx=0

02-22 21:41:21.210  3321  3321 D SubscriptionController: [getSubId]- sSlotIdxToSubId.size == 0, return DummySubIds slotIdx=0

02-22 21:41:21.210  3321  3321 D GsmSST  : Intent : android.intent.action.ANY_DATA_STATE

02-22 21:41:21.210  3321  3321 D SubscriptionController: getPhoneId,  received dummy subId 2147483643

02-22 21:41:21.240  3321  3321 D GsmSST  : Intent : android.intent.action.ANY_DATA_STATE

02-22 21:41:21.240  3321  3321 D SubscriptionController: getPhoneId,  received dummy subId 2147483643

02-22 21:41:21.245  3321  3321 D GsmSST  : Intent : android.intent.action.ANY_DATA_STATE

02-22 21:41:21.265  3321  3321 D SubscriptionController: getPhoneId,  received dummy subId 2147483643

02-22 21:41:21.265  3321  3321 D GsmSST  : Intent : android.intent.action.ANY_DATA_STATE

02-22 21:41:21.265  3321  3321 D SubscriptionController: getPhoneId,  received dummy subId 2147483643

02-22 21:41:21.265  3321  3321 D GsmSST  : Intent : android.intent.action.ANY_DATA_STATE

02-22 21:41:21.270  3321  3321 D SubscriptionController: getPhoneId,  received dummy subId 2147483643

02-22 21:41:21.270  3321  3321 D GsmSST  : Intent : android.intent.action.ANY_DATA_STATE

02-22 21:41:21.275  3321  3321 D SubscriptionController: getPhoneId,  received dummy subId 2147483643

02-22 21:41:21.275  3321  3321 D GsmSST  : Intent : android.intent.action.ANY_DATA_STATE

02-22 21:41:21.275  3321  3321 D SubscriptionController: getPhoneId,  received dummy subId 2147483643

02-22 21:41:21.275  3321  3321 D GsmSST  : Intent : android.intent.action.ANY_DATA_STATE

02-22 21:41:21.300  3321  3321 D SubscriptionController: getPhoneId,  received dummy subId 2147483643

02-22 21:41:21.300  3321  3321 D GsmSST  : Intent : android.intent.action.ANY_DATA_STATE

02-22 21:41:21.305  3321  3321 D SubscriptionController: getPhoneId,  received dummy subId 2147483643

02-22 21:41:21.305  3321  3321 D GsmSST  : Intent : android.intent.action.ANY_DATA_STATE

02-22 21:41:21.315  3321  3321 D SubscriptionController: getPhoneId,  received dummy subId 2147483643

02-22 21:41:21.315  3321  3321 D GsmSST  : Intent : android.intent.action.ANY_DATA_STATE

02-22 21:41:21.320  3321  3321 D SubscriptionController: getPhoneId,  received dummy subId 2147483643

02-22 21:41:21.320  3321  3321 D GsmSST  : Intent : android.intent.action.ANY_DATA_STATE

02-22 21:41:21.335  3321  3321 D SubscriptionController: getPhoneId,  received dummy subId 2147483643

02-22 21:41:21.345  3321  3321 D GsmSST  : Intent : android.intent.action.ANY_DATA_STATE

02-22 21:41:21.345  3321  3321 D SubscriptionController: getPhoneId,  received dummy subId 2147483643

02-22 21:41:21.350  3321  3321 D GsmSST  : Intent : android.intent.action.ANY_DATA_STATE

02-22 21:41:21.350  3321  3331 D SubscriptionController: [getSlotId]- subId invalid

02-22 21:41:21.350  3321  3321 D SubscriptionController: getPhoneId,  received dummy subId 2147483643

02-22 21:41:21.350  3321  3321 D GsmSST  : Intent : android.intent.action.ANY_DATA_STATE

02-22 21:41:21.355  3321  3321 D SubscriptionController: getPhoneId,  received dummy subId 2147483643

02-22 21:41:21.355  3321  3642 D SubscriptionController: getSimStateForSlotIdx:  simState=NOT_READY ordinal=6

02-22 21:41:21.355  3653  3653 D SubscriptionManager: getSimStateForSlotIdx: simState=6 slotIdx=0

02-22 21:41:21.355  3653  3653 D TelephonyManager: getSimState: default sim:-1, sim state for slotIdx=0 is 6, return state as unknown

02-22 21:41:21.355  3321  3321 D GsmSST  : Intent : android.intent.action.ANY_DATA_STATE

02-22 21:41:21.360  3321  3321 D SubscriptionController: getPhoneId,  received dummy subId 2147483643

02-22 21:41:21.360  3321  3321 D GsmSST  : Intent : android.intent.action.ANY_DATA_STATE

02-22 21:41:21.360  3321  3321 D SubscriptionController: getPhoneId,  received dummy subId 2147483643

02-22 21:41:21.360  3321  3321 D GsmSST  : Intent : android.intent.action.ANY_DATA_STATE

02-22 21:41:21.365  3321  3321 D SubscriptionController: getPhoneId,  received dummy subId 2147483643

02-22 21:41:21.365  3321  3321 D GsmSST  : Intent : android.intent.action.ANY_DATA_STATE

02-22 21:41:21.395  3321  3321 D SubscriptionController: getPhoneId,  received dummy subId 2147483643

02-22 21:41:21.395  3321  3321 D GsmSST  : Intent : android.intent.action.ANY_DATA_STATE

02-22 21:41:21.395  3321  3321 D SubscriptionController: getPhoneId,  received dummy subId 2147483643

02-22 21:41:21.395  3321  3321 D GsmSST  : Intent : android.intent.action.ANY_DATA_STATE

02-22 21:41:21.400  3321  3321 D SubscriptionController: getPhoneId,  received dummy subId 2147483643

02-22 21:41:21.400  3321  3321 D GsmSST  : Intent : android.intent.action.ANY_DATA_STATE

02-22 21:41:21.410  3321  3321 D SubscriptionController: getPhoneId,  received dummy subId 2147483643

02-22 21:41:21.410  3321  3321 D GsmSST  : Intent : android.intent.action.ANY_DATA_STATE

02-22 21:41:21.415  3321  3321 D SubscriptionController: getPhoneId,  received dummy subId 2147483643

02-22 21:41:21.415  3321  3321 D GsmSST  : Intent : android.intent.action.ANY_DATA_STATE

02-22 21:41:21.415  3321  3321 D SubscriptionController: getPhoneId,  received dummy subId 2147483643

02-22 21:41:21.435  3321  3321 D GsmSST  : Intent : android.intent.action.ANY_DATA_STATE

02-22 21:41:21.435  3321  3321 D SubscriptionController: getPhoneId,  received dummy subId 2147483643

02-22 21:41:21.435  3321  3321 D GsmSST  : Intent : android.intent.action.ANY_DATA_STATE

02-22 21:41:21.435  3321  3321 D SubscriptionController: getPhoneId,  received dummy subId 2147483643

02-22 21:41:21.435  3321  3321 D GsmSST  : Intent : android.intent.action.ANY_DATA_STATE

02-22 21:41:21.440  3321  3321 D SubscriptionController: getPhoneId,  received dummy subId 2147483643

02-22 21:41:21.445  3321  3321 D GsmSST  : Intent : android.intent.action.ANY_DATA_STATE

02-22 21:41:21.445  3321  3321 D SubscriptionController: getPhoneId,  received dummy subId 2147483643

02-22 21:41:21.445  3321  3321 D GsmSST  : Intent : android.intent.action.ANY_DATA_STATE

02-22 21:41:21.450  3321  3321 D SubscriptionController: getPhoneId,  received dummy subId 2147483643

02-22 21:41:21.450  3321  3321 D GsmSST  : Intent : android.intent.action.ANY_DATA_STATE

02-22 21:41:21.460  3321  3321 D SubscriptionController: getPhoneId,  received dummy subId 2147483643

02-22 21:41:21.460  3321  3321 D GsmSST  : Intent : android.intent.action.ANY_DATA_STATE

02-22 21:41:21.470  3321  3321 D SubscriptionController: getPhoneId,  received dummy subId 2147483643

02-22 21:41:21.470  3321  3321 D GsmSST  : Intent : android.intent.action.ANY_DATA_STATE

02-22 21:41:21.480  3321  3321 D SubscriptionController: getPhoneId,  received dummy subId 2147483643

02-22 21:41:21.490  3321  3321 D GsmSST  : Intent : android.intent.action.ANY_DATA_STATE

02-22 21:41:21.515  3321  3321 D SubscriptionController: getPhoneId,  received dummy subId 2147483643

02-22 21:41:21.515  3321  3321 D GsmSST  : Intent : android.intent.action.ANY_DATA_STATE

02-22 21:41:21.515  3321  3321 D SubscriptionController: getPhoneId,  received dummy subId 2147483643

02-22 21:41:21.520  3321  3321 D GsmSST  : Intent : android.intent.action.ANY_DATA_STATE

02-22 21:41:21.520  3321  3321 D SubscriptionController: getPhoneId,  received dummy subId 2147483643

02-22 21:41:21.520  3321  3321 D GsmSST  : Intent : android.intent.action.ANY_DATA_STATE

02-22 21:41:21.520  3321  3321 D SubscriptionController: getPhoneId,  received dummy subId 2147483643

02-22 21:41:21.525  3321  3321 D GsmSST  : Intent : android.intent.action.ANY_DATA_STATE

02-22 21:41:21.525  3321  3321 D SubscriptionController: getPhoneId,  received dummy subId 2147483643

02-22 21:41:21.530  3321  3321 D GsmSST  : Intent : android.intent.action.ANY_DATA_STATE

02-22 21:41:21.530  3321  3321 D SubscriptionController: getPhoneId,  received dummy subId 2147483643

02-22 21:41:21.530  3321  3321 D GsmSST  : Intent : android.intent.action.ANY_DATA_STATE

02-22 21:41:21.535  3321  3321 D SubscriptionController: getPhoneId,  received dummy subId 2147483643

02-22 21:41:21.535  3321  3321 D GsmSST  : Intent : android.intent.action.ANY_DATA_STATE

02-22 21:41:21.535  3321  3321 D SubscriptionController: getPhoneId,  received dummy subId 2147483643

02-22 21:41:21.550  3321  3321 D GsmSST  : Intent : android.intent.action.ANY_DATA_STATE

02-22 21:41:21.550  3321  3321 D SubscriptionController: getPhoneId,  received dummy subId 2147483643

02-22 21:41:21.555  3321  3321 D GsmSST  : Intent : android.intent.action.ANY_DATA_STATE

02-22 21:41:21.555  3321  3321 D SubscriptionController: getPhoneId,  received dummy subId 2147483643

02-22 21:41:21.555  3321  3321 D GsmSST  : Intent : android.intent.action.ANY_DATA_STATE

02-22 21:41:21.560  3321  3321 D SubscriptionController: getPhoneId,  received dummy subId 2147483643

02-22 21:41:21.560  3321  3321 D GsmSST  : Intent : android.intent.action.ANY_DATA_STATE

02-22 21:41:21.560  3321  3321 D SubscriptionController: getPhoneId,  received dummy subId 2147483643

02-22 21:41:21.560  3321  3321 D GsmSST  : Intent : android.intent.action.ANY_DATA_STATE

02-22 21:41:21.570  3321  3321 D SubscriptionController: getPhoneId,  received dummy subId 2147483643

02-22 21:41:21.570  3321  3321 D GsmSST  : Intent : android.intent.action.ANY_DATA_STATE

02-22 21:41:21.575  3321  3321 D SubscriptionController: getPhoneId,  received dummy subId 2147483643

02-22 21:41:21.575  3321  3321 D GsmSST  : Intent : android.intent.action.ANY_DATA_STATE

02-22 21:41:21.580  3321  3321 D SubscriptionController: getPhoneId,  received dummy subId 2147483643

02-22 21:41:21.580  3321  3321 D GsmSST  : Intent : android.intent.action.ANY_DATA_STATE

02-22 21:41:21.580  3321  3321 D SubscriptionController: getPhoneId,  received dummy subId 2147483643

02-22 21:41:21.580  3321  3321 D GsmSST  : Intent : android.intent.action.ANY_DATA_STATE

02-22 21:41:21.580  3321  3321 D SubscriptionController: getPhoneId,  received dummy subId 2147483643

02-22 21:41:21.580  3321  3321 D GsmSST  : Intent : android.intent.action.ANY_DATA_STATE

02-22 21:41:21.585  3321  3321 D SubscriptionController: getPhoneId,  received dummy subId 2147483643

02-22 21:41:21.585  3321  3321 D GsmSST  : Intent : android.intent.action.ANY_DATA_STATE

02-22 21:41:21.590  3321  3321 D SubscriptionController: getPhoneId,  received dummy subId 2147483643

02-22 21:41:21.605  3321  3321 D GsmSST  : Intent : android.intent.action.ANY_DATA_STATE

02-22 21:41:21.605  3321  3321 D SubscriptionController: getPhoneId,  received dummy subId 2147483643

02-22 21:41:21.605  3321  3321 D GsmSST  : Intent : android.intent.action.ANY_DATA_STATE

02-22 21:41:21.605  3321  3321 D SubscriptionController: getPhoneId,  received dummy subId 2147483643

02-22 21:41:21.605  3321  3321 D GsmSST  : Intent : android.intent.action.ANY_DATA_STATE

02-22 21:41:21.610  3321  3321 D SubscriptionController: getPhoneId,  received dummy subId 2147483643

02-22 21:41:21.610  3321  3321 D GsmSST  : Intent : android.intent.action.ANY_DATA_STATE

02-22 21:41:21.610  3321  3321 D SubscriptionController: getPhoneId,  received dummy subId 2147483643

02-22 21:41:21.615  3321  3321 D GsmSST  : Intent : android.intent.action.ANY_DATA_STATE

02-22 21:41:21.615  3321  3321 D SubscriptionController: getPhoneId,  received dummy subId 2147483643

02-22 21:41:21.615  3321  3321 D GsmSST  : Intent : android.intent.action.ANY_DATA_STATE

02-22 21:41:21.615  3321  3321 D SubscriptionController: getPhoneId,  received dummy subId 2147483643

02-22 21:41:21.630  3321  3321 D GsmSST  : Intent : android.intent.action.ANY_DATA_STATE

02-22 21:41:21.635  3321  3321 D SubscriptionController: getPhoneId,  received dummy subId 2147483643

02-22 21:41:21.635  3321  3321 D GsmSST  : Intent : android.intent.action.ANY_DATA_STATE

02-22 21:41:21.635  3321  3321 D SubscriptionController: getPhoneId,  received dummy subId 2147483643

02-22 21:41:21.645  3321  3321 D GsmSST  : Intent : android.intent.action.ANY_DATA_STATE

02-22 21:41:21.645  3321  3321 D SubscriptionController: getPhoneId,  received dummy subId 2147483643

02-22 21:41:21.645  3321  3321 D GsmSST  : Intent : android.intent.action.ANY_DATA_STATE

02-22 21:41:21.645  3321  3321 D SubscriptionController: getPhoneId,  received dummy subId 2147483643

02-22 21:41:21.650  3321  3321 D GsmSST  : Intent : android.intent.action.ANY_DATA_STATE

02-22 21:41:21.665  3321  3321 D SubscriptionController: getPhoneId,  received dummy subId 2147483643

02-22 21:41:21.665  3321  3321 D GsmSST  : Intent : android.intent.action.ANY_DATA_STATE

02-22 21:41:21.695  3321  3321 D SubscriptionController: getPhoneId,  received dummy subId 2147483643

02-22 21:41:21.695  3321  3321 D GsmSST  : Intent : android.intent.action.ANY_DATA_STATE

02-22 21:41:21.695  3321  3321 D SubscriptionController: getPhoneId,  received dummy subId 2147483643

02-22 21:41:21.695  3321  3321 D GsmSST  : Intent : android.intent.action.ANY_DATA_STATE

02-22 21:41:21.695  3321  3321 D SubscriptionController: getPhoneId,  received dummy subId 2147483643

02-22 21:41:21.700  3321  3321 D GsmSST  : Intent : android.intent.action.ANY_DATA_STATE

02-22 21:41:21.780  3321  3321 D SubscriptionController: getPhoneId,  received dummy subId 2147483643

02-22 21:41:21.780  3321  3321 D GsmSST  : Intent : android.intent.action.ANY_DATA_STATE

02-22 21:41:21.785  3321  3321 D SubscriptionController: getPhoneId,  received dummy subId 2147483643

02-22 21:41:21.790  3321  3321 D GsmSST  : Intent : android.intent.action.ANY_DATA_STATE

02-22 21:41:21.795  3321  3321 D SubscriptionController: getPhoneId,  received dummy subId 2147483643

02-22 21:41:21.800  3321  3321 D GsmSST  : Intent : android.intent.action.ANY_DATA_STATE

02-22 21:41:21.800  3321  3321 D SubscriptionController: getPhoneId,  received dummy subId 2147483643

02-22 21:41:21.800  3321  3321 D GsmSST  : Intent : android.intent.action.ANY_DATA_STATE

02-22 21:41:21.810  3321  3321 D SubscriptionController: getPhoneId,  received dummy subId 2147483643

02-22 21:41:21.810  3321  3321 D GsmSST  : Intent : android.intent.action.ANY_DATA_STATE

02-22 21:41:21.810  3321  3321 D SubscriptionController: getPhoneId,  received dummy subId 2147483643

02-22 21:41:21.815  3321  3321 D GsmSST  : Intent : android.intent.action.ANY_DATA_STATE

02-22 21:41:21.815  3321  3321 D SubscriptionController: getPhoneId,  received dummy subId 2147483643

02-22 21:41:21.815  3321  3321 D GsmSST  : Intent : android.intent.action.ANY_DATA_STATE

02-22 21:41:21.820  3321  3321 D SubscriptionController: getPhoneId,  received dummy subId 2147483643

02-22 21:41:21.825  3321  3321 D GsmSST  : Intent : android.intent.action.ANY_DATA_STATE

02-22 21:41:21.825  3321  3321 D SubscriptionController: getPhoneId,  received dummy subId 2147483643

02-22 21:41:21.830  3321  3321 D GsmSST  : Intent : android.intent.action.ANY_DATA_STATE

02-22 21:41:21.830  3321  3321 D SubscriptionController: getPhoneId,  received dummy subId 2147483643

02-22 21:41:21.830  3321  3321 D SubscriptionController: [getSubId]- sSlotIdxToSubId.size == 0, return DummySubIds slotIdx=0

02-22 21:41:21.840  3321  3321 D DCT     : [0]getDataEnabled: getIntWithSubId retVal=true

02-22 21:41:21.840  3321  3321 D DCT     : [0]setDataEnabled: sendMessage: enable=true CallingPid=3321

02-22 21:41:21.845  3321  3321 D PhoneBase: EVENT_GET_RADIO_CAPABILITY :phone rc : {mPhoneId = 0 mVersion=1 mSession=0 mPhase=0 mRadioAccessFamily=131064 mLogicModemId= mStatus=1}

02-22 21:41:21.845  3321  3321 D PhoneBase: config LCE service failed: com.android.internal.telephony.CommandException: REQUEST_NOT_SUPPORTED

02-22 21:41:21.845  3321  3321 D DctController: handleMessage msg={ when=-1s540ms what=100 target=com.android.internal.telephony.dataconnection.DctController }

02-22 21:41:21.845  3321  3321 D DctController: selectExecPhone requestInfo = [request=NetworkRequest [ id=1, legacyType=-1, [ Capabilities: INTERNET&NOT_RESTRICTED&TRUSTED&NOT_VPN] ], executed=false, executedPhoneId=-1, enabledSlot=-1, priority=0]

02-22 21:41:21.845  3321  3321 D SubscriptionController: [getPhoneId]- no sims, returning default phoneId=0

02-22 21:41:21.845  3321  3321 D DctController: selectExecPhone requestInfo = [request=NetworkRequest [ id=2, legacyType=-1, [ Transports: CELLULAR Capabilities: INTERNET&NOT_RESTRICTED&TRUSTED&NOT_VPN] ], executed=false, executedPhoneId=-1, enabledSlot=-1, priority=0]

02-22 21:41:21.845  3321  3321 D SubscriptionController: [getPhoneId]- no sims, returning default phoneId=0

02-22 21:41:21.845  3321  3321 D SubscriptionController: [getPhoneId]- no sims, returning default phoneId=0

02-22 21:41:21.845  3321  3321 D DctController: getTopPriorityRequestPhoneId = 0, priority = 0

02-22 21:41:21.850  3321  3321 D DcSwitchAsyncChannel: [DcSwitchAsyncChannel-0]: rspIsIdle=true

02-22 21:41:21.850  3321  3321 D DctController: onProcessRequest requestedPhoneId=0, activePhoneId=-1

02-22 21:41:21.850  3321  3321 D SubscriptionController: [getPhoneId]- no sims, returning default phoneId=0

02-22 21:41:21.850  3321  3321 D SubscriptionController: [getPhoneId]- no sims, returning default phoneId=0

02-22 21:41:21.850  3321  3321 D GSMPhone: Baseband version: T377AUCU2AQGF

02-22 21:41:21.850  3321  3639 D DcSwitchSM: [DcSwitchStateMachine-0] IdleState: REQ_CONNECT, apnRequest=[request=NetworkRequest [ id=1, legacyType=-1, [ Capabilities: INTERNET&NOT_RESTRICTED&TRUSTED&NOT_VPN] ], executed=false, executedPhoneId=-1, enabledSlot=-1, priority=0]

02-22 21:41:21.850  3321  3321 D DctController: handleMessage msg={ when=-1s531ms what=100 target=com.android.internal.telephony.dataconnection.DctController }

02-22 21:41:21.850  3321  3321 D DctController: selectExecPhone requestInfo = [request=NetworkRequest [ id=1, legacyType=-1, [ Capabilities: INTERNET&NOT_RESTRICTED&TRUSTED&NOT_VPN] ], executed=false, executedPhoneId=-1, enabledSlot=-1, priority=0]

02-22 21:41:21.850  3321  3321 D SubscriptionController: [getPhoneId]- no sims, returning default phoneId=0

02-22 21:41:21.850  3321  3321 D DctController: selectExecPhone requestInfo = [request=NetworkRequest [ id=2, legacyType=-1, [ Transports: CELLULAR Capabilities: INTERNET&NOT_RESTRICTED&TRUSTED&NOT_VPN] ], executed=false, executedPhoneId=-1, enabledSlot=-1, priority=0]

02-22 21:41:21.850  3321  3321 D SubscriptionController: [getPhoneId]- no sims, returning default phoneId=0

02-22 21:41:21.855  3321  3321 D SubscriptionController: [getPhoneId]- no sims, returning default phoneId=0

02-22 21:41:21.855  3321  3321 D DctController: getTopPriorityRequestPhoneId = 0, priority = 0

02-22 21:41:21.885  3321  3639 D DcSwitchSM: [DcSwitchStateMachine-0] AttachingState: enter

02-22 21:41:21.885  3321  3639 D DcSwitchSM: [DcSwitchStateMachine-0] AttachingState: REQ_CONNECT, apnRequest=[request=NetworkRequest [ id=2, legacyType=-1, [ Transports: CELLULAR Capabilities: INTERNET&NOT_RESTRICTED&TRUSTED&NOT_VPN] ], executed=false, executedPhoneId=-1, enabledSlot=-1, priority=0]

02-22 21:41:21.890  3321  3321 D DcSwitchAsyncChannel: [DcSwitchAsyncChannel-0]: rspIsIdle=false

02-22 21:41:21.890  3321  3321 D DctController: onProcessRequest requestedPhoneId=0, activePhoneId=0

02-22 21:41:21.890  3321  3321 D SubscriptionController: [getPhoneId]- no sims, returning default phoneId=0

02-22 21:41:21.890  3321  3321 D SubscriptionController: [getPhoneId]- no sims, returning default phoneId=0

02-22 21:41:21.890  3321  3639 D DcSwitchSM: [DcSwitchStateMachine-0] AttachingState: REQ_CONNECT, apnRequest=[request=NetworkRequest [ id=1, legacyType=-1, [ Capabilities: INTERNET&NOT_RESTRICTED&TRUSTED&NOT_VPN] ], executed=false, executedPhoneId=-1, enabledSlot=-1, priority=0]

02-22 21:41:21.890  3321  3639 D DcSwitchSM: [DcSwitchStateMachine-0] AttachingState: REQ_CONNECT, apnRequest=[request=NetworkRequest [ id=2, legacyType=-1, [ Transports: CELLULAR Capabilities: INTERNET&NOT_RESTRICTED&TRUSTED&NOT_VPN] ], executed=false, executedPhoneId=-1, enabledSlot=-1, priority=0]

02-22 21:41:21.890  3321  3321 D use-Rlog/RLOG-IMS-IIL: ImsTelephonyService: onServiceConnected() - ImsService

02-22 21:41:21.890  3321  3321 D use-Rlog/RLOG-IMS-IIL: ImsTelephonyService: mImsService is NOT null

02-22 21:41:21.985  3321  3321 D use-Rlog/RLOG-IMS-IIL: ImsTelephonyService: onServiceConnected()

02-22 21:41:21.985  3321  3321 D use-Rlog/RLOG-IMS-IIL: ImsIilManager: SimIntentReceiver: received action android.intent.action.SIM_STATE_CHANGED

02-22 21:41:21.985  3321  3321 D PhoneFactory: ImsTelephonyService onServiceConnected

02-22 21:41:21.985  3321  3861 D use-Rlog/RLOG-IMS-IIL: ImsIilManager: handleMessage: event 9

02-22 21:41:21.985  3321  3861 D use-Rlog/RLOG-IMS-IIL: ImsIilManager: onReceiveSimStateChange() : simState=NOT_READY

02-22 21:41:21.985  3321  3321 D SubscriptionController: [getSubId]- sSlotIdxToSubId.size == 0, return DummySubIds slotIdx=0

02-22 21:41:21.985  3321  3321 D SubscriptionController: [getSubId]- sSlotIdxToSubId.size == 0, return DummySubIds slotIdx=0

02-22 21:41:21.985  3321  3321 D TelephonyManager: setTelephonyProperty: success phoneId=0 property=gsm.operator.ispsroaming value: false propVal=false

02-22 21:41:21.990  3321  3321 D GsmSST  : handlPollStateResultMessage: GsmSST setDataRegState=1 regState=0 dataRadioTechnology=0

02-22 21:41:21.990  3321  3321 D RIL_ImsSms: IMS is NOT registered!

02-22 21:41:21.990  3321  3321 D CdmaSSM : CDMA_SUBSCRIPTION_SOURCE event = 2

02-22 21:41:21.990  3321  3321 D CdmaSSM : Subscription Source Changed : 1 >> 0

02-22 21:41:21.990  3321  3321 D SubscriptionController: [getSubId]- sSlotIdxToSubId.size == 0, return DummySubIds slotIdx=0

02-22 21:41:21.990  3321  3321 D GsmSST  : handlePollStateResult(); regState: 0, mNewLuRejCause: -1

02-22 21:41:21.990  3321  3321 D SubscriptionController: [getSubId]- sSlotIdxToSubId.size == 0, return DummySubIds slotIdx=0

02-22 21:41:21.990  3321  3321 D SubscriptionController: [getSubId]- sSlotIdxToSubId.size == 0, return DummySubIds slotIdx=0

02-22 21:41:21.990  3321  3321 D SubscriptionController: getPhoneId,  received dummy subId 2147483643

02-22 21:41:21.990  3321  3321 D GsmSST  : Poll ServiceState done:  oldSS=[3 3 voice home data home  Unknown Unknown CSS not supported -1 -1 RoamInd=-1 DefRoamInd=-1 VoiceRegType=0 ImsVoiceAvail=0 IsEbSupport=0 IsEaBarred=0 Snap=0 FemtocellInd=0 EmergOnly=false IsDataRoamingFromRegistration=false] newSS=[1 1 voice home data home  Unknown Unknown CSS not supported -1 -1 RoamInd=-1 DefRoamInd=-1 VoiceRegType=0 ImsVoiceAvail=2 IsEbSupport=2 IsEaBarred=0 Snap=0 FemtocellInd=0 EmergOnly=false IsDataRoamingFromRegistration=false] oldMaxDataCalls=1 mNewMaxDataCalls=4 oldReasonDataDenied=-1 mNewReasonDataDenied=-1

02-22 21:41:21.990  3321  3321 D GsmSST  : hasChanged : true, NetworkStateChangedByRescanDialog : false, isFirstRescanDialogCheckAfterBoot : false

02-22 21:41:21.990  3321  3321 D GsmSST  : SelectionMode : 0, isBootCompleted : false

02-22 21:41:21.990  3321  3321 D TelephonyManager: setTelephonyProperty: success phoneId=0 property=gsm.operator.alpha value:  propVal=

02-22 21:41:21.995  3321  3321 D GsmSST  : updateSpnDisplay - isWFCReigstered: false

02-22 21:41:21.995  3321  3321 D GsmSST  : updateSpnDisplay: radio is on but out of service, set plmn='null'

02-22 21:41:21.995  3321  3321 D TelephonyManager: setTelephonyProperty: success phoneId=0 property=gsm.operator.numeric value:  propVal=

02-22 21:41:21.995  3321  3321 D GsmSST  : operatorNumeric is null

02-22 21:41:21.995  3321  3321 D TelephonyManager: setTelephonyProperty: success phoneId=0 property=gsm.operator.iso-country value:  propVal=

02-22 21:41:21.995  3321  3321 D TelephonyManager: setTelephonyProperty: success phoneId=0 property=gsm.operator.isroaming value: false propVal=false

02-22 21:41:21.995  3321  3321 D GsmSST  : Broadcasting ServiceState : 1 1 voice home data home  Unknown Unknown CSS not supported -1 -1 RoamInd=-1 DefRoamInd=-1 VoiceRegType=0 ImsVoiceAvail=0 IsEbSupport=2 IsEaBarred=0 Snap=0 FemtocellInd=0 EmergOnly=false IsDataRoamingFromRegistration=false

02-22 21:41:21.995  3321  3321 D TelephonyManager: setTelephonyProperty: success phoneId=0 property=ril.servicestate value: 1 propVal=1

02-22 21:41:22.000  3321  3321 D SubscriptionController: [getSubId]- sSlotIdxToSubId.size == 0, return DummySubIds slotIdx=0

02-22 21:41:22.000  3321  3321 D DefaultPhoneNotifier: nofityServiceState: mRegistry=com.android.internal.telephony.ITelephonyRegistry$Stub$Proxy@b8e39e7 ss=1 1 voice home data home  Unknown Unknown CSS not supported -1 -1 RoamInd=-1 DefRoamInd=-1 VoiceRegType=0 ImsVoiceAvail=0 IsEbSupport=2 IsEaBarred=0 Snap=0 FemtocellInd=0 EmergOnly=false IsDataRoamingFromRegistration=false sender=Handler (com.android.internal.telephony.gsm.GSMPhone) {89eae82} phondId=0 subId=2147483643

02-22 21:41:22.005  3321  3321 D SubscriptionController: [getSlotId]- subId invalid

02-22 21:41:22.005  3321  3321 D SubscriptionController: getSimStateForSlotIdx:  simState=NOT_READY ordinal=6

02-22 21:41:22.010  2764  3748 D SubscriptionManager: getSimStateForSlotIdx: simState=6 slotIdx=0

02-22 21:41:22.010  2764  3748 D TelephonyManager: getSimState: default sim:-1, sim state for slotIdx=0 is 6, return state as unknown

02-22 21:41:22.010  3321  3321 D GsmSST  : notifyDataRegStateRilRadioTechnologyChanged: drs=1 rat=0

02-22 21:41:22.010  3321  3321 D TelephonyManager: setTelephonyProperty: success phoneId=0 property=gsm.network.type value: Unknown propVal=Unknown

02-22 21:41:22.015  2764  2764 D TelephonyManager: INVALID_PHONE_INDEX ==> DEFAULT_PHONE_INDEX

02-22 21:41:22.015  2764  2764 D TelephonyManager: INVALID_PHONE_INDEX ==> DEFAULT_PHONE_INDEX

02-22 21:41:22.020  3321  3321 D DCT     : [0]get all active apn types

02-22 21:41:22.020  3321  3321 D SubscriptionController: [getSubId]- sSlotIdxToSubId.size == 0, return DummySubIds slotIdx=0

02-22 21:41:22.020  3321  3321 D GsmSST  : getCellLocation(): X good mCellLoc= xxx

02-22 21:41:22.020  3321  3590 D SubscriptionController: getPhoneId,  received dummy subId 2147483643

02-22 21:41:22.020  2764  2764 D TelephonyManager: INVALID_PHONE_INDEX ==> DEFAULT_PHONE_INDEX

02-22 21:41:22.020  3321  3321 D SubscriptionController: getPhoneId,  received dummy subId 2147483643

02-22 21:41:22.025  3321  3321 D PhoneProxy: [PhoneProxy] EVENT_REQUEST_VOICE_RADIO_TECH_DONE: newVoiceTech=0

02-22 21:41:22.025  3321  3321 D PhoneProxy: [PhoneProxy] phoneObjectUpdater: newVoiceRadioTech=0

02-22 21:41:22.025  3321  3321 D SubscriptionController: [getSubId]- sSlotIdxToSubId.size == 0, return DummySubIds slotIdx=0

02-22 21:41:22.030  3321  3590 D SubscriptionController: [getActiveSubInfoList]+

02-22 21:41:22.030  3321  3590 D SubscriptionController: [getActiveSubInfoList] Sub Controller not ready

02-22 21:41:22.035  3321  3321 D SubscriptionController: getPhoneId,  received dummy subId 2147483643

02-22 21:41:22.035  3321  3321 D PhoneProxy: [PhoneProxy] phoneObjectUpdater: volteReplacementRat=0

02-22 21:41:22.035  3321  3321 E PhoneProxy: [PhoneProxy] phoneObjectUpdater: newVoiceRadioTech=0 doesn't match either CDMA or GSM - error! No phone change

02-22 21:41:22.035  3321  3321 D UiccController: EVENT_SIM_ICCID_NOTI, ICCID: ****** for Index: 0

02-22 21:41:22.035  3321  3321 D UiccController: Received EVENT_ICC_STATUS_CHANGED, calling getIccCardStatus

02-22 21:41:22.035  3321  3321 D RILJ    : [0030]> GET_SIM_STATUS [SUB0]

02-22 21:41:22.035  3321  3590 D SubscriptionController: [getPhoneId]- no sims, returning default phoneId=0

02-22 21:41:22.040  3321  3331 D SubscriptionController: [getPhoneId]- no sims, returning default phoneId=0

02-22 21:41:22.040  3321  3331 D SubscriptionController: [getPhoneId]- no sims, returning default phoneId=0

02-22 21:41:22.040  3321  3321 D UiccController: Received EVENT_GET_ICC_STATUS_DONE

02-22 21:41:22.045  2197  2292 E RILD    : Not support read boot param (ro.carrierid.param.offset)

02-22 21:41:22.045  3321  3321 D UiccCard: 3 applications

02-22 21:41:22.045  3321  3321 D UiccCardApplication: Creating UiccApp: {APPTYPE_USIM,APPSTATE_SUBSCRIPTION_PERSO,PERSOSUBSTATE_SIM_NETWORK,pin1=PINSTATE_UNKNOWN,pin2=PINSTATE_UNKNOWN-3/10/10/10}

02-22 21:41:22.050  3321  3561 D RILJ    : [0030]< GET_SIM_STATUS IccCardState {CARDSTATE_PRESENT,PINSTATE_UNKNOWN,num_apps=3,gsm_id=0{APPTYPE_USIM,APPSTATE_SUBSCRIPTION_PERSO,PERSOSUBSTATE_SIM_NETWORK,pin1=PINSTATE_UNKNOWN,pin2=PINSTATE_UNKNOWN-3/10/10/10},cdma_id=-1,ims_id=1{APPTYPE_ISIM,APPSTATE_SUBSCRIPTION_PERSO,PERSOSUBSTATE_SIM_NETWORK,pin1=PINSTATE_UNKNOWN,pin2=PINSTATE_UNKNOWN-3/8/10/8}} [SUB0]

02-22 21:41:22.060  3321  3321 E VoiceMailConstants: [Voicemail] loadVoiceMail 

02-22 21:41:22.060  3321  3321 W VoiceMailConstants: Can't open /data/misc/radio/voicemail-conf.xml

02-22 21:41:22.085  3321  3321 D SIMRecords: [SIMRecords] setting0 mMncLength-1

02-22 21:41:22.085  3321  3321 D SIMRecords: [SIMRecords] SIMRecords: onRadioOffOrNotAvailable set 'gsm.sim.operator.numeric' to operator=null

02-22 21:41:22.085  3321  3321 D TelephonyManager: setTelephonyProperty: success phoneId=0 property=gsm.sim.operator.numeric value:  propVal=

02-22 21:41:22.090  3321  3321 D TelephonyManager: setTelephonyProperty: success phoneId=0 property=gsm.sim.operator.alpha value:  propVal=

02-22 21:41:22.090  3321  3321 D TelephonyManager: setTelephonyProperty: success phoneId=0 property=gsm.sim.operator.iso-country value:  propVal=

02-22 21:41:22.095  3321  3321 D SIMRecords: [SIMRecords] getOperatorNumeric: IMSI == null

02-22 21:41:22.095  3321  3321 D SIMRecords: [SIMRecords] SIMRecords X ctor this=SimRecords: xxx mVmConfigcom.android.internal.telephony.uicc.VoiceMailConstants@9d9ff3a mSpnOverride=mSpnOverride callForwardingEnabled=0 spnState=null mCphsInfo=null mCspPlmnEnabled=true efMWIS=null efCPHS_MWI=null mEfCff=null mEfCfis=null getOperatorNumeric=null

02-22 21:41:22.100  3321  3321 D UiccCardApplication: Creating UiccApp: {APPTYPE_ISIM,APPSTATE_SUBSCRIPTION_PERSO,PERSOSUBSTATE_SIM_NETWORK,pin1=PINSTATE_UNKNOWN,pin2=PINSTATE_UNKNOWN-3/8/10/8}

02-22 21:41:22.100  3321  3321 D IsimUiccRecords: [ISIM] IsimUiccRecords X ctor this=IsimUiccRecords: xxx mIsimImpi=xxx mIsimDomain=xxx mIsimImpu=xxx mIsimIst=xxx mIsimPcscf=xxx

02-22 21:41:22.100  3321  3321 D UiccCardApplication: Creating UiccApp: {APPTYPE_UNKNOWN,APPSTATE_SUBSCRIPTION_PERSO,PERSOSUBSTATE_SIM_NETWORK}

02-22 21:41:22.140  3321  3321 D CAT     : CatService: registerForRecordsLoaded slotid=0 instance:Handler (com.android.internal.telephony.cat.CatService) {7deb7c7}

02-22 21:41:22.140  3321  3321 D CAT     : CatBIPManager: Inside CatBIPManager

02-22 21:41:22.150  3321  3321 D CAT     : CatBIPManager: disableBipApn

02-22 21:41:22.150  3321  3321 D CAT     : CatService: Running CAT service on Slotid: 0. PackageType: 0. STK app installed:true

02-22 21:41:22.150  3321  3321 D UiccCard: update: radioState=RADIO_ON mLastRadioState=RADIO_UNAVAILABLE

02-22 21:41:22.150  3321  3321 D UiccController: Notifying IccChangedRegistrants

02-22 21:41:22.150  3321  3321 D GsmCallTracker: handle EVENT_POLL_CALL_RESULT: set needsPoll=F

02-22 21:41:22.150  3321  3321 D GsmCallTracker: poll: conn[i=0]=null, dc=null

02-22 21:41:22.150  3321  3321 D GsmCallTracker: poll: conn[i=1]=null, dc=null

02-22 21:41:22.150  3321  3321 D GsmCallTracker: poll: conn[i=2]=null, dc=null

02-22 21:41:22.150  3321  3321 D GsmCallTracker: poll: conn[i=3]=null, dc=null

02-22 21:41:22.150  3321  3321 D GsmCallTracker: poll: conn[i=4]=null, dc=null

02-22 21:41:22.150  3321  3321 D GsmCallTracker: poll: conn[i=5]=null, dc=null

02-22 21:41:22.150  3321  3321 D GsmCallTracker: poll: conn[i=6]=null, dc=null

02-22 21:41:22.150  3321  3321 D GsmCallTracker: poll: conn[i=7]=null, dc=null

02-22 21:41:22.150  3321  3321 D GsmCallTracker: poll: conn[i=8]=null, dc=null

02-22 21:41:22.150  3321  3321 D GsmCallTracker: poll: conn[i=9]=null, dc=null

02-22 21:41:22.150  3321  3321 D GsmCallTracker: poll: conn[i=10]=null, dc=null

02-22 21:41:22.150  3321  3321 D GsmCallTracker: poll: conn[i=11]=null, dc=null

02-22 21:41:22.150  3321  3321 D GsmCallTracker: poll: conn[i=12]=null, dc=null

02-22 21:41:22.150  3321  3321 D GsmCallTracker: poll: conn[i=13]=null, dc=null

02-22 21:41:22.150  3321  3321 D GsmCallTracker: poll: conn[i=14]=null, dc=null

02-22 21:41:22.150  3321  3321 D GsmCallTracker: poll: conn[i=15]=null, dc=null

02-22 21:41:22.155  3321  3321 D GsmCallTracker: poll: conn[i=16]=null, dc=null

02-22 21:41:22.155  3321  3321 D GsmCallTracker: poll: conn[i=17]=null, dc=null

02-22 21:41:22.155  3321  3321 D GsmCallTracker: poll: conn[i=18]=null, dc=null

02-22 21:41:22.160  3321  3321 D DCT     : [0]handleMessage msg={ when=-322ms what=270366 arg1=1 target=com.android.internal.telephony.dataconnection.DcTracker }

02-22 21:41:22.160  3321  3321 D DCT     : [0]CMD_SET_USER_DATA_ENABLE enabled=true

02-22 21:41:22.160  3321  3321 D DCT     : [0]onSetUserDataEnabled: mUserDataEnabled = trueenabled = true

02-22 21:41:22.160  3321  3321 D IccCardProxy: IccCardProxy handleMessage : 11

02-22 21:41:22.160  3321  3321 E PHONE   : ServiceState.getRadioTechnology() DEPRECATED will be removed *******

02-22 21:41:22.165  3321  3321 D GSMPhone: Service state changed for emergnecy number

02-22 21:41:22.165  3321  3321 D SubscriptionController: [getSlotId]- subId invalid

02-22 21:41:22.170  3321  3321 D SubscriptionController: getSimStateForSlotIdx:  simState=NOT_READY ordinal=6

02-22 21:41:22.170  3321  3321 D SubscriptionManager: getSimStateForSlotIdx: simState=6 slotIdx=0

02-22 21:41:22.170  3321  3321 D TelephonyManager: getSimState: default sim:-1, sim state for slotIdx=0 is 6, return state as unknown

02-22 21:41:22.170  3321  3321 D GSMPhone: setEmergencyNumbers: mPrevSs=[3 3 voice home data home  Unknown Unknown CSS not supported -1 -1 RoamInd=-1 DefRoamInd=-1 VoiceRegType=0 ImsVoiceAvail=0 IsEbSupport=0 IsEaBarred=0 Snap=0 FemtocellInd=0 EmergOnly=false IsDataRoamingFromRegistration=false], ss=[1 1 voice home data home  Unknown Unknown CSS not supported -1 -1 RoamInd=-1 DefRoamInd=-1 VoiceRegType=0 ImsVoiceAvail=0 IsEbSupport=2 IsEaBarred=0 Snap=0 FemtocellInd=0 EmergOnly=false IsDataRoamingFromRegistration=false]

02-22 21:41:22.170  3321  3321 D GSMPhone: setEmergencyNumbers: customerSpec=null

02-22 21:41:22.170  3321  3321 D GSMPhone: setEmergencyNumbers: simstateProperty=NOT_READY

02-22 21:41:22.170  3321  3321 D GSMPhone: setEmergencyNumbers: withSIM=false

02-22 21:41:22.170  3321  3321 D GSMPhone: setEmergencyNumbers: ECC for operator=112,911,999,000,08,110,118,119

02-22 21:41:22.170  3321  3321 D GSMPhone: setEmergencyNumbers: emergencyNumbers=112,911,999,000,08,110,118,119

02-22 21:41:22.170  3321  3321 D GSMPhone: setEmergencyNumbers: ril.ecclist00 - 112,911,999,000,08,110,118,119

02-22 21:41:22.255  3321  3321 D RILJ    : [0031]> RIL_REQUEST_SET_TTY_MODE : 0 [SUB0]

02-22 21:41:22.260  3321  3321 D DCT     : [0]handleMessage msg={ when=-240ms what=270377 obj=android.os.AsyncResult@29d3b92 target=com.android.internal.telephony.dataconnection.DcTracker }

02-22 21:41:22.260  3321  3321 D DCT     : [0]Discard nwTypeChanged due to better LostMultiApnSupport and MultiApnSupport

02-22 21:41:22.260  3321  3321 D SubscriptionController: [getSubId]- sSlotIdxToSubId.size == 0, return DummySubIds slotIdx=0

02-22 21:41:22.260  3321  3868 D use-Rlog/RLOG-IMS-IIL: IpcDispatcher: [Rx]: (M)IPC_CFG_CMD (S)IPC_CFG_TTY (T)SET l:8

02-22 21:41:22.260  3321  3861 D use-Rlog/RLOG-IMS-IIL: ImsCallManager: handleMessage: event 100

02-22 21:41:22.260  3321  3861 D use-Rlog/RLOG-IMS-IIL: ImsCallManager: setTtyMode mode 0

02-22 21:41:22.260  3321  3561 D RILJ    : [0031]< RIL_REQUEST_SET_TTY_MODE  [SUB0]

02-22 21:41:22.305  3321  3321 D SubscriptionController: getPhoneId,  received dummy subId 2147483643

02-22 21:41:22.305  3321  3590 D SubscriptionController: getPhoneId,  received dummy subId 2147483643

02-22 21:41:22.310  3321  3321 D SubscriptionController: [getSlotId]- subId invalid

02-22 21:41:22.310  3321  3321 D SubscriptionController: getSimStateForSlotIdx:  simState=NOT_READY ordinal=6

02-22 21:41:22.310  3321  3321 D SubscriptionManager: getSimStateForSlotIdx: simState=6 slotIdx=0

02-22 21:41:22.310  3321  3321 D TelephonyManager: getSimState: default sim:-1, sim state for slotIdx=0 is 6, return state as unknown

02-22 21:41:22.310  3321  3321 D SubscriptionInfoUpdater: handleMessage : <EVENT_SIM_ICCID_NOTI> SIM 

02-22 21:41:22.310  3321  3321 D SubscriptionInfoUpdater: All IccIds query complete

02-22 21:41:22.310  3321  3321 D SubscriptionInfoUpdater: updateSubscriptionInfoByIccId:+ Start

02-22 21:41:22.325  3321  3321 D SubscriptionController: [clearSubInfo]+

02-22 21:41:22.325  3321  3321 D SubscriptionController: [clearSubInfo]- no simInfo size=0

02-22 21:41:22.325  3321  3333 D PhoneSubInfo: hasIsim

02-22 21:41:22.325  3321  3321 D SubscriptionInfoUpdater: insertedSimCount = 1

02-22 21:41:22.325  3321  3321 D SubscriptionController: [getSubInfoUsingSlotIdWithCheck]+ slotId:0

02-22 21:41:22.325  3321  3333 D PhoneSubInfo: hasIsim isim:null

02-22 21:41:22.330  3321  3861 D use-Rlog/RLOG-IMS-IIL: IpcDispatcher: [Tx]: (M)IPC_GEN_CMD (S)IPC_GEN_PHONE_RES (T)RESP l:0

02-22 21:41:22.330  3321  3861 D use-Rlog/RLOG-IMS-IIL: ImsSmsManager: handleMessage: event 100

02-22 21:41:22.330  3321  3861 D use-Rlog/RLOG-IMS-IIL: ImsIilManager: handleMessage: event 100

02-22 21:41:22.330  3321  3861 D use-Rlog/RLOG-IMS-IIL: ImsSsManager: handleMessage: event 100

02-22 21:41:22.330  2197  2442 E RILD    : ProcessSingleIpcMessageReceived() - IpcHistoryRecord has no message

02-22 21:41:22.345  3321  3321 D SubscriptionController: [getPhoneId]- no sims, returning default phoneId=0

02-22 21:41:22.345  3321  3321 D SubscriptionController: [getSubInfoRecord] id:XXX iccid:XXX simSlotIndex:XXXX displayName:XXX nameSource:XXX iconTint:XXX dataRoaming:XXX mcc:XXX mnc:XXX countIso:XXX subStatus:XXX NwMode:XXX

02-22 21:41:22.355  3321  3333 D SubscriptionController: [getPhoneId]- invalid subId return=-1

02-22 21:41:22.370  3321  3321 D SubscriptionController: [getPhoneId]- no sims, returning default phoneId=0

02-22 21:41:22.375  3321  3321 D SubscriptionController: [getPhoneId]- no sims, returning default phoneId=0

02-22 21:41:22.385  3321  3321 D SubscriptionController: [getSubInfoUsingSlotId]- null info return

02-22 21:41:22.385  3321  3321 D SubscriptionInfoUpdater: updateSubscriptionInfoByIccId: oldSubId = 4

02-22 21:41:22.385  3321  3321 D SubscriptionInfoUpdater: oldIccId[0] = XXX, mIccId[0] = XXX

02-22 21:41:22.385  3321  3321 D SubscriptionInfoUpdater: updateSubscriptionInfoByIccId: mInsertSimState[0] = 0

02-22 21:41:22.385  3321  3321 D SubscriptionController: [addSubInfoRecord]+ iccId:XXX slotId:XXX

02-22 21:41:22.415  3321  3321 D SubscriptionController: [getActiveSubInfoList]+

02-22 21:41:22.415  3321  3321 D SubscriptionController: [getActiveSubInfoList] Sub Controller not ready

02-22 21:41:22.415  3321  3321 D SubscriptionController: [addSubInfoRecord] Record already exists

02-22 21:41:22.415  3321  3642 D SubscriptionController: getPhoneId,  received dummy subId 2147483643

