02-22 21:41:22.420  3321  3331 D SubscriptionController: getPhoneId,  received dummy subId 2147483643

02-22 21:41:22.435  3321  3321 D SubscriptionController: [addSubInfoRecord] sSlotIdxToSubId.size=1 slotId=0 subId=4 defaultSubId=4 simCount=1

02-22 21:41:22.435  3321  3321 D SubscriptionController: [setDefaultFallbackSubId] subId=4

02-22 21:41:22.435  3321  3321 D SubscriptionController: [setDefaultFallbackSubId] set mDefaultFallbackSubId=4

02-22 21:41:22.440  3321  3642 D SubscriptionController: getPhoneId,  received dummy subId 2147483643

02-22 21:41:22.440  3321  3331 D SubscriptionController: getPhoneId,  received dummy subId 2147483643

02-22 21:41:22.455  3321  3321 D SubscriptionController: [setDefaultFallbackSubId] broadcast default subId changed phoneId=0 subId=4

02-22 21:41:22.465  3321  3321 D SubscriptionController: [addSubInfoRecord] one sim set defaults to subId=4

02-22 21:41:22.465  3321  3321 D SubscriptionController: [setDefaultDataSubId] subId=4

02-22 21:41:22.465  3321  3321 D SubscriptionController: [setDefaultDataSubId] num phones=1

02-22 21:41:22.465  3321  3321 D SubscriptionController: [setDefaultDataSubId] phoneId=0 subId=4 RAF=131064

02-22 21:41:22.475  3321  3321 D SubscriptionController: insertLogforDataSubId subId : 4 SlotId :  0

02-22 21:41:22.475  3321  3321 D SubscriptionController: insertLog - feature : DDSI, extra : {"SIMID":"0"}, value : -1

02-22 21:41:22.475  3321  3321 D SubscriptionController: insertLog : no permission of survey

02-22 21:41:22.475  3321  3321 D SubscriptionController: [broadcastDefaultDataSubIdChanged] subId=4

02-22 21:41:22.475  3321  3321 D SubscriptionController: [updateAllDataConnectionTrackers] sProxyPhones.length=1

02-22 21:41:22.475  3321  3321 D SubscriptionController: [updateAllDataConnectionTrackers] phoneId=0

02-22 21:41:22.475  3321  3321 D PhoneProxy: [PhoneProxy] Updating Data Connection Tracker

02-22 21:41:22.475  3321  3321 D DCT     : [0]update sub = 4

02-22 21:41:22.475  3321  3321 D DCT     : [0]update(): Active DDS, register for all events now!

02-22 21:41:22.475  3321  3321 D DCT     : [0]Already registered for all events

02-22 21:41:22.475  3321  3321 D DCT     : [0]onUpdateIcc(): phone type=1

02-22 21:41:22.475  3321  3321 D DCT     : [0]New records found.

02-22 21:41:22.480  3321  3321 D DCT     : [0]getDataEnabled: getIntWithSubId retVal=true

02-22 21:41:22.480  3321  3321 D GSMPhone: updateCurrentCarrierInProvider: mSubId = 4 currentDds = 4 operatorNumeric = null

02-22 21:41:22.480  3321  3321 D SubscriptionController: [setDefaultSmsSubId] subId=4

02-22 21:41:22.500  3321  3321 D SubscriptionController: [broadcastDefaultSmsSubIdChanged] subId=4

02-22 21:41:22.505  3321  3321 D SubscriptionController: [setDefaultVoiceSubId] subId=4

02-22 21:41:22.540  3321  3861 D use-Rlog/RLOG-IMS-IIL: ImsCallManager: onDataConnectionStateChanged(): state -1, networkType 0 old 0

02-22 21:41:22.550  3321  3321 D SubscriptionController: [broadcastDefaultVoiceSubIdChanged] subId=4

02-22 21:41:22.560  3321  3321 D SubscriptionController: [addSubInfoRecord] hashmap(0,4)

02-22 21:41:22.585  3321  4000 D SubscriptionController: getSimStateForSlotIdx:  simState=NOT_READY ordinal=6

02-22 21:41:22.585  2764  3029 D SubscriptionManager: getSimStateForSlotIdx: simState=6 slotIdx=0

02-22 21:41:22.755  3321  3321 D SubscriptionController: [addSubInfoRecord] sim name = CARD 1

02-22 21:41:22.755  3321  3321 D SubscriptionController: [updateAllDataConnectionTrackers] sProxyPhones.length=1

02-22 21:41:22.755  3321  3321 D SubscriptionController: [updateAllDataConnectionTrackers] phoneId=0

02-22 21:41:22.755  3321  3321 D PhoneProxy: [PhoneProxy] Updating Data Connection Tracker

02-22 21:41:22.755  3321  3321 D DCT     : [0]update sub = 4

02-22 21:41:22.755  3321  3321 D DCT     : [0]update(): Active DDS, register for all events now!

02-22 21:41:22.755  3321  3321 D DCT     : [0]Already registered for all events

02-22 21:41:22.755  3321  3321 D DCT     : [0]onUpdateIcc(): phone type=1

02-22 21:41:22.755  3321  3321 D DCT     : [0]getDataEnabled: getIntWithSubId retVal=true

02-22 21:41:22.755  3321  3321 D GSMPhone: updateCurrentCarrierInProvider: mSubId = 4 currentDds = 4 operatorNumeric = null

02-22 21:41:22.755  3321  3321 D SubscriptionController: [addSubInfoRecord]- info size=1

02-22 21:41:22.755  3321  3321 D SubscriptionInfoUpdater: newSim = false

02-22 21:41:22.760  3321  3590 D SubscriptionController: getSimStateForSlotIdx:  simState=NOT_READY ordinal=6

02-22 21:41:22.765  2764  3027 D SubscriptionManager: getSimStateForSlotIdx: simState=6 slotIdx=0

02-22 21:41:22.765  3321  3333 D SubscriptionController: getSimStateForSlotIdx:  simState=NOT_READY ordinal=6

02-22 21:41:22.765  2764  3027 D SubscriptionManager: getSimStateForSlotIdx: simState=6 slotIdx=0

02-22 21:41:22.770  3433  3533 D use-Rlog/RLOG-IMS_DEPRECATED: [FIXME]: getVolteRegIconId()

02-22 21:41:22.770  3433  3533 D use-Rlog/RLOG-IMS_DEPRECATED: [FIXME]: getVolteRegIconId()

02-22 21:41:22.770  3433  3533 D use-Rlog/RLOG-IMS_DEPRECATED: [FIXME]: getVowifiRegIconId()

02-22 21:41:22.770  3433  3533 D use-Rlog/RLOG-IMS_DEPRECATED: [FIXME]: getVowifiRegIconId()

02-22 21:41:23.225  3321  3590 D SubscriptionController: getSimStateForSlotIdx:  simState=NOT_READY ordinal=6

02-22 21:41:23.225  2764  3027 D SubscriptionManager: getSimStateForSlotIdx: simState=6 slotIdx=0

02-22 21:41:23.235  3321  3590 D SubscriptionController: getSimStateForSlotIdx:  simState=NOT_READY ordinal=6

02-22 21:41:23.235  2764  3027 D SubscriptionManager: getSimStateForSlotIdx: simState=6 slotIdx=0

02-22 21:41:23.235  3321  3590 D SubscriptionController: [getActiveSubIdList] simInfoSet=[0=4]

02-22 21:41:23.235  3321  3590 D SubscriptionController: [getActiveSubIdList] X subIdArr.length=1

02-22 21:41:23.265  3321  3590 D SubscriptionController: [getActiveSubIdList] simInfoSet=[0=4]

02-22 21:41:23.265  3321  3590 D SubscriptionController: [getActiveSubIdList] X subIdArr.length=1

02-22 21:41:23.400  3321  4000 D SubscriptionController: [getActiveSubIdList] simInfoSet=[0=4]

02-22 21:41:23.400  3321  4000 D SubscriptionController: [getActiveSubIdList] X subIdArr.length=1

02-22 21:41:23.465  3321  3321 D SubscriptionInfoUpdater: updateSubscriptionInfoByIccId: Set sub_state:1, SubId:4

02-22 21:41:23.465  3321  3321 D SubscriptionController: setCalledUpdateUserPrefs from false to false

02-22 21:41:23.465  3321  3321 D SubscriptionController: [refreshSubInfo]+ defaultSubId system:4 voice:4 data:4 sms:4 / defaultSlotId voice:0 data:0

02-22 21:41:23.465  3321  3321 D SubscriptionController: selection:null null

02-22 21:41:23.480  3321  4000 D SubscriptionController: [getActiveSubIdList] simInfoSet=[0=4]

02-22 21:41:23.480  3321  4000 D SubscriptionController: [getActiveSubIdList] X subIdArr.length=1

02-22 21:41:23.515  3321  3321 D SubscriptionController: [getPhoneId]- subId=1 not found return default phoneId=0

02-22 21:41:23.515  3321  3321 D SubscriptionController: [getSubInfoRecord] id:XXX iccid:XXX simSlotIndex:XXXX displayName:XXX nameSource:XXX iconTint:XXX dataRoaming:XXX mcc:XXX mnc:XXX countIso:XXX subStatus:XXX NwMode:XXX

02-22 21:41:23.520  3321  3321 D SubscriptionController: [getPhoneId]- subId=1 not found return default phoneId=0

02-22 21:41:23.525  3321  3321 D SubscriptionController: [getPhoneId]- subId=1 not found return default phoneId=0

02-22 21:41:23.525  3321  3321 D SubscriptionController: [getPhoneId]- subId=2 not found return default phoneId=0

02-22 21:41:23.525  3321  3321 D SubscriptionController: [getSubInfoRecord] id:XXX iccid:XXX simSlotIndex:XXXX displayName:XXX nameSource:XXX iconTint:XXX dataRoaming:XXX mcc:XXX mnc:XXX countIso:XXX subStatus:XXX NwMode:XXX

02-22 21:41:23.530  3321  3321 D SubscriptionController: [getPhoneId]- subId=2 not found return default phoneId=0

02-22 21:41:23.530  3321  3321 D SubscriptionController: [getPhoneId]- subId=2 not found return default phoneId=0

02-22 21:41:23.535  3321  3321 D SubscriptionController: [getPhoneId]- subId=3 not found return default phoneId=0

02-22 21:41:23.535  3321  3321 D SubscriptionController: [getSubInfoRecord] id:XXX iccid:XXX simSlotIndex:XXXX displayName:XXX nameSource:XXX iconTint:XXX dataRoaming:XXX mcc:XXX mnc:XXX countIso:XXX subStatus:XXX NwMode:XXX

02-22 21:41:23.545  3321  3321 D SubscriptionController: [getPhoneId]- subId=3 not found return default phoneId=0

02-22 21:41:23.545  3321  3321 D SubscriptionController: [getPhoneId]- subId=3 not found return default phoneId=0

02-22 21:41:23.545  3321  3590 D SubscriptionController: getSimStateForSlotIdx:  simState=NOT_READY ordinal=6

02-22 21:41:23.545  2764  3027 D SubscriptionManager: getSimStateForSlotIdx: simState=6 slotIdx=0

02-22 21:41:23.550  3321  3321 D SubscriptionController: [getSubInfoRecord] id:XXX iccid:XXX simSlotIndex:XXXX displayName:XXX nameSource:XXX iconTint:XXX dataRoaming:XXX mcc:XXX mnc:XXX countIso:XXX subStatus:XXX NwMode:XXX

02-22 21:41:23.550  3321  3333 D SubscriptionController: getSimStateForSlotIdx:  simState=NOT_READY ordinal=6

02-22 21:41:23.550  2764  3027 D SubscriptionManager: getSimStateForSlotIdx: simState=6 slotIdx=0

02-22 21:41:23.555  3321  3333 D SubscriptionController: getSimStateForSlotIdx:  simState=NOT_READY ordinal=6

02-22 21:41:23.544  3321  4000 D SubscriptionController: getSimStateForSlotIdx:  simState=NOT_READY ordinal=6

02-22 21:41:23.544  2764  3027 D SubscriptionManager: getSimStateForSlotIdx: simState=6 slotIdx=0

02-22 21:41:23.555  2764  3027 D SubscriptionManager: getSimStateForSlotIdx: simState=6 slotIdx=0

02-22 21:41:23.569  3321  3331 D SubscriptionController: [getActiveSubIdList] simInfoSet=[0=4]

02-22 21:41:23.569  3321  3331 D SubscriptionController: [getActiveSubIdList] X subIdArr.length=1

02-22 21:41:23.569  3321  4000 D SubscriptionController: [getActiveSubIdList] simInfoSet=[0=4]

02-22 21:41:23.569  3321  4000 D SubscriptionController: [getActiveSubIdList] X subIdArr.length=1

02-22 21:41:23.579  3321  3331 D SubscriptionController: [getActiveSubIdList] simInfoSet=[0=4]

02-22 21:41:23.579  3321  3331 D SubscriptionController: [getActiveSubIdList] X subIdArr.length=1

02-22 21:41:23.584  3321  4000 D SubscriptionController: [getActiveSubIdList] simInfoSet=[0=4]

02-22 21:41:23.584  3321  4000 D SubscriptionController: [getActiveSubIdList] X subIdArr.length=1

02-22 21:41:23.614  3321  3321 D SubscriptionController: selection:sim_id>=0 null

02-22 21:41:23.619  3321  3590 D SubscriptionController: getSimStateForSlotIdx:  simState=NOT_READY ordinal=6

02-22 21:41:23.619  2764  3027 D SubscriptionManager: getSimStateForSlotIdx: simState=6 slotIdx=0

02-22 21:41:23.624  3321  3590 D SubscriptionController: getSimStateForSlotIdx:  simState=NOT_READY ordinal=6

02-22 21:41:23.624  2764  3027 D SubscriptionManager: getSimStateForSlotIdx: simState=6 slotIdx=0

02-22 21:41:23.629  3321  3642 D SubscriptionController: [getActiveSubIdList] simInfoSet=[0=4]

02-22 21:41:23.629  3321  3642 D SubscriptionController: [getActiveSubIdList] X subIdArr.length=1

02-22 21:41:23.634  3321  3321 D SubscriptionController: [getSubInfoRecord] id:XXX iccid:XXX simSlotIndex:XXXX displayName:XXX nameSource:XXX iconTint:XXX dataRoaming:XXX mcc:XXX mnc:XXX countIso:XXX subStatus:XXX NwMode:XXX

02-22 21:41:23.669  3321  3321 D SubscriptionController: [refreshSubInfo]+ ril.subinfo:0:4

02-22 21:41:23.674  3321  3321 D SubscriptionController: getSimStateForSlotIdx:  simState=NOT_READY ordinal=6

02-22 21:41:23.674  3321  3321 D SubscriptionManager: getSimStateForSlotIdx: simState=6 slotIdx=0

02-22 21:41:23.674  3321  3321 D SubscriptionController: [getActiveSubInfoList]+

02-22 21:41:23.674  3321  3321 D SubscriptionController: [getActiveSubInfoList]+

02-22 21:41:23.679  3321  3321 D SubscriptionController: [getActiveSubInfoForSubscriber]+ subId=4 subInfo= XXX

02-22 21:41:23.679  3321  3321 D SubscriptionController: updateUserPrefs: active sub count = 1 dds = 4 voice = 4 sms = 4 setDDs = false

02-22 21:41:23.699  3321  3321 D SubscriptionController: setSMSPromptOption to false

02-22 21:41:23.714  3321  3321 D SubscriptionController: setVoicePromptOption to false

02-22 21:41:23.719  3321  3321 D SubscriptionController: [getActiveSubInfoList]+

02-22 21:41:23.719  3321  3321 D SubscriptionController: [getActiveSubInfoForSubscriber]+ subId=4 subInfo= XXX

02-22 21:41:23.719  3321  3321 D SubscriptionController: [getActiveSubInfoList]+

02-22 21:41:23.734  3321  3321 D SubscriptionController: [getActiveSubInfoForSubscriber]+ subId=4 subInfo= XXX

02-22 21:41:23.734  3321  3321 D SubscriptionController: [getActiveSubInfoList]+

02-22 21:41:23.734  3321  3321 D SubscriptionController: [getActiveSubInfoForSubscriber]+ subId=4 subInfo= XXX

02-22 21:41:23.734  3321  3321 D SubscriptionController: [getActiveSubInfoList]+

02-22 21:41:23.734  3321  3321 D SubscriptionController: [getActiveSubInfoForSubscriber]+ subId=4 subInfo= XXX

02-22 21:41:23.734  3321  3321 D SubscriptionController: updateUserPrefs: after currentDds = 4 voice = 4 sms = 4 newDds = 4

02-22 21:41:23.734  3321  3321 D SubscriptionInfoUpdater: updateSubscriptionInfoByIccId: mInsertSimState[0] = 0

02-22 21:41:23.739  3321  3321 D SubscriptionController: [getActiveSubInfoList]+

02-22 21:41:23.739  3321  3321 D SubscriptionInfoUpdater: updateSubscriptionInfoByIccId: nSubCount = 1

02-22 21:41:23.789  3321  3321 D SubscriptionController: [setDefaultDataSubId] subId=4

02-22 21:41:23.789  3321  3642 D SubscriptionController: getSimStateForSlotIdx:  simState=NOT_READY ordinal=6

02-22 21:41:23.789  2764  3027 D SubscriptionManager: getSimStateForSlotIdx: simState=6 slotIdx=0

02-22 21:41:23.789  3321  3321 D SubscriptionController: [setDefaultDataSubId] num phones=1

02-22 21:41:23.789  3321  3321 D SubscriptionController: [setDefaultDataSubId] phoneId=0 subId=4 RAF=131064

02-22 21:41:23.789  3321  3321 D SubscriptionController: Survey mode, but DataSubid not change !! : 4

02-22 21:41:23.789  3321  3321 D SubscriptionController: [broadcastDefaultDataSubIdChanged] subId=4

02-22 21:41:23.794  3321  3331 D SubscriptionController: getSimStateForSlotIdx:  simState=NOT_READY ordinal=6

02-22 21:41:23.794  3321  3321 D SubscriptionController: [updateAllDataConnectionTrackers] sProxyPhones.length=1

02-22 21:41:23.794  2764  3027 D SubscriptionManager: getSimStateForSlotIdx: simState=6 slotIdx=0

02-22 21:41:23.794  3321  3321 D SubscriptionController: [updateAllDataConnectionTrackers] phoneId=0

02-22 21:41:23.794  3321  3321 D PhoneProxy: [PhoneProxy] Updating Data Connection Tracker

02-22 21:41:23.794  3321  3321 D DCT     : [0]update sub = 4

02-22 21:41:23.794  3321  3321 D DCT     : [0]update(): Active DDS, register for all events now!

02-22 21:41:23.794  3321  3321 D DCT     : [0]Already registered for all events

02-22 21:41:23.794  3321  3321 D DCT     : [0]onUpdateIcc(): phone type=1

02-22 21:41:23.794  3321  3321 D DCT     : [0]getDataEnabled: getIntWithSubId retVal=true

02-22 21:41:23.794  3321  3321 D GSMPhone: updateCurrentCarrierInProvider: mSubId = 4 currentDds = 4 operatorNumeric = null

02-22 21:41:23.794  3321  3321 D SubscriptionController: [refreshSubInfo]+ defaultSubId system:4 voice:4 data:4 sms:4 / defaultSlotId voice:0 data:0

02-22 21:41:23.794  3321  3321 D SubscriptionController: selection:null null

02-22 21:41:23.819  3321  3321 D SubscriptionController: [getPhoneId]- subId=1 not found return default phoneId=0

02-22 21:41:23.819  3321  3321 D SubscriptionController: [getSubInfoRecord] id:XXX iccid:XXX simSlotIndex:XXXX displayName:XXX nameSource:XXX iconTint:XXX dataRoaming:XXX mcc:XXX mnc:XXX countIso:XXX subStatus:XXX NwMode:XXX

02-22 21:41:23.834  3321  3333 D SubscriptionController: getSimStateForSlotIdx:  simState=NOT_READY ordinal=6

02-22 21:41:23.844  3321  3321 D SubscriptionController: [getPhoneId]- subId=1 not found return default phoneId=0

02-22 21:41:23.854  2764  3027 D SubscriptionManager: getSimStateForSlotIdx: simState=6 slotIdx=0

02-22 21:41:23.854  3321  3321 D SubscriptionController: [getPhoneId]- subId=1 not found return default phoneId=0

02-22 21:41:23.859  3321  3321 D SubscriptionController: [getPhoneId]- subId=2 not found return default phoneId=0

02-22 21:41:23.859  3321  3321 D SubscriptionController: [getSubInfoRecord] id:XXX iccid:XXX simSlotIndex:XXXX displayName:XXX nameSource:XXX iconTint:XXX dataRoaming:XXX mcc:XXX mnc:XXX countIso:XXX subStatus:XXX NwMode:XXX

02-22 21:41:23.869  3321  3321 D SubscriptionController: [getPhoneId]- subId=2 not found return default phoneId=0

02-22 21:41:23.869  3321  4000 D SubscriptionController: getSimStateForSlotIdx:  simState=NOT_READY ordinal=6

02-22 21:41:23.869  2764  3027 D SubscriptionManager: getSimStateForSlotIdx: simState=6 slotIdx=0

02-22 21:41:23.929  3321  3642 D SubscriptionController: [getActiveSubIdList] simInfoSet=[0=4]

02-22 21:41:23.929  3321  3642 D SubscriptionController: [getActiveSubIdList] X subIdArr.length=1

02-22 21:41:23.934  3321  3321 D SubscriptionController: [getPhoneId]- subId=2 not found return default phoneId=0

02-22 21:41:23.939  3321  3321 D SubscriptionController: [getPhoneId]- subId=3 not found return default phoneId=0

02-22 21:41:23.939  3321  4000 D SubscriptionController: [getActiveSubIdList] simInfoSet=[0=4]

02-22 21:41:23.939  3321  3321 D SubscriptionController: [getSubInfoRecord] id:XXX iccid:XXX simSlotIndex:XXXX displayName:XXX nameSource:XXX iconTint:XXX dataRoaming:XXX mcc:XXX mnc:XXX countIso:XXX subStatus:XXX NwMode:XXX

02-22 21:41:23.939  3321  4000 D SubscriptionController: [getActiveSubIdList] X subIdArr.length=1

02-22 21:41:23.939  3321  3321 D SubscriptionController: [getPhoneId]- subId=3 not found return default phoneId=0

02-22 21:41:23.944  3321  3321 D SubscriptionController: [getPhoneId]- subId=3 not found return default phoneId=0

02-22 21:41:23.949  3321  3321 D SubscriptionController: [getSubInfoRecord] id:XXX iccid:XXX simSlotIndex:XXXX displayName:XXX nameSource:XXX iconTint:XXX dataRoaming:XXX mcc:XXX mnc:XXX countIso:XXX subStatus:XXX NwMode:XXX

02-22 21:41:23.959  3321  3321 D SubscriptionController: selection:sim_id>=0 null

02-22 21:41:23.969  3321  4000 D SubscriptionController: [getActiveSubIdList] simInfoSet=[0=4]

02-22 21:41:23.969  3321  4000 D SubscriptionController: [getActiveSubIdList] X subIdArr.length=1

02-22 21:41:23.974  3321  3321 D SubscriptionController: [getSubInfoRecord] id:XXX iccid:XXX simSlotIndex:XXXX displayName:XXX nameSource:XXX iconTint:XXX dataRoaming:XXX mcc:XXX mnc:XXX countIso:XXX subStatus:XXX NwMode:XXX

02-22 21:41:23.979  3321  3331 D SubscriptionController: [getActiveSubIdList] simInfoSet=[0=4]

02-22 21:41:23.979  3321  3331 D SubscriptionController: [getActiveSubIdList] X subIdArr.length=1

02-22 21:41:24.079  3321  3321 D SubscriptionController: [refreshSubInfo]+ ril.subinfo:0:4

02-22 21:41:24.084  3321  3321 D SubscriptionController: notifySubscriptionInfoChanged:

02-22 21:41:24.084  2764  3742 D TelephonyRegistry: notifySubscriptionInfoChanged: first invocation mRecords.size=34

02-22 21:41:24.089  3321  4000 D SubscriptionController: [getActiveSubInfoList]+

02-22 21:41:24.144  3321  3590 D SubscriptionController: [getActiveSubInfoList]+

02-22 21:41:24.184  3321  4000 D SubscriptionController: [getActiveSubInfoList]+

02-22 21:41:24.239  3321  4000 D SubscriptionController: getSimStateForSlotIdx:  simState=NOT_READY ordinal=6

02-22 21:41:24.239  3092  3092 D SubscriptionManager: getSimStateForSlotIdx: simState=6 slotIdx=0

02-22 21:41:24.254  3321  3321 D SubscriptionInfoUpdater: updateSubscriptionInfoByIccId:- SsubscriptionInfo update complete

02-22 21:41:24.254  3321  3321 D UiccController: Received EVENT_GET_ICC_STATUS_DONE

02-22 21:41:24.254  3321  3321 D UiccCard: 3 applications

02-22 21:41:24.254  3321  3321 D UiccCardApplication: APPTYPE_USIM update. New {APPTYPE_USIM,APPSTATE_SUBSCRIPTION_PERSO,PERSOSUBSTATE_SIM_NETWORK,pin1=PINSTATE_UNKNOWN,pin2=PINSTATE_UNKNOWN-3/10/10/10}

02-22 21:41:24.254  3321  3321 E UiccCardApplication: in update method 

02-22 21:41:24.254  3321  3321 D UiccCardApplication: APPTYPE_ISIM update. New {APPTYPE_ISIM,APPSTATE_SUBSCRIPTION_PERSO,PERSOSUBSTATE_SIM_NETWORK,pin1=PINSTATE_UNKNOWN,pin2=PINSTATE_UNKNOWN-3/8/10/8}

02-22 21:41:24.254  3321  3321 E UiccCardApplication: in update method 

02-22 21:41:24.254  3321  3321 D UiccCardApplication: APPTYPE_UNKNOWN update. New {APPTYPE_UNKNOWN,APPSTATE_SUBSCRIPTION_PERSO,PERSOSUBSTATE_SIM_NETWORK}

02-22 21:41:24.254  3321  3321 E UiccCardApplication: in update method 

02-22 21:41:24.254  3321  3321 D UiccCard: update: radioState=RADIO_ON mLastRadioState=RADIO_ON

02-22 21:41:24.254  3321  3321 D UiccController: Notifying IccChangedRegistrants

02-22 21:41:24.254  3321  3321 D CAT     : CatService: handleMessage[111]

02-22 21:41:24.254  3321  3321 D CAT     : CatService: Ril Connected so we send Stk Running Request

02-22 21:41:24.254  3321  3321 D RILJ    : [0032]> RIL_REQUEST_REPORT_STK_SERVICE_IS_RUNNING [SUB0]

02-22 21:41:24.259  3321  3321 D CAT     : CatService: handleMessage[8]

02-22 21:41:24.259  3321  3321 D CAT     : CatService: MSG_ID_ICC_CHANGED

02-22 21:41:24.259  3321  3321 D CAT     : CatService: New Card State = CARDSTATE_PRESENT Old Card State = CARDSTATE_ABSENT

02-22 21:41:24.259  3321  3321 D RILJ    : [0033]> RIL_REQUEST_REPORT_STK_SERVICE_IS_RUNNING [SUB0]

02-22 21:41:24.259  3321  3321 D CAT     : CatBIPManager$1: >>>>>>>>>> BROADCAST EVENT FROM CAT BIP MANAGER <<<<<<<<<<

02-22 21:41:24.259  3321  3321 D CAT     : CatBIPManager$1: intent receiver called with not listening : UNKNOWN and Intent { act=android.intent.action.ANY_DATA_STATE flg=0x10 bqHint=4 (has extras) }

02-22 21:41:24.259  3321  3321 D GSMPhone: New ISIM application found

02-22 21:41:24.259  3321  3321 D GSMPhone: New Uicc application found

02-22 21:41:24.259  3321  3321 E GsmSST  : ruimUiccApplication is null

02-22 21:41:24.259  3321  3321 D GsmSST  : New card found

02-22 21:41:24.259  3321  3561 D RILJ    : [0032]< RIL_REQUEST_REPORT_STK_SERVICE_IS_RUNNING  [SUB0]

02-22 21:41:24.259  3321  3333 D SubscriptionController: [getActiveSubInfoList]+

02-22 21:41:24.259  3321  3321 D DCT     : [0]handleMessage msg={ when=-2s124ms what=270369 obj=android.os.AsyncResult@367ad42 target=com.android.internal.telephony.dataconnection.DcTracker }

02-22 21:41:24.259  3321  3321 D DCT     : [0]onUpdateIcc(): phone type=1

02-22 21:41:24.259  3321  3321 D GsmSMSDispatcher: GsmSMSDispatcher: subId = 4 slotId = 0

02-22 21:41:24.259  3321  3321 D GsmSMSDispatcher: New Uicc application found

02-22 21:41:24.259  3321  3321 D IccCardProxy: IccCardProxy handleMessage : 3

02-22 21:41:24.259  3321  3321 D IccCardProxy: Icc changed. Reregestering.

02-22 21:41:24.259  3321  3321 D UiccCardApplication: Notifying 1 registrant: NETWORK_LOCKED

02-22 21:41:24.264  3321  3561 D RILJ    : [0033]< RIL_REQUEST_REPORT_STK_SERVICE_IS_RUNNING  [SUB0]

02-22 21:41:24.264  3321  3321 E IccCardProxy: setExternalState: set mPhoneId=0 mExternalState=NETWORK_LOCKED

02-22 21:41:24.264  3321  3321 D TelephonyManager: setTelephonyProperty: success phoneId=0 property=gsm.sim.state value: NETWORK_LOCKED propVal=NETWORK_LOCKED

02-22 21:41:24.264  3321  3321 D IccCardProxy: Sending intent ACTION_INTERNAL_SIM_STATE_CHANGED value=LOCKED reason=NETWORK for mPhoneId=0

02-22 21:41:24.304  3321  3321 D CAT     : CatService: handleMessage[8]

02-22 21:41:24.304  3321  3321 D CAT     : CatService: MSG_ID_ICC_CHANGED

02-22 21:41:24.304  3321  3321 D CAT     : CatService: New Card State = CARDSTATE_PRESENT Old Card State = CARDSTATE_PRESENT

02-22 21:41:24.304  3321  3321 D RILJ    : [0034]> RIL_REQUEST_QUERY_TTY_MODE [SUB0]

02-22 21:41:24.309  3321  3321 D DCT     : [0]onReceive: action=android.net.wifi.STATE_CHANGE

02-22 21:41:24.314  3321  3321 D DCT     : [0]NETWORK_STATE_CHANGED_ACTION: mIsWifiConnected=false

02-22 21:41:24.314  3321  3321 D DctController: [TNF 4]new score 20 for exisiting request NetworkRequest [ id=1, legacyType=-1, [ Capabilities: INTERNET&NOT_RESTRICTED&TRUSTED&NOT_VPN] ]

02-22 21:41:24.314  3321  3321 D DctController: [TNF 4]  my score=50, my filter=[ Transports: CELLULAR Capabilities: MMS&SUPL&DUN&FOTA&IMS&CBS&IA&RCS&XCAP&EIMS&INTERNET&NOT_RESTRICTED&TRUSTED&NOT_VPN&ENT1&BIP]

02-22 21:41:24.314  3321  3321 D DctController: [TNF 4]evalRequest evalRequest  = NetworkRequest [ id=1, legacyType=-1, [ Capabilities: INTERNET&NOT_RESTRICTED&TRUSTED&NOT_VPN] ] n.requested= true

02-22 21:41:24.314  3321  3321 D DctController: [TNF 4]evalRequest

02-22 21:41:24.314  3321  3321 D DctController: [TNF 4]  done

02-22 21:41:24.314  3321  3321 D DCT     : [0]onReceive: action=android.net.wifi.STATE_CHANGE

02-22 21:41:24.314  3321  3321 D DCT     : [0]NETWORK_STATE_CHANGED_ACTION: mIsWifiConnected=true

02-22 21:41:24.314  3321  3321 D DctController: [TNF 4]new score 60 for exisiting request NetworkRequest [ id=1, legacyType=-1, [ Capabilities: INTERNET&NOT_RESTRICTED&TRUSTED&NOT_VPN] ]

02-22 21:41:24.314  3321  3321 D DctController: [TNF 4]  my score=50, my filter=[ Transports: CELLULAR Capabilities: MMS&SUPL&DUN&FOTA&IMS&CBS&IA&RCS&XCAP&EIMS&INTERNET&NOT_RESTRICTED&TRUSTED&NOT_VPN&ENT1&BIP]

02-22 21:41:24.314  3321  3321 D DctController: [TNF 4]evalRequest evalRequest  = NetworkRequest [ id=1, legacyType=-1, [ Capabilities: INTERNET&NOT_RESTRICTED&TRUSTED&NOT_VPN] ] n.requested= true

02-22 21:41:24.314  3321  3321 D DctController: [TNF 4]evalRequest

02-22 21:41:24.314  3321  3321 D DctController: [TNF 4]  releaseNetworkFor

02-22 21:41:24.314  3321  3321 D DctController: [TNF 4]Cellular releasing Network for NetworkRequest [ id=1, legacyType=-1, [ Capabilities: INTERNET&NOT_RESTRICTED&TRUSTED&NOT_VPN] ]

02-22 21:41:24.314  3321  3321 D DctController: apnForNetworkRequest name=default, type=0

02-22 21:41:24.314  3321  3321 D DctController: releaseNetwork request=NetworkRequest [ id=1, legacyType=-1, [ Capabilities: INTERNET&NOT_RESTRICTED&TRUSTED&NOT_VPN] ], requestInfo=[request=NetworkRequest [ id=1, legacyType=-1, [ Capabilities: INTERNET&NOT_RESTRICTED&TRUSTED&NOT_VPN] ], executed=false, executedPhoneId=-1, enabledSlot=-1, priority=0]

02-22 21:41:24.314  3321  3321 D DctController: releaseRequest, request= [request=NetworkRequest [ id=1, legacyType=-1, [ Capabilities: INTERNET&NOT_RESTRICTED&TRUSTED&NOT_VPN] ], executed=false, executedPhoneId=-1, enabledSlot=-1, priority=0]

02-22 21:41:24.314  3321  3321 D DctController: processRequests

02-22 21:41:24.314  3321  3321 D CAT     : CatBIPManager$1: >>>>>>>>>> BROADCAST EVENT FROM CAT BIP MANAGER <<<<<<<<<<

02-22 21:41:24.314  3321  3321 D CAT     : CatBIPManager$1: intent receiver called with not listening : UNKNOWN and Intent { act=android.net.conn.CONNECTIVITY_CHANGE flg=0x4000010 bqHint=4 (has extras) }

02-22 21:41:24.319  3321  3561 D RILJ    : [0034]< RIL_REQUEST_QUERY_TTY_MODE {0} [SUB0]

02-22 21:41:24.364  3321  3321 D GsmSST  : SubscriptionListener.onSubscriptionInfoChanged

02-22 21:41:24.364  3321  3321 D PhoneBase: Call forwarding status retrieval returning DISABLED as status for matching subscriberId not found

02-22 21:41:24.404  3321  4000 D SubscriptionController: [getActiveSubInfoList]+

02-22 21:41:24.414  3321  3321 D DCT     : [0]getDataEnabled: getIntWithSubId retVal=true

02-22 21:41:24.414  3321  3321 D DCT     : [0]setDataEnabled: sendMessage: enable=true CallingPid=3321

02-22 21:41:24.414  3321  3321 D TelephonyManager: setTelephonyProperty: success phoneId=0 property=gsm.network.type value: Unknown propVal=Unknown

02-22 21:41:24.419  3321  3321 D SIMRecords: [SIMRecords] [getDisplayRule] SPN service disabled (EF_UST)

02-22 21:41:24.419  3321  3321 D GsmSST  : updateSpnDisplay - isWFCReigstered: false

02-22 21:41:24.419  3321  3321 D GsmSST  : updateSpnDisplay: radio is on but out of service, set plmn='null'

02-22 21:41:24.419  3321  3321 D SIMRecords: [SIMRecords] [getDisplayRule] SPN service disabled (EF_UST)

02-22 21:41:24.419  3321  3321 D DCT     : [0]SubscriptionListener.onSubscriptionInfoChanged

02-22 21:41:24.424  3321  3333 D SubscriptionController: [getActiveSubInfoCount]+

02-22 21:41:24.434  3321  3333 D SubscriptionController: [getActiveSubInfoList]+

02-22 21:41:24.434  3321  3333 D SubscriptionController: [getActiveSubInfoCount]- count: 1

02-22 21:41:24.484  3321  3321 D SubscriptionController: [getActiveSubInfoList]+

02-22 21:41:24.484  3321  3321 D SubscriptionController: [getActiveSubInfoForSubscriber]+ subId=4 subInfo= XXX

02-22 21:41:24.929  3321  3321 E PhoneBase: Error! registerForCallWaiting() in PhoneBase should not be called, CDMAPhone inactive.

02-22 21:41:24.929  3321  3321 D RILJ    : [0035]> SET_SUPP_SVC_NOTIFICATION [SUB0]

02-22 21:41:25.084  3321  3561 D RilRequest: [0035]< SET_SUPP_SVC_NOTIFICATION error: com.android.internal.telephony.CommandException: REQUEST_NOT_SUPPORTED ret=

02-22 21:41:25.109  3321  3321 D SubscriptionController: [getActiveSubInfoList]+

02-22 21:41:25.254  3321  3321 D DCT     : [0]mReceiver action: android.intent.action.ACTION_SUBINFO_CONTENT_CHANGE

02-22 21:41:25.254  3321  3321 D DCT     : [0]getInsertedSimCount() count:1

02-22 21:41:25.254  3321  3321 D GSMPhone: New ISIM application found

02-22 21:41:25.254  3321  3321 E GsmSST  : ruimUiccApplication is null

02-22 21:41:25.254  3321  3321 D DCT     : [0]handleMessage msg={ when=-1s2ms what=270369 obj=android.os.AsyncResult@f3957cb target=com.android.internal.telephony.dataconnection.DcTracker }

02-22 21:41:25.254  3321  3321 D DCT     : [0]onUpdateIcc(): phone type=1

02-22 21:41:25.254  3321  3321 D GsmSMSDispatcher: GsmSMSDispatcher: subId = 4 slotId = 0

02-22 21:41:25.254  3321  3321 D IccCardProxy: IccCardProxy handleMessage : 3

02-22 21:41:25.254  3321  3321 E IccCardProxy: setExternalState: !override and newstate unchanged from NETWORK_LOCKED

02-22 21:41:25.269  3321  3321 D CAT     : CatService: handleMessage[8]

02-22 21:41:25.269  3321  3321 D CAT     : CatService: MSG_ID_ICC_CHANGED

02-22 21:41:25.269  3321  3321 D CAT     : CatService: New Card State = CARDSTATE_PRESENT Old Card State = CARDSTATE_PRESENT

02-22 21:41:25.269  3321  3321 D PhoneBase: [voicemail] notifyMessageWaitingIndicator in phonebase mIsVoiceCapable = false

02-22 21:41:25.269  3321  3321 D PhoneBase: Call forwarding status retrieval returning DISABLED as status for matching subscriberId not found

02-22 21:41:25.274  3321  3321 D IccCardProxy: IccCardProxy handleMessage : 9

02-22 21:41:25.274  3321  3321 E IccCardProxy: setExternalState: !override and newstate unchanged from NETWORK_LOCKED

02-22 21:41:25.274  3321  3321 D RILJ    : [0036]> iccIO: SIM_IO 0xc0 0x6fb7  path: 3F007FFF,0,0,15 aid: xxx [SUB0]

02-22 21:41:25.274  3321  3321 D IccCardProxy: IccCardProxy handleMessage : 500

02-22 21:41:25.274  3321  3321 D IccCardProxy: IccCardProxy handleMessage : 500

02-22 21:41:25.274  3321  3321 D DCT     : [0]mReceiver action: android.intent.action.ACTION_SUBINFO_RECORD_UPDATED

02-22 21:41:25.274  3321  3321 D DCT     : [0]getInsertedSimCount() count:1

02-22 21:41:25.274  3321  3321 D SubscriptionController: [getActiveSubInfoCount]+

02-22 21:41:25.289  3321  3321 D SubscriptionController: [getActiveSubInfoList]+

02-22 21:41:25.289  3321  3321 D SubscriptionController: [getActiveSubInfoCount]- count: 1

02-22 21:41:25.289  3321  3321 D DCT     : [0]getActiveSubscriptionInfoCount() = 1

02-22 21:41:25.289  3321  3561 D RILJ    : [0036]< SIM_IO IccIoResponse xx xx [SUB0]

02-22 21:41:25.294  3321  3321 D SubscriptionController: [getActiveSubInfoCount]+

02-22 21:41:25.334  3321  3321 D SubscriptionController: [getActiveSubInfoList]+

02-22 21:41:25.339  3321  3321 D SubscriptionController: [getActiveSubInfoCount]- count: 1

02-22 21:41:25.339  3321  3321 D DCT     : [0]mSubInfoUpdated = true, mSimLoaded = false

02-22 21:41:25.339  3321  3321 D DcSwitchSM: [DcSwitchStateMachine-0] mReceiver action: android.intent.action.ACTION_SUBINFO_RECORD_UPDATED

02-22 21:41:25.339  3321  3321 D DctController: mReceiver action: android.intent.action.ACTION_SUBINFO_RECORD_UPDATED

02-22 21:41:25.339  3321  3321 D SubscriptionInfoUpdater: [Receiver]+

02-22 21:41:25.339  3321  3321 D SubscriptionInfoUpdater: Action: android.intent.action.internal_sim_state_changed

02-22 21:41:25.339  3321  3321 D SubscriptionInfoUpdater: slotId: 0

02-22 21:41:25.339  3321  3321 D SubscriptionInfoUpdater: simStatus: LOCKED

02-22 21:41:25.339  3321  3321 D SubscriptionInfoUpdater: [Receiver]-

02-22 21:41:25.339  3321  3321 D DctController: handleMessage msg={ when=-1s22ms what=103 obj=[request=NetworkRequest [ id=1, legacyType=-1, [ Capabilities: INTERNET&NOT_RESTRICTED&TRUSTED&NOT_VPN] ], executed=false, executedPhoneId=-1, enabledSlot=-1, priority=0] target=com.android.internal.telephony.dataconnection.DctController }

02-22 21:41:25.339  3321  3321 D DctController: onReleaseRequest request=[request=NetworkRequest [ id=1, legacyType=-1, [ Capabilities: INTERNET&NOT_RESTRICTED&TRUSTED&NOT_VPN] ], executed=false, executedPhoneId=-1, enabledSlot=-1, priority=0]

02-22 21:41:25.339  3321  3321 D DctController: handleMessage msg={ when=-1s23ms what=100 target=com.android.internal.telephony.dataconnection.DctController }

02-22 21:41:25.339  3321  3321 D DctController: selectExecPhone requestInfo = [request=NetworkRequest [ id=2, legacyType=-1, [ Transports: CELLULAR Capabilities: INTERNET&NOT_RESTRICTED&TRUSTED&NOT_VPN] ], executed=false, executedPhoneId=-1, enabledSlot=-1, priority=0]

02-22 21:41:25.339  3321  3321 D DctController: getTopPriorityRequestPhoneId = 0, priority = 0

02-22 21:41:25.339  3321  3321 D DcSwitchAsyncChannel: [DcSwitchAsyncChannel-0]: rspIsIdle=false

02-22 21:41:25.339  3321  3321 D DctController: onProcessRequest requestedPhoneId=0, activePhoneId=0

02-22 21:41:25.344  3321  3639 D DcSwitchSM: [DcSwitchStateMachine-0] AttachingState: REQ_CONNECT, apnRequest=[request=NetworkRequest [ id=2, legacyType=-1, [ Transports: CELLULAR Capabilities: INTERNET&NOT_RESTRICTED&TRUSTED&NOT_VPN] ], executed=false, executedPhoneId=-1, enabledSlot=-1, priority=0]

02-22 21:41:25.344  3321  3321 D DCT     : [0]handleMessage msg={ when=-929ms what=270366 arg1=1 target=com.android.internal.telephony.dataconnection.DcTracker }

02-22 21:41:25.344  3321  3321 D DCT     : [0]CMD_SET_USER_DATA_ENABLE enabled=true

02-22 21:41:25.344  3321  3321 D DCT     : [0]onSetUserDataEnabled: mUserDataEnabled = trueenabled = true

02-22 21:41:25.344  3321  3321 D DctController: handleMessage msg={ when=-911ms what=107 target=com.android.internal.telephony.dataconnection.DctController }

02-22 21:41:25.344  3321  3321 D DctController: onSubInfoReady mPhoneNum=1

02-22 21:41:25.344  3321  3321 D DctController: onSubInfoReady handle pending requests subId = 4

02-22 21:41:25.344  3321  3321 D DctController: [TNF 4]evalPendingRequest, pending request size is 0

02-22 21:41:25.344  3321  3321 D DctController: processRequests

02-22 21:41:25.469  3321  3590 D TelephonyManager: getLteOnCdmaMode=0 curVal=0 product_type='' lteOnCdmaProductType=''

02-22 21:41:25.904  2764  2818 I MultiSimManager: return subId: 4

02-22 21:41:25.904  2764  2818 I MultiSimManager: return subId: 2147483647

02-22 21:41:25.909  3321  3333 D SubscriptionController: [getPhoneId] asked for default subId=4

02-22 21:41:26.254  3321  3321 D PhoneBase: Call forwarding status retrieval returning DISABLED as status for matching subscriberId not found

02-22 21:41:26.264  3321  3321 D PhoneBase: Call forwarding status retrieval returning DISABLED as status for matching subscriberId not found

02-22 21:41:26.269  3321  3321 D PhoneBase: Call forwarding status retrieval returning DISABLED as status for matching subscriberId not found

02-22 21:41:26.269  3321  3321 D PhoneBase: Call forwarding status retrieval returning DISABLED as status for matching subscriberId not found

02-22 21:41:26.494  3321  3321 D RILJ    : [0037]> iccIO: SIM_IO 0xb2 0x6fb7  path: 3F007FFF,1,4,4 aid: xxx [SUB0]

02-22 21:41:26.499  3321  3321 D SubscriptionInfoUpdater: EVENT_SIM_LOCKED

02-22 21:41:26.499  3321  3321 D SubscriptionInfoUpdater: handleSimStateLockedInternal: slotId: 0 reason : NETWORK

02-22 21:41:26.509  3321  3561 D RILJ    : [0037]< SIM_IO IccIoResponse xx xx [SUB0]

02-22 21:41:26.519  3321  3321 D SubscriptionInfoUpdater: Broadcasting intent ACTION_SIM_STATE_CHANGED LOCKED reason NETWORK for mCardIndex : 0

02-22 21:41:26.524  3321  3590 D SubscriptionController: getSimStateForSlotIdx:  simState=NETWORK_LOCKED ordinal=4

02-22 21:41:26.529  2764  2764 D SubscriptionManager: getSimStateForSlotIdx: simState=4 slotIdx=0

02-22 21:41:26.534  3321  3321 D DctController: handleMessage msg={ when=-1s188ms what=100 target=com.android.internal.telephony.dataconnection.DctController }

02-22 21:41:26.534  3321  3321 D DctController: selectExecPhone requestInfo = [request=NetworkRequest [ id=2, legacyType=-1, [ Transports: CELLULAR Capabilities: INTERNET&NOT_RESTRICTED&TRUSTED&NOT_VPN] ], executed=false, executedPhoneId=-1, enabledSlot=-1, priority=0]

02-22 21:41:26.534  3321  3321 D DctController: getTopPriorityRequestPhoneId = 0, priority = 0

02-22 21:41:26.534  3321  3321 D DcSwitchAsyncChannel: [DcSwitchAsyncChannel-0]: rspIsIdle=false

02-22 21:41:26.534  3321  3321 D DctController: onProcessRequest requestedPhoneId=0, activePhoneId=0

02-22 21:41:26.539  3321  3639 D DcSwitchSM: [DcSwitchStateMachine-0] AttachingState: REQ_CONNECT, apnRequest=[request=NetworkRequest [ id=2, legacyType=-1, [ Transports: CELLULAR Capabilities: INTERNET&NOT_RESTRICTED&TRUSTED&NOT_VPN] ], executed=false, executedPhoneId=-1, enabledSlot=-1, priority=0]

02-22 21:41:26.544  3321  4000 D SubscriptionController: getPhoneId,  received dummy subId 2147483643

02-22 21:41:26.564  3321  3642 D SubscriptionController: getSimStateForSlotIdx:  simState=NETWORK_LOCKED ordinal=4

02-22 21:41:26.564  2764  2764 D SubscriptionManager: getSimStateForSlotIdx: simState=4 slotIdx=0

02-22 21:41:26.564  3321  4000 D SubscriptionController: getSimStateForSlotIdx:  simState=NETWORK_LOCKED ordinal=4

02-22 21:41:26.564  2764  3052 D SubscriptionManager: getSimStateForSlotIdx: simState=4 slotIdx=0

02-22 21:41:26.594  3321  3642 D SubscriptionController: [getActiveSubInfoList]+

02-22 21:41:26.624  3321  3333 D TelephonyManager: getLteOnCdmaMode=0 curVal=0 product_type='' lteOnCdmaProductType=''

02-22 21:41:27.039  3321  3321 D RILJ    : [0038]> iccIO: SIM_IO 0xb2 0x6fb7  path: 3F007FFF,2,4,4 aid: xxx [SUB0]

02-22 21:41:27.049  3321  3561 D RILJ    : [0038]< SIM_IO IccIoResponse xx xx [SUB0]

02-22 21:41:27.064  3321  3321 D GsmSST  : Intent : android.intent.action.SIM_STATE_CHANGED

02-22 21:41:27.064  3321  3321 D SIMRecords: [SIMRecords] [getDisplayRule] SPN service disabled (EF_UST)

02-22 21:41:27.064  3321  3321 D GsmSST  : updateSpnDisplay - isWFCReigstered: false

02-22 21:41:27.064  3321  3321 D GsmSST  : updateSpnDisplay: radio is on but out of service, set plmn='null'

02-22 21:41:27.064  3321  3321 D SIMRecords: [SIMRecords] [getDisplayRule] SPN service disabled (EF_UST)

02-22 21:41:27.069  3321  3321 D SubscriptionInfoUpdater: [Receiver]+

02-22 21:41:27.069  3321  3321 D SubscriptionInfoUpdater: Action: android.intent.action.SIM_STATE_CHANGED

02-22 21:41:27.069  3321  3321 D SubscriptionInfoUpdater: slotId: 0

02-22 21:41:27.069  3321  3321 D SubscriptionInfoUpdater: simStatus: LOCKED

02-22 21:41:27.069  3321  3321 D SubscriptionInfoUpdater: Ignoring simStatus: LOCKED

02-22 21:41:27.069  3321  3321 D SubscriptionInfoUpdater: [Receiver]-

02-22 21:41:27.069  3321  3321 D use-Rlog/RLOG-IMS-IIL: ImsIilManager: SimIntentReceiver: received action android.intent.action.SIM_STATE_CHANGED

02-22 21:41:27.069  3321  3861 D use-Rlog/RLOG-IMS-IIL: ImsIilManager: handleMessage: event 9

02-22 21:41:27.069  3321  3861 D use-Rlog/RLOG-IMS-IIL: ImsIilManager: onReceiveSimStateChange() : simState=LOCKED

02-22 21:41:27.189  3321  3321 D RILJ    : [0039]> iccIO: SIM_IO 0xb2 0x6fb7  path: 3F007FFF,3,4,4 aid: xxx [SUB0]

02-22 21:41:27.199  3321  3561 D RILJ    : [0039]< SIM_IO IccIoResponse xx xx [SUB0]

02-22 21:41:27.294  3321  3321 D RILJ    : [0040]> iccIO: SIM_IO 0xb2 0x6fb7  path: 3F007FFF,4,4,4 aid: xxx [SUB0]

02-22 21:41:27.299  3321  3561 D RILJ    : [0040]< SIM_IO IccIoResponse xx xx [SUB0]

02-22 21:41:27.469  3321  3321 D RILJ    : [0041]> iccIO: SIM_IO 0xb2 0x6fb7  path: 3F007FFF,5,4,4 aid: xxx [SUB0]

02-22 21:41:27.479  3321  3561 D RILJ    : [0041]< SIM_IO IccIoResponse xx xx [SUB0]

02-22 21:41:27.479  3321  3321 D IccCardProxy: IccCardProxy handleMessage : 200

02-22 21:41:27.479  3321  3321 D IccCardProxy: read3GEccList: 911/0,112/0

02-22 21:41:27.499  3321  3321 D SubscriptionController: getSimStateForSlotIdx:  simState=NETWORK_LOCKED ordinal=4

02-22 21:41:27.499  3321  3321 D SubscriptionManager: getSimStateForSlotIdx: simState=4 slotIdx=0

02-22 21:41:27.499  3321  3321 D GSMPhone: setEmergencyNumbers: mPrevSs=[1 1 voice home data home  Unknown Unknown CSS not supported -1 -1 RoamInd=-1 DefRoamInd=-1 VoiceRegType=0 ImsVoiceAvail=0 IsEbSupport=2 IsEaBarred=0 Snap=0 FemtocellInd=0 EmergOnly=false IsDataRoamingFromRegistration=false], ss=[1 1 voice home data home  Unknown Unknown CSS not supported -1 -1 RoamInd=-1 DefRoamInd=-1 VoiceRegType=0 ImsVoiceAvail=0 IsEbSupport=2 IsEaBarred=0 Snap=0 FemtocellInd=0 EmergOnly=false IsDataRoamingFromRegistration=false]

02-22 21:41:27.499  3321  3321 D GSMPhone: setEmergencyNumbers: customerSpec=null

02-22 21:41:27.499  3321  3321 D GSMPhone: setEmergencyNumbers: simstateProperty=NETWORK_LOCKED

02-22 21:41:27.499  3321  3321 D GSMPhone: setEmergencyNumbers: withSIM=true

02-22 21:41:27.499  3321  3321 D GSMPhone: setEmergencyNumbers: ECC from SIM=911/0,112/0

02-22 21:41:27.499  3321  3321 D GSMPhone: setEmergencyNumbers: ECC for operator=112,911

02-22 21:41:27.499  3321  3321 D GSMPhone: setEmergencyNumbers: emergencyNumbers=911/0,112/0,112,911

02-22 21:41:27.504  3321  3321 D GSMPhone: setEmergencyNumbers: ril.ecclist00 - 911/0,112/0,112,911

02-22 21:41:27.504  3321  3321 D PhoneProxy: mPhoneProxyReceiver: action android.telephony.action.CARRIER_CONFIG_CHANGED

02-22 21:41:27.589  3321  3331 D TelephonyManager: getLteOnCdmaMode=0 curVal=0 product_type='' lteOnCdmaProductType=''

02-22 21:41:27.619  3321  4000 D TelephonyManager: getLteOnCdmaMode=0 curVal=0 product_type='' lteOnCdmaProductType=''

02-22 21:41:27.654  3321  3642 D SubscriptionController: [getActiveSubInfoList]+

02-22 21:41:28.229  3321  3642 D TelephonyManager: getLteOnCdmaMode=0 curVal=0 product_type='' lteOnCdmaProductType=''

02-22 21:41:28.239  3321  4000 D TelephonyManager: getLteOnCdmaMode=0 curVal=0 product_type='' lteOnCdmaProductType=''

02-22 21:41:28.284  3321  3333 D TelephonyManager: getLteOnCdmaMode=0 curVal=0 product_type='' lteOnCdmaProductType=''

02-22 21:41:28.459  3321  3590 D TelephonyManager: getLteOnCdmaMode=0 curVal=0 product_type='' lteOnCdmaProductType=''

02-22 21:41:28.554  3321  3590 D TelephonyManager: getLteOnCdmaMode=0 curVal=0 product_type='' lteOnCdmaProductType=''

02-22 21:41:29.214  3321  3321 D SubscriptionController: getSimStateForSlotIdx:  simState=NETWORK_LOCKED ordinal=4

02-22 21:41:29.214  3321  3321 D SubscriptionManager: getSimStateForSlotIdx: simState=4 slotIdx=0

02-22 21:41:29.854  3321  3590 D SubscriptionController: getSimStateForSlotIdx:  simState=NETWORK_LOCKED ordinal=4

02-22 21:41:29.854  4230  4230 D SubscriptionManager: getSimStateForSlotIdx: simState=4 slotIdx=0

02-22 21:41:32.194  4047  4212 D TelephonyManager: getTopPackageName = com.sec.android.app.launcher

02-22 21:41:36.604  4047  4218 D TelephonyManager: getTopPackageName = com.sec.android.app.launcher

02-22 21:41:37.014  4047  4226 D TelephonyManager: getTopPackageName = com.sec.android.app.launcher

02-22 21:41:37.044  4047  4226 D TelephonyManager: getTopPackageName = com.sec.android.app.launcher

02-22 21:41:37.279  4047  4226 D TelephonyManager: getTopPackageName = com.sec.android.app.launcher

02-22 21:41:37.404  4047  4229 D TelephonyManager: getTopPackageName = com.sec.android.app.launcher

02-22 21:41:38.429  3321  3321 D RILJ    : [0042]> SIGNAL_STRENGTH [SUB0]

02-22 21:41:38.444  3321  3561 D RILJ    : [0042]< SIGNAL_STRENGTH SignalStrength: 0 99 0 200 0 200 -1 0 2147483647 255 2147483647 2147483647 2147483647 0x0 gsm|lte [SUB0]

02-22 21:41:38.444  3321  3321 W SignalStrength: Signal before validate=SignalStrength: 0 99 0 200 0 200 -1 0 2147483647 255 2147483647 2147483647 2147483647 0x0 gsm|lte

02-22 21:41:38.444  3321  3321 W SignalStrength: Signal after validate=SignalStrength: 0 99 -120 -200 -120 -200 -1 0 2147483647 2147483647 2147483647 2147483647 2147483647 0x0 gsm|lte

02-22 21:41:38.464  3321  3321 D DCT     : [0]notifyDataConnection: reason=WeakSignal

02-22 21:41:38.464  3321  3321 D DCT     : [0]isDataAllowed getRecordsLoaded=false

02-22 21:41:38.479  3321  3321 D DCT     : [0]isDataAllowed: not allowed due to - Attached= false - SIM not loaded

02-22 21:41:38.479  3321  3321 D DCT     : [0]isDataAllowedOnDataDisabled: not allowed due to - gprs= 1 - SIM not loaded

02-22 21:41:38.479  3321  3321 D DCT     : [0]isDataAllowedOnDataDisabled: not allowed due to - gprs= 1 - SIM not loaded

02-22 21:41:38.479  3321  3321 D DCT     : [0]isDataPossible(xcap): possible=false isDataAllowed=false apnTypePossible=true apnContextisEnabled=false apnContextState()=IDLE isDataAllowedOnDataDisabled =false

02-22 21:41:38.479  3321  3321 D DCT     : [ApnContext:xcap] getApnSetting: apnSetting=null

02-22 21:41:38.484  3321  3321 D DCT     : [0]isDataAllowed getRecordsLoaded=false

02-22 21:41:38.489  3321  3321 D DCT     : [0]isDataAllowed: not allowed due to - Attached= false - SIM not loaded

02-22 21:41:38.489  3321  3321 D DCT     : [0]isDataPossible(fota): possible=false isDataAllowed=false apnTypePossible=true apnContextisEnabled=false apnContextState()=IDLE isDataAllowedOnDataDisabled =false

02-22 21:41:38.489  3321  3321 D DCT     : [ApnContext:fota] getApnSetting: apnSetting=null

02-22 21:41:38.494  3321  3321 D DCT     : [0]isDataAllowed getRecordsLoaded=false

02-22 21:41:38.504  3321  3321 D DCT     : [0]isDataAllowed: not allowed due to - Attached= false - SIM not loaded

02-22 21:41:38.504  3321  3321 D DCT     : [0]isDataPossible(supl): possible=false isDataAllowed=false apnTypePossible=true apnContextisEnabled=false apnContextState()=IDLE isDataAllowedOnDataDisabled =false

02-22 21:41:38.504  3321  3321 D DCT     : [ApnContext:supl] getApnSetting: apnSetting=null

02-22 21:41:38.519  3321  3321 D DCT     : [0]isDataAllowed getRecordsLoaded=false

02-22 21:41:38.519  3321  3321 D DCT     : [0]isDataAllowed: not allowed due to - Attached= false - SIM not loaded

02-22 21:41:38.519  3321  3321 D DCT     : [0]isDataPossible(bip): possible=false isDataAllowed=false apnTypePossible=true apnContextisEnabled=false apnContextState()=IDLE isDataAllowedOnDataDisabled =false

02-22 21:41:38.519  3321  3321 D DCT     : [ApnContext:bip] getApnSetting: apnSetting=null

02-22 21:41:38.529  3321  3321 D DCT     : [0]isDataAllowed getRecordsLoaded=false

02-22 21:41:38.534  3321  3321 D DCT     : [0]isDataAllowed: not allowed due to - Attached= false - SIM not loaded

02-22 21:41:38.534  3321  3321 D DCT     : [0]isDataPossible(ent2): possible=false isDataAllowed=false apnTypePossible=true apnContextisEnabled=false apnContextState()=IDLE isDataAllowedOnDataDisabled =false

02-22 21:41:38.534  3321  3321 D DCT     : [ApnContext:ent2] getApnSetting: apnSetting=null

02-22 21:41:38.539  3321  3321 D DCT     : [0]isDataPossible(emergency): possible=true isDataAllowed=true apnTypePossible=true apnContextisEnabled=false apnContextState()=IDLE isDataAllowedOnDataDisabled =false

02-22 21:41:38.539  3321  3321 D DCT     : [ApnContext:emergency] getApnSetting: apnSetting=null

02-22 21:41:38.544  3321  3321 D DCT     : [0]isDataAllowed getRecordsLoaded=false

02-22 21:41:38.549  3321  3321 D DCT     : [0]isDataAllowed: not allowed due to - Attached= false - SIM not loaded

02-22 21:41:38.549  3321  3321 D DCT     : [0]isDataPossible(ent1): possible=false isDataAllowed=false apnTypePossible=true apnContextisEnabled=false apnContextState()=IDLE isDataAllowedOnDataDisabled =false

02-22 21:41:38.549  3321  3321 D DCT     : [ApnContext:ent1] getApnSetting: apnSetting=null

02-22 21:41:38.559  3321  3321 D DCT     : [0]isDataAllowed getRecordsLoaded=false

02-22 21:41:38.559  3321  3321 D DCT     : [0]isDataAllowed: not allowed due to - Attached= false - SIM not loaded

02-22 21:41:38.559  3321  3321 D DCT     : [0]isDataPossible(hipri): possible=false isDataAllowed=false apnTypePossible=true apnContextisEnabled=false apnContextState()=IDLE isDataAllowedOnDataDisabled =false

02-22 21:41:38.559  3321  3321 D DCT     : [ApnContext:hipri] getApnSetting: apnSetting=null

02-22 21:41:38.569  3321  3321 D DCT     : [0]isDataAllowed getRecordsLoaded=false

02-22 21:41:38.569  3321  3321 D DCT     : [0]isDataAllowed: not allowed due to - Attached= false - SIM not loaded

02-22 21:41:38.569  3321  3321 D DCT     : [0]isDataAllowedOnDataDisabled: not allowed due to - gprs= 1 - SIM not loaded

02-22 21:41:38.569  3321  3321 D DCT     : [0]isDataAllowedOnDataDisabled: not allowed due to - gprs= 1 - SIM not loaded

02-22 21:41:38.569  3321  3321 D DCT     : [0]isDataPossible(ims): possible=false isDataAllowed=false apnTypePossible=true apnContextisEnabled=false apnContextState()=IDLE isDataAllowedOnDataDisabled =false

02-22 21:41:38.569  3321  3321 D DCT     : [ApnContext:ims] getApnSetting: apnSetting=null

02-22 21:41:38.574  3321  3321 D DCT     : [0]isDataAllowed getRecordsLoaded=false

