02-22 21:41:56.509  4570  4570 I art     : Rejecting re-init on previously-failed class java.lang.Class<com.google.android.gms.org.conscrypt.Java8ExtendedSSLSession>
02-22 21:41:56.634  4570  4570 I ProviderInstaller: Installed default security provider GmsCore_OpenSSL
02-22 21:41:56.679  4570  4570 I art     : Note: end time exceeds epoch: 
02-22 21:41:56.744  4570  4952 W DataCollectionRegistryV: DataCollectionRegistryFullEntries is missing
02-22 21:41:56.964  4398  4606 W GoogleTagManager: IOException getting Ad Id Info
02-22 21:41:56.964  4398  4606 W GoogleTagManager: java.io.IOException: java.util.concurrent.TimeoutException: Timed out waiting for the service connection
02-22 21:41:56.964  4398  4606 W GoogleTagManager: 	at qcu.a(PG:45)
02-22 21:41:56.964  4398  4606 W GoogleTagManager: 	at rvw.run(PG:2)
02-22 21:41:56.964  4398  4606 W GoogleTagManager: 	at java.lang.Thread.run(Thread.java:818)
02-22 21:41:56.964  4398  4606 W GoogleTagManager: Caused by: java.util.concurrent.TimeoutException: Timed out waiting for the service connection
02-22 21:41:56.964  4398  4606 W GoogleTagManager: 	at qcu.a(PG:44)
02-22 21:41:56.964  4398  4606 W GoogleTagManager: 	... 2 more
02-22 21:41:57.004  2202  2202 W keystore: ENTER abort from uid 10008
02-22 21:41:57.009  2202  2202 W keystore: ENTER abort from uid 10008
02-22 21:41:57.014  3667  4863 W art     : Verification of void hfaa.b() took 230.572ms
02-22 21:41:57.029  4570  4952 W art     : Verification of void brpu.<clinit>() took 241.348ms
02-22 21:41:57.044  2202  2202 W keystore: ENTER abort from uid 10008
02-22 21:41:57.049  4865  4865 W art     : Verification of java.lang.Object mhr.b() took 300.617ms
02-22 21:41:57.134  4570  4570 D BoundBrokerSvc: onBind: Intent { act=com.google.android.gms.mdisync.service.START dat=chimera-action: cmp=com.google.android.gms/.chimera.GmsApiService }
02-22 21:41:57.134  4570  4570 D BoundBrokerSvc: Loading bound service for intent: Intent { act=com.google.android.gms.mdisync.service.START dat=chimera-action: cmp=com.google.android.gms/.chimera.GmsApiService }
02-22 21:41:57.254  3667  4562 W art     : Verification of epmr epmu.a(byte[], eqcm, gnih, java.lang.Long, gnih, long, int, int) took 167.224ms
02-22 21:41:57.259  4570  4582 I DynamiteModule: Considering local module com.google.android.gms.googlecertificates:7 and remote module com.google.android.gms.googlecertificates:0
02-22 21:41:57.259  4570  4582 I DynamiteModule: Selected local version of com.google.android.gms.googlecertificates
02-22 21:41:57.354  4570  4570 W art     : Verification of void bbqe.<clinit>() took 124.777ms
02-22 21:41:57.369  4570  4582 W GoogleCertificates: GoogleCertificates has been initialized already
02-22 21:41:57.459  4570  4952 W art     : Verification of cktm ckvf.d(gnjw, ckve) took 109.718ms
02-22 21:41:57.474  4570  4570 D BoundBrokerSvc: onBind: Intent { act=com.google.android.mobstore.service.START pkg=com.google.android.gms }
02-22 21:41:57.474  4570  4570 D BoundBrokerSvc: Loading bound service for intent: Intent { act=com.google.android.mobstore.service.START pkg=com.google.android.gms }
02-22 21:41:57.579  3667  3667 D WearableService: Creating wearable service asynchronously.
02-22 21:41:57.609  4570  4570 D BoundBrokerSvc: onBind: Intent { act=com.google.android.gms.measurement.START pkg=com.google.android.gms }
02-22 21:41:57.609  4570  4570 D BoundBrokerSvc: Loading bound service for intent: Intent { act=com.google.android.gms.measurement.START pkg=com.google.android.gms }
02-22 21:41:57.654  2764  2818 I am_pss  : [4134,10003,com.android.carrierconfig,1704960,1236992]
02-22 21:41:57.699  3667  4295 D WearableService: onGetService: waiting for onCreate to be completed.
02-22 21:41:57.704  3667  4562 W art     : Verification of dxih ecbi.f() took 155.581ms
02-22 21:41:57.714  3667  4450 W art     : Verification of fiua caak.b(byte[], android.accounts.Account, gsdr, java.util.Collection) took 130.152ms
02-22 21:41:57.719  3667  4411 W art     : Verification of fmjl eqyj.a() took 151.075ms
02-22 21:41:57.729  3667  4411 I ehcg    : (REDACTED) The syncToken for corpus %s is %s and the syncRequestReason is %s
02-22 21:41:57.739  3667  4355 I SelfLocationFetcher: Device is opted-out of last known location reporting. [CONTEXT service_id=284 ]
02-22 21:41:57.749  2764  2927 D SensorService: [SO] -1.148 -0.912 9.500
02-22 21:41:57.784  3667  4317 I Wear_Controller: Wearable module requires a companion app to be installed.
02-22 21:41:57.784  3667  4317 I WearableService: onCreate: Wearable Services not starting. Wear is not available on this device.
02-22 21:41:57.814  4570  4581 I art     : Background sticky concurrent mark sweep GC freed 57742(6MB) AllocSpace objects, 2(40KB) LOS objects, 24% free, 18MB/24MB, paused 1.528ms total 100.537ms
02-22 21:41:57.839  4570  4570 D BoundBrokerSvc: onBind: Intent { act=com.google.android.gms.checkin.START pkg=com.google.android.gms }
02-22 21:41:57.839  4570  4570 D BoundBrokerSvc: Loading bound service for intent: Intent { act=com.google.android.gms.checkin.START pkg=com.google.android.gms }
02-22 21:41:57.899  3092  3092 D KeyguardUpdateMonitor: received broadcast android.intent.action.BATTERY_CHANGED
02-22 21:41:57.904  3092  3092 D KeyguardUpdateMonitor: handleBatteryUpdate
02-22 21:41:57.909  3433  3433 D BatteryMonitor: new battery level: 100
02-22 21:41:57.914  3653  3653 V HeadsetService: HeadsetService - Received Intent.ACTION_BATTERY_CHANGED
02-22 21:41:57.914  3653  3839 D HeadsetStateMachine: Disconnected process message: 10, size: 0
02-22 21:41:57.944  4570  4570 D BoundBrokerSvc: onBind: Intent { act=com.google.android.gms.onboardingconsent.api.ConsentManagerApiService.START dat=chimera-action: cmp=com.google.android.gms/.chimera.GmsApiService }
02-22 21:41:57.944  4570  4570 D BoundBrokerSvc: Loading bound service for intent: Intent { act=com.google.android.gms.onboardingconsent.api.ConsentManagerApiService.START dat=chimera-action: cmp=com.google.android.gms/.chimera.GmsApiService }
02-22 21:41:57.984  3667  4425 I ProximityAuth: [SimStateChangedIntentOperation] Handling intent Intent { act=android.intent.action.SIM_STATE_CHANGED flg=0x14000010 pkg=com.google.android.gms cmp=com.google.android.gms/.chimera.PersistentIntentOperationService bqHint=2 (has extras) }
02-22 21:41:57.994  3667  4450 W art     : Verification of bbdd bbdd.b(android.content.Context, int, android.accounts.Account, java.lang.String) took 122.349ms
02-22 21:41:58.024  4755  4770 I ReschedulableTimer: [#CMH#] ReschedulableTimer started 
02-22 21:41:58.029  3667  4411 I ehcg    : (REDACTED) The syncToken for corpus %s is %s and the syncRequestReason is %s
02-22 21:41:58.034  4755  4770 I Controller: [#CMH#] startSmartClustering starting clustering 
02-22 21:41:58.034  4755  4770 I Controller: [#CMH#] startSmartClustering starting day clustering 
02-22 21:41:58.034  4755  4770 I Controller: [#CMH#] startDaywiseClustering starting day clustering 
02-22 21:41:58.034  3667  4295 W WearableService: onGetService: Wear is not available on this device.
02-22 21:41:58.049  4755  4806 I ClusteringTask: [#CMH#] before mutex 
02-22 21:41:58.049  4755  4806 I ClusteringTask: [#CMH#] after mutex 
02-22 21:41:58.049  4755  4806 I MomentClusteringAlgo: [#CMH#] performClustering images deleted false
02-22 21:41:58.049  4755  4806 I ClusteringDBUtils: [#CMH#] updateClusterTable In nothing to update 
02-22 21:41:58.054  4755  4805 I DayClusteringTask: [#CMH#] before mutex 
02-22 21:41:58.054  4755  4805 I DayClusteringTask: [#CMH#] after mutex 
02-22 21:41:58.054  4755  4805 I DayClusteringTask: [#CMH#] internalRun Cluster size after image deletion:  0
02-22 21:41:58.054  4755  4805 I ClusteringDBUtils: [#CMH#] No clusters..!! 
02-22 21:41:58.054  4755  4807 I DayAndMonthTask: [#CMH#] before mutex 
02-22 21:41:58.054  4755  4807 I DayAndMonthTask: [#CMH#] after mutex 
02-22 21:41:58.054  3667  3667 D BoundBrokerSvc: onBind: Intent { act=com.google.android.gms.nearby.fastpair.START dat=chimera-action: cmp=com.google.android.gms/.chimera.PersistentApiServiceNoInstantApps }
02-22 21:41:58.054  3667  3667 D BoundBrokerSvc: Loading bound service for intent: Intent { act=com.google.android.gms.nearby.fastpair.START dat=chimera-action: cmp=com.google.android.gms/.chimera.PersistentApiServiceNoInstantApps }
02-22 21:41:58.174  4755  4806 I MomentClusteringAlgo: [#CMH#] performClustering In 0 
02-22 21:41:58.174  4755  4806 I ClusteringTask: [#CMH#] Cluster size: 0
02-22 21:41:58.174  4755  4806 I ClusteringDBUtils: [#CMH#] updateClusterTable In nothing to update 
02-22 21:41:58.174  4755  4806 I ClusteringTask: [#CMH#] after mutex release 
02-22 21:41:58.174  4755  4805 I TimeBasedClustering: [#CMH#] performClustering insertimages In 0 
02-22 21:41:58.189  2764  3744 I power_partial_wake_state: [1,IntentOp:.mdm.services.FmdSafetyCenterIntentOperation]
02-22 21:41:58.199  4570  4977 I LocationHistory: (REDACTED) [IntentOperation] Handling action %s
02-22 21:41:58.209  2764  3306 I power_partial_wake_state: [0,IntentOp:.mdm.services.FmdSafetyCenterIntentOperation]
02-22 21:41:58.219  2764  3742 I power_partial_wake_state: [0,IntentOp:com.google.android.gms/.chimera.GmsIntentOperationService]
02-22 21:41:58.309  4570  4977 I LocationHistory: [IntentOperation] Device settings changed to ENABLED. Scheduling periodic tasks. [CONTEXT service_id=314 ]
02-22 21:41:58.334  4570  4968 I Checkin : [CheckinApiChimeraService] onGetService
02-22 21:41:58.339  4570  4570 D BoundBrokerSvc: onBind: Intent { act=com.google.android.gms.common.BIND_SHARED_PREFS pkg=com.google.android.gms }
02-22 21:41:58.339  4570  4570 D BoundBrokerSvc: Loading bound service for intent: Intent { act=com.google.android.gms.common.BIND_SHARED_PREFS pkg=com.google.android.gms }
02-22 21:41:58.399  4570  4977 I SemanticLocation: (REDACTED) [Scheduler] Periodic Task %s.%s is scheduled to run %s
02-22 21:41:58.444  4570  4977 I SemanticLocation: (REDACTED) [Scheduler] Housekeeping Task %s.%s is scheduled to run at cadence %s
02-22 21:41:58.449  4570  4977 I SemanticLocation: (REDACTED) [Scheduler] Periodic Task %s.%s is scheduled to run %s
02-22 21:41:58.459  4570  4977 I SemanticLocation: (REDACTED) [Scheduler] Housekeeping Task %s.%s is scheduled to run at cadence %s
02-22 21:41:58.499  4570  4977 I SemanticLocation: (REDACTED) [Scheduler] Periodic Task %s.%s is scheduled to run %s
02-22 21:41:58.509  4570  4977 I SemanticLocation: (REDACTED) [Scheduler] Housekeeping Task %s.%s is scheduled to run at cadence %s
02-22 21:41:58.509  4570  4977 I SemanticLocation: (REDACTED) [Scheduler] Housekeeping Task %s.%s is scheduled to run at cadence %s
02-22 21:41:58.514  4570  4977 I SemanticLocation: (REDACTED) [Scheduler] Periodic Task %s.%s is scheduled to run %s
02-22 21:41:58.519  4570  4977 I SemanticLocation: (REDACTED) [Scheduler] Periodic Task %s.%s is scheduled to run %s
02-22 21:41:58.524  4570  4977 I SemanticLocation: (REDACTED) [Scheduler] Housekeeping Task %s.%s is scheduled to run at cadence %s
02-22 21:41:58.529  4570  4977 I SemanticLocation: (REDACTED) [Scheduler] Housekeeping Task %s.%s is scheduled to run at cadence %s
02-22 21:41:58.529  4570  4977 I SemanticLocation: (REDACTED) [Scheduler] Housekeeping Task %s.%s is scheduled to run at cadence %s
02-22 21:41:58.544  3667  4355 E SQLiteLog: (1) no such table: ChangeCounts
02-22 21:41:58.544  4570  4977 I SemanticLocation: (REDACTED) [Scheduler] Periodic Task %s.%s is scheduled to run %s
02-22 21:41:58.554  4570  4977 I SemanticLocation: (REDACTED) [Scheduler] Housekeeping Task %s.%s is scheduled to run at cadence %s
02-22 21:41:58.554  4570  4977 I SemanticLocation: (REDACTED) [Scheduler] Housekeeping Task %s.%s is scheduled to run at cadence %s
02-22 21:41:58.554  4570  4977 I SemanticLocation: (REDACTED) [Scheduler] Housekeeping Task %s.%s is scheduled to run at cadence %s
02-22 21:41:58.554  4570  4977 I SemanticLocation: (REDACTED) [Scheduler] Housekeeping Task %s.%s is scheduled to run at cadence %s
02-22 21:41:58.554  4570  4977 I SemanticLocation: (REDACTED) [Scheduler] Housekeeping Task %s.%s is scheduled to run at cadence %s
02-22 21:41:58.559  4570  4977 I SemanticLocation: (REDACTED) [Scheduler] Housekeeping Task %s.%s is scheduled to run at cadence %s
02-22 21:41:58.559  4570  4988 I constellation: [sim_state_checker] Handling intent Intent { act=android.intent.action.SIM_STATE_CHANGED flg=0x14000010 pkg=com.google.android.gms cmp=com.google.android.gms/.chimera.GmsIntentOperationService bqHint=2 (has extras) }
02-22 21:41:58.564  4570  4977 I SemanticLocation: (REDACTED) [Scheduler] Periodic Task %s.%s is scheduled to run %s
02-22 21:41:58.574  4570  4977 I SemanticLocation: (REDACTED) [Scheduler] Housekeeping Task %s.%s is scheduled to run at cadence %s
02-22 21:41:58.604  4570  4582 W art     : Verification of void crpd.<init>(byte[]) took 143.159ms
02-22 21:41:58.639  3667  4380 W art     : Verification of java.lang.Object hfoi.b(hekm, heos, hekl, java.lang.Object) took 217.866ms
02-22 21:41:58.654  4755  4805 I DayClusteringTask: [#CMH#] internalRun Cluster size after image insertion:  0
02-22 21:41:58.654  4755  4805 I ClusteringDBUtils: [#CMH#] No clusters..!! 
02-22 21:41:58.654  4755  4805 I DayClusteringTask: [#CMH#] startLocationClustering In  0
02-22 21:41:58.654  4755  4805 I DayClusteringTask: [#CMH#] internalRun::No more Images/Videos to process, Finished Task, Exiting  
02-22 21:41:58.654  4755  4805 I DayClusteringTask: [#CMH#] after mutex release 
02-22 21:41:58.659  4755  4807 I DayAndMonthTask: [#CMH#] after mutex release 
02-22 21:41:58.684  3321  3321 D RILJ    : [0049]> SIGNAL_STRENGTH [SUB0]
02-22 21:41:58.689  4570  4980 W art     : Verification of void cssw.d() took 484.937ms
02-22 21:41:58.689  2764  3306 I power_partial_wake_state: [1,RILJ0]
02-22 21:41:58.699  3321  3561 D RILJ    : [0049]< SIGNAL_STRENGTH SignalStrength: 0 99 0 200 0 200 -1 0 2147483647 255 2147483647 2147483647 2147483647 0x0 gsm|lte [SUB0]
02-22 21:41:58.699  3321  3321 W SignalStrength: Signal before validate=SignalStrength: 0 99 0 200 0 200 -1 0 2147483647 255 2147483647 2147483647 2147483647 0x0 gsm|lte
02-22 21:41:58.699  3321  3321 W SignalStrength: Signal after validate=SignalStrength: 0 99 -120 -200 -120 -200 -1 0 2147483647 2147483647 2147483647 2147483647 2147483647 0x0 gsm|lte
02-22 21:41:58.699  3321  3321 D DefaultPhoneNotifier: notifySignalStrength: mRegistry=com.android.internal.telephony.ITelephonyRegistry$Stub$Proxy@b8e39e7 ss=SignalStrength: 0 99 -120 -200 -120 -200 -1 0 2147483647 2147483647 2147483647 2147483647 2147483647 0x0 gsm|lte sender=Handler (com.android.internal.telephony.gsm.GSMPhone) {89eae82}
02-22 21:41:58.699  2764  2928 I power_partial_wake_state: [0,RILJ0]
02-22 21:41:58.704  3653  3653 D HeadsetPhoneState: Signal level : previous=0 curr=0
02-22 21:41:58.709  3092  3411 D NetworkController.MobileSignalController(0/4): onSignalStrengthsChanged signalStrength=SignalStrength: 0 99 -120 -200 -120 -200 -1 0 2147483647 2147483647 2147483647 2147483647 2147483647 0x0 gsm|lte level=0
02-22 21:41:58.709  3092  3411 D NetworkController.MobileSignalController(0/4): getMobileIconGroup(): 0
02-22 21:41:58.709  3092  3411 D NetworkController.MobileSignalController(0/4): updateATTMobileIconGroup(): 0
02-22 21:41:58.724  4570  4582 I MdiSyncModule: (REDACTED) Receiving API connection from package '%s'...
02-22 21:41:58.749  4570  4977 I SemanticLocation: (REDACTED) [Scheduler] Housekeeping Task %s.%s is scheduled to run at cadence %s
02-22 21:41:58.799  4570  4977 I SemanticLocation: (REDACTED) [Scheduler] Housekeeping Task %s.%s is scheduled to run at cadence %s
02-22 21:41:58.804  4570  4977 I SemanticLocation: (REDACTED) [Scheduler] Housekeeping Task %s.%s is scheduled to run at cadence %s
02-22 21:41:58.814  4570  4977 I SemanticLocation: (REDACTED) [Scheduler] Housekeeping Task %s.%s is scheduled to run at cadence %s
02-22 21:41:58.869  4570  4976 I LocationHistory: (REDACTED) [IntentOperation] Handling action %s
02-22 21:41:58.869  4570  4976 I LocationHistory: [IntentOperation] Device settings changed to ENABLED. Scheduling periodic tasks. [CONTEXT service_id=314 ]
02-22 21:41:58.869  4570  4976 I SemanticLocation: (REDACTED) [Scheduler] Periodic Task %s.%s is scheduled to run %s
02-22 21:41:58.869  4570  4976 I SemanticLocation: (REDACTED) [Scheduler] Housekeeping Task %s.%s is scheduled to run at cadence %s
02-22 21:41:58.874  4570  4976 I SemanticLocation: (REDACTED) [Scheduler] Periodic Task %s.%s is scheduled to run %s
02-22 21:41:58.874  4570  4976 I SemanticLocation: (REDACTED) [Scheduler] Housekeeping Task %s.%s is scheduled to run at cadence %s
02-22 21:41:58.874  4570  4976 I SemanticLocation: (REDACTED) [Scheduler] Periodic Task %s.%s is scheduled to run %s
02-22 21:41:58.874  4570  4976 I SemanticLocation: (REDACTED) [Scheduler] Housekeeping Task %s.%s is scheduled to run at cadence %s
02-22 21:41:58.874  4570  4976 I SemanticLocation: (REDACTED) [Scheduler] Housekeeping Task %s.%s is scheduled to run at cadence %s
02-22 21:41:58.879  4570  4976 I SemanticLocation: (REDACTED) [Scheduler] Periodic Task %s.%s is scheduled to run %s
02-22 21:41:58.879  4570  4976 I SemanticLocation: (REDACTED) [Scheduler] Periodic Task %s.%s is scheduled to run %s
02-22 21:41:58.879  4570  4976 I SemanticLocation: (REDACTED) [Scheduler] Housekeeping Task %s.%s is scheduled to run at cadence %s
02-22 21:41:58.879  4570  4976 I SemanticLocation: (REDACTED) [Scheduler] Housekeeping Task %s.%s is scheduled to run at cadence %s
02-22 21:41:58.879  4570  4976 I SemanticLocation: (REDACTED) [Scheduler] Housekeeping Task %s.%s is scheduled to run at cadence %s
02-22 21:41:58.879  4570  4976 I SemanticLocation: (REDACTED) [Scheduler] Periodic Task %s.%s is scheduled to run %s
02-22 21:41:58.884  4570  4976 I SemanticLocation: (REDACTED) [Scheduler] Housekeeping Task %s.%s is scheduled to run at cadence %s
02-22 21:41:58.884  4570  4976 I SemanticLocation: (REDACTED) [Scheduler] Housekeeping Task %s.%s is scheduled to run at cadence %s
02-22 21:41:58.884  4570  4976 I SemanticLocation: (REDACTED) [Scheduler] Housekeeping Task %s.%s is scheduled to run at cadence %s
02-22 21:41:58.884  4570  4976 I SemanticLocation: (REDACTED) [Scheduler] Housekeeping Task %s.%s is scheduled to run at cadence %s
02-22 21:41:58.884  4570  4976 I SemanticLocation: (REDACTED) [Scheduler] Housekeeping Task %s.%s is scheduled to run at cadence %s
02-22 21:41:58.889  4570  4976 I SemanticLocation: (REDACTED) [Scheduler] Housekeeping Task %s.%s is scheduled to run at cadence %s
02-22 21:41:58.889  4570  4976 I SemanticLocation: (REDACTED) [Scheduler] Periodic Task %s.%s is scheduled to run %s
02-22 21:41:58.889  4570  4976 I SemanticLocation: (REDACTED) [Scheduler] Housekeeping Task %s.%s is scheduled to run at cadence %s
02-22 21:41:58.889  4570  4976 I SemanticLocation: (REDACTED) [Scheduler] Housekeeping Task %s.%s is scheduled to run at cadence %s
02-22 21:41:58.889  4570  4976 I SemanticLocation: (REDACTED) [Scheduler] Housekeeping Task %s.%s is scheduled to run at cadence %s
02-22 21:41:58.894  4570  4976 I SemanticLocation: (REDACTED) [Scheduler] Housekeeping Task %s.%s is scheduled to run at cadence %s
02-22 21:41:58.894  4570  4976 I SemanticLocation: (REDACTED) [Scheduler] Housekeeping Task %s.%s is scheduled to run at cadence %s
02-22 21:41:58.959  3667  4355 W PhBaseOp: Phenotype API error. Event: # gryw@5886e80b, EventCode: COMMIT_CONFIG [CONTEXT service_id=51 ]
02-22 21:41:58.959  3667  4355 W PhBaseOp: android.database.sqlite.SQLiteException: no such table: ChangeCounts (code 1): , while compiling: SELECT EXISTS (
02-22 21:41:58.959  3667  4355 W PhBaseOp:       SELECT NULL
02-22 21:41:58.959  3667  4355 W PhBaseOp:       FROM ChangeCounts
02-22 21:41:58.959  3667  4355 W PhBaseOp:       WHERE
02-22 21:41:58.959  3667  4355 W PhBaseOp:         packageName = ?1
02-22 21:41:58.959  3667  4355 W PhBaseOp:         AND count > ?2
02-22 21:41:58.959  3667  4355 W PhBaseOp:     );
02-22 21:41:58.959  3667  4355 W PhBaseOp: #################################################################
02-22 21:41:58.959  3667  4355 W PhBaseOp: Error Code : 1 (SQLITE_ERROR)
02-22 21:41:58.959  3667  4355 W PhBaseOp: Caused By : SQL(query) error or missing database.
02-22 21:41:58.959  3667  4355 W PhBaseOp: 	(no such table: ChangeCounts (code 1): , while compiling: SELECT EXISTS (
02-22 21:41:58.959  3667  4355 W PhBaseOp:       SELECT NULL
02-22 21:41:58.959  3667  4355 W PhBaseOp:       FROM ChangeCounts
02-22 21:41:58.959  3667  4355 W PhBaseOp:       WHERE
02-22 21:41:58.959  3667  4355 W PhBaseOp:         packageName = ?1
02-22 21:41:58.959  3667  4355 W PhBaseOp:         AND count > ?2
02-22 21:41:58.959  3667  4355 W PhBaseOp:     );)
02-22 21:41:58.959  3667  4355 W PhBaseOp: #################################################################
02-22 21:41:58.959  3667  4355 W PhBaseOp: 	at android.database.sqlite.SQLiteConnection.nativePrepareStatement(Native Method)
02-22 21:41:58.959  3667  4355 W PhBaseOp: 	at android.database.sqlite.SQLiteConnection.acquirePreparedStatement(SQLiteConnection.java:1062)
02-22 21:41:58.959  3667  4355 W PhBaseOp: 	at android.database.sqlite.SQLiteConnection.prepare(SQLiteConnection.java:627)
02-22 21:41:58.959  3667  4355 W PhBaseOp: 	at android.database.sqlite.SQLiteSession.prepare(SQLiteSession.java:588)
02-22 21:41:58.959  3667  4355 W PhBaseOp: 	at android.database.sqlite.SQLiteProgram.<init>(SQLiteProgram.java:59)
02-22 21:41:58.959  3667  4355 W PhBaseOp: 	at android.database.sqlite.SQLiteStatement.<init>(SQLiteStatement.java:31)
02-22 21:41:58.959  3667  4355 W PhBaseOp: 	at android.database.sqlite.SQLiteDatabase.compileStatement(SQLiteDatabase.java:1132)
02-22 21:41:58.959  3667  4355 W PhBaseOp: 	at dniw.b(:com.google.android.gms@260662000@26.06.62 (040300-873027013):7)
02-22 21:41:58.959  3667  4355 W PhBaseOp: 	at dniw.f(:com.google.android.gms@260662000@26.06.62 (040300-873027013):1)
02-22 21:41:58.959  3667  4355 W PhBaseOp: 	at dnlq.d(:com.google.android.gms@260662000@26.06.62 (040300-873027013):405)
02-22 21:41:58.959  3667  4355 W PhBaseOp: 	at dnlq.b(:com.google.android.gms@260662000@26.06.62 (040300-873027013):44)
02-22 21:41:58.959  3667  4355 W PhBaseOp: 	at dnlp.i(:com.google.android.gms@260662000@26.06.62 (040300-873027013):3)
02-22 21:41:58.959  3667  4355 W PhBaseOp: 	at dnll.h(:com.google.android.gms@260662000@26.06.62 (040300-873027013):31)
02-22 21:41:58.959  3667  4355 W PhBaseOp: 	at dnll.f(:com.google.android.gms@260662000@26.06.62 (040300-873027013):13)
02-22 21:41:58.959  3667  4355 W PhBaseOp: 	at cloi.fA(:com.google.android.gms@260662000@26.06.62 (040300-873027013):1)
02-22 21:41:58.959  3667  4355 W PhBaseOp: 	at clom.run(:com.google.android.gms@260662000@26.06.62 (040300-873027013):118)
02-22 21:41:58.959  3667  4355 W PhBaseOp: 	at faxo.run(:com.google.android.gms@260662000@26.06.62 (040300-873027013):19)
02-22 21:41:58.959  3667  4355 W PhBaseOp: 	at bbyl.c(:com.google.android.gms@260662000@26.06.62 (040300-873027013):50)
02-22 21:41:58.959  3667  4355 W PhBaseOp: 	at bbyl.run(:com.google.android.gms@260662000@26.06.62 (040300-873027013):92)
02-22 21:41:58.959  3667  4355 W PhBaseOp: 	at java.util.concurrent.ThreadPoolExecutor.runWorker(ThreadPoolExecutor.java:1113)
02-22 21:41:58.959  3667  4355 W PhBaseOp: 	at java.util.concurrent.ThreadPoolExecutor$Worker.run(ThreadPoolExecutor.java:588)
02-22 21:41:58.959  3667  4355 W PhBaseOp: 	at bcdv.run(:com.google.android.gms@260662000@26.06.62 (040300-873027013):8)
02-22 21:41:58.959  3667  4355 W PhBaseOp: 	at java.lang.Thread.run(Thread.java:818)
02-22 21:41:58.969  4570  4581 W art     : Suspending all threads took: 15.503ms
02-22 21:41:58.974  3321  4000 D TelephonyManager: getLteOnCdmaMode=0 curVal=0 product_type='' lteOnCdmaProductType=''
02-22 21:41:58.989  4570  4581 I art     : Background sticky concurrent mark sweep GC freed 31316(2MB) AllocSpace objects, 14(280KB) LOS objects, 13% free, 20MB/24MB, paused 17.749ms total 80.313ms
02-22 21:41:58.989  4570  4583 I ConsentManagerApiServic: (REDACTED) ConsentManagerApiService onGetService success %s
02-22 21:41:58.994  4570  4582 I MdiSyncModule: API connection successful!
02-22 21:41:59.024  3667  4450 W art     : Verification of fiua caae.a(java.lang.String, int, int, java.util.List) took 306.929ms
02-22 21:41:59.054  2764  2818 I am_pss  : [4176,10012,com.google.android.partnersetup,1714176,1265664]
02-22 21:41:59.124  2764  2818 I am_pss  : [4194,1000,com.samsung.android.sm,2065408,1581056]
02-22 21:41:59.144  3667  3667 D BoundBrokerSvc: onUnbind: Intent { act=com.google.android.gms.clearcut.bootcount.service.START dat=chimera-action: cmp=com.google.android.gms/.chimera.PersistentBoundBrokerService }
02-22 21:41:59.159  3667  3667 D BoundBrokerSvc: onUnbind: Intent { act=com.google.android.gms.common.telemetry.service.START dat=chimera-action: cmp=com.google.android.gms/.chimera.PersistentApiService }
02-22 21:41:59.169  3667  3667 D BoundBrokerSvc: onUnbind: Intent { act=com.google.android.gms.auth.aang.events.services.START dat=chimera-action: cmp=com.google.android.gms/.chimera.PersistentApiService }
02-22 21:41:59.189  3667  4355 E SQLiteLog: (1) no such table: ChangeCounts
02-22 21:41:59.274  3667  4318 E SQLiteLog: (1) no such table: ChangeCounts
02-22 21:41:59.284  2764  3742 I force_gc: Binder
02-22 21:41:59.324  3667  4878 W art     : Verification of boolean dpmm.e() took 253.254ms
02-22 21:41:59.334  3667  4355 W PhBaseOp: Phenotype API error. Event: # gryw@9256f21e, EventCode: COMMIT_CONFIG [CONTEXT service_id=51 ]
02-22 21:41:59.334  3667  4355 W PhBaseOp: android.database.sqlite.SQLiteException: no such table: ChangeCounts (code 1): , while compiling: SELECT EXISTS (
02-22 21:41:59.334  3667  4355 W PhBaseOp:       SELECT NULL
02-22 21:41:59.334  3667  4355 W PhBaseOp:       FROM ChangeCounts
02-22 21:41:59.334  3667  4355 W PhBaseOp:       WHERE
02-22 21:41:59.334  3667  4355 W PhBaseOp:         packageName = ?1
02-22 21:41:59.334  3667  4355 W PhBaseOp:         AND count > ?2
02-22 21:41:59.334  3667  4355 W PhBaseOp:     );
02-22 21:41:59.334  3667  4355 W PhBaseOp: #################################################################
02-22 21:41:59.334  3667  4355 W PhBaseOp: Error Code : 1 (SQLITE_ERROR)
02-22 21:41:59.334  3667  4355 W PhBaseOp: Caused By : SQL(query) error or missing database.
02-22 21:41:59.334  3667  4355 W PhBaseOp: 	(no such table: ChangeCounts (code 1): , while compiling: SELECT EXISTS (
02-22 21:41:59.334  3667  4355 W PhBaseOp:       SELECT NULL
02-22 21:41:59.334  3667  4355 W PhBaseOp:       FROM ChangeCounts
02-22 21:41:59.334  3667  4355 W PhBaseOp:       WHERE
02-22 21:41:59.334  3667  4355 W PhBaseOp:         packageName = ?1
02-22 21:41:59.334  3667  4355 W PhBaseOp:         AND count > ?2
02-22 21:41:59.334  3667  4355 W PhBaseOp:     );)
02-22 21:41:59.334  3667  4355 W PhBaseOp: #################################################################
02-22 21:41:59.334  3667  4355 W PhBaseOp: 	at android.database.sqlite.SQLiteConnection.nativePrepareStatement(Native Method)
02-22 21:41:59.334  3667  4355 W PhBaseOp: 	at android.database.sqlite.SQLiteConnection.acquirePreparedStatement(SQLiteConnection.java:1062)
02-22 21:41:59.334  3667  4355 W PhBaseOp: 	at android.database.sqlite.SQLiteConnection.prepare(SQLiteConnection.java:627)
02-22 21:41:59.334  3667  4355 W PhBaseOp: 	at android.database.sqlite.SQLiteSession.prepare(SQLiteSession.java:588)
02-22 21:41:59.334  3667  4355 W PhBaseOp: 	at android.database.sqlite.SQLiteProgram.<init>(SQLiteProgram.java:59)
02-22 21:41:59.334  3667  4355 W PhBaseOp: 	at android.database.sqlite.SQLiteStatement.<init>(SQLiteStatement.java:31)
02-22 21:41:59.334  3667  4355 W PhBaseOp: 	at android.database.sqlite.SQLiteDatabase.compileStatement(SQLiteDatabase.java:1132)
02-22 21:41:59.334  3667  4355 W PhBaseOp: 	at dniw.b(:com.google.android.gms@260662000@26.06.62 (040300-873027013):7)
02-22 21:41:59.334  3667  4355 W PhBaseOp: 	at dniw.f(:com.google.android.gms@260662000@26.06.62 (040300-873027013):1)
02-22 21:41:59.334  3667  4355 W PhBaseOp: 	at dnlq.d(:com.google.android.gms@260662000@26.06.62 (040300-873027013):405)
02-22 21:41:59.334  3667  4355 W PhBaseOp: 	at dnlq.b(:com.google.android.gms@260662000@26.06.62 (040300-873027013):44)
02-22 21:41:59.334  3667  4355 W PhBaseOp: 	at dnlp.i(:com.google.android.gms@260662000@26.06.62 (040300-873027013):3)
02-22 21:41:59.334  3667  4355 W PhBaseOp: 	at dnll.h(:com.google.android.gms@260662000@26.06.62 (040300-873027013):31)
02-22 21:41:59.334  3667  4355 W PhBaseOp: 	at dnll.f(:com.google.android.gms@260662000@26.06.62 (040300-873027013):13)
02-22 21:41:59.334  3667  4355 W PhBaseOp: 	at cloi.fA(:com.google.android.gms@260662000@26.06.62 (040300-873027013):1)
02-22 21:41:59.334  3667  4355 W PhBaseOp: 	at clom.run(:com.google.android.gms@260662000@26.06.62 (040300-873027013):118)
02-22 21:41:59.334  3667  4355 W PhBaseOp: 	at faxo.run(:com.google.android.gms@260662000@26.06.62 (040300-873027013):19)
02-22 21:41:59.334  3667  4355 W PhBaseOp: 	at bbyl.c(:com.google.android.gms@260662000@26.06.62 (040300-873027013):50)
02-22 21:41:59.334  3667  4355 W PhBaseOp: 	at bbyl.run(:com.google.android.gms@260662000@26.06.62 (040300-873027013):92)
02-22 21:41:59.334  3667  4355 W PhBaseOp: 	at java.util.concurrent.ThreadPoolExecutor.runWorker(ThreadPoolExecutor.java:1113)
02-22 21:41:59.334  3667  4355 W PhBaseOp: 	at java.util.concurrent.ThreadPoolExecutor$Worker.run(ThreadPoolExecutor.java:588)
02-22 21:41:59.334  3667  4355 W PhBaseOp: 	at bcdv.run(:com.google.android.gms@260662000@26.06.62 (040300-873027013):8)
02-22 21:41:59.334  3667  4355 W PhBaseOp: 	at java.lang.Thread.run(Thread.java:818)
02-22 21:41:59.344  4570  4952 I Watchcat: Started
02-22 21:41:59.354  4570  4952 I GMS_MM_Logger: (REDACTED) Start time: %s
02-22 21:41:59.359  4570  4952 I GMS_MM_Logger: Started.
02-22 21:41:59.394  3667  4380 W art     : Verification of void fbdk.readObject(java.io.ObjectInputStream) took 330.312ms
02-22 21:41:59.424  3667  4318 W PhBaseOp: Phenotype API error. Event: # gryw@69f1e9ce, EventCode: COMMIT_CONFIG [CONTEXT service_id=51 ]
02-22 21:41:59.424  3667  4318 W PhBaseOp: android.database.sqlite.SQLiteException: no such table: ChangeCounts (code 1): , while compiling: SELECT EXISTS (
02-22 21:41:59.424  3667  4318 W PhBaseOp:       SELECT NULL
02-22 21:41:59.424  3667  4318 W PhBaseOp:       FROM ChangeCounts
02-22 21:41:59.424  3667  4318 W PhBaseOp:       WHERE
02-22 21:41:59.424  3667  4318 W PhBaseOp:         packageName = ?1
02-22 21:41:59.424  3667  4318 W PhBaseOp:         AND count > ?2
02-22 21:41:59.424  3667  4318 W PhBaseOp:     );
02-22 21:41:59.424  3667  4318 W PhBaseOp: #################################################################
02-22 21:41:59.424  3667  4318 W PhBaseOp: Error Code : 1 (SQLITE_ERROR)
02-22 21:41:59.424  3667  4318 W PhBaseOp: Caused By : SQL(query) error or missing database.
02-22 21:41:59.424  3667  4318 W PhBaseOp: 	(no such table: ChangeCounts (code 1): , while compiling: SELECT EXISTS (
02-22 21:41:59.424  3667  4318 W PhBaseOp:       SELECT NULL
02-22 21:41:59.424  3667  4318 W PhBaseOp:       FROM ChangeCounts
02-22 21:41:59.424  3667  4318 W PhBaseOp:       WHERE
02-22 21:41:59.424  3667  4318 W PhBaseOp:         packageName = ?1
02-22 21:41:59.424  3667  4318 W PhBaseOp:         AND count > ?2
02-22 21:41:59.424  3667  4318 W PhBaseOp:     );)
02-22 21:41:59.424  3667  4318 W PhBaseOp: #################################################################
02-22 21:41:59.424  3667  4318 W PhBaseOp: 	at android.database.sqlite.SQLiteConnection.nativePrepareStatement(Native Method)
02-22 21:41:59.424  3667  4318 W PhBaseOp: 	at android.database.sqlite.SQLiteConnection.acquirePreparedStatement(SQLiteConnection.java:1062)
02-22 21:41:59.424  3667  4318 W PhBaseOp: 	at android.database.sqlite.SQLiteConnection.prepare(SQLiteConnection.java:627)
02-22 21:41:59.424  3667  4318 W PhBaseOp: 	at android.database.sqlite.SQLiteSession.prepare(SQLiteSession.java:588)
02-22 21:41:59.424  3667  4318 W PhBaseOp: 	at android.database.sqlite.SQLiteProgram.<init>(SQLiteProgram.java:59)
02-22 21:41:59.424  3667  4318 W PhBaseOp: 	at android.database.sqlite.SQLiteStatement.<init>(SQLiteStatement.java:31)
02-22 21:41:59.424  3667  4318 W PhBaseOp: 	at android.database.sqlite.SQLiteDatabase.compileStatement(SQLiteDatabase.java:1132)
02-22 21:41:59.424  3667  4318 W PhBaseOp: 	at dniw.b(:com.google.android.gms@260662000@26.06.62 (040300-873027013):7)
02-22 21:41:59.424  3667  4318 W PhBaseOp: 	at dniw.f(:com.google.android.gms@260662000@26.06.62 (040300-873027013):1)
02-22 21:41:59.424  3667  4318 W PhBaseOp: 	at dnlq.d(:com.google.android.gms@260662000@26.06.62 (040300-873027013):405)
02-22 21:41:59.424  3667  4318 W PhBaseOp: 	at dnlq.b(:com.google.android.gms@260662000@26.06.62 (040300-873027013):44)
02-22 21:41:59.424  3667  4318 W PhBaseOp: 	at dnlp.i(:com.google.android.gms@260662000@26.06.62 (040300-873027013):3)
02-22 21:41:59.424  3667  4318 W PhBaseOp: 	at dnll.h(:com.google.android.gms@260662000@26.06.62 (040300-873027013):31)
02-22 21:41:59.424  3667  4318 W PhBaseOp: 	at dnll.f(:com.google.android.gms@260662000@26.06.62 (040300-873027013):13)
02-22 21:41:59.424  3667  4318 W PhBaseOp: 	at cloi.fA(:com.google.android.gms@260662000@26.06.62 (040300-873027013):1)
02-22 21:41:59.424  3667  4318 W PhBaseOp: 	at clom.run(:com.google.android.gms@260662000@26.06.62 (040300-873027013):118)
02-22 21:41:59.424  3667  4318 W PhBaseOp: 	at faxo.run(:com.google.android.gms@260662000@26.06.62 (040300-873027013):19)
02-22 21:41:59.424  3667  4318 W PhBaseOp: 	at bbyl.c(:com.google.android.gms@260662000@26.06.62 (040300-873027013):50)
02-22 21:41:59.424  3667  4318 W PhBaseOp: 	at bbyl.run(:com.google.android.gms@260662000@26.06.62 (040300-873027013):92)
02-22 21:41:59.424  3667  4318 W PhBaseOp: 	at java.util.concurrent.ThreadPoolExecutor.runWorker(ThreadPoolExecutor.java:1113)
02-22 21:41:59.424  3667  4318 W PhBaseOp: 	at java.util.concurrent.ThreadPoolExecutor$Worker.run(ThreadPoolExecutor.java:588)
02-22 21:41:59.424  3667  4318 W PhBaseOp: 	at bcdv.run(:com.google.android.gms@260662000@26.06.62 (040300-873027013):8)
02-22 21:41:59.424  3667  4318 W PhBaseOp: 	at java.lang.Thread.run(Thread.java:818)
02-22 21:41:59.429  4570  4946 I Checkin : [CheckinApiChimeraService] onGetService
02-22 21:41:59.439  3667  4450 W art     : Verification of void cact.<init>(caat, java.lang.String, com.google.android.gms.leveldb.LevelDb, java.io.File) took 295.077ms
02-22 21:41:59.484  2764  2774 I art     : Background partial concurrent mark sweep GC freed 22015(1216KB) AllocSpace objects, 1(20KB) LOS objects, 33% free, 31MB/47MB, paused 3.381ms total 194.916ms
02-22 21:41:59.519  3667  4380 W herl    : Failed to create JWT helper. This is unexpected
02-22 21:41:59.519  3667  4380 W herl    : java.lang.NoSuchMethodException: getScopes []
02-22 21:41:59.519  3667  4380 W herl    : 	at java.lang.Class.getMethod(Class.java:630)
02-22 21:41:59.519  3667  4380 W herl    : 	at java.lang.Class.getMethod(Class.java:609)
02-22 21:41:59.519  3667  4380 W herl    : 	at herj.<init>(:com.google.android.gms@260662000@26.06.62 (040300-873027013):15)
02-22 21:41:59.519  3667  4380 W herl    : 	at herl.<clinit>(:com.google.android.gms@260662000@26.06.62 (040300-873027013):27)
02-22 21:41:59.519  3667  4380 W herl    : 	at ehcg.d(:com.google.android.gms@260662000@26.06.62 (040300-873027013):90)
02-22 21:41:59.519  3667  4380 W herl    : 	at ehbk.a(:com.google.android.gms@260662000@26.06.62 (040300-873027013):32)
02-22 21:41:59.519  3667  4380 W herl    : 	at faxh.a(:com.google.android.gms@260662000@26.06.62 (040300-873027013):20)
02-22 21:41:59.519  3667  4380 W herl    : 	at fisa.c(:com.google.android.gms@260662000@26.06.62 (040300-873027013):8)
02-22 21:41:59.519  3667  4380 W herl    : 	at firv.a(:com.google.android.gms@260662000@26.06.62 (040300-873027013):7)
02-22 21:41:59.519  3667  4380 W herl    : 	at fiqy.d(:com.google.android.gms@260662000@26.06.62 (040300-873027013):3)
02-22 21:41:59.519  3667  4380 W herl    : 	at fira.run(:com.google.android.gms@260662000@26.06.62 (040300-873027013):38)
02-22 21:41:59.519  3667  4380 W herl    : 	at bbyl.c(:com.google.android.gms@260662000@26.06.62 (040300-873027013):50)
02-22 21:41:59.519  3667  4380 W herl    : 	at bbyl.run(:com.google.android.gms@260662000@26.06.62 (040300-873027013):73)
02-22 21:41:59.519  3667  4380 W herl    : 	at java.util.concurrent.ThreadPoolExecutor.runWorker(ThreadPoolExecutor.java:1113)
02-22 21:41:59.519  3667  4380 W herl    : 	at java.util.concurrent.ThreadPoolExecutor$Worker.run(ThreadPoolExecutor.java:588)
02-22 21:41:59.519  3667  4380 W herl    : 	at bcdv.run(:com.google.android.gms@260662000@26.06.62 (040300-873027013):8)
02-22 21:41:59.519  3667  4380 W herl    : 	at java.lang.Thread.run(Thread.java:818)
02-22 21:41:59.729  2194  2915 D EnterpriseController: netId is 0
02-22 21:41:59.729  2194  2915 D Netd    : getNetworkForDns: using netid 501 for uid 10008
02-22 21:41:59.799  4570  4946 W TracingHelper: No RequestContext found in the trace or trace not available. [CONTEXT service_id=259 ratelimit_count=1410065408 ]
02-22 21:41:59.809  4059  4059 V ClearcutMetricXmitter: Transmission is done.
02-22 21:41:59.819  4630  4937 I CMHServiceInterface: unbinding from CMH
02-22 21:41:59.884  4755  4755 E CMHService: [#CMH#] onDestroy() 
02-22 21:41:59.939  3667  4878 W art     : Verification of java.lang.Object cjfw.lK() took 112.012ms
02-22 21:42:00.024  3092  3092 D KeyguardUpdateMonitor: received broadcast android.intent.action.TIME_TICK
02-22 21:42:00.024  3092  3092 D KeyguardUpdateMonitor: handleTimeUpdate
02-22 21:42:00.039  3092  3092 D Clock   : received broadcast android.intent.action.TIME_TICK
02-22 21:42:00.044  4570  4980 I FA-SVC  : App measurement initialized, version: 260662
02-22 21:42:00.129  3092  3092 D DateView: received broadcast android.intent.action.TIME_TICK
02-22 21:42:00.149  3566  3566 D [Weather Widget]  WeatherService: {[B73D43639EB27FAA34EF41A6129C1FA74EE523C06D7536E6814BAB417862AF9BA63017AC2C1E20CC004E1F7C09A488FE6E8405EF4D3F04CE1548AAA5BC357D19]}
02-22 21:42:00.149  3667  4411 I qtaguid : Tagging socket 98 with tag 0{0,0} uid -1, pid: 3667, getuid(): 10008
02-22 21:42:00.159  3566  3566 D [Weather Widget]  : {[3AE6950019B083611567B0F9442DB03E46FB6DE766AD55CE2B94B9E5E5C0C8EB]}
02-22 21:42:00.174  4570  4980 W art     : Verification of void csnp.aI(java.lang.String, csnw) took 104.635ms
02-22 21:42:00.189  3566  3566 D [Weather Widget]  : {[3AE6950019B083611567B0F9442DB03EBE3344DB7EA709231FA889CBE1BA042A320074BE8FD000B75A46F83623A94B345781FFA4E571FCB567CDD3ACBB4B71CA9A8DA816B62AD258F47FED804A81BE3F]}
02-22 21:42:00.199  3566  3566 D [Weather Widget]  : {[A1AF0F6A1A65A89C43D705938923D0FE9D71D1E79F916BF028A9BE05C24DCFF6CD2A051E52B392FDBAA9E734EE75F9A574A91D1B0DBE5E10B706D26B8124A4205EA33E54CB79583172C1D4CDB12450C9D98BE7FD71DEC162D801BBB784A7D3FE3C85C1AD2F444D7D6A17F8235F47F08A]}
02-22 21:42:00.279  2764  2818 I am_pss  : [4251,1000,com.sec.android.app.mt,1507328,1044480]
02-22 21:42:00.314  3566  3566 D [Weather Widget]  : {[84BC45E5B930E97A3C109E7A828039EFF1C198C60C0804465157C904C525BEB7139B767203785BD21B7564281B6405077FA34C5E281B4A791987CADC46C481AF03155910942A6C2C5BB34E2EEA11DE18]}
02-22 21:42:00.314  3566  3566 D [Weather Widget]  : {[AE2E3E5A2F9EECC6AEE64A894A5A4DDEA625D75852C2FB9EAA52E4BFA00AFA960B439DF5FDD2BE2F07135C8FE37E01A3D41DC39E8A52784AC9A40D45175A8ED2D246D9110648B11AC833C45BAC9195A1]}
02-22 21:42:00.319  3566  3566 D [Weather Widget]  : {[0C6B1842469DC7840D5A8CAA2F7BBD5950B17EE47D633086AAF9F389D0E26CEF55836577BC47CB3B3C33521AE6194940A8418A00A632E66A7BBF4D4D8AA9BF230A02BBD91ABE48704DB8DEE4EAB896D25B545826770FFC015177312B2CBB5DF0]}
02-22 21:42:00.319  3566  3566 D [Weather Widget]  : {[0C6B1842469DC7840D5A8CAA2F7BBD5950B17EE47D633086AAF9F389D0E26CEFAFE843AB94A4F80AFB8DB6580AD0042867A44E766D73A2F64FFDE80A4249AB69560453163A97C50E84F609E84F7DE8FDADA61198AA6745965B74CB0A9F2C4AAA72AD95B82380368AD25BC7A14337A635]}
02-22 21:42:00.324  3566  3566 D [Weather Widget]  : {[0C6B1842469DC7840D5A8CAA2F7BBD5950B17EE47D633086AAF9F389D0E26CEFA8B0BE61861947EF6AF5C1A9785902C2A7B03766F200CF7AF1CD5CE7514AC194BB7206657548336C0014D8FE38867FD5908F3A2DA11F417A8778421B8C99E32E7BB933494A728295A0949C5506E6BFA6]}
02-22 21:42:00.324  3566  3566 D [Weather Widget]  : {[0C6B1842469DC7840D5A8CAA2F7BBD5950B17EE47D633086AAF9F389D0E26CEF231A2C666A28B9238A2AEA8B257F1DA75AB14A6FAA1AE1CDD5638E7CBD0BC822D02BAEA1F48B85359F8C0B5F10439C88]}
02-22 21:42:00.324  3667  4411 I art     : Rejecting re-init on previously-failed class java.lang.Class<com.google.android.gms.org.conscrypt.ConscryptEngineSocket$2>
02-22 21:42:00.324  3667  4411 I art     : Rejecting re-init on previously-failed class java.lang.Class<com.google.android.gms.org.conscrypt.ConscryptEngineSocket$2>
02-22 21:42:00.334  3566  3566 D [Weather Widget]  : {[0C6B1842469DC7840D5A8CAA2F7BBD5950B17EE47D633086AAF9F389D0E26CEF9D525D7C49000DB1BDF1E23C97F9EC555EECE419FA5B6DB6EAB83A7ED1E5A5F7836DAA0642833F589C53E7A0897F9E59]}
02-22 21:42:00.334  3566  3566 D [Weather Widget]  : {[0C6B1842469DC7840D5A8CAA2F7BBD5950B17EE47D633086AAF9F389D0E26CEF893E7FCEBF7218F556C11371EB9BAA110B13AD39356AEBCFB8AADFB59784157005D56536B726789A2C5287492E0090E2]}
02-22 21:42:00.339  3566  3566 D [Weather Widget]  : {[0C6B1842469DC7840D5A8CAA2F7BBD5950B17EE47D633086AAF9F389D0E26CEF893E7FCEBF7218F556C11371EB9BAA117ACF6E10A69B8F60078F425CBD8D03B4D7CB04BD57C3CD1D4D1920E8FAEC4CD2010650582C2984CB69B8E3020C9FA7A6]}
02-22 21:42:00.339  3566  3566 D [Weather Widget]  : {[0C6B1842469DC7840D5A8CAA2F7BBD5950B17EE47D633086AAF9F389D0E26CEF893E7FCEBF7218F556C11371EB9BAA112A85F0E8982845CCE7AB01EAE64CE8D37ABF39D92E2A7A98B0B5C4D06099D4B78D1C579E7D92FD8D989BABF1355BD95C]}
02-22 21:42:00.339  3566  3566 D [Weather Widget]  : {[0C6B1842469DC7840D5A8CAA2F7BBD5950B17EE47D633086AAF9F389D0E26CEF893E7FCEBF7218F556C11371EB9BAA119D33B0E01F37D3BF8B4E039BDEA60AA49BC70111A8B0793362B3BC0233A69DA598F6569A676F64E54909434168621EB7]}
02-22 21:42:00.339  3566  3566 D [Weather Widget]  : {[0C6B1842469DC7840D5A8CAA2F7BBD5950B17EE47D633086AAF9F389D0E26CEF47EBA656211583E0C059E454690FC72FF4DF9D305C63D458FCE7DE0D6C0E9719F94D14BA6C9EFA89501202B51A77EEEC462BDD03A193ADD1F983BD153E0D6ED8]}
02-22 21:42:00.344  3566  3566 D [Weather Widget]  AutoRefresh: {[09CF3B4BF6C09DF2108EE76F47DA7783CA3D43DAA2043A4977E8C4F0491D19BFE33051D52948255C0E17B8708232C83DA683A714919CD25EB18A72C7EE549338C1243D06D2A2070D799E08DB62A42C96]}
02-22 21:42:00.344  3566  3566 D [Weather Widget]  : {[483B5B7E147A3DD4E13C8EC20B3BDD854E22413F3C9169F664B5925485A18F29]}
02-22 21:42:00.374  3667  4450 W art     : Verification of cafc caft.m(gcty, java.util.Set) took 162.395ms
02-22 21:42:00.379  3334  3334 V LauncherAppWidgetHostView: calculateWidgetSize: (target widgetsize)  using w/h 780 190 span 6 1 (widgetid 2) [current Gridsize : GRID_4x4]
02-22 21:42:00.384  3334  3334 D LauncherAppWidgetHostView: calculateWidgetSize() widget = Weather and Clock(widget id = 2) result hostview size = 780 x 190
02-22 21:42:00.384  3334  3334 D LauncherAppWidgetHostView: setResizeScaleResult() 780/ 190 scaleToResize = 1.0(widget id = 2)
02-22 21:42:00.389  3334  3334 V LauncherAppWidgetHostView: calculateWidgetSize: (target widgetsize)  using w/h 516 190 span 4 1 (widgetid 4) [current Gridsize : GRID_4x4]
02-22 21:42:00.389  3334  3334 D LauncherAppWidgetHostView: calculateWidgetSize() widget = Search(widget id = 4) result hostview size = 516 x 190
02-22 21:42:00.389  3334  3334 D LauncherAppWidgetHostView: setResizeScaleResult() 516/ 190 scaleToResize = 1.0(widget id = 4)
02-22 21:42:00.424  2764  2818 I am_pss  : [4022,10021,com.visionobjects.resourcemanager,2293760,1429504]
02-22 21:42:00.469  3667  4411 W art     : Verification of com.google.android.gms.org.conscrypt.NativeSsl com.google.android.gms.org.conscrypt.ConscryptEngine.newSsl(com.google.android.gms.org.conscrypt.SSLParametersImpl, com.google.android.gms.org.conscrypt.ConscryptEngine, com.google.android.gms.org.conscrypt.SSLParametersImpl$AliasChooser) took 106.106ms
02-22 21:42:00.509  5018  5018 E Zygote  : v2
02-22 21:42:00.509  5018  5018 W SELinux : Function: selinux_compare_spd_ram, index[1], priority [2], priority version is VE=SEPF_SECMOBILE_6.0.1_0035
02-22 21:42:00.509  2764  3306 I am_proc_start: [0,5018,10116,com.android.calendar,broadcast-2,com.android.calendar/.common.receiver.WeatherActionReceiver]
02-22 21:42:00.514  5018  5018 E Zygote  : accessInfo : 0
02-22 21:42:00.514  5018  5018 W SELinux : SELinux: seapp_context_lookup: seinfo=platform, level=s0:c512,c768, pkgname=com.android.calendar 
02-22 21:42:00.549  5018  5018 D ActivityThread: Added TimaKeyStore provider
02-22 21:42:00.549  2764  3024 I am_proc_bound: [0,5018,com.android.calendar]
02-22 21:42:00.564  2764  2818 I am_pss  : [4275,1000,com.sec.modem.settings,1693696,1241088]
02-22 21:42:00.669  5018  5018 W System  : ClassLoader referenced unknown path: /system/app/SPlanner_M_Tablet/lib/arm
02-22 21:42:00.764  3667  3667 D BoundBrokerSvc: onUnbind: Intent { act=com.google.android.gms.findmydevice.spot.service.locationreport.START dat=chimera-action: cmp=com.google.android.gms/.chimera.PersistentApiService }
02-22 21:42:00.769  5018  5018 I BNRClientProivder, VERSION : 1.7.8: register - started.
02-22 21:42:00.779  4570  4980 W art     : Verification of java.util.List csmu.b(java.lang.String, java.util.List, java.util.List, java.lang.Long, boolean) took 230.062ms
02-22 21:42:00.889  5018  5018 I BNRClientProivder, VERSION : 1.7.8: register - xml6 quick_backup : CALENDARSETTING, ztQlGIvsvZ, com.android.calendar.preference.KiesBackupReceiver
02-22 21:42:00.889  5018  5018 I QBNRClientHelper: init SyncClientHelper : CALENDARSETTING
02-22 21:42:00.919  4865  4874 W art     : Suspending all threads took: 7.575ms
02-22 21:42:00.934  3653  3741 D ScanRecord: parseFromBytes
02-22 21:42:00.944  4570  4980 W art     : Verification of void fjoq.a() took 142.559ms
02-22 21:42:01.059  2764  3306 I am_kill : [0,4022,com.visionobjects.resourcemanager,15,DHA:empty #25]
02-22 21:42:01.069  4725  4725 I usagelog: received in receiver
02-22 21:42:01.069  3667  4270 I force_gc: Binder
02-22 21:42:01.074  4725  4725 I KnoxUsageLogPro: KnoxUsageReceiver onReceive :android.net.wifi.STATE_CHANGE myUserId=0
02-22 21:42:01.074  4725  4725 I KnoxUsageLogPro: premStatus:2
02-22 21:42:01.079  4725  4725 I KnoxUsageLogPro: isEulaShown : false
02-22 21:42:01.079  4725  4725 I KnoxUsageLogPro: KnoxUsageReceiver onReceive : not Processible, just return
02-22 21:42:01.089  5038  5038 E Zygote  : v2
02-22 21:42:01.089  2764  3346 I am_proc_start: [0,5038,10029,com.android.providers.calendar,content provider,com.android.providers.calendar/.CalendarProvider2]
02-22 21:42:01.094  5038  5038 W SELinux : Function: selinux_compare_spd_ram, index[1], priority [2], priority version is VE=SEPF_SECMOBILE_6.0.1_0035
02-22 21:42:01.094  5038  5038 E Zygote  : accessInfo : 0
02-22 21:42:01.094  5038  5038 W SELinux : SELinux: seapp_context_lookup: seinfo=release, level=s0:c512,c768, pkgname=com.android.providers.calendar 
02-22 21:42:01.119  2764  3749 D RCPManagerService: exchangeData() failure , invalid userId
02-22 21:42:01.119  2764  3748 I am_proc_died: [0,4022,com.visionobjects.resourcemanager,15,45,364]
02-22 21:42:01.124  2764  2818 I am_pss  : [4570,10008,com.google.android.gms,132859904,131047424]
02-22 21:42:01.154  3116  3116 D VolumeInfo: VolumeInfo from Parcel: id private ,type 1 ,disk null
02-22 21:42:01.154  3116  3116 D VolumeInfo: VolumeInfo from Parcel: id public:179,33 ,type 0 ,disk DiskInfo{disk:179,32}:
02-22 21:42:01.154  3116  3116 D VolumeInfo:     flags=SD size=63281561600 label= 
02-22 21:42:01.154  3116  3116 D VolumeInfo:     sysPath=/sys//devices/13560000.dwmmc2/mmc_host/mmc2/mmc2:59b4/block/mmcblk1 
02-22 21:42:01.154  3116  3116 D VolumeInfo: 
02-22 21:42:01.154  3116  3116 D VolumeInfo: VolumeInfo from Parcel: id emulated ,type 2 ,disk null
02-22 21:42:01.154  3116  3116 D VolumeInfo: VolumeInfo from Parcel: id privatemode ,type 0 ,disk null
02-22 21:42:01.164  3116  3116 D ExternalStorage: After updating volumes, found 2 active roots
02-22 21:42:01.179  5038  5038 D ActivityThread: Added TimaKeyStore provider
02-22 21:42:01.184  2764  3748 I am_proc_bound: [0,5038,com.android.providers.calendar]
02-22 21:42:01.229  3667  3680 I art     : Background sticky concurrent mark sweep GC freed 131010(8MB) AllocSpace objects, 23(536KB) LOS objects, 26% free, 29MB/39MB, paused 7.052ms total 180.614ms
02-22 21:42:01.244  5038  5038 W System  : ClassLoader referenced unknown path: /system/priv-app/SecCalendarProvider_NOTSTICKER/lib/arm
02-22 21:42:01.249  2764  3689 D RCPManagerService: exchangeData() failure , invalid userId
02-22 21:42:01.254  3667  4355 E SQLiteLog: (1) no such table: ChangeCounts
02-22 21:42:01.324  4755  4755 I StorageController: [#CMH#] id: EVENT_MEDIA_MOUNTEDBundle = Bundle[{storage_volume=StorageVolume:
02-22 21:42:01.324  4755  4755 I StorageController:     mId=public:179,33 mStorageId=2078146561 mPath=/storage/56C2-A183 
02-22 21:42:01.324  4755  4755 I StorageController:     mDescription=SD card mPrimary=false mRemovable=true mEmulated=false 
02-22 21:42:01.324  4755  4755 I StorageController:     mMtpReserveSize=0 mAllowMassStorage=false mMaxFileSize=0 
02-22 21:42:01.324  4755  4755 I StorageController:     mOwner=UserHandle{0} mFsUuid=56C2-A183 mState=mounted mSubSystem=sd 
02-22 21:42:01.324  4755  4755 I StorageController:     mActivitySecureContainer=true , path=file:///storage/56C2-A183}]
02-22 21:42:01.329  4630  4630 V DownloadManager: onReceive intent + android.intent.action.MEDIA_MOUNTED
