02-23 09:18:37.610  3458  3458 D DCT     : [0]isDataAllowedOnDataDisabled: not allowed due to - gprs= 3 - SIM not loaded

02-23 09:18:37.610  3458  3458 D DCT     : [0]isDataPossible(xcap): possible=false isDataAllowed=false apnTypePossible=true apnContextisEnabled=false apnContextState()=IDLE isDataAllowedOnDataDisabled =false

02-23 09:18:37.610  3458  3458 D DCT     : [ApnContext:xcap] getApnSetting: apnSetting=null

02-23 09:18:37.625  3458  3458 D SubscriptionController: getPhoneId,  received dummy subId 2147483643

02-23 09:18:37.625  3458  3458 D SubscriptionController: getPhoneId,  received dummy subId 2147483643

02-23 09:18:37.720  2769  3805 D TelephonyRegistry: listen oscl: hasNotifySubscriptionInfoChangedOccurred==false no callback

02-23 09:18:37.725  3458  3458 D SubscriptionController: [getSubId]- sSlotIdxToSubId.size == 0, return DummySubIds slotIdx=0

02-23 09:18:37.730  3458  3458 D DCT     : [0]isDataAllowed: not allowed due to - Attached= false - SIM not loaded

02-23 09:18:37.730  3458  3458 D DCT     : [0]isDataPossible(fota): possible=false isDataAllowed=false apnTypePossible=true apnContextisEnabled=false apnContextState()=IDLE isDataAllowedOnDataDisabled =false

02-23 09:18:37.730  3458  3458 D DCT     : [ApnContext:fota] getApnSetting: apnSetting=null

02-23 09:18:37.735  3458  3458 D SubscriptionController: getPhoneId,  received dummy subId 2147483643

02-23 09:18:37.740  3458  3458 D SubscriptionController: getPhoneId,  received dummy subId 2147483643

02-23 09:18:37.745  3458  3458 D SubscriptionController: [getSubId]- sSlotIdxToSubId.size == 0, return DummySubIds slotIdx=0

02-23 09:18:37.750  3458  3458 D DCT     : [0]isDataAllowed: not allowed due to - Attached= false - SIM not loaded

02-23 09:18:37.750  3458  3458 D DCT     : [0]isDataPossible(supl): possible=false isDataAllowed=false apnTypePossible=true apnContextisEnabled=false apnContextState()=IDLE isDataAllowedOnDataDisabled =false

02-23 09:18:37.750  3458  3458 D DCT     : [ApnContext:supl] getApnSetting: apnSetting=null

02-23 09:18:37.750  3458  3458 D SubscriptionController: getPhoneId,  received dummy subId 2147483643

02-23 09:18:37.755  3458  3458 D SubscriptionController: getPhoneId,  received dummy subId 2147483643

02-23 09:18:37.770  3458  3458 D SubscriptionController: [getSubId]- sSlotIdxToSubId.size == 0, return DummySubIds slotIdx=0

02-23 09:18:37.775  3458  3458 D DCT     : [0]isDataAllowed: not allowed due to - Attached= false - SIM not loaded

02-23 09:18:37.775  3458  3458 D DCT     : [0]isDataPossible(bip): possible=false isDataAllowed=false apnTypePossible=true apnContextisEnabled=false apnContextState()=IDLE isDataAllowedOnDataDisabled =false

02-23 09:18:37.775  3458  3458 D DCT     : [ApnContext:bip] getApnSetting: apnSetting=null

02-23 09:18:37.775  3458  3458 D SubscriptionController: getPhoneId,  received dummy subId 2147483643

02-23 09:18:37.780  3458  3458 D SubscriptionController: getPhoneId,  received dummy subId 2147483643

02-23 09:18:37.780  3458  3458 D SubscriptionController: [getSubId]- sSlotIdxToSubId.size == 0, return DummySubIds slotIdx=0

02-23 09:18:37.780  3458  3458 D DCT     : [0]isDataAllowed: not allowed due to - Attached= false - SIM not loaded

02-23 09:18:37.780  3458  3458 D DCT     : [0]isDataPossible(ent2): possible=false isDataAllowed=false apnTypePossible=true apnContextisEnabled=false apnContextState()=IDLE isDataAllowedOnDataDisabled =false

02-23 09:18:37.780  3458  3458 D DCT     : [ApnContext:ent2] getApnSetting: apnSetting=null

02-23 09:18:37.795  3458  3458 D SubscriptionController: getPhoneId,  received dummy subId 2147483643

02-23 09:18:37.795  3458  3458 D SubscriptionController: getPhoneId,  received dummy subId 2147483643

02-23 09:18:37.800  3458  3458 D SubscriptionController: [getSubId]- sSlotIdxToSubId.size == 0, return DummySubIds slotIdx=0

02-23 09:18:37.800  3458  3458 D DCT     : [0]isDataPossible(emergency): possible=true isDataAllowed=true apnTypePossible=true apnContextisEnabled=false apnContextState()=IDLE isDataAllowedOnDataDisabled =false

02-23 09:18:37.800  3458  3458 D DCT     : [ApnContext:emergency] getApnSetting: apnSetting=null

02-23 09:18:37.800  3458  3458 D SubscriptionController: getPhoneId,  received dummy subId 2147483643

02-23 09:18:37.805  3458  3458 D SubscriptionController: getPhoneId,  received dummy subId 2147483643

02-23 09:18:37.805  3458  3458 D SubscriptionController: [getSubId]- sSlotIdxToSubId.size == 0, return DummySubIds slotIdx=0

02-23 09:18:37.805  3458  3458 D DCT     : [0]isDataAllowed: not allowed due to - Attached= false - SIM not loaded

02-23 09:18:37.805  3458  3458 D DCT     : [0]isDataPossible(ent1): possible=false isDataAllowed=false apnTypePossible=true apnContextisEnabled=false apnContextState()=IDLE isDataAllowedOnDataDisabled =false

02-23 09:18:37.805  3458  3458 D DCT     : [ApnContext:ent1] getApnSetting: apnSetting=null

02-23 09:18:37.805  3458  3458 D SubscriptionController: getPhoneId,  received dummy subId 2147483643

02-23 09:18:37.810  3458  3458 D SubscriptionController: getPhoneId,  received dummy subId 2147483643

02-23 09:18:37.810  3458  3458 D SubscriptionController: [getSubId]- sSlotIdxToSubId.size == 0, return DummySubIds slotIdx=0

02-23 09:18:37.810  3458  3458 D DCT     : [0]isDataAllowed: not allowed due to - Attached= false - SIM not loaded

02-23 09:18:37.810  3458  3458 D DCT     : [0]isDataPossible(hipri): possible=false isDataAllowed=false apnTypePossible=true apnContextisEnabled=false apnContextState()=IDLE isDataAllowedOnDataDisabled =false

02-23 09:18:37.810  3458  3458 D DCT     : [ApnContext:hipri] getApnSetting: apnSetting=null

02-23 09:18:37.815  3458  3458 D SubscriptionController: getPhoneId,  received dummy subId 2147483643

02-23 09:18:37.825  3458  3458 D SubscriptionController: getPhoneId,  received dummy subId 2147483643

02-23 09:18:37.825  3458  3458 D SubscriptionController: [getSubId]- sSlotIdxToSubId.size == 0, return DummySubIds slotIdx=0

02-23 09:18:37.830  3458  3458 D DCT     : [0]isDataAllowed: not allowed due to - Attached= false - SIM not loaded

02-23 09:18:37.830  3458  3458 D DCT     : [0]isDataAllowedOnDataDisabled: not allowed due to - gprs= 3 - SIM not loaded

02-23 09:18:37.830  3458  3458 D DCT     : [0]isDataAllowedOnDataDisabled: not allowed due to - gprs= 3 - SIM not loaded

02-23 09:18:37.830  3458  3458 D DCT     : [0]isDataPossible(ims): possible=false isDataAllowed=false apnTypePossible=true apnContextisEnabled=false apnContextState()=IDLE isDataAllowedOnDataDisabled =false

02-23 09:18:37.830  3458  3458 D DCT     : [ApnContext:ims] getApnSetting: apnSetting=null

02-23 09:18:37.830  3458  3458 D SubscriptionController: getPhoneId,  received dummy subId 2147483643

02-23 09:18:37.835  3458  3458 D SubscriptionController: getPhoneId,  received dummy subId 2147483643

02-23 09:18:37.845  3458  3458 D SubscriptionController: [getSubId]- sSlotIdxToSubId.size == 0, return DummySubIds slotIdx=0

02-23 09:18:37.845  3458  3458 D DCT     : [0]isDataAllowed: not allowed due to - Attached= false - SIM not loaded

02-23 09:18:37.845  3458  3458 D DCT     : [0]isDataPossible(default): possible=false isDataAllowed=false apnTypePossible=true apnContextisEnabled=false apnContextState()=IDLE isDataAllowedOnDataDisabled =false

02-23 09:18:37.845  3458  3458 D DCT     : [ApnContext:default] getApnSetting: apnSetting=null

02-23 09:18:37.845  3458  3458 D SubscriptionController: getPhoneId,  received dummy subId 2147483643

02-23 09:18:37.845  3458  3458 D SubscriptionController: getPhoneId,  received dummy subId 2147483643

02-23 09:18:37.855  3458  3458 D SubscriptionController: [getSubId]- sSlotIdxToSubId.size == 0, return DummySubIds slotIdx=0

02-23 09:18:37.870  3458  3458 D DCT     : [0]isDataAllowed: not allowed due to - Attached= false - SIM not loaded

02-23 09:18:37.870  3458  3458 D DCT     : [0]isDataPossible(mms): possible=false isDataAllowed=false apnTypePossible=true apnContextisEnabled=false apnContextState()=IDLE isDataAllowedOnDataDisabled =false

02-23 09:18:37.870  3458  3458 D DCT     : [ApnContext:mms] getApnSetting: apnSetting=null

02-23 09:18:37.870  3458  3458 D SubscriptionController: getPhoneId,  received dummy subId 2147483643

02-23 09:18:37.875  3458  3458 D SubscriptionController: getPhoneId,  received dummy subId 2147483643

02-23 09:18:37.875  3458  3458 D SubscriptionController: [getSubId]- sSlotIdxToSubId.size == 0, return DummySubIds slotIdx=0

02-23 09:18:37.880  3458  3458 D DCT     : [0]isDataAllowed: not allowed due to - Attached= false - SIM not loaded

02-23 09:18:37.880  3458  3458 D DCT     : [0]isDataPossible(cas): possible=false isDataAllowed=false apnTypePossible=true apnContextisEnabled=false apnContextState()=IDLE isDataAllowedOnDataDisabled =false

02-23 09:18:37.880  3458  3458 D DCT     : [ApnContext:cas] getApnSetting: apnSetting=null

02-23 09:18:37.880  3458  3458 D SubscriptionController: getPhoneId,  received dummy subId 2147483643

02-23 09:18:37.885  3458  3458 D SubscriptionController: getPhoneId,  received dummy subId 2147483643

02-23 09:18:37.885  3458  3458 D SubscriptionController: [getSubId]- sSlotIdxToSubId.size == 0, return DummySubIds slotIdx=0

02-23 09:18:37.890  3458  3458 D DCT     : [0]isDataAllowed: not allowed due to - Attached= false - SIM not loaded

02-23 09:18:37.890  3458  3458 D DCT     : [0]isDataPossible(cbs): possible=false isDataAllowed=false apnTypePossible=true apnContextisEnabled=false apnContextState()=IDLE isDataAllowedOnDataDisabled =false

02-23 09:18:37.890  3458  3458 D DCT     : [ApnContext:cbs] getApnSetting: apnSetting=null

02-23 09:18:37.895  3458  3458 D SubscriptionController: getPhoneId,  received dummy subId 2147483643

02-23 09:18:37.900  3458  3458 D SubscriptionController: getPhoneId,  received dummy subId 2147483643

02-23 09:18:37.900  3458  3458 D SubscriptionController: [getSubId]- sSlotIdxToSubId.size == 0, return DummySubIds slotIdx=0

02-23 09:18:37.900  3458  3458 D DCT     : [0]isDataAllowed: not allowed due to - Attached= false - SIM not loaded

02-23 09:18:37.900  3458  3458 D DCT     : [0]isDataPossible(ia): possible=false isDataAllowed=false apnTypePossible=true apnContextisEnabled=false apnContextState()=IDLE isDataAllowedOnDataDisabled =false

02-23 09:18:37.900  3458  3458 D DCT     : [ApnContext:ia] getApnSetting: apnSetting=null

02-23 09:18:37.905  3458  3458 D SubscriptionController: getPhoneId,  received dummy subId 2147483643

02-23 09:18:37.920  3458  3458 D SubscriptionController: getPhoneId,  received dummy subId 2147483643

02-23 09:18:37.925  3458  3458 D SubscriptionController: [getSubId]- sSlotIdxToSubId.size == 0, return DummySubIds slotIdx=0

02-23 09:18:37.925  3458  3458 D DCT     : [0]isDataAllowed: not allowed due to - Attached= false - SIM not loaded

02-23 09:18:37.925  3458  3458 D DCT     : [0]isDataPossible(dun): possible=false isDataAllowed=false apnTypePossible=true apnContextisEnabled=false apnContextState()=IDLE isDataAllowedOnDataDisabled =false

02-23 09:18:37.925  3458  3458 D DCT     : [ApnContext:dun] getApnSetting: apnSetting=null

02-23 09:18:37.935  3458  3458 D SubscriptionController: getPhoneId,  received dummy subId 2147483643

02-23 09:18:37.940  3458  3458 D SubscriptionController: getPhoneId,  received dummy subId 2147483643

02-23 09:18:37.940  3458  3458 D DCT     : [0]setupDataOnConnectableApns: roamingOff

02-23 09:18:37.940  3458  3458 D DCT     : [0]setupDataOnConnectableApns: apnContext {mApnType=default mState=IDLE mWaitingApns={null} mWaitingApnsPermanentFailureCountDown=0 mApnSetting={null} mReason=radioTurnedOff mRefCount=0 mDataEnabled=false mDependencyMet=true}

02-23 09:18:37.940  3458  3458 D DCT     : [0]setupDataOnConnectableApns: apnContext {mApnType=ims mState=IDLE mWaitingApns={null} mWaitingApnsPermanentFailureCountDown=0 mApnSetting={null} mReason=radioTurnedOff mRefCount=0 mDataEnabled=false mDependencyMet=true}

02-23 09:18:37.940  3458  3458 D DCT     : [0]setupDataOnConnectableApns: apnContext {mApnType=mms mState=IDLE mWaitingApns={null} mWaitingApnsPermanentFailureCountDown=0 mApnSetting={null} mReason=radioTurnedOff mRefCount=0 mDataEnabled=false mDependencyMet=true}

02-23 09:18:37.940  3458  3458 D DCT     : [0]setupDataOnConnectableApns: apnContext {mApnType=supl mState=IDLE mWaitingApns={null} mWaitingApnsPermanentFailureCountDown=0 mApnSetting={null} mReason=radioTurnedOff mRefCount=0 mDataEnabled=false mDependencyMet=true}

02-23 09:18:37.940  3458  3458 D DCT     : [0]setupDataOnConnectableApns: apnContext {mApnType=dun mState=IDLE mWaitingApns={null} mWaitingApnsPermanentFailureCountDown=0 mApnSetting={null} mReason=radioTurnedOff mRefCount=0 mDataEnabled=false mDependencyMet=true}

02-23 09:18:37.940  3458  3458 D DCT     : [0]setupDataOnConnectableApns: apnContext {mApnType=fota mState=IDLE mWaitingApns={null} mWaitingApnsPermanentFailureCountDown=0 mApnSetting={null} mReason=radioTurnedOff mRefCount=0 mDataEnabled=false mDependencyMet=true}

02-23 09:18:37.940  3458  3458 D DCT     : [0]setupDataOnConnectableApns: apnContext {mApnType=cbs mState=IDLE mWaitingApns={null} mWaitingApnsPermanentFailureCountDown=0 mApnSetting={null} mReason=radioTurnedOff mRefCount=0 mDataEnabled=false mDependencyMet=true}

02-23 09:18:37.955  3458  3458 D DCT     : [0]setupDataOnConnectableApns: apnContext {mApnType=ia mState=IDLE mWaitingApns={null} mWaitingApnsPermanentFailureCountDown=0 mApnSetting={null} mReason=radioTurnedOff mRefCount=0 mDataEnabled=false mDependencyMet=true}

02-23 09:18:37.955  3458  3458 D DCT     : [0]setupDataOnConnectableApns: apnContext {mApnType=emergency mState=IDLE mWaitingApns={null} mWaitingApnsPermanentFailureCountDown=0 mApnSetting={null} mReason=radioTurnedOff mRefCount=0 mDataEnabled=false mDependencyMet=true}

02-23 09:18:37.955  3458  3458 D DCT     : [0]setupDataOnConnectableApns: apnContext {mApnType=bip mState=IDLE mWaitingApns={null} mWaitingApnsPermanentFailureCountDown=0 mApnSetting={null} mReason=radioTurnedOff mRefCount=0 mDataEnabled=false mDependencyMet=true}

02-23 09:18:37.955  3458  3458 D DCT     : [0]setupDataOnConnectableApns: apnContext {mApnType=xcap mState=IDLE mWaitingApns={null} mWaitingApnsPermanentFailureCountDown=0 mApnSetting={null} mReason=radioTurnedOff mRefCount=0 mDataEnabled=false mDependencyMet=true}

02-23 09:18:37.955  3458  3458 D DCT     : [0]setupDataOnConnectableApns: apnContext {mApnType=ent1 mState=IDLE mWaitingApns={null} mWaitingApnsPermanentFailureCountDown=0 mApnSetting={null} mReason=radioTurnedOff mRefCount=0 mDataEnabled=false mDependencyMet=true}

02-23 09:18:37.955  3458  3458 D DCT     : [0]setupDataOnConnectableApns: apnContext {mApnType=ent2 mState=IDLE mWaitingApns={null} mWaitingApnsPermanentFailureCountDown=0 mApnSetting={null} mReason=radioTurnedOff mRefCount=0 mDataEnabled=false mDependencyMet=true}

02-23 09:18:37.955  3458  3458 D DCT     : [0]setupDataOnConnectableApns: apnContext {mApnType=hipri mState=IDLE mWaitingApns={null} mWaitingApnsPermanentFailureCountDown=0 mApnSetting={null} mReason=radioTurnedOff mRefCount=0 mDataEnabled=false mDependencyMet=true}

02-23 09:18:37.955  3458  3458 D DCT     : [0]setupDataOnConnectableApns: apnContext {mApnType=cas mState=IDLE mWaitingApns={null} mWaitingApnsPermanentFailureCountDown=0 mApnSetting={null} mReason=radioTurnedOff mRefCount=0 mDataEnabled=false mDependencyMet=true}

02-23 09:18:37.955  3458  3458 D DCT     : [0]handleMessage msg={ when=-6s354ms what=270377 obj=android.os.AsyncResult@4fc8c76 target=com.android.internal.telephony.dataconnection.DcTracker }

02-23 09:18:37.955  3458  3458 D DCT     : [0]Discard nwTypeChanged due to better LostMultiApnSupport and MultiApnSupport

02-23 09:18:37.955  3458  3458 D RILJ    : [0015]> BASEBAND_VERSION [SUB0]

02-23 09:18:37.960  3458  3458 D RILJ    : [0016]> GET_IMEI [SUB0]

02-23 09:18:37.960  2769  3805 I power_partial_wake_state: [1,RILJ0]

02-23 09:18:37.965  3458  3458 D RILJ    : [0017]> GET_IMEISV [SUB0]

02-23 09:18:37.965  2769  3281 I power_partial_wake_state: [1,RILJ0]

02-23 09:18:37.965  2769  3492 I power_partial_wake_state: [1,RILJ0]

02-23 09:18:37.970  3458  3458 D RILJ    : [0018]> RIL_REQUEST_GET_RADIO_CAPABILITY [SUB0]

02-23 09:18:37.970  3458  3458 D RILJ    : [0019]> RIL_REQUEST_START_LCE [SUB0]

02-23 09:18:37.970  2769  3125 I power_partial_wake_state: [1,RILJ0]

02-23 09:18:37.970  2769  3805 I power_partial_wake_state: [1,RILJ0]

02-23 09:18:37.975  3458  3458 D SMSDispatcher: [SMSDispatcher] handleRadioStateChanged: RADIO_ON

02-23 09:18:37.975  3458  3458 D SubscriptionController: [getSubId]- sSlotIdxToSubId.size == 0, return DummySubIds slotIdx=0

02-23 09:18:37.975  3458  3458 D GsmSMSDispatcher: GsmSMSDispatcher: subId = 2147483643 slotId = 0

02-23 09:18:37.975  3458  3458 D IccCardProxy: IccCardProxy handleMessage : 3

02-23 09:18:37.980  3458  3458 E IccCardProxy: setExternalState: !override and newstate unchanged from NOT_READY

02-23 09:18:37.980  3458  3458 D IccCardProxy: IccCardProxy handleMessage : 1

02-23 09:18:37.980  3458  3458 D DctController: EVENT_PHONE1_DATA_DETACH.

02-23 09:18:37.980  3458  3795 D DcSwitchSM: [DcSwitchStateMachine-0] DefaultState: shouldn't happen but ignore msg.what=0x44008

02-23 09:18:37.980  3458  3458 D SubscriptionController: [getSubId]- sSlotIdxToSubId.size == 0, return DummySubIds slotIdx=0

02-23 09:18:37.980  3458  3458 D DctController: [TNF 2147483643]got request NetworkRequest [ id=1, legacyType=-1, [ Capabilities: INTERNET&NOT_RESTRICTED&TRUSTED&NOT_VPN] ] with score 0

02-23 09:18:37.980  3458  3458 D SubscriptionController: [getSubId]- sSlotIdxToSubId.size == 0, return DummySubIds slotIdx=0

02-23 09:18:37.980  3458  3458 D DctController: [TNF 2147483643]  my score=50, my filter=[ Transports: CELLULAR Capabilities: MMS&SUPL&DUN&FOTA&IMS&CBS&IA&RCS&XCAP&EIMS&INTERNET&NOT_RESTRICTED&TRUSTED&NOT_VPN&ENT1&BIP]

02-23 09:18:37.980  3458  3458 D SubscriptionController: [getSubId]- sSlotIdxToSubId.size == 0, return DummySubIds slotIdx=0

02-23 09:18:37.980  3458  3458 D DctController: [TNF 2147483643]evalRequest evalRequest  = NetworkRequest [ id=1, legacyType=-1, [ Capabilities: INTERNET&NOT_RESTRICTED&TRUSTED&NOT_VPN] ] n.requested= false

02-23 09:18:37.980  3458  3458 D SubscriptionController: [getSubId]- sSlotIdxToSubId.size == 0, return DummySubIds slotIdx=0

02-23 09:18:37.980  3458  3458 D DctController: [TNF 2147483643]evalRequest

02-23 09:18:37.980  3458  3458 D SubscriptionController: [getSubId]- sSlotIdxToSubId.size == 0, return DummySubIds slotIdx=0

02-23 09:18:37.980  3458  3458 D DctController: [TNF 2147483643]  needNetworkFor

02-23 09:18:37.980  3458  3458 D SubscriptionController: [getSubId]- sSlotIdxToSubId.size == 0, return DummySubIds slotIdx=0

02-23 09:18:37.980  3458  3458 D DctController: [TNF 2147483643]Cellular needs Network for NetworkRequest [ id=1, legacyType=-1, [ Capabilities: INTERNET&NOT_RESTRICTED&TRUSTED&NOT_VPN] ]

02-23 09:18:37.980  3458  3458 D SubscriptionController: [getSubId]- sSlotIdxToSubId.size == 0, return DummySubIds slotIdx=0

02-23 09:18:37.980  3458  3458 D SubscriptionController: [getPhoneId]- no sims, returning default phoneId=0

02-23 09:18:37.980  3458  3458 D DctController: apnForNetworkRequest name=default, type=0

02-23 09:18:37.980  3458  3458 D DctController: requestNetwork request=NetworkRequest [ id=1, legacyType=-1, [ Capabilities: INTERNET&NOT_RESTRICTED&TRUSTED&NOT_VPN] ], priority=0

02-23 09:18:37.980  3458  3653 D RilRequest: [0019]< RIL_REQUEST_START_LCE error: com.android.internal.telephony.CommandException: REQUEST_NOT_SUPPORTED ret=

02-23 09:18:37.990  3458  3458 D DctController: processRequests

02-23 09:18:37.990  3458  3458 D SubscriptionController: [getSubId]- sSlotIdxToSubId.size == 0, return DummySubIds slotIdx=0

02-23 09:18:37.990  3458  3458 D DctController: [TNF 2147483643]got request NetworkRequest [ id=2, legacyType=-1, [ Transports: CELLULAR Capabilities: INTERNET&NOT_RESTRICTED&TRUSTED&NOT_VPN] ] with score 0

02-23 09:18:37.995  3458  3653 D RILJ    : [0015]< BASEBAND_VERSION T377AUCU2AQGF [SUB0]

02-23 09:18:37.995  3458  3653 D RILJ    : Faking RIL_REQUEST_GET_RADIO_CAPABILITY response using 131064 [SUB0]

02-23 09:18:37.995  3458  3653 D RILJ    : [0018]< RIL_REQUEST_GET_RADIO_CAPABILITY {mPhoneId = 0 mVersion=1 mSession=0 mPhase=0 mRadioAccessFamily=131064 mLogicModemId= mStatus=1} [SUB0]

02-23 09:18:37.995  3458  3458 D SubscriptionController: [getSubId]- sSlotIdxToSubId.size == 0, return DummySubIds slotIdx=0

02-23 09:18:37.995  3458  3458 D DctController: [TNF 2147483643]  my score=50, my filter=[ Transports: CELLULAR Capabilities: MMS&SUPL&DUN&FOTA&IMS&CBS&IA&RCS&XCAP&EIMS&INTERNET&NOT_RESTRICTED&TRUSTED&NOT_VPN&ENT1&BIP]

02-23 09:18:37.995  3458  3458 D SubscriptionController: [getSubId]- sSlotIdxToSubId.size == 0, return DummySubIds slotIdx=0

02-23 09:18:37.995  3458  3458 D DctController: [TNF 2147483643]evalRequest evalRequest  = NetworkRequest [ id=2, legacyType=-1, [ Transports: CELLULAR Capabilities: INTERNET&NOT_RESTRICTED&TRUSTED&NOT_VPN] ] n.requested= false

02-23 09:18:37.995  3458  3458 D SubscriptionController: [getSubId]- sSlotIdxToSubId.size == 0, return DummySubIds slotIdx=0

02-23 09:18:37.995  3458  3458 D DctController: [TNF 2147483643]evalRequest

02-23 09:18:37.995  3458  3458 D SubscriptionController: [getSubId]- sSlotIdxToSubId.size == 0, return DummySubIds slotIdx=0

02-23 09:18:37.995  3458  3458 D DctController: [TNF 2147483643]  needNetworkFor

02-23 09:18:37.995  3458  3458 D SubscriptionController: [getSubId]- sSlotIdxToSubId.size == 0, return DummySubIds slotIdx=0

02-23 09:18:37.995  3458  3458 D DctController: [TNF 2147483643]Cellular needs Network for NetworkRequest [ id=2, legacyType=-1, [ Transports: CELLULAR Capabilities: INTERNET&NOT_RESTRICTED&TRUSTED&NOT_VPN] ]

02-23 09:18:37.995  3458  3458 D SubscriptionController: [getSubId]- sSlotIdxToSubId.size == 0, return DummySubIds slotIdx=0

02-23 09:18:37.995  3458  3458 D SubscriptionController: [getPhoneId]- no sims, returning default phoneId=0

02-23 09:18:37.995  3458  3458 D DctController: apnForNetworkRequest name=default, type=0

02-23 09:18:37.995  3458  3458 D DctController: requestNetwork request=NetworkRequest [ id=2, legacyType=-1, [ Transports: CELLULAR Capabilities: INTERNET&NOT_RESTRICTED&TRUSTED&NOT_VPN] ], priority=0

02-23 09:18:38.000  3458  3458 D DctController: processRequests

02-23 09:18:38.000  3458  3458 D GsmSST  : Intent : android.intent.action.SIM_STATE_CHANGED

02-23 09:18:38.000  3458  3458 D SubscriptionInfoUpdater: [Receiver]+

02-23 09:18:38.000  3458  3458 D SubscriptionInfoUpdater: Action: android.intent.action.SIM_STATE_CHANGED

02-23 09:18:38.000  3458  3458 D SubscriptionInfoUpdater: slotId: 0

02-23 09:18:38.000  3458  3458 D SubscriptionInfoUpdater: simStatus: NOT_READY

02-23 09:18:38.000  3458  3458 D SubscriptionInfoUpdater: Ignoring simStatus: NOT_READY

02-23 09:18:38.000  3458  3458 D SubscriptionInfoUpdater: [Receiver]-

02-23 09:18:38.020  3458  3653 D RILJ    : [0016]< GET_IMEI  [SUB0]

02-23 09:18:38.040  3458  3653 D RILJ    : [0017]< GET_IMEISV  [SUB0]

02-23 09:18:38.040  2769  3281 I power_partial_wake_state: [0,RILJ0]

02-23 09:18:38.080  3458  3458 D use-Rlog/RLOG-IMS-IIL: ImsTelephonyService: IMS Telephony Service create

02-23 09:18:38.080  3458  3458 D use-Rlog/RLOG-IMS-IIL: ImsTelephonyService: Bind secphone service

02-23 09:18:38.080  3458  3458 D use-Rlog/RLOG-IMS-IIL: ImsTelephonyService: bindSecPhoneService()

02-23 09:18:38.105  2769  2782 I am_proc_start: [0,3938,1001,com.sec.phone,service,com.sec.phone/.SecPhoneService]

02-23 09:18:38.165  3458  3458 D use-Rlog/RLOG-IMS-IIL: ImsTelephonyService: bindImsService()

02-23 09:18:38.165  2769  3806 I power_partial_wake_state: [0,AudioMix]

02-23 09:18:38.230  2769  3021 I am_proc_bound: [0,3938,com.sec.phone]

02-23 09:18:38.285  3458  3458 D SubscriptionController: [getPhoneId]- no sims, returning default phoneId=0

02-23 09:18:38.310  3458  3458 D SubscriptionController: [getPhoneId]- no sims, returning default phoneId=0

02-23 09:18:38.315  3458  3458 E use-Rlog/RLOG-IMS-IIL: ImsTelephonyService: (re)starting IMS adaptor

02-23 09:18:38.315  3458  3458 D use-Rlog/RLOG-IMS-IIL: Log Level : 2

02-23 09:18:38.325  3458  3961 D use-Rlog/RLOG-IMS-IIL: IpcDispatcher: IpcDispatcher: IpcDispatcher

02-23 09:18:38.330  3458  3961 D use-Rlog/RLOG-IMS-IIL: ImsCallManager: ImsCallManager (mVoltePolicy: notallowed)

02-23 09:18:38.330  3458  3458 E use-Rlog/RLOG-IMS-IIL: ImsTelephonyService: Manager instances are not ready. continuing to wait

02-23 09:18:38.340  3458  3961 D SubscriptionController: [getPhoneId]- no sims, returning default phoneId=0

02-23 09:18:38.340  3458  3961 D SubscriptionController: [getPhoneId]- no sims, returning default phoneId=0

02-23 09:18:38.345  3458  3963 D use-Rlog/RLOG-IMS-IIL: IpcDispatcher: ImsModemReceiver::Create Socket !!

02-23 09:18:38.345  3458  3963 D use-Rlog/RLOG-IMS-IIL: IpcDispatcher: ImsModemReceiver::Create Socket : imsd

02-23 09:18:38.345  3458  3458 E use-Rlog/RLOG-IMS-IIL: ImsTelephonyService: Manager instances are not ready. continuing to wait

02-23 09:18:38.360  3458  3961 D use-Rlog/RLOG-IMS-IIL: ImsSmsManager: ImsSmsManager networkCapa : ATT-ATT-GSM-USA

02-23 09:18:38.360  3458  3458 E use-Rlog/RLOG-IMS-IIL: ImsTelephonyService: Manager instances are not ready. continuing to wait

02-23 09:18:38.360  3458  3963 D use-Rlog/RLOG-IMS-IIL: IpcDispatcher: Connected to 'imsd' socket

02-23 09:18:38.360  3458  3961 D use-Rlog/RLOG-IMS-IIL: ImsIilManager: ImsIilManager

02-23 09:18:38.365  3458  3961 D use-Rlog/RLOG-IMS-IIL: ImsSsManager: ImsSsManager

02-23 09:18:38.365  3458  3961 D use-Rlog/RLOG-IMS-IIL: ImsCallManager: onDataConnectionStateChanged(): state -1, networkType 0 old 0

02-23 09:18:38.365  3458  3458 D use-Rlog/RLOG-IMS-IIL: ImsTelephonyService: Manager instances are ready

02-23 09:18:38.370  3458  3458 D use-Rlog/RLOG-IMS-IIL: IpcDispatcher: [Tx]: (M)IPC_IIL_CMD (S)IPC_IIL_IIL_CONNECTED (T)NOTI l:0

02-23 09:18:38.370  3458  3458 E use-Rlog/RLOG-IMS-IIL: ImsTelephonyService: Finished initiating

02-23 09:18:38.370  3458  3458 D use-Rlog/RLOG-IMS-IIL: ImsTelephonyService: IMS Telephony Service bound

02-23 09:18:38.370  3458  3458 D DebugService: DebugService DebugService:

02-23 09:18:38.400  3458  3458 D SipService: SipService: started!

02-23 09:18:38.405  2769  3806 I power_partial_wake_state: [1,bluedroid_timer]

02-23 09:18:38.410  3938  3938 I RILS    : onBind()

02-23 09:18:38.410  2769  3805 I power_partial_wake_state: [0,bluedroid_timer]

02-23 09:18:38.425  3458  3458 D SipService: start:

02-23 09:18:38.430  3458  3458 D DCT     : [0]onReceive: action=android.net.wifi.STATE_CHANGE

02-23 09:18:38.430  3458  3458 D DCT     : [0]NETWORK_STATE_CHANGED_ACTION: mIsWifiConnected=true

02-23 09:18:38.435  3458  3458 D SubscriptionController: [getPhoneId]- no sims, returning default phoneId=0

02-23 09:18:38.435  3458  3458 D SubscriptionController: [getSubId]- sSlotIdxToSubId.size == 0, return DummySubIds slotIdx=0

02-23 09:18:38.435  3458  3458 D DctController: [TNF 2147483643]new score 20 for exisiting request NetworkRequest [ id=1, legacyType=-1, [ Capabilities: INTERNET&NOT_RESTRICTED&TRUSTED&NOT_VPN] ]

02-23 09:18:38.435  3458  3458 D SubscriptionController: [getSubId]- sSlotIdxToSubId.size == 0, return DummySubIds slotIdx=0

02-23 09:18:38.435  3458  3458 D DctController: [TNF 2147483643]  my score=50, my filter=[ Transports: CELLULAR Capabilities: MMS&SUPL&DUN&FOTA&IMS&CBS&IA&RCS&XCAP&EIMS&INTERNET&NOT_RESTRICTED&TRUSTED&NOT_VPN&ENT1&BIP]

02-23 09:18:38.435  3938  3968 I RILS    : swVer : T377AUCU2AQGF

02-23 09:18:38.435  3458  3458 D SubscriptionController: [getSubId]- sSlotIdxToSubId.size == 0, return DummySubIds slotIdx=0

02-23 09:18:38.435  3458  3458 D DctController: [TNF 2147483643]evalRequest evalRequest  = NetworkRequest [ id=1, legacyType=-1, [ Capabilities: INTERNET&NOT_RESTRICTED&TRUSTED&NOT_VPN] ] n.requested= true

02-23 09:18:38.435  3458  3458 D SubscriptionController: [getSubId]- sSlotIdxToSubId.size == 0, return DummySubIds slotIdx=0

02-23 09:18:38.435  3458  3458 D DctController: [TNF 2147483643]evalRequest

02-23 09:18:38.435  3458  3458 D SubscriptionController: [getSubId]- sSlotIdxToSubId.size == 0, return DummySubIds slotIdx=0

02-23 09:18:38.435  3458  3458 D DctController: [TNF 2147483643]  done

02-23 09:18:38.435  3938  3968 I RILS    : Secril is ready

02-23 09:18:38.435  3938  3968 I RILS    : start connect to 'Multiclient' socket, TID: 131

02-23 09:18:38.440  3938  3968 D RILS    : [0000]> OEM_HOOK_RAW[120a0004]

02-23 09:18:38.440  2769  3281 I power_partial_wake_state: [1,RILS]

02-23 09:18:38.445  3458  3458 D SubscriptionController: [getSubId]- sSlotIdxToSubId.size == 0, return DummySubIds slotIdx=0

02-23 09:18:38.445  3938  3968 D RILS    : processSolicited(): mResult - null

02-23 09:18:38.445  3458  3458 D DctController: [TNF 2147483643]new score 60 for exisiting request NetworkRequest [ id=1, legacyType=-1, [ Capabilities: INTERNET&NOT_RESTRICTED&TRUSTED&NOT_VPN] ]

02-23 09:18:38.445  3458  3458 D SubscriptionController: [getSubId]- sSlotIdxToSubId.size == 0, return DummySubIds slotIdx=0

02-23 09:18:38.445  3458  3458 D DctController: [TNF 2147483643]  my score=50, my filter=[ Transports: CELLULAR Capabilities: MMS&SUPL&DUN&FOTA&IMS&CBS&IA&RCS&XCAP&EIMS&INTERNET&NOT_RESTRICTED&TRUSTED&NOT_VPN&ENT1&BIP]

02-23 09:18:38.445  3458  3458 D SubscriptionController: [getSubId]- sSlotIdxToSubId.size == 0, return DummySubIds slotIdx=0

02-23 09:18:38.445  3458  3458 D DctController: [TNF 2147483643]evalRequest evalRequest  = NetworkRequest [ id=1, legacyType=-1, [ Capabilities: INTERNET&NOT_RESTRICTED&TRUSTED&NOT_VPN] ] n.requested= true

02-23 09:18:38.445  3458  3458 D SubscriptionController: [getSubId]- sSlotIdxToSubId.size == 0, return DummySubIds slotIdx=0

02-23 09:18:38.445  3458  3458 D DctController: [TNF 2147483643]evalRequest

02-23 09:18:38.445  3458  3458 D SubscriptionController: [getSubId]- sSlotIdxToSubId.size == 0, return DummySubIds slotIdx=0

02-23 09:18:38.445  3458  3458 D DctController: [TNF 2147483643]  releaseNetworkFor

02-23 09:18:38.445  3458  3458 D SubscriptionController: [getSubId]- sSlotIdxToSubId.size == 0, return DummySubIds slotIdx=0

02-23 09:18:38.445  3458  3458 D DctController: [TNF 2147483643]Cellular releasing Network for NetworkRequest [ id=1, legacyType=-1, [ Capabilities: INTERNET&NOT_RESTRICTED&TRUSTED&NOT_VPN] ]

02-23 09:18:38.445  3458  3458 D SubscriptionController: [getSubId]- sSlotIdxToSubId.size == 0, return DummySubIds slotIdx=0

02-23 09:18:38.445  3458  3458 D SubscriptionController: [getPhoneId]- no sims, returning default phoneId=0

02-23 09:18:38.445  3458  3458 D DctController: apnForNetworkRequest name=default, type=0

02-23 09:18:38.445  3938  3968 D RILS    : processSolicited(): reply - { when=-2m42s927ms barrier=0 }

02-23 09:18:38.445  3458  3458 D DctController: releaseNetwork request=NetworkRequest [ id=1, legacyType=-1, [ Capabilities: INTERNET&NOT_RESTRICTED&TRUSTED&NOT_VPN] ], requestInfo=[request=NetworkRequest [ id=1, legacyType=-1, [ Capabilities: INTERNET&NOT_RESTRICTED&TRUSTED&NOT_VPN] ], executed=false, executedPhoneId=-1, enabledSlot=-1, priority=0]

02-23 09:18:38.445  3938  3968 D RILS    : [0000]< OEM_HOOK_RAW { when=-2m42s929ms barrier=0 }

02-23 09:18:38.445  2769  3729 I power_partial_wake_state: [0,CallerInfoCache]

02-23 09:18:38.445  2769  3021 I power_partial_wake_state: [0,RILS]

02-23 09:18:38.450  3458  3458 D DctController: releaseRequest, request= [request=NetworkRequest [ id=1, legacyType=-1, [ Capabilities: INTERNET&NOT_RESTRICTED&TRUSTED&NOT_VPN] ], executed=false, executedPhoneId=-1, enabledSlot=-1, priority=0]

02-23 09:18:38.450  3458  3458 D DctController: processRequests

02-23 09:18:38.455  3458  3458 D RILJ    : [0020]> RIL_REQUEST_QUERY_TTY_MODE [SUB0]

02-23 09:18:38.455  2769  3281 I power_partial_wake_state: [1,RILJ0]

02-23 09:18:38.460  3458  3653 D RILJ    : [0020]< RIL_REQUEST_QUERY_TTY_MODE {0} [SUB0]

02-23 09:18:38.465  2769  3805 I power_partial_wake_state: [0,RILJ0]

02-23 09:18:38.480  3458  3458 D UiccController: Received EVENT_GET_ICC_STATUS_DONE

02-23 09:18:38.480  3458  3458 E UiccController: Error getting ICC status. RIL_REQUEST_GET_ICC_STATUS should never return an error

02-23 09:18:38.480  3458  3458 E UiccController: com.android.internal.telephony.CommandException: GENERIC_FAILURE

02-23 09:18:38.480  3458  3458 E UiccController: 	at com.android.internal.telephony.RILRequest.onError(RIL.java:261)

02-23 09:18:38.480  3458  3458 E UiccController: 	at com.android.internal.telephony.RIL.processSolicited(RIL.java:3392)

02-23 09:18:38.480  3458  3458 E UiccController: 	at com.android.internal.telephony.RIL.processResponse(RIL.java:3013)

02-23 09:18:38.480  3458  3458 E UiccController: 	at com.android.internal.telephony.RIL.access$700(RIL.java:286)

02-23 09:18:38.480  3458  3458 E UiccController: 	at com.android.internal.telephony.RIL$RILReceiver.run(RIL.java:740)

02-23 09:18:38.480  3458  3458 E UiccController: 	at java.lang.Thread.run(Thread.java:818)

02-23 09:18:38.480  3458  3458 D GsmSST  : mDeviceShuttingDown = false

02-23 09:18:38.480  3458  3458 D GsmSST  : mDesiredPowerState = true

02-23 09:18:38.480  3458  3458 D GsmSST  : getRadioState = RADIO_ON

02-23 09:18:38.480  3458  3458 D GsmSST  : mPowerOffDelayNeed = true

02-23 09:18:38.480  3458  3458 D GsmSST  : mAlarmSwitch = false

02-23 09:18:38.480  3458  3458 D RILJ    : [0021]> OPERATOR [SUB0]

02-23 09:18:38.485  2769  3729 I power_partial_wake_state: [1,RILJ0]

02-23 09:18:38.490  3458  3458 D RILJ    : [0022]> DATA_REGISTRATION_STATE [SUB0]

02-23 09:18:38.495  3458  3653 D RILJ    : [0021]< OPERATOR {xx,xx,xx,xx} [SUB0]

02-23 09:18:38.495  3458  3458 D RILJ    : [0023]> VOICE_REGISTRATION_STATE [SUB0]

02-23 09:18:38.495  2769  3021 I power_partial_wake_state: [1,RILJ0]

02-23 09:18:38.495  2769  3125 I power_partial_wake_state: [1,RILJ0]

02-23 09:18:38.500  3458  3458 D RILJ    : [0024]> QUERY_NETWORK_SELECTION_MODE [SUB0]

02-23 09:18:38.500  2769  3805 I power_partial_wake_state: [1,RILJ0]

02-23 09:18:38.505  3458  3458 D SMSDispatcher: [SMSDispatcher] handleRadioStateChanged: RADIO_ON

02-23 09:18:38.505  3458  3458 D RILJ    : [0025]> GET_CURRENT_CALLS [SUB0]

02-23 09:18:38.505  3458  3653 D RILJ    : [0022]< DATA_REGISTRATION_STATE {0, 0000, 00000000, 0, null, 4, 0xfffe, null, 0x00000000, null, null, 0} [SUB0]

02-23 09:18:38.510  2769  3281 I power_partial_wake_state: [1,RILJ0]

02-23 09:18:38.580  3458  3807 D SubscriptionController: [getSlotId]- subId invalid

02-23 09:18:38.580  3458  3458 D RILJ    : [0026]> RIL_REQUEST_VOICE_RADIO_TECH [SUB0]

02-23 09:18:38.580  3458  3653 D RILJ    : [0023]< VOICE_REGISTRATION_STATE {0, 0000, 00000000, 0, null, null, null, null, null, null, null, null, null, null, null, 2, 2, 0} [SUB0]

02-23 09:18:38.580  2769  2783 I power_partial_wake_state: [1,RILJ0]

02-23 09:18:38.585  3458  3458 D RILJ    : [0027]> RIL_REQUEST_IMS_REGISTRATION_STATE [SUB0]

02-23 09:18:38.585  3458  3458 D RILJ    : [0028]> RIL_REQUEST_CDMA_GET_SUBSCRIPTION_SOURCE [SUB0]

02-23 09:18:38.585  3458  3469 D SubscriptionController: getSimStateForSlotIdx:  simState=NOT_READY ordinal=6

02-23 09:18:38.585  3458  3458 D IccCardProxy: IccCardProxy handleMessage : 2

02-23 09:18:38.585  2769  3804 I power_partial_wake_state: [1,RILJ0]

02-23 09:18:38.585  2769  2783 I power_partial_wake_state: [1,RILJ0]

02-23 09:18:38.590  3458  3458 E PHONE   : ServiceState.getRadioTechnology() DEPRECATED will be removed *******

02-23 09:18:38.590  3458  3653 D RILJ    : [0024]< QUERY_NETWORK_SELECTION_MODE {0} [SUB0]

02-23 09:18:38.590  3458  3458 D GSMPhone: Service state changed for emergnecy number

02-23 09:18:38.590  3458  3653 D RILJ    : [0026]< RIL_REQUEST_VOICE_RADIO_TECH {0} [SUB0]

02-23 09:18:38.590  3748  3748 D SubscriptionManager: getSimStateForSlotIdx: simState=6 slotIdx=0

02-23 09:18:38.590  3748  3748 D TelephonyManager: getSimState: default sim:-1, sim state for slotIdx=0 is 6, return state as unknown

02-23 09:18:38.590  3458  3653 D RILJ    : [0027]< RIL_REQUEST_IMS_REGISTRATION_STATE {0, 1} [SUB0]

02-23 09:18:38.590  3458  3653 D RILJ    : [0028]< RIL_REQUEST_CDMA_GET_SUBSCRIPTION_SOURCE {0} [SUB0]

02-23 09:18:38.595  3458  3458 D SubscriptionController: [getSlotId]- subId invalid

02-23 09:18:38.600  3458  3458 D SubscriptionController: getSimStateForSlotIdx:  simState=NOT_READY ordinal=6

02-23 09:18:38.600  3458  3458 D SubscriptionManager: getSimStateForSlotIdx: simState=6 slotIdx=0

02-23 09:18:38.600  3458  3458 D TelephonyManager: getSimState: default sim:-1, sim state for slotIdx=0 is 6, return state as unknown

02-23 09:18:38.600  3458  3458 D GSMPhone: setEmergencyNumbers: mPrevSs=[null], ss=[3 3 voice home data home  Unknown Unknown CSS not supported -1 -1 RoamInd=-1 DefRoamInd=-1 VoiceRegType=0 ImsVoiceAvail=0 IsEbSupport=0 IsEaBarred=0 Snap=0 FemtocellInd=0 EmergOnly=false IsDataRoamingFromRegistration=false]

02-23 09:18:38.600  3458  3458 D GSMPhone: setEmergencyNumbers: customerSpec=null

02-23 09:18:38.600  3458  3458 D GSMPhone: setEmergencyNumbers: simstateProperty=NOT_READY

02-23 09:18:38.600  3458  3458 D GSMPhone: setEmergencyNumbers: withSIM=false

02-23 09:18:38.610  2769  3806 I power_partial_wake_state: [1,AudioMix]

02-23 09:18:38.610  2769  3806 I power_partial_wake_state: [1,AudioMix]

02-23 09:18:38.620  3458  3458 D GSMPhone: setEmergencyNumbers: ECC for operator=112,911,999,000,08,110,118,119

02-23 09:18:38.625  3458  3458 D GSMPhone: setEmergencyNumbers: emergencyNumbers=112,911,999,000,08,110,118,119

02-23 09:18:38.625  3458  3458 D GSMPhone: setEmergencyNumbers: ril.ecclist00 - 112,911,999,000,08,110,118,119

02-23 09:18:38.625  3458  3963 D use-Rlog/RLOG-IMS-IIL: IpcDispatcher: [Rx]: (M)IPC_CALL_CMD (S)IPC_CALL_LIST (T)GET l:7

02-23 09:18:38.625  3458  3961 D use-Rlog/RLOG-IMS-IIL: ImsCallManager: handleMessage: event 100

02-23 09:18:38.630  3458  3961 D use-Rlog/RLOG-IMS-IIL: IpcDispatcher: [Tx]: (M)IPC_CALL_CMD (S)IPC_CALL_LIST (T)RESP l:0

02-23 09:18:38.630  3458  3961 D use-Rlog/RLOG-IMS-IIL: ImsSmsManager: handleMessage: event 100

02-23 09:18:38.630  3458  3458 D DCT     : [0]handleMessage msg={ when=-2s902ms what=270377 obj=android.os.AsyncResult@7feff26 target=com.android.internal.telephony.dataconnection.DcTracker }

02-23 09:18:38.630  3458  3961 D use-Rlog/RLOG-IMS-IIL: ImsIilManager: handleMessage: event 100

02-23 09:18:38.630  3458  3458 D DCT     : [0]Discard nwTypeChanged due to better LostMultiApnSupport and MultiApnSupport

02-23 09:18:38.630  3458  3458 D UiccController: Received EVENT_ICC_STATUS_CHANGED, calling getIccCardStatus

02-23 09:18:38.630  3458  3961 D use-Rlog/RLOG-IMS-IIL: ImsSsManager: handleMessage: event 100

02-23 09:18:38.630  3458  3458 D RILJ    : [0029]> GET_SIM_STATUS [SUB0]

02-23 09:18:38.630  3458  3653 D RILJ    : [0025]< GET_CURRENT_CALLS {} [SUB0]

02-23 09:18:38.630  3458  3458 D SubscriptionController: [getSubId]- sSlotIdxToSubId.size == 0, return DummySubIds slotIdx=0

02-23 09:18:38.630  3458  3458 D SubscriptionController: [getSubId]- sSlotIdxToSubId.size == 0, return DummySubIds slotIdx=0

02-23 09:18:38.630  3458  3458 D SubscriptionController: [getSubId]- sSlotIdxToSubId.size == 0, return DummySubIds slotIdx=0

02-23 09:18:38.630  3458  3458 D SubscriptionController: [getSubId]- sSlotIdxToSubId.size == 0, return DummySubIds slotIdx=0

02-23 09:18:38.630  2769  3806 I power_partial_wake_state: [1,RILJ0]

02-23 09:18:38.635  3458  3458 D SubscriptionController: [getSubId]- sSlotIdxToSubId.size == 0, return DummySubIds slotIdx=0

02-23 09:18:38.640  2191  2289 E RILD    : Not support read boot param (ro.carrierid.param.offset)

02-23 09:18:38.640  3458  3653 D RILJ    : [UNSL]< UNSOL_SIM_ICCID_NOTI [SUB0]

02-23 09:18:38.640  3458  3458 D SubscriptionController: getPhoneId,  received dummy subId 2147483643

02-23 09:18:38.645  3458  3653 D RILJ    : [UNSL]< UNSOL_RESPONSE_SIM_STATUS_CHANGED [SUB0]

02-23 09:18:38.645  3458  3458 D SubscriptionController: [getSlotId]- subId invalid

02-23 09:18:38.645  3458  3458 D SubscriptionController: getSimStateForSlotIdx:  simState=NOT_READY ordinal=6

02-23 09:18:38.645  3458  3653 D RILJ    : [0029]< GET_SIM_STATUS IccCardState {CARDSTATE_PRESENT,PINSTATE_UNKNOWN,num_apps=3,gsm_id=0{APPTYPE_USIM,APPSTATE_SUBSCRIPTION_PERSO,PERSOSUBSTATE_SIM_NETWORK,pin1=PINSTATE_UNKNOWN,pin2=PINSTATE_UNKNOWN-3/10/10/10},cdma_id=-1,ims_id=1{APPTYPE_ISIM,APPSTATE_SUBSCRIPTION_PERSO,PERSOSUBSTATE_SIM_NETWORK,pin1=PINSTATE_UNKNOWN,pin2=PINSTATE_UNKNOWN-3/8/10/8}} [SUB0]

02-23 09:18:38.645  3458  3458 D SubscriptionManager: getSimStateForSlotIdx: simState=6 slotIdx=0

02-23 09:18:38.645  3458  3458 D TelephonyManager: getSimState: default sim:-1, sim state for slotIdx=0 is 6, return state as unknown

02-23 09:18:38.645  2769  3125 I power_partial_wake_state: [0,RILJ0]

02-23 09:18:38.655  3458  3458 D GsmSST  : Intent : android.intent.action.ANY_DATA_STATE

02-23 09:18:38.660  3458  3458 D SubscriptionController: getPhoneId,  received dummy subId 2147483643

02-23 09:18:38.680  3458  3458 D GsmSST  : Intent : android.intent.action.ANY_DATA_STATE

02-23 09:18:38.685  3458  3458 D SubscriptionController: getPhoneId,  received dummy subId 2147483643

02-23 09:18:38.685  3458  3458 D GsmSST  : Intent : android.intent.action.ANY_DATA_STATE

02-23 09:18:38.690  2769  3125 I notification_cancel_all: [1002,3748,com.android.bluetooth,0,0,64,9,NULL]

02-23 09:18:38.695  3458  3458 D SubscriptionController: getPhoneId,  received dummy subId 2147483643

02-23 09:18:38.695  3458  3458 D GsmSST  : Intent : android.intent.action.ANY_DATA_STATE

02-23 09:18:38.700  3458  3458 D SubscriptionController: getPhoneId,  received dummy subId 2147483643

02-23 09:18:38.700  3458  3458 D GsmSST  : Intent : android.intent.action.ANY_DATA_STATE

02-23 09:18:38.700  3458  3458 D SubscriptionController: getPhoneId,  received dummy subId 2147483643

02-23 09:18:38.700  3458  3458 D GsmSST  : Intent : android.intent.action.ANY_DATA_STATE

02-23 09:18:38.710  3458  3458 D SubscriptionController: getPhoneId,  received dummy subId 2147483643

02-23 09:18:38.710  3458  3458 D GsmSST  : Intent : android.intent.action.ANY_DATA_STATE

02-23 09:18:38.710  3458  3458 D SubscriptionController: getPhoneId,  received dummy subId 2147483643

02-23 09:18:38.715  3458  3458 D GsmSST  : Intent : android.intent.action.ANY_DATA_STATE

02-23 09:18:38.715  3458  3458 D SubscriptionController: getPhoneId,  received dummy subId 2147483643

02-23 09:18:38.715  3458  3458 D GsmSST  : Intent : android.intent.action.ANY_DATA_STATE

02-23 09:18:38.720  3458  3458 D SubscriptionController: getPhoneId,  received dummy subId 2147483643

02-23 09:18:38.720  3458  3458 D GsmSST  : Intent : android.intent.action.ANY_DATA_STATE

02-23 09:18:38.720  3458  3458 D SubscriptionController: getPhoneId,  received dummy subId 2147483643

02-23 09:18:38.725  3458  3458 D GsmSST  : Intent : android.intent.action.ANY_DATA_STATE

02-23 09:18:38.725  3458  3458 D SubscriptionController: getPhoneId,  received dummy subId 2147483643

02-23 09:18:38.725  3458  3458 D GsmSST  : Intent : android.intent.action.ANY_DATA_STATE

02-23 09:18:38.730  3458  3458 D SubscriptionController: getPhoneId,  received dummy subId 2147483643

02-23 09:18:38.730  3458  3458 D GsmSST  : Intent : android.intent.action.ANY_DATA_STATE

02-23 09:18:38.735  3458  3458 D SubscriptionController: getPhoneId,  received dummy subId 2147483643

02-23 09:18:38.735  3458  3458 D GsmSST  : Intent : android.intent.action.ANY_DATA_STATE

02-23 09:18:38.735  3458  3458 D SubscriptionController: getPhoneId,  received dummy subId 2147483643

02-23 09:18:38.740  3458  3458 D GsmSST  : Intent : android.intent.action.ANY_DATA_STATE

02-23 09:18:38.740  3458  3458 D SubscriptionController: getPhoneId,  received dummy subId 2147483643

02-23 09:18:38.740  3458  3458 D GsmSST  : Intent : android.intent.action.ANY_DATA_STATE

02-23 09:18:38.745  3458  3458 D SubscriptionController: getPhoneId,  received dummy subId 2147483643

02-23 09:18:38.745  3458  3458 D GsmSST  : Intent : android.intent.action.ANY_DATA_STATE

02-23 09:18:38.745  3458  3458 D SubscriptionController: getPhoneId,  received dummy subId 2147483643

02-23 09:18:38.745  3458  3458 D GsmSST  : Intent : android.intent.action.ANY_DATA_STATE

02-23 09:18:38.750  3458  3458 D SubscriptionController: getPhoneId,  received dummy subId 2147483643

02-23 09:18:38.750  3458  3458 D GsmSST  : Intent : android.intent.action.ANY_DATA_STATE

02-23 09:18:38.750  3458  3458 D SubscriptionController: getPhoneId,  received dummy subId 2147483643

02-23 09:18:38.755  3458  3458 D GsmSST  : Intent : android.intent.action.ANY_DATA_STATE

02-23 09:18:38.755  3458  3458 D SubscriptionController: getPhoneId,  received dummy subId 2147483643

02-23 09:18:38.765  3458  3458 D GsmSST  : Intent : android.intent.action.ANY_DATA_STATE

02-23 09:18:38.785  3458  3458 D SubscriptionController: getPhoneId,  received dummy subId 2147483643

02-23 09:18:38.785  3458  3458 D GsmSST  : Intent : android.intent.action.ANY_DATA_STATE

02-23 09:18:38.785  3458  3458 D SubscriptionController: getPhoneId,  received dummy subId 2147483643

02-23 09:18:38.785  3458  3458 D GsmSST  : Intent : android.intent.action.ANY_DATA_STATE

02-23 09:18:38.785  3458  3458 D SubscriptionController: getPhoneId,  received dummy subId 2147483643

02-23 09:18:38.790  3458  3458 D GsmSST  : Intent : android.intent.action.ANY_DATA_STATE

02-23 09:18:38.790  3458  3458 D SubscriptionController: getPhoneId,  received dummy subId 2147483643

02-23 09:18:38.790  3458  3458 D GsmSST  : Intent : android.intent.action.ANY_DATA_STATE

02-23 09:18:38.790  3458  3458 D SubscriptionController: getPhoneId,  received dummy subId 2147483643

02-23 09:18:38.790  3458  3458 D GsmSST  : Intent : android.intent.action.ANY_DATA_STATE

02-23 09:18:38.790  3458  3458 D SubscriptionController: getPhoneId,  received dummy subId 2147483643

02-23 09:18:38.790  3458  3458 D GsmSST  : Intent : android.intent.action.ANY_DATA_STATE

02-23 09:18:38.795  3458  3458 D SubscriptionController: getPhoneId,  received dummy subId 2147483643

02-23 09:18:38.795  3458  3458 D GsmSST  : Intent : android.intent.action.ANY_DATA_STATE

02-23 09:18:38.805  3458  3458 D SubscriptionController: getPhoneId,  received dummy subId 2147483643

02-23 09:18:38.810  3458  3458 D GsmSST  : Intent : android.intent.action.ANY_DATA_STATE

02-23 09:18:38.810  3458  3458 D SubscriptionController: getPhoneId,  received dummy subId 2147483643

02-23 09:18:38.810  3458  3458 D GsmSST  : Intent : android.intent.action.ANY_DATA_STATE

02-23 09:18:38.815  3458  3458 D SubscriptionController: getPhoneId,  received dummy subId 2147483643

02-23 09:18:38.815  3458  3458 D GsmSST  : Intent : android.intent.action.ANY_DATA_STATE

02-23 09:18:38.815  3458  3458 D SubscriptionController: getPhoneId,  received dummy subId 2147483643

02-23 09:18:38.815  3458  3458 D GsmSST  : Intent : android.intent.action.ANY_DATA_STATE

02-23 09:18:38.820  3458  3458 D SubscriptionController: getPhoneId,  received dummy subId 2147483643

02-23 09:18:38.825  3458  3458 D GsmSST  : Intent : android.intent.action.ANY_DATA_STATE

02-23 09:18:38.825  3458  3458 D SubscriptionController: getPhoneId,  received dummy subId 2147483643

02-23 09:18:38.825  3458  3458 D GsmSST  : Intent : android.intent.action.ANY_DATA_STATE

02-23 09:18:38.830  3458  3458 D SubscriptionController: getPhoneId,  received dummy subId 2147483643

02-23 09:18:38.830  3458  3458 D GsmSST  : Intent : android.intent.action.ANY_DATA_STATE

02-23 09:18:38.835  3458  3458 D SubscriptionController: getPhoneId,  received dummy subId 2147483643

02-23 09:18:38.835  3458  3458 D GsmSST  : Intent : android.intent.action.ANY_DATA_STATE

02-23 09:18:38.840  3458  3458 D SubscriptionController: getPhoneId,  received dummy subId 2147483643

02-23 09:18:38.840  3458  3458 D GsmSST  : Intent : android.intent.action.ANY_DATA_STATE

02-23 09:18:38.845  3458  3458 D SubscriptionController: getPhoneId,  received dummy subId 2147483643

02-23 09:18:38.845  3458  3458 D GsmSST  : Intent : android.intent.action.ANY_DATA_STATE

02-23 09:18:38.845  3458  3458 D SubscriptionController: getPhoneId,  received dummy subId 2147483643

02-23 09:18:38.850  3458  3458 D GsmSST  : Intent : android.intent.action.ANY_DATA_STATE

02-23 09:18:38.850  3458  3458 D SubscriptionController: getPhoneId,  received dummy subId 2147483643

02-23 09:18:38.850  3458  3458 D GsmSST  : Intent : android.intent.action.ANY_DATA_STATE

02-23 09:18:38.855  3458  3458 D SubscriptionController: getPhoneId,  received dummy subId 2147483643

02-23 09:18:38.855  3458  3458 D GsmSST  : Intent : android.intent.action.ANY_DATA_STATE

02-23 09:18:38.865  3458  3458 D SubscriptionController: getPhoneId,  received dummy subId 2147483643

02-23 09:18:38.865  3458  3458 D GsmSST  : Intent : android.intent.action.ANY_DATA_STATE

02-23 09:18:38.865  3458  3458 D SubscriptionController: getPhoneId,  received dummy subId 2147483643

02-23 09:18:38.870  3458  3458 D GsmSST  : Intent : android.intent.action.ANY_DATA_STATE

02-23 09:18:38.925  3458  3458 D SubscriptionController: getPhoneId,  received dummy subId 2147483643

02-23 09:18:38.925  3458  3458 D GsmSST  : Intent : android.intent.action.ANY_DATA_STATE

02-23 09:18:38.930  3458  3458 D SubscriptionController: getPhoneId,  received dummy subId 2147483643

02-23 09:18:38.930  3458  3458 D GsmSST  : Intent : android.intent.action.ANY_DATA_STATE

