02-22 21:41:20.180  3321  3321 D SubscriptionController: getPhoneId,  received dummy subId 2147483643
02-22 21:41:20.185  3321  3321 D SubscriptionController: getPhoneId,  received dummy subId 2147483643
02-22 21:41:20.220  3321  3321 D SubscriptionController: [getSubId]- sSlotIdxToSubId.size == 0, return DummySubIds slotIdx=0
02-22 21:41:20.220  3321  3321 D DCT     : [0]isDataAllowed: not allowed due to - Attached= false - SIM not loaded
02-22 21:41:20.220  3321  3321 D DCT     : [0]isDataPossible(ia): possible=false isDataAllowed=false apnTypePossible=true apnContextisEnabled=false apnContextState()=IDLE isDataAllowedOnDataDisabled =false
02-22 21:41:20.220  3321  3321 D DCT     : [ApnContext:ia] getApnSetting: apnSetting=null
02-22 21:41:20.220  3321  3321 D SubscriptionController: getPhoneId,  received dummy subId 2147483643
02-22 21:41:20.230  3321  3321 D SubscriptionController: getPhoneId,  received dummy subId 2147483643
02-22 21:41:20.235  3321  3321 D SubscriptionController: [getSubId]- sSlotIdxToSubId.size == 0, return DummySubIds slotIdx=0
02-22 21:41:20.240  3321  3321 D DCT     : [0]isDataAllowed: not allowed due to - Attached= false - SIM not loaded
02-22 21:41:20.240  3321  3321 D DCT     : [0]isDataPossible(dun): possible=false isDataAllowed=false apnTypePossible=true apnContextisEnabled=false apnContextState()=IDLE isDataAllowedOnDataDisabled =false
02-22 21:41:20.240  3321  3321 D DCT     : [ApnContext:dun] getApnSetting: apnSetting=null
02-22 21:41:20.250  3321  3321 D SubscriptionController: getPhoneId,  received dummy subId 2147483643
02-22 21:41:20.260  3321  3321 D SubscriptionController: getPhoneId,  received dummy subId 2147483643
02-22 21:41:20.270  3321  3321 D DCT     : [0]setupDataOnConnectableApns: roamingOff
02-22 21:41:20.270  3321  3321 D DCT     : [0]setupDataOnConnectableApns: apnContext {mApnType=default mState=IDLE mWaitingApns={null} mWaitingApnsPermanentFailureCountDown=0 mApnSetting={null} mReason=radioTurnedOff mRefCount=0 mDataEnabled=false mDependencyMet=true}
02-22 21:41:20.275  3321  3321 D DCT     : [0]setupDataOnConnectableApns: apnContext {mApnType=ims mState=IDLE mWaitingApns={null} mWaitingApnsPermanentFailureCountDown=0 mApnSetting={null} mReason=radioTurnedOff mRefCount=0 mDataEnabled=false mDependencyMet=true}
02-22 21:41:20.275  3321  3321 D DCT     : [0]setupDataOnConnectableApns: apnContext {mApnType=mms mState=IDLE mWaitingApns={null} mWaitingApnsPermanentFailureCountDown=0 mApnSetting={null} mReason=radioTurnedOff mRefCount=0 mDataEnabled=false mDependencyMet=true}
02-22 21:41:20.275  3321  3321 D DCT     : [0]setupDataOnConnectableApns: apnContext {mApnType=supl mState=IDLE mWaitingApns={null} mWaitingApnsPermanentFailureCountDown=0 mApnSetting={null} mReason=radioTurnedOff mRefCount=0 mDataEnabled=false mDependencyMet=true}
02-22 21:41:20.275  3321  3321 D DCT     : [0]setupDataOnConnectableApns: apnContext {mApnType=dun mState=IDLE mWaitingApns={null} mWaitingApnsPermanentFailureCountDown=0 mApnSetting={null} mReason=radioTurnedOff mRefCount=0 mDataEnabled=false mDependencyMet=true}
02-22 21:41:20.275  3321  3321 D DCT     : [0]setupDataOnConnectableApns: apnContext {mApnType=fota mState=IDLE mWaitingApns={null} mWaitingApnsPermanentFailureCountDown=0 mApnSetting={null} mReason=radioTurnedOff mRefCount=0 mDataEnabled=false mDependencyMet=true}
02-22 21:41:20.275  3321  3321 D DCT     : [0]setupDataOnConnectableApns: apnContext {mApnType=cbs mState=IDLE mWaitingApns={null} mWaitingApnsPermanentFailureCountDown=0 mApnSetting={null} mReason=radioTurnedOff mRefCount=0 mDataEnabled=false mDependencyMet=true}
02-22 21:41:20.275  3321  3321 D DCT     : [0]setupDataOnConnectableApns: apnContext {mApnType=ia mState=IDLE mWaitingApns={null} mWaitingApnsPermanentFailureCountDown=0 mApnSetting={null} mReason=radioTurnedOff mRefCount=0 mDataEnabled=false mDependencyMet=true}
02-22 21:41:20.275  3321  3321 D DCT     : [0]setupDataOnConnectableApns: apnContext {mApnType=emergency mState=IDLE mWaitingApns={null} mWaitingApnsPermanentFailureCountDown=0 mApnSetting={null} mReason=radioTurnedOff mRefCount=0 mDataEnabled=false mDependencyMet=true}
02-22 21:41:20.275  3321  3321 D DCT     : [0]setupDataOnConnectableApns: apnContext {mApnType=bip mState=IDLE mWaitingApns={null} mWaitingApnsPermanentFailureCountDown=0 mApnSetting={null} mReason=radioTurnedOff mRefCount=0 mDataEnabled=false mDependencyMet=true}
02-22 21:41:20.275  3321  3321 D DCT     : [0]setupDataOnConnectableApns: apnContext {mApnType=xcap mState=IDLE mWaitingApns={null} mWaitingApnsPermanentFailureCountDown=0 mApnSetting={null} mReason=radioTurnedOff mRefCount=0 mDataEnabled=false mDependencyMet=true}
02-22 21:41:20.275  3321  3321 D DCT     : [0]setupDataOnConnectableApns: apnContext {mApnType=ent1 mState=IDLE mWaitingApns={null} mWaitingApnsPermanentFailureCountDown=0 mApnSetting={null} mReason=radioTurnedOff mRefCount=0 mDataEnabled=false mDependencyMet=true}
02-22 21:41:20.275  3321  3321 D DCT     : [0]setupDataOnConnectableApns: apnContext {mApnType=ent2 mState=IDLE mWaitingApns={null} mWaitingApnsPermanentFailureCountDown=0 mApnSetting={null} mReason=radioTurnedOff mRefCount=0 mDataEnabled=false mDependencyMet=true}
02-22 21:41:20.275  3321  3321 D DCT     : [0]setupDataOnConnectableApns: apnContext {mApnType=hipri mState=IDLE mWaitingApns={null} mWaitingApnsPermanentFailureCountDown=0 mApnSetting={null} mReason=radioTurnedOff mRefCount=0 mDataEnabled=false mDependencyMet=true}
02-22 21:41:20.275  3321  3321 D DCT     : [0]setupDataOnConnectableApns: apnContext {mApnType=cas mState=IDLE mWaitingApns={null} mWaitingApnsPermanentFailureCountDown=0 mApnSetting={null} mReason=radioTurnedOff mRefCount=0 mDataEnabled=false mDependencyMet=true}
02-22 21:41:20.275  3321  3321 D DCT     : [0]handleMessage msg={ when=-5s849ms what=270377 obj=android.os.AsyncResult@44e7edf target=com.android.internal.telephony.dataconnection.DcTracker }
02-22 21:41:20.275  3321  3321 D DCT     : [0]Discard nwTypeChanged due to better LostMultiApnSupport and MultiApnSupport
02-22 21:41:20.275  3321  3321 D RILJ    : [0015]> BASEBAND_VERSION [SUB0]
02-22 21:41:20.275  2764  3346 I power_partial_wake_state: [1,RILJ0]
02-22 21:41:20.280  3321  3321 D RILJ    : [0016]> GET_IMEI [SUB0]
02-22 21:41:20.280  2764  3306 I power_partial_wake_state: [1,RILJ0]
02-22 21:41:20.285  3321  3321 D RILJ    : [0017]> GET_IMEISV [SUB0]
02-22 21:41:20.285  3321  3321 D RILJ    : [0018]> RIL_REQUEST_GET_RADIO_CAPABILITY [SUB0]
02-22 21:41:20.285  3321  3321 D RILJ    : [0019]> RIL_REQUEST_START_LCE [SUB0]
02-22 21:41:20.285  3321  3321 D SMSDispatcher: [SMSDispatcher] handleRadioStateChanged: RADIO_ON
02-22 21:41:20.285  3321  3321 D SubscriptionController: [getSubId]- sSlotIdxToSubId.size == 0, return DummySubIds slotIdx=0
02-22 21:41:20.285  3321  3321 D GsmSMSDispatcher: GsmSMSDispatcher: subId = 2147483643 slotId = 0
02-22 21:41:20.285  3321  3321 D IccCardProxy: IccCardProxy handleMessage : 3
02-22 21:41:20.285  3321  3561 D RILJ    : Faking RIL_REQUEST_GET_RADIO_CAPABILITY response using 131064 [SUB0]
02-22 21:41:20.285  3321  3321 E IccCardProxy: setExternalState: !override and newstate unchanged from NOT_READY
02-22 21:41:20.285  3321  3561 D RILJ    : [0018]< RIL_REQUEST_GET_RADIO_CAPABILITY {mPhoneId = 0 mVersion=1 mSession=0 mPhase=0 mRadioAccessFamily=131064 mLogicModemId= mStatus=1} [SUB0]
02-22 21:41:20.285  2764  3749 I power_partial_wake_state: [1,RILJ0]
02-22 21:41:20.285  2764  3689 I power_partial_wake_state: [1,RILJ0]
02-22 21:41:20.285  2764  2778 I power_partial_wake_state: [1,RILJ0]
02-22 21:41:20.290  3321  3561 D RilRequest: [0019]< RIL_REQUEST_START_LCE error: com.android.internal.telephony.CommandException: REQUEST_NOT_SUPPORTED ret=
02-22 21:41:20.300  3321  3321 D IccCardProxy: IccCardProxy handleMessage : 1
02-22 21:41:20.300  3321  3321 D GsmSST  : Intent : android.intent.action.SIM_STATE_CHANGED
02-22 21:41:20.300  3321  3321 D DctController: EVENT_PHONE1_DATA_DETACH.
02-22 21:41:20.300  3321  3639 D DcSwitchSM: [DcSwitchStateMachine-0] DefaultState: shouldn't happen but ignore msg.what=0x44008
02-22 21:41:20.300  3321  3321 D SubscriptionController: [getSubId]- sSlotIdxToSubId.size == 0, return DummySubIds slotIdx=0
02-22 21:41:20.300  3321  3321 D DctController: [TNF 2147483643]got request NetworkRequest [ id=1, legacyType=-1, [ Capabilities: INTERNET&NOT_RESTRICTED&TRUSTED&NOT_VPN] ] with score 0
02-22 21:41:20.300  3321  3321 D SubscriptionController: [getSubId]- sSlotIdxToSubId.size == 0, return DummySubIds slotIdx=0
02-22 21:41:20.300  3321  3321 D DctController: [TNF 2147483643]  my score=50, my filter=[ Transports: CELLULAR Capabilities: MMS&SUPL&DUN&FOTA&IMS&CBS&IA&RCS&XCAP&EIMS&INTERNET&NOT_RESTRICTED&TRUSTED&NOT_VPN&ENT1&BIP]
02-22 21:41:20.300  3321  3321 D SubscriptionController: [getSubId]- sSlotIdxToSubId.size == 0, return DummySubIds slotIdx=0
02-22 21:41:20.300  3321  3321 D DctController: [TNF 2147483643]evalRequest evalRequest  = NetworkRequest [ id=1, legacyType=-1, [ Capabilities: INTERNET&NOT_RESTRICTED&TRUSTED&NOT_VPN] ] n.requested= false
02-22 21:41:20.300  3321  3321 D SubscriptionController: [getSubId]- sSlotIdxToSubId.size == 0, return DummySubIds slotIdx=0
02-22 21:41:20.300  3321  3321 D DctController: [TNF 2147483643]evalRequest
02-22 21:41:20.305  3321  3321 D SubscriptionController: [getSubId]- sSlotIdxToSubId.size == 0, return DummySubIds slotIdx=0
02-22 21:41:20.305  3321  3321 D DctController: [TNF 2147483643]  needNetworkFor
02-22 21:41:20.305  3321  3321 D SubscriptionController: [getSubId]- sSlotIdxToSubId.size == 0, return DummySubIds slotIdx=0
02-22 21:41:20.305  3321  3321 D DctController: [TNF 2147483643]Cellular needs Network for NetworkRequest [ id=1, legacyType=-1, [ Capabilities: INTERNET&NOT_RESTRICTED&TRUSTED&NOT_VPN] ]
02-22 21:41:20.305  3321  3321 D SubscriptionController: [getSubId]- sSlotIdxToSubId.size == 0, return DummySubIds slotIdx=0
02-22 21:41:20.305  3321  3321 D SubscriptionController: [getPhoneId]- no sims, returning default phoneId=0
02-22 21:41:20.305  3321  3321 D DctController: apnForNetworkRequest name=default, type=0
02-22 21:41:20.305  3321  3321 D DctController: requestNetwork request=NetworkRequest [ id=1, legacyType=-1, [ Capabilities: INTERNET&NOT_RESTRICTED&TRUSTED&NOT_VPN] ], priority=0
02-22 21:41:20.305  3321  3321 D DctController: processRequests
02-22 21:41:20.305  3321  3321 D SubscriptionController: [getSubId]- sSlotIdxToSubId.size == 0, return DummySubIds slotIdx=0
02-22 21:41:20.305  3321  3321 D DctController: [TNF 2147483643]got request NetworkRequest [ id=2, legacyType=-1, [ Transports: CELLULAR Capabilities: INTERNET&NOT_RESTRICTED&TRUSTED&NOT_VPN] ] with score 0
02-22 21:41:20.305  3321  3321 D SubscriptionController: [getSubId]- sSlotIdxToSubId.size == 0, return DummySubIds slotIdx=0
02-22 21:41:20.305  3321  3321 D DctController: [TNF 2147483643]  my score=50, my filter=[ Transports: CELLULAR Capabilities: MMS&SUPL&DUN&FOTA&IMS&CBS&IA&RCS&XCAP&EIMS&INTERNET&NOT_RESTRICTED&TRUSTED&NOT_VPN&ENT1&BIP]
02-22 21:41:20.305  3321  3321 D SubscriptionController: [getSubId]- sSlotIdxToSubId.size == 0, return DummySubIds slotIdx=0
02-22 21:41:20.305  3321  3321 D DctController: [TNF 2147483643]evalRequest evalRequest  = NetworkRequest [ id=2, legacyType=-1, [ Transports: CELLULAR Capabilities: INTERNET&NOT_RESTRICTED&TRUSTED&NOT_VPN] ] n.requested= false
02-22 21:41:20.305  3321  3321 D SubscriptionController: [getSubId]- sSlotIdxToSubId.size == 0, return DummySubIds slotIdx=0
02-22 21:41:20.305  3321  3321 D DctController: [TNF 2147483643]evalRequest
02-22 21:41:20.305  3321  3321 D SubscriptionController: [getSubId]- sSlotIdxToSubId.size == 0, return DummySubIds slotIdx=0
02-22 21:41:20.305  3321  3321 D DctController: [TNF 2147483643]  needNetworkFor
02-22 21:41:20.305  3321  3321 D SubscriptionController: [getSubId]- sSlotIdxToSubId.size == 0, return DummySubIds slotIdx=0
02-22 21:41:20.305  3321  3321 D DctController: [TNF 2147483643]Cellular needs Network for NetworkRequest [ id=2, legacyType=-1, [ Transports: CELLULAR Capabilities: INTERNET&NOT_RESTRICTED&TRUSTED&NOT_VPN] ]
02-22 21:41:20.305  3321  3321 D SubscriptionController: [getSubId]- sSlotIdxToSubId.size == 0, return DummySubIds slotIdx=0
02-22 21:41:20.310  3321  3561 D RILJ    : [0015]< BASEBAND_VERSION T377AUCU2AQGF [SUB0]
02-22 21:41:20.320  3321  3321 D SubscriptionController: [getPhoneId]- no sims, returning default phoneId=0
02-22 21:41:20.320  3321  3321 D DctController: apnForNetworkRequest name=default, type=0
02-22 21:41:20.320  3321  3321 D DctController: requestNetwork request=NetworkRequest [ id=2, legacyType=-1, [ Transports: CELLULAR Capabilities: INTERNET&NOT_RESTRICTED&TRUSTED&NOT_VPN] ], priority=0
02-22 21:41:20.320  3321  3321 D DctController: processRequests
02-22 21:41:20.320  3321  3321 D SubscriptionInfoUpdater: [Receiver]+
02-22 21:41:20.320  3321  3321 D SubscriptionInfoUpdater: Action: android.intent.action.SIM_STATE_CHANGED
02-22 21:41:20.320  3321  3321 D SubscriptionInfoUpdater: slotId: 0
02-22 21:41:20.320  3321  3321 D SubscriptionInfoUpdater: simStatus: NOT_READY
02-22 21:41:20.320  3321  3321 D SubscriptionInfoUpdater: Ignoring simStatus: NOT_READY
02-22 21:41:20.320  3321  3321 D SubscriptionInfoUpdater: [Receiver]-
02-22 21:41:20.360  3321  3561 D RILJ    : [0016]< GET_IMEI  [SUB0]
02-22 21:41:20.420  3321  3561 D RILJ    : [0017]< GET_IMEISV  [SUB0]
02-22 21:41:20.420  2764  3689 I power_partial_wake_state: [0,RILJ0]
02-22 21:41:20.425  2764  3748 D TelephonyRegistry: listen oscl: hasNotifySubscriptionInfoChangedOccurred==false no callback
02-22 21:41:20.575  3321  3321 D use-Rlog/RLOG-IMS-IIL: ImsTelephonyService: IMS Telephony Service create
02-22 21:41:20.575  3321  3321 D use-Rlog/RLOG-IMS-IIL: ImsTelephonyService: Bind secphone service
02-22 21:41:20.575  3321  3321 D use-Rlog/RLOG-IMS-IIL: ImsTelephonyService: bindSecPhoneService()
02-22 21:41:20.595  2764  3743 I am_proc_start: [0,3844,1001,com.sec.phone,service,com.sec.phone/.SecPhoneService]
02-22 21:41:20.625  3321  3321 D use-Rlog/RLOG-IMS-IIL: ImsTelephonyService: bindImsService()
02-22 21:41:20.670  2764  3689 I am_proc_bound: [0,3844,com.sec.phone]
02-22 21:41:20.820  3321  3321 D SubscriptionController: [getPhoneId]- no sims, returning default phoneId=0
02-22 21:41:20.820  3321  3321 D SubscriptionController: [getPhoneId]- no sims, returning default phoneId=0
02-22 21:41:20.825  3321  3321 E use-Rlog/RLOG-IMS-IIL: ImsTelephonyService: (re)starting IMS adaptor
02-22 21:41:20.835  3321  3321 D use-Rlog/RLOG-IMS-IIL: Log Level : 2
02-22 21:41:20.845  3844  3844 I RILS    : onBind()
02-22 21:41:20.845  3844  3864 I RILS    : swVer : T377AUCU2AQGF
02-22 21:41:20.845  3844  3864 I RILS    : Secril is ready
02-22 21:41:20.845  3844  3864 I RILS    : start connect to 'Multiclient' socket, TID: 131
02-22 21:41:20.850  3321  3321 E use-Rlog/RLOG-IMS-IIL: ImsTelephonyService: Manager instances are not ready. continuing to wait
02-22 21:41:20.855  3321  3861 D use-Rlog/RLOG-IMS-IIL: IpcDispatcher: IpcDispatcher: IpcDispatcher
02-22 21:41:20.860  3844  3864 D RILS    : [0000]> OEM_HOOK_RAW[120a0004]
02-22 21:41:20.860  2764  3695 I power_partial_wake_state: [1,RILS]
02-22 21:41:20.870  3321  3321 E use-Rlog/RLOG-IMS-IIL: ImsTelephonyService: Manager instances are not ready. continuing to wait
02-22 21:41:20.870  3844  3864 D RILS    : processSolicited(): mResult - null
02-22 21:41:20.870  3844  3864 D RILS    : processSolicited(): reply - { when=-2m44s727ms barrier=0 }
02-22 21:41:20.870  3321  3861 D use-Rlog/RLOG-IMS-IIL: ImsCallManager: ImsCallManager (mVoltePolicy: notallowed)
02-22 21:41:20.880  3321  3868 D use-Rlog/RLOG-IMS-IIL: IpcDispatcher: ImsModemReceiver::Create Socket !!
02-22 21:41:20.880  3321  3868 D use-Rlog/RLOG-IMS-IIL: IpcDispatcher: ImsModemReceiver::Create Socket : imsd
02-22 21:41:20.880  3321  3868 D use-Rlog/RLOG-IMS-IIL: IpcDispatcher: Connected to 'imsd' socket
02-22 21:41:20.880  3321  3321 E use-Rlog/RLOG-IMS-IIL: ImsTelephonyService: Manager instances are not ready. continuing to wait
02-22 21:41:20.885  3321  3861 D SubscriptionController: [getPhoneId]- no sims, returning default phoneId=0
02-22 21:41:20.885  3844  3864 D RILS    : [0000]< OEM_HOOK_RAW { when=-2m44s729ms barrier=0 }
02-22 21:41:20.885  2764  2928 I power_partial_wake_state: [0,RILS]
02-22 21:41:20.895  3321  3861 D SubscriptionController: [getPhoneId]- no sims, returning default phoneId=0
02-22 21:41:20.895  3321  3321 E use-Rlog/RLOG-IMS-IIL: ImsTelephonyService: Manager instances are not ready. continuing to wait
02-22 21:41:20.905  3321  3861 D use-Rlog/RLOG-IMS-IIL: ImsSmsManager: ImsSmsManager networkCapa : ATT-ATT-GSM-USA
02-22 21:41:20.910  3321  3861 D use-Rlog/RLOG-IMS-IIL: ImsIilManager: ImsIilManager
02-22 21:41:20.910  3321  3321 E use-Rlog/RLOG-IMS-IIL: ImsTelephonyService: Manager instances are not ready. continuing to wait
02-22 21:41:20.920  3321  3321 E use-Rlog/RLOG-IMS-IIL: ImsTelephonyService: Manager instances are not ready. continuing to wait
02-22 21:41:20.930  3321  3861 D use-Rlog/RLOG-IMS-IIL: ImsSsManager: ImsSsManager
02-22 21:41:20.930  3321  3861 D use-Rlog/RLOG-IMS-IIL: ImsCallManager: onDataConnectionStateChanged(): state -1, networkType 0 old 0
02-22 21:41:20.930  3321  3321 D use-Rlog/RLOG-IMS-IIL: ImsTelephonyService: Manager instances are ready
02-22 21:41:20.935  3321  3321 D use-Rlog/RLOG-IMS-IIL: IpcDispatcher: [Tx]: (M)IPC_IIL_CMD (S)IPC_IIL_IIL_CONNECTED (T)NOTI l:0
02-22 21:41:20.935  3321  3321 E use-Rlog/RLOG-IMS-IIL: ImsTelephonyService: Finished initiating
02-22 21:41:20.935  3321  3321 D use-Rlog/RLOG-IMS-IIL: ImsTelephonyService: IMS Telephony Service bound
02-22 21:41:20.945  3321  3321 D DebugService: DebugService DebugService:
02-22 21:41:20.945  2764  3743 I power_partial_wake_state: [0,AudioMix]
02-22 21:41:20.965  3321  3321 D SipService: SipService: started!
02-22 21:41:21.015  3321  3321 D SipService: start:
02-22 21:41:21.015  3321  3321 D SubscriptionController: [getPhoneId]- no sims, returning default phoneId=0
02-22 21:41:21.025  2764  3742 I telecom_service: [silenceRinger, callingPackage: com.android.phone,1001]
02-22 21:41:21.035  3321  3321 D RILJ    : [0020]> RIL_REQUEST_QUERY_TTY_MODE [SUB0]
02-22 21:41:21.035  2764  3306 I power_partial_wake_state: [1,RILJ0]
02-22 21:41:21.055  3321  3561 D RILJ    : [0020]< RIL_REQUEST_QUERY_TTY_MODE {0} [SUB0]
02-22 21:41:21.065  2764  3749 I power_partial_wake_state: [0,RILJ0]
02-22 21:41:21.075  3321  3321 D UiccController: Received EVENT_GET_ICC_STATUS_DONE
02-22 21:41:21.075  3321  3321 E UiccController: Error getting ICC status. RIL_REQUEST_GET_ICC_STATUS should never return an error
02-22 21:41:21.075  3321  3321 E UiccController: com.android.internal.telephony.CommandException: GENERIC_FAILURE
02-22 21:41:21.075  3321  3321 E UiccController: 	at com.android.internal.telephony.RILRequest.onError(RIL.java:261)
02-22 21:41:21.075  3321  3321 E UiccController: 	at com.android.internal.telephony.RIL.processSolicited(RIL.java:3392)
02-22 21:41:21.075  3321  3321 E UiccController: 	at com.android.internal.telephony.RIL.processResponse(RIL.java:3013)
02-22 21:41:21.075  3321  3321 E UiccController: 	at com.android.internal.telephony.RIL.access$700(RIL.java:286)
02-22 21:41:21.075  3321  3321 E UiccController: 	at com.android.internal.telephony.RIL$RILReceiver.run(RIL.java:740)
02-22 21:41:21.075  3321  3321 E UiccController: 	at java.lang.Thread.run(Thread.java:818)
02-22 21:41:21.075  3321  3321 D GsmSST  : mDeviceShuttingDown = false
02-22 21:41:21.075  3321  3321 D GsmSST  : mDesiredPowerState = true
02-22 21:41:21.080  3321  3321 D GsmSST  : getRadioState = RADIO_ON
02-22 21:41:21.080  3321  3321 D GsmSST  : mPowerOffDelayNeed = true
02-22 21:41:21.080  3321  3321 D GsmSST  : mAlarmSwitch = false
02-22 21:41:21.080  3321  3321 D RILJ    : [0021]> OPERATOR [SUB0]
02-22 21:41:21.080  3321  3321 D RILJ    : [0022]> DATA_REGISTRATION_STATE [SUB0]
02-22 21:41:21.080  3321  3321 D RILJ    : [0023]> VOICE_REGISTRATION_STATE [SUB0]
02-22 21:41:21.080  3321  3321 D RILJ    : [0024]> QUERY_NETWORK_SELECTION_MODE [SUB0]
02-22 21:41:21.080  3321  3321 D SMSDispatcher: [SMSDispatcher] handleRadioStateChanged: RADIO_ON
02-22 21:41:21.080  2764  3689 I power_partial_wake_state: [1,RILJ0]
02-22 21:41:21.080  2764  3306 I power_partial_wake_state: [1,RILJ0]
02-22 21:41:21.080  2764  3749 I power_partial_wake_state: [1,RILJ0]
02-22 21:41:21.080  2764  3346 I power_partial_wake_state: [1,RILJ0]
02-22 21:41:21.085  3321  3561 D RILJ    : [0021]< OPERATOR {xx,xx,xx,xx} [SUB0]
02-22 21:41:21.085  3321  3321 D RILJ    : [0025]> GET_CURRENT_CALLS [SUB0]
02-22 21:41:21.090  3321  3321 D RILJ    : [0026]> RIL_REQUEST_VOICE_RADIO_TECH [SUB0]
02-22 21:41:21.090  3321  3561 D RILJ    : [0022]< DATA_REGISTRATION_STATE {0, 0000, 00000000, 0, null, 4, 0xfffe, null, 0x00000000, null, null, 0} [SUB0]
02-22 21:41:21.090  3321  3321 D RILJ    : [0027]> RIL_REQUEST_IMS_REGISTRATION_STATE [SUB0]
02-22 21:41:21.090  2764  3348 I power_partial_wake_state: [1,RILJ0]
02-22 21:41:21.090  2764  3748 I power_partial_wake_state: [1,RILJ0]
02-22 21:41:21.090  2764  2928 I power_partial_wake_state: [1,RILJ0]
02-22 21:41:21.095  3321  3321 D RILJ    : [0028]> RIL_REQUEST_CDMA_GET_SUBSCRIPTION_SOURCE [SUB0]
02-22 21:41:21.095  3321  3321 D IccCardProxy: IccCardProxy handleMessage : 2
02-22 21:41:21.095  3321  3321 E PHONE   : ServiceState.getRadioTechnology() DEPRECATED will be removed *******
02-22 21:41:21.095  3321  3561 D RILJ    : [0027]< RIL_REQUEST_IMS_REGISTRATION_STATE {0, 1} [SUB0]
02-22 21:41:21.095  2764  3306 I power_partial_wake_state: [1,RILJ0]
02-22 21:41:21.100  3321  3561 D RILJ    : [0028]< RIL_REQUEST_CDMA_GET_SUBSCRIPTION_SOURCE {0} [SUB0]
02-22 21:41:21.100  3321  3561 D RILJ    : [0023]< VOICE_REGISTRATION_STATE {0, 0000, 00000000, 0, null, null, null, null, null, null, null, null, null, null, null, 2, 2, 0} [SUB0]
02-22 21:41:21.105  3321  3561 D RILJ    : [0024]< QUERY_NETWORK_SELECTION_MODE {0} [SUB0]
02-22 21:41:21.105  3321  3561 D RILJ    : [0026]< RIL_REQUEST_VOICE_RADIO_TECH {0} [SUB0]
02-22 21:41:21.120  3321  3321 D GSMPhone: Service state changed for emergnecy number
02-22 21:41:21.120  3321  3321 D SubscriptionController: [getSlotId]- subId invalid
02-22 21:41:21.120  3321  3321 D SubscriptionController: getSimStateForSlotIdx:  simState=NOT_READY ordinal=6
02-22 21:41:21.120  3321  3321 D SubscriptionManager: getSimStateForSlotIdx: simState=6 slotIdx=0
02-22 21:41:21.120  3321  3321 D TelephonyManager: getSimState: default sim:-1, sim state for slotIdx=0 is 6, return state as unknown
02-22 21:41:21.120  3321  3321 D GSMPhone: setEmergencyNumbers: mPrevSs=[null], ss=[3 3 voice home data home  Unknown Unknown CSS not supported -1 -1 RoamInd=-1 DefRoamInd=-1 VoiceRegType=0 ImsVoiceAvail=0 IsEbSupport=0 IsEaBarred=0 Snap=0 FemtocellInd=0 EmergOnly=false IsDataRoamingFromRegistration=false]
02-22 21:41:21.120  3321  3321 D GSMPhone: setEmergencyNumbers: customerSpec=null
02-22 21:41:21.120  3321  3321 D GSMPhone: setEmergencyNumbers: simstateProperty=NOT_READY
02-22 21:41:21.120  3321  3321 D GSMPhone: setEmergencyNumbers: withSIM=false
02-22 21:41:21.130  3321  3321 D GSMPhone: setEmergencyNumbers: ECC for operator=112,911,999,000,08,110,118,119
02-22 21:41:21.130  3321  3321 D GSMPhone: setEmergencyNumbers: emergencyNumbers=112,911,999,000,08,110,118,119
02-22 21:41:21.130  3321  3321 D GSMPhone: setEmergencyNumbers: ril.ecclist00 - 112,911,999,000,08,110,118,119
02-22 21:41:21.135  3321  3321 D UiccController: Received EVENT_ICC_STATUS_CHANGED, calling getIccCardStatus
02-22 21:41:21.135  3321  3321 D RILJ    : [0029]> GET_SIM_STATUS [SUB0]
02-22 21:41:21.135  2764  2777 I power_partial_wake_state: [1,RILJ0]
02-22 21:41:21.140  3321  3321 D DCT     : [0]handleMessage msg={ when=-2s789ms what=270377 obj=android.os.AsyncResult@77addcf target=com.android.internal.telephony.dataconnection.DcTracker }
02-22 21:41:21.140  3321  3321 D DCT     : [0]Discard nwTypeChanged due to better LostMultiApnSupport and MultiApnSupport
02-22 21:41:21.140  3321  3321 D SubscriptionController: [getSubId]- sSlotIdxToSubId.size == 0, return DummySubIds slotIdx=0
02-22 21:41:21.140  2197  2292 E RILD    : Not support read boot param (ro.carrierid.param.offset)
02-22 21:41:21.140  3321  3561 D RILJ    : [UNSL]< UNSOL_SIM_ICCID_NOTI [SUB0]
02-22 21:41:21.145  3321  3868 D use-Rlog/RLOG-IMS-IIL: IpcDispatcher: [Rx]: (M)IPC_CALL_CMD (S)IPC_CALL_LIST (T)GET l:7
02-22 21:41:21.145  3321  3861 D use-Rlog/RLOG-IMS-IIL: ImsCallManager: handleMessage: event 100
02-22 21:41:21.145  3321  3861 D use-Rlog/RLOG-IMS-IIL: IpcDispatcher: [Tx]: (M)IPC_CALL_CMD (S)IPC_CALL_LIST (T)RESP l:0
02-22 21:41:21.145  3321  3861 D use-Rlog/RLOG-IMS-IIL: ImsSmsManager: handleMessage: event 100
02-22 21:41:21.145  3321  3561 D RILJ    : [UNSL]< UNSOL_RESPONSE_SIM_STATUS_CHANGED [SUB0]
02-22 21:41:21.145  3321  3861 D use-Rlog/RLOG-IMS-IIL: ImsIilManager: handleMessage: event 100
02-22 21:41:21.145  3321  3861 D use-Rlog/RLOG-IMS-IIL: ImsSsManager: handleMessage: event 100
02-22 21:41:21.150  3321  3561 D RILJ    : [0029]< GET_SIM_STATUS IccCardState {CARDSTATE_PRESENT,PINSTATE_UNKNOWN,num_apps=3,gsm_id=0{APPTYPE_USIM,APPSTATE_SUBSCRIPTION_PERSO,PERSOSUBSTATE_SIM_NETWORK,pin1=PINSTATE_UNKNOWN,pin2=PINSTATE_UNKNOWN-3/10/10/10},cdma_id=-1,ims_id=1{APPTYPE_ISIM,APPSTATE_SUBSCRIPTION_PERSO,PERSOSUBSTATE_SIM_NETWORK,pin1=PINSTATE_UNKNOWN,pin2=PINSTATE_UNKNOWN-3/8/10/8}} [SUB0]
02-22 21:41:21.150  3321  3561 D RILJ    : [0025]< GET_CURRENT_CALLS {} [SUB0]
02-22 21:41:21.150  2764  2928 I power_partial_wake_state: [0,RILJ0]
02-22 21:41:21.195  3321  3321 D SubscriptionController: [getSubId]- sSlotIdxToSubId.size == 0, return DummySubIds slotIdx=0
02-22 21:41:21.205  3321  3321 D SubscriptionController: getPhoneId,  received dummy subId 2147483643
02-22 21:41:21.205  3321  3321 D SubscriptionController: [getSlotId]- subId invalid
02-22 21:41:21.205  3321  3321 D SubscriptionController: getSimStateForSlotIdx:  simState=NOT_READY ordinal=6
02-22 21:41:21.205  3321  3321 D SubscriptionManager: getSimStateForSlotIdx: simState=6 slotIdx=0
02-22 21:41:21.205  3321  3321 D TelephonyManager: getSimState: default sim:-1, sim state for slotIdx=0 is 6, return state as unknown
02-22 21:41:21.210  3321  3321 D SubscriptionController: [getSubId]- sSlotIdxToSubId.size == 0, return DummySubIds slotIdx=0
02-22 21:41:21.210  3321  3321 D SubscriptionController: [getSubId]- sSlotIdxToSubId.size == 0, return DummySubIds slotIdx=0
02-22 21:41:21.210  3321  3321 D SubscriptionController: [getSubId]- sSlotIdxToSubId.size == 0, return DummySubIds slotIdx=0
02-22 21:41:21.210  3321  3321 D GsmSST  : Intent : android.intent.action.ANY_DATA_STATE
02-22 21:41:21.210  3321  3321 D SubscriptionController: getPhoneId,  received dummy subId 2147483643
02-22 21:41:21.240  3321  3321 D GsmSST  : Intent : android.intent.action.ANY_DATA_STATE
02-22 21:41:21.240  3321  3321 D SubscriptionController: getPhoneId,  received dummy subId 2147483643
02-22 21:41:21.245  3321  3321 D GsmSST  : Intent : android.intent.action.ANY_DATA_STATE
02-22 21:41:21.265  3321  3321 D SubscriptionController: getPhoneId,  received dummy subId 2147483643
02-22 21:41:21.265  3321  3321 D GsmSST  : Intent : android.intent.action.ANY_DATA_STATE
02-22 21:41:21.265  3321  3321 D SubscriptionController: getPhoneId,  received dummy subId 2147483643
02-22 21:41:21.265  3321  3321 D GsmSST  : Intent : android.intent.action.ANY_DATA_STATE
02-22 21:41:21.270  3321  3321 D SubscriptionController: getPhoneId,  received dummy subId 2147483643
02-22 21:41:21.270  3321  3321 D GsmSST  : Intent : android.intent.action.ANY_DATA_STATE
02-22 21:41:21.275  3321  3321 D SubscriptionController: getPhoneId,  received dummy subId 2147483643
02-22 21:41:21.275  3321  3321 D GsmSST  : Intent : android.intent.action.ANY_DATA_STATE
02-22 21:41:21.275  3321  3321 D SubscriptionController: getPhoneId,  received dummy subId 2147483643
02-22 21:41:21.275  3321  3321 D GsmSST  : Intent : android.intent.action.ANY_DATA_STATE
02-22 21:41:21.300  3321  3321 D SubscriptionController: getPhoneId,  received dummy subId 2147483643
02-22 21:41:21.300  3321  3321 D GsmSST  : Intent : android.intent.action.ANY_DATA_STATE
02-22 21:41:21.305  3321  3321 D SubscriptionController: getPhoneId,  received dummy subId 2147483643
02-22 21:41:21.305  3321  3321 D GsmSST  : Intent : android.intent.action.ANY_DATA_STATE
02-22 21:41:21.315  3321  3321 D SubscriptionController: getPhoneId,  received dummy subId 2147483643
02-22 21:41:21.315  3321  3321 D GsmSST  : Intent : android.intent.action.ANY_DATA_STATE
02-22 21:41:21.320  3321  3321 D SubscriptionController: getPhoneId,  received dummy subId 2147483643
02-22 21:41:21.320  3321  3321 D GsmSST  : Intent : android.intent.action.ANY_DATA_STATE
02-22 21:41:21.335  3321  3321 D SubscriptionController: getPhoneId,  received dummy subId 2147483643
02-22 21:41:21.345  3321  3321 D GsmSST  : Intent : android.intent.action.ANY_DATA_STATE
02-22 21:41:21.345  3321  3321 D SubscriptionController: getPhoneId,  received dummy subId 2147483643
02-22 21:41:21.350  3321  3321 D GsmSST  : Intent : android.intent.action.ANY_DATA_STATE
02-22 21:41:21.350  3321  3331 D SubscriptionController: [getSlotId]- subId invalid
02-22 21:41:21.350  3321  3321 D SubscriptionController: getPhoneId,  received dummy subId 2147483643
02-22 21:41:21.350  3321  3321 D GsmSST  : Intent : android.intent.action.ANY_DATA_STATE
02-22 21:41:21.355  3321  3321 D SubscriptionController: getPhoneId,  received dummy subId 2147483643
02-22 21:41:21.355  3321  3642 D SubscriptionController: getSimStateForSlotIdx:  simState=NOT_READY ordinal=6
02-22 21:41:21.355  3653  3653 D SubscriptionManager: getSimStateForSlotIdx: simState=6 slotIdx=0
02-22 21:41:21.355  3653  3653 D TelephonyManager: getSimState: default sim:-1, sim state for slotIdx=0 is 6, return state as unknown
02-22 21:41:21.355  3321  3321 D GsmSST  : Intent : android.intent.action.ANY_DATA_STATE
02-22 21:41:21.360  3321  3321 D SubscriptionController: getPhoneId,  received dummy subId 2147483643
02-22 21:41:21.360  3321  3321 D GsmSST  : Intent : android.intent.action.ANY_DATA_STATE
02-22 21:41:21.360  3321  3321 D SubscriptionController: getPhoneId,  received dummy subId 2147483643
02-22 21:41:21.360  3321  3321 D GsmSST  : Intent : android.intent.action.ANY_DATA_STATE
02-22 21:41:21.365  3321  3321 D SubscriptionController: getPhoneId,  received dummy subId 2147483643
02-22 21:41:21.365  3321  3321 D GsmSST  : Intent : android.intent.action.ANY_DATA_STATE
02-22 21:41:21.370  2764  3306 I power_partial_wake_state: [1,AudioMix]
02-22 21:41:21.375  2764  3306 I power_partial_wake_state: [1,AudioMix]
02-22 21:41:21.395  3321  3321 D SubscriptionController: getPhoneId,  received dummy subId 2147483643
02-22 21:41:21.395  3321  3321 D GsmSST  : Intent : android.intent.action.ANY_DATA_STATE
02-22 21:41:21.395  3321  3321 D SubscriptionController: getPhoneId,  received dummy subId 2147483643
02-22 21:41:21.395  3321  3321 D GsmSST  : Intent : android.intent.action.ANY_DATA_STATE
02-22 21:41:21.400  3321  3321 D SubscriptionController: getPhoneId,  received dummy subId 2147483643
02-22 21:41:21.400  3321  3321 D GsmSST  : Intent : android.intent.action.ANY_DATA_STATE
02-22 21:41:21.410  3321  3321 D SubscriptionController: getPhoneId,  received dummy subId 2147483643
02-22 21:41:21.410  3321  3321 D GsmSST  : Intent : android.intent.action.ANY_DATA_STATE
02-22 21:41:21.415  3321  3321 D SubscriptionController: getPhoneId,  received dummy subId 2147483643
02-22 21:41:21.415  3321  3321 D GsmSST  : Intent : android.intent.action.ANY_DATA_STATE
02-22 21:41:21.415  3321  3321 D SubscriptionController: getPhoneId,  received dummy subId 2147483643
02-22 21:41:21.435  3321  3321 D GsmSST  : Intent : android.intent.action.ANY_DATA_STATE
02-22 21:41:21.435  3321  3321 D SubscriptionController: getPhoneId,  received dummy subId 2147483643
02-22 21:41:21.435  3321  3321 D GsmSST  : Intent : android.intent.action.ANY_DATA_STATE
02-22 21:41:21.435  3321  3321 D SubscriptionController: getPhoneId,  received dummy subId 2147483643
02-22 21:41:21.435  3321  3321 D GsmSST  : Intent : android.intent.action.ANY_DATA_STATE
02-22 21:41:21.440  3321  3321 D SubscriptionController: getPhoneId,  received dummy subId 2147483643
02-22 21:41:21.445  3321  3321 D GsmSST  : Intent : android.intent.action.ANY_DATA_STATE
02-22 21:41:21.445  3321  3321 D SubscriptionController: getPhoneId,  received dummy subId 2147483643
02-22 21:41:21.445  3321  3321 D GsmSST  : Intent : android.intent.action.ANY_DATA_STATE
02-22 21:41:21.450  3321  3321 D SubscriptionController: getPhoneId,  received dummy subId 2147483643
02-22 21:41:21.450  3321  3321 D GsmSST  : Intent : android.intent.action.ANY_DATA_STATE
02-22 21:41:21.460  3321  3321 D SubscriptionController: getPhoneId,  received dummy subId 2147483643
02-22 21:41:21.460  3321  3321 D GsmSST  : Intent : android.intent.action.ANY_DATA_STATE
02-22 21:41:21.465  2764  2777 I notification_cancel_all: [1002,3653,com.android.bluetooth,0,0,64,9,NULL]
02-22 21:41:21.470  3321  3321 D SubscriptionController: getPhoneId,  received dummy subId 2147483643
02-22 21:41:21.470  3321  3321 D GsmSST  : Intent : android.intent.action.ANY_DATA_STATE
02-22 21:41:21.480  3321  3321 D SubscriptionController: getPhoneId,  received dummy subId 2147483643
02-22 21:41:21.490  3321  3321 D GsmSST  : Intent : android.intent.action.ANY_DATA_STATE
02-22 21:41:21.515  3321  3321 D SubscriptionController: getPhoneId,  received dummy subId 2147483643
02-22 21:41:21.515  3321  3321 D GsmSST  : Intent : android.intent.action.ANY_DATA_STATE
02-22 21:41:21.515  3321  3321 D SubscriptionController: getPhoneId,  received dummy subId 2147483643
02-22 21:41:21.520  3321  3321 D GsmSST  : Intent : android.intent.action.ANY_DATA_STATE
02-22 21:41:21.520  3321  3321 D SubscriptionController: getPhoneId,  received dummy subId 2147483643
02-22 21:41:21.520  3321  3321 D GsmSST  : Intent : android.intent.action.ANY_DATA_STATE
02-22 21:41:21.520  3321  3321 D SubscriptionController: getPhoneId,  received dummy subId 2147483643
02-22 21:41:21.525  3321  3321 D GsmSST  : Intent : android.intent.action.ANY_DATA_STATE
02-22 21:41:21.525  3321  3321 D SubscriptionController: getPhoneId,  received dummy subId 2147483643
02-22 21:41:21.530  3321  3321 D GsmSST  : Intent : android.intent.action.ANY_DATA_STATE
02-22 21:41:21.530  3321  3321 D SubscriptionController: getPhoneId,  received dummy subId 2147483643
02-22 21:41:21.530  3321  3321 D GsmSST  : Intent : android.intent.action.ANY_DATA_STATE
02-22 21:41:21.535  3321  3321 D SubscriptionController: getPhoneId,  received dummy subId 2147483643
02-22 21:41:21.535  3321  3321 D GsmSST  : Intent : android.intent.action.ANY_DATA_STATE
02-22 21:41:21.535  3321  3321 D SubscriptionController: getPhoneId,  received dummy subId 2147483643
02-22 21:41:21.535  2764  3346 I power_partial_wake_state: [1,bluedroid_timer]
02-22 21:41:21.540  2764  3695 I power_partial_wake_state: [0,bluedroid_timer]
02-22 21:41:21.550  3321  3321 D GsmSST  : Intent : android.intent.action.ANY_DATA_STATE
02-22 21:41:21.550  3321  3321 D SubscriptionController: getPhoneId,  received dummy subId 2147483643
02-22 21:41:21.555  3321  3321 D GsmSST  : Intent : android.intent.action.ANY_DATA_STATE
02-22 21:41:21.555  3321  3321 D SubscriptionController: getPhoneId,  received dummy subId 2147483643
02-22 21:41:21.555  3321  3321 D GsmSST  : Intent : android.intent.action.ANY_DATA_STATE
02-22 21:41:21.560  3321  3321 D SubscriptionController: getPhoneId,  received dummy subId 2147483643
02-22 21:41:21.560  3321  3321 D GsmSST  : Intent : android.intent.action.ANY_DATA_STATE
02-22 21:41:21.560  3321  3321 D SubscriptionController: getPhoneId,  received dummy subId 2147483643
02-22 21:41:21.560  3321  3321 D GsmSST  : Intent : android.intent.action.ANY_DATA_STATE
02-22 21:41:21.570  3321  3321 D SubscriptionController: getPhoneId,  received dummy subId 2147483643
02-22 21:41:21.570  3321  3321 D GsmSST  : Intent : android.intent.action.ANY_DATA_STATE
02-22 21:41:21.575  3321  3321 D SubscriptionController: getPhoneId,  received dummy subId 2147483643
02-22 21:41:21.575  3321  3321 D GsmSST  : Intent : android.intent.action.ANY_DATA_STATE
02-22 21:41:21.580  3321  3321 D SubscriptionController: getPhoneId,  received dummy subId 2147483643
02-22 21:41:21.580  3321  3321 D GsmSST  : Intent : android.intent.action.ANY_DATA_STATE
02-22 21:41:21.580  3321  3321 D SubscriptionController: getPhoneId,  received dummy subId 2147483643
02-22 21:41:21.580  3321  3321 D GsmSST  : Intent : android.intent.action.ANY_DATA_STATE
02-22 21:41:21.580  3321  3321 D SubscriptionController: getPhoneId,  received dummy subId 2147483643
02-22 21:41:21.580  3321  3321 D GsmSST  : Intent : android.intent.action.ANY_DATA_STATE
02-22 21:41:21.585  3321  3321 D SubscriptionController: getPhoneId,  received dummy subId 2147483643
02-22 21:41:21.585  3321  3321 D GsmSST  : Intent : android.intent.action.ANY_DATA_STATE
02-22 21:41:21.590  3321  3321 D SubscriptionController: getPhoneId,  received dummy subId 2147483643
02-22 21:41:21.605  3321  3321 D GsmSST  : Intent : android.intent.action.ANY_DATA_STATE
02-22 21:41:21.605  3321  3321 D SubscriptionController: getPhoneId,  received dummy subId 2147483643
02-22 21:41:21.605  3321  3321 D GsmSST  : Intent : android.intent.action.ANY_DATA_STATE
02-22 21:41:21.605  3321  3321 D SubscriptionController: getPhoneId,  received dummy subId 2147483643
02-22 21:41:21.605  3321  3321 D GsmSST  : Intent : android.intent.action.ANY_DATA_STATE
02-22 21:41:21.610  3321  3321 D SubscriptionController: getPhoneId,  received dummy subId 2147483643
02-22 21:41:21.610  3321  3321 D GsmSST  : Intent : android.intent.action.ANY_DATA_STATE
02-22 21:41:21.610  3321  3321 D SubscriptionController: getPhoneId,  received dummy subId 2147483643
02-22 21:41:21.615  3321  3321 D GsmSST  : Intent : android.intent.action.ANY_DATA_STATE
02-22 21:41:21.615  3321  3321 D SubscriptionController: getPhoneId,  received dummy subId 2147483643
02-22 21:41:21.615  3321  3321 D GsmSST  : Intent : android.intent.action.ANY_DATA_STATE
02-22 21:41:21.615  3321  3321 D SubscriptionController: getPhoneId,  received dummy subId 2147483643
02-22 21:41:21.630  3321  3321 D GsmSST  : Intent : android.intent.action.ANY_DATA_STATE
02-22 21:41:21.635  3321  3321 D SubscriptionController: getPhoneId,  received dummy subId 2147483643
02-22 21:41:21.635  3321  3321 D GsmSST  : Intent : android.intent.action.ANY_DATA_STATE
02-22 21:41:21.635  3321  3321 D SubscriptionController: getPhoneId,  received dummy subId 2147483643
02-22 21:41:21.645  3321  3321 D GsmSST  : Intent : android.intent.action.ANY_DATA_STATE
02-22 21:41:21.645  3321  3321 D SubscriptionController: getPhoneId,  received dummy subId 2147483643
02-22 21:41:21.645  3321  3321 D GsmSST  : Intent : android.intent.action.ANY_DATA_STATE
02-22 21:41:21.645  3321  3321 D SubscriptionController: getPhoneId,  received dummy subId 2147483643
02-22 21:41:21.650  3321  3321 D GsmSST  : Intent : android.intent.action.ANY_DATA_STATE
02-22 21:41:21.665  3321  3321 D SubscriptionController: getPhoneId,  received dummy subId 2147483643
02-22 21:41:21.665  3321  3321 D GsmSST  : Intent : android.intent.action.ANY_DATA_STATE
02-22 21:41:21.695  3321  3321 D SubscriptionController: getPhoneId,  received dummy subId 2147483643
02-22 21:41:21.695  3321  3321 D GsmSST  : Intent : android.intent.action.ANY_DATA_STATE
02-22 21:41:21.695  3321  3321 D SubscriptionController: getPhoneId,  received dummy subId 2147483643
02-22 21:41:21.695  3321  3321 D GsmSST  : Intent : android.intent.action.ANY_DATA_STATE
02-22 21:41:21.695  3321  3321 D SubscriptionController: getPhoneId,  received dummy subId 2147483643
02-22 21:41:21.700  3321  3321 D GsmSST  : Intent : android.intent.action.ANY_DATA_STATE
02-22 21:41:21.780  3321  3321 D SubscriptionController: getPhoneId,  received dummy subId 2147483643
02-22 21:41:21.780  3321  3321 D GsmSST  : Intent : android.intent.action.ANY_DATA_STATE
02-22 21:41:21.785  3321  3321 D SubscriptionController: getPhoneId,  received dummy subId 2147483643
02-22 21:41:21.790  3321  3321 D GsmSST  : Intent : android.intent.action.ANY_DATA_STATE
02-22 21:41:21.795  3321  3321 D SubscriptionController: getPhoneId,  received dummy subId 2147483643
02-22 21:41:21.800  3321  3321 D GsmSST  : Intent : android.intent.action.ANY_DATA_STATE
02-22 21:41:21.800  3321  3321 D SubscriptionController: getPhoneId,  received dummy subId 2147483643
02-22 21:41:21.800  3321  3321 D GsmSST  : Intent : android.intent.action.ANY_DATA_STATE
02-22 21:41:21.810  3321  3321 D SubscriptionController: getPhoneId,  received dummy subId 2147483643
02-22 21:41:21.810  3321  3321 D GsmSST  : Intent : android.intent.action.ANY_DATA_STATE
02-22 21:41:21.810  3321  3321 D SubscriptionController: getPhoneId,  received dummy subId 2147483643
02-22 21:41:21.815  3321  3321 D GsmSST  : Intent : android.intent.action.ANY_DATA_STATE
02-22 21:41:21.815  3321  3321 D SubscriptionController: getPhoneId,  received dummy subId 2147483643
02-22 21:41:21.815  3321  3321 D GsmSST  : Intent : android.intent.action.ANY_DATA_STATE
02-22 21:41:21.820  3321  3321 D SubscriptionController: getPhoneId,  received dummy subId 2147483643
02-22 21:41:21.825  3321  3321 D GsmSST  : Intent : android.intent.action.ANY_DATA_STATE
02-22 21:41:21.825  3321  3321 D SubscriptionController: getPhoneId,  received dummy subId 2147483643
02-22 21:41:21.830  3321  3321 D GsmSST  : Intent : android.intent.action.ANY_DATA_STATE
02-22 21:41:21.830  3321  3321 D SubscriptionController: getPhoneId,  received dummy subId 2147483643
02-22 21:41:21.830  3321  3321 D SubscriptionController: [getSubId]- sSlotIdxToSubId.size == 0, return DummySubIds slotIdx=0
02-22 21:41:21.840  3321  3321 D DCT     : [0]getDataEnabled: getIntWithSubId retVal=true
02-22 21:41:21.840  3321  3321 D DCT     : [0]setDataEnabled: sendMessage: enable=true CallingPid=3321
02-22 21:41:21.845  3321  3321 D PhoneBase: EVENT_GET_RADIO_CAPABILITY :phone rc : {mPhoneId = 0 mVersion=1 mSession=0 mPhase=0 mRadioAccessFamily=131064 mLogicModemId= mStatus=1}
02-22 21:41:21.845  3321  3321 D PhoneBase: config LCE service failed: com.android.internal.telephony.CommandException: REQUEST_NOT_SUPPORTED
02-22 21:41:21.845  3321  3321 D DctController: handleMessage msg={ when=-1s540ms what=100 target=com.android.internal.telephony.dataconnection.DctController }
02-22 21:41:21.845  3321  3321 D DctController: selectExecPhone requestInfo = [request=NetworkRequest [ id=1, legacyType=-1, [ Capabilities: INTERNET&NOT_RESTRICTED&TRUSTED&NOT_VPN] ], executed=false, executedPhoneId=-1, enabledSlot=-1, priority=0]
02-22 21:41:21.845  3321  3321 D SubscriptionController: [getPhoneId]- no sims, returning default phoneId=0
02-22 21:41:21.845  3321  3321 D DctController: selectExecPhone requestInfo = [request=NetworkRequest [ id=2, legacyType=-1, [ Transports: CELLULAR Capabilities: INTERNET&NOT_RESTRICTED&TRUSTED&NOT_VPN] ], executed=false, executedPhoneId=-1, enabledSlot=-1, priority=0]
02-22 21:41:21.845  3321  3321 D SubscriptionController: [getPhoneId]- no sims, returning default phoneId=0
02-22 21:41:21.845  3321  3321 D SubscriptionController: [getPhoneId]- no sims, returning default phoneId=0
02-22 21:41:21.845  3321  3321 D DctController: getTopPriorityRequestPhoneId = 0, priority = 0
02-22 21:41:21.850  3321  3321 D DcSwitchAsyncChannel: [DcSwitchAsyncChannel-0]: rspIsIdle=true
02-22 21:41:21.850  3321  3321 D DctController: onProcessRequest requestedPhoneId=0, activePhoneId=-1
02-22 21:41:21.850  3321  3321 D SubscriptionController: [getPhoneId]- no sims, returning default phoneId=0
02-22 21:41:21.850  3321  3321 D SubscriptionController: [getPhoneId]- no sims, returning default phoneId=0
02-22 21:41:21.850  3321  3321 D GSMPhone: Baseband version: T377AUCU2AQGF
02-22 21:41:21.850  3321  3639 D DcSwitchSM: [DcSwitchStateMachine-0] IdleState: REQ_CONNECT, apnRequest=[request=NetworkRequest [ id=1, legacyType=-1, [ Capabilities: INTERNET&NOT_RESTRICTED&TRUSTED&NOT_VPN] ], executed=false, executedPhoneId=-1, enabledSlot=-1, priority=0]
02-22 21:41:21.850  3321  3321 D DctController: handleMessage msg={ when=-1s531ms what=100 target=com.android.internal.telephony.dataconnection.DctController }
02-22 21:41:21.850  3321  3321 D DctController: selectExecPhone requestInfo = [request=NetworkRequest [ id=1, legacyType=-1, [ Capabilities: INTERNET&NOT_RESTRICTED&TRUSTED&NOT_VPN] ], executed=false, executedPhoneId=-1, enabledSlot=-1, priority=0]
02-22 21:41:21.850  3321  3321 D SubscriptionController: [getPhoneId]- no sims, returning default phoneId=0
02-22 21:41:21.850  3321  3321 D DctController: selectExecPhone requestInfo = [request=NetworkRequest [ id=2, legacyType=-1, [ Transports: CELLULAR Capabilities: INTERNET&NOT_RESTRICTED&TRUSTED&NOT_VPN] ], executed=false, executedPhoneId=-1, enabledSlot=-1, priority=0]
02-22 21:41:21.850  3321  3321 D SubscriptionController: [getPhoneId]- no sims, returning default phoneId=0
02-22 21:41:21.855  3321  3321 D SubscriptionController: [getPhoneId]- no sims, returning default phoneId=0
02-22 21:41:21.855  3321  3321 D DctController: getTopPriorityRequestPhoneId = 0, priority = 0
02-22 21:41:21.885  3321  3639 D DcSwitchSM: [DcSwitchStateMachine-0] AttachingState: enter
02-22 21:41:21.885  3321  3639 D DcSwitchSM: [DcSwitchStateMachine-0] AttachingState: REQ_CONNECT, apnRequest=[request=NetworkRequest [ id=2, legacyType=-1, [ Transports: CELLULAR Capabilities: INTERNET&NOT_RESTRICTED&TRUSTED&NOT_VPN] ], executed=false, executedPhoneId=-1, enabledSlot=-1, priority=0]
02-22 21:41:21.890  3321  3321 D DcSwitchAsyncChannel: [DcSwitchAsyncChannel-0]: rspIsIdle=false
02-22 21:41:21.890  3321  3321 D DctController: onProcessRequest requestedPhoneId=0, activePhoneId=0
02-22 21:41:21.890  3321  3321 D SubscriptionController: [getPhoneId]- no sims, returning default phoneId=0
02-22 21:41:21.890  3321  3321 D SubscriptionController: [getPhoneId]- no sims, returning default phoneId=0
02-22 21:41:21.890  3321  3639 D DcSwitchSM: [DcSwitchStateMachine-0] AttachingState: REQ_CONNECT, apnRequest=[request=NetworkRequest [ id=1, legacyType=-1, [ Capabilities: INTERNET&NOT_RESTRICTED&TRUSTED&NOT_VPN] ], executed=false, executedPhoneId=-1, enabledSlot=-1, priority=0]
02-22 21:41:21.890  3321  3639 D DcSwitchSM: [DcSwitchStateMachine-0] AttachingState: REQ_CONNECT, apnRequest=[request=NetworkRequest [ id=2, legacyType=-1, [ Transports: CELLULAR Capabilities: INTERNET&NOT_RESTRICTED&TRUSTED&NOT_VPN] ], executed=false, executedPhoneId=-1, enabledSlot=-1, priority=0]
02-22 21:41:21.890  3321  3321 D use-Rlog/RLOG-IMS-IIL: ImsTelephonyService: onServiceConnected() - ImsService
02-22 21:41:21.890  3321  3321 D use-Rlog/RLOG-IMS-IIL: ImsTelephonyService: mImsService is NOT null
02-22 21:41:21.985  3321  3321 D use-Rlog/RLOG-IMS-IIL: ImsTelephonyService: onServiceConnected()
02-22 21:41:21.985  3321  3321 D use-Rlog/RLOG-IMS-IIL: ImsIilManager: SimIntentReceiver: received action android.intent.action.SIM_STATE_CHANGED
02-22 21:41:21.985  3321  3321 D PhoneFactory: ImsTelephonyService onServiceConnected
02-22 21:41:21.985  3321  3861 D use-Rlog/RLOG-IMS-IIL: ImsIilManager: handleMessage: event 9
02-22 21:41:21.985  3321  3861 D use-Rlog/RLOG-IMS-IIL: ImsIilManager: onReceiveSimStateChange() : simState=NOT_READY
02-22 21:41:21.985  3321  3321 D SubscriptionController: [getSubId]- sSlotIdxToSubId.size == 0, return DummySubIds slotIdx=0
02-22 21:41:21.985  3321  3321 D SubscriptionController: [getSubId]- sSlotIdxToSubId.size == 0, return DummySubIds slotIdx=0
02-22 21:41:21.985  3321  3321 D TelephonyManager: setTelephonyProperty: success phoneId=0 property=gsm.operator.ispsroaming value: false propVal=false
02-22 21:41:21.990  3321  3321 D GsmSST  : handlPollStateResultMessage: GsmSST setDataRegState=1 regState=0 dataRadioTechnology=0
02-22 21:41:21.990  3321  3321 D RIL_ImsSms: IMS is NOT registered!
02-22 21:41:21.990  3321  3321 D CdmaSSM : CDMA_SUBSCRIPTION_SOURCE event = 2
02-22 21:41:21.990  3321  3321 D CdmaSSM : Subscription Source Changed : 1 >> 0
02-22 21:41:21.990  3321  3321 D SubscriptionController: [getSubId]- sSlotIdxToSubId.size == 0, return DummySubIds slotIdx=0
02-22 21:41:21.990  3321  3321 D GsmSST  : handlePollStateResult(); regState: 0, mNewLuRejCause: -1
02-22 21:41:21.990  3321  3321 D SubscriptionController: [getSubId]- sSlotIdxToSubId.size == 0, return DummySubIds slotIdx=0
02-22 21:41:21.990  3321  3321 D SubscriptionController: [getSubId]- sSlotIdxToSubId.size == 0, return DummySubIds slotIdx=0
02-22 21:41:21.990  3321  3321 D SubscriptionController: getPhoneId,  received dummy subId 2147483643
02-22 21:41:21.990  3321  3321 D GsmSST  : Poll ServiceState done:  oldSS=[3 3 voice home data home  Unknown Unknown CSS not supported -1 -1 RoamInd=-1 DefRoamInd=-1 VoiceRegType=0 ImsVoiceAvail=0 IsEbSupport=0 IsEaBarred=0 Snap=0 FemtocellInd=0 EmergOnly=false IsDataRoamingFromRegistration=false] newSS=[1 1 voice home data home  Unknown Unknown CSS not supported -1 -1 RoamInd=-1 DefRoamInd=-1 VoiceRegType=0 ImsVoiceAvail=2 IsEbSupport=2 IsEaBarred=0 Snap=0 FemtocellInd=0 EmergOnly=false IsDataRoamingFromRegistration=false] oldMaxDataCalls=1 mNewMaxDataCalls=4 oldReasonDataDenied=-1 mNewReasonDataDenied=-1
02-22 21:41:21.990  3321  3321 D GsmSST  : hasChanged : true, NetworkStateChangedByRescanDialog : false, isFirstRescanDialogCheckAfterBoot : false
02-22 21:41:21.990  3321  3321 D GsmSST  : SelectionMode : 0, isBootCompleted : false
