02-22 20:58:57.111  2182  2269 I display : [PrimaryDisplay] [DYNAMIC_RECOMP] HWC_2_GLES by low FPS(0)
02-22 20:58:57.121  6154  6209 I AMMetaDataParserService: getResourcePackageName:com.android.settings.TOP_LEVEL_HEADER_ID
02-22 20:58:57.121  6154  6209 I AMMetaDataParserService: getResourcePackageName:com.android.settings.FRAGMENT_CLASS
02-22 20:58:57.121  6154  6209 I AMMetaDataParserService: Resource data:Loop for running activitycom.android.settings.Settings$DataUsageSummaryActivity
02-22 20:58:57.121  6154  6209 I AMMetaDataParserService: Resource data:Inside bundle  check
02-22 20:58:57.121  6154  6209 I AMMetaDataParserService: getResourcePackageName:com.android.settings.TOP_LEVEL_HEADER_ID
02-22 20:58:57.121  6154  6209 I AMMetaDataParserService: getResourcePackageName:com.android.settings.FRAGMENT_CLASS
02-22 20:58:57.121  6154  6209 I AMMetaDataParserService: getResourcePackageName:voicecommand
02-22 20:58:57.121  6154  6209 I AMMetaDataParserService: Resource data:Loop for running activitycom.android.settings.Settings$DreamSettingsActivity
02-22 20:58:57.121  6154  6209 I AMMetaDataParserService: Resource data:Inside bundle  check
02-22 20:58:57.121  6154  6209 I AMMetaDataParserService: getResourcePackageName:com.android.settings.PRIMARY_PROFILE_CONTROLLED
02-22 20:58:57.121  6154  6209 I AMMetaDataParserService: getResourcePackageName:com.android.settings.TOP_LEVEL_HEADER_ID
02-22 20:58:57.121  6154  6209 I AMMetaDataParserService: getResourcePackageName:com.android.settings.FRAGMENT_CLASS
02-22 20:58:57.121  6154  6209 I AMMetaDataParserService: getResourcePackageName:com.sec.android.PRIMARY_KNOX_CONTROLLED
02-22 20:58:57.121  6154  6209 I AMMetaDataParserService: Resource data:Loop for running activitycom.android.settings.Settings$UserSettingsActivity
02-22 20:58:57.121  6154  6209 I AMMetaDataParserService: Resource data:Inside bundle  check
02-22 20:58:57.121  6154  6209 I AMMetaDataParserService: getResourcePackageName:com.android.settings.PRIMARY_PROFILE_CONTROLLED
02-22 20:58:57.121  6154  6209 I AMMetaDataParserService: getResourcePackageName:com.android.settings.TOP_LEVEL_HEADER_ID
02-22 20:58:57.121  6154  6209 I AMMetaDataParserService: getResourcePackageName:com.android.settings.FRAGMENT_CLASS
02-22 20:58:57.126  6154  6209 I AMMetaDataParserService: getResourcePackageName:com.sec.android.PRIMARY_KNOX_CONTROLLED
02-22 20:58:57.126  6154  6209 I AMMetaDataParserService: Resource data:Loop for running activitycom.android.settings.SmsDefaultDialog
02-22 20:58:57.126  6154  6209 I AMMetaDataParserService: Resource data:Loop for running activitycom.android.settings.ActiveNetworkScorerDialog
02-22 20:58:57.126  6154  6209 I AMMetaDataParserService: Resource data:Loop for running activitycom.android.settings.Settings$NotificationAccessSettingsActivity
02-22 20:58:57.126  6154  6209 I AMMetaDataParserService: Resource data:Inside bundle  check
02-22 20:58:57.126  6154  6209 I AMMetaDataParserService: getResourcePackageName:com.android.settings.TOP_LEVEL_HEADER_ID
02-22 20:58:57.126  6154  6209 I AMMetaDataParserService: getResourcePackageName:com.android.settings.FRAGMENT_CLASS
02-22 20:58:57.126  6154  6209 I AMMetaDataParserService: Resource data:Loop for running activitycom.android.settings.Settings$ZenAccessSettingsActivity
02-22 20:58:57.126  6154  6209 I AMMetaDataParserService: Resource data:Inside bundle  check
02-22 20:58:57.126  6154  6209 I AMMetaDataParserService: getResourcePackageName:com.android.settings.TOP_LEVEL_HEADER_ID
02-22 20:58:57.126  6154  6209 I AMMetaDataParserService: getResourcePackageName:com.android.settings.FRAGMENT_CLASS
02-22 20:58:57.126  6154  6209 I AMMetaDataParserService: Resource data:Loop for running activitycom.android.settings.Settings$NotificationSettingsActivity
02-22 20:58:57.126  6154  6209 I AMMetaDataParserService: Resource data:Inside bundle  check
02-22 20:58:57.126  6154  6209 I AMMetaDataParserService: getResourcePackageName:com.android.settings.PRIMARY_PROFILE_CONTROLLED
02-22 20:58:57.126  6154  6209 I AMMetaDataParserService: getResourcePackageName:com.android.settings.TOP_LEVEL_HEADER_ID
02-22 20:58:57.126  6154  6209 I AMMetaDataParserService: getResourcePackageName:com.android.settings.FRAGMENT_CLASS
02-22 20:58:57.126  6154  6209 I AMMetaDataParserService: Resource data:Loop for running activitycom.android.settings.Settings$SoundSettingsActivity
02-22 20:58:57.126  6154  6209 I AMMetaDataParserService: Resource data:Inside bundle  check
02-22 20:58:57.126  6154  6209 I AMMetaDataParserService: getResourcePackageName:com.android.settings.PRIMARY_PROFILE_CONTROLLED
02-22 20:58:57.126  6154  6209 I AMMetaDataParserService: getResourcePackageName:com.android.settings.TOP_LEVEL_HEADER_ID
02-22 20:58:57.126  6154  6209 I AMMetaDataParserService: getResourcePackageName:com.android.settings.FRAGMENT_CLASS
02-22 20:58:57.126  6154  6209 I AMMetaDataParserService: getResourcePackageName:com.sec.android.PRIMARY_KNOX_CONTROLLED
02-22 20:58:57.126  6154  6209 I AMMetaDataParserService: Resource data:Loop for running activitycom.android.settings.SoundSettings
02-22 20:58:57.126  6154  6209 I AMMetaDataParserService: Resource data:Inside bundle  check
02-22 20:58:57.126  6154  6209 I AMMetaDataParserService: getResourcePackageName:com.android.settings.TOP_LEVEL_HEADER_ID
02-22 20:58:57.126  6154  6209 I AMMetaDataParserService: getResourcePackageName:com.android.settings.FRAGMENT_CLASS
02-22 20:58:57.126  6154  6209 I AMMetaDataParserService: Resource data:Loop for running activitycom.android.settings.Settings$OtherSoundSettingsActivity
02-22 20:58:57.126  6154  6209 I AMMetaDataParserService: Resource data:Inside bundle  check
02-22 20:58:57.126  6154  6209 I AMMetaDataParserService: getResourcePackageName:com.android.settings.PRIMARY_PROFILE_CONTROLLED
02-22 20:58:57.126  6154  6209 I AMMetaDataParserService: getResourcePackageName:com.android.settings.TOP_LEVEL_HEADER_ID
02-22 20:58:57.126  6154  6209 I AMMetaDataParserService: getResourcePackageName:com.android.settings.FRAGMENT_CLASS
02-22 20:58:57.126  6154  6209 I AMMetaDataParserService: Resource data:Loop for running activitycom.android.settings.Settings$SoundEffectSettingsActivity
02-22 20:58:57.126  6154  6209 I AMMetaDataParserService: Resource data:Inside bundle  check
02-22 20:58:57.126  6154  6209 I AMMetaDataParserService: getResourcePackageName:com.android.settings.TOP_LEVEL_HEADER_ID
02-22 20:58:57.126  6154  6209 I AMMetaDataParserService: getResourcePackageName:com.android.settings.FRAGMENT_CLASS
02-22 20:58:57.126  6154  6209 I AMMetaDataParserService: Resource data:Loop for running activitycom.android.settings.Settings$NotificationAppListActivity
02-22 20:58:57.126  6154  6209 I AMMetaDataParserService: Resource data:Inside bundle  check
02-22 20:58:57.126  6154  6209 I AMMetaDataParserService: getResourcePackageName:com.android.settings.TOP_LEVEL_HEADER_ID
02-22 20:58:57.126  6154  6209 I AMMetaDataParserService: getResourcePackageName:com.android.settings.FRAGMENT_CLASS
02-22 20:58:57.126  6154  6209 I AMMetaDataParserService: Resource data:Loop for running activitycom.android.settings.Settings$BlockNotificationListActivity
02-22 20:58:57.126  6154  6209 I AMMetaDataParserService: Resource data:Inside bundle  check
02-22 20:58:57.126  6154  6209 I AMMetaDataParserService: getResourcePackageName:com.android.settings.TOP_LEVEL_HEADER_ID
02-22 20:58:57.126  6154  6209 I AMMetaDataParserService: getResourcePackageName:com.android.settings.FRAGMENT_CLASS
02-22 20:58:57.126  6154  6209 I AMMetaDataParserService: Resource data:Loop for running activitycom.android.settings.Settings$PriorityNotiAppListActivity
02-22 20:58:57.126  6154  6209 I AMMetaDataParserService: Resource data:Inside bundle  check
02-22 20:58:57.126  6154  6209 I AMMetaDataParserService: getResourcePackageName:com.android.settings.TOP_LEVEL_HEADER_ID
02-22 20:58:57.126  6154  6209 I AMMetaDataParserService: getResourcePackageName:com.android.settings.FRAGMENT_CLASS
02-22 20:58:57.126  6154  6209 I AMMetaDataParserService: Resource data:Loop for running activitycom.android.settings.Settings$AppNotificationSettingsActivity
02-22 20:58:57.126  6154  6209 I AMMetaDataParserService: Resource data:Inside bundle  check
02-22 20:58:57.126  6154  6209 I AMMetaDataParserService: getResourcePackageName:com.android.settings.TOP_LEVEL_HEADER_ID
02-22 20:58:57.126  6154  6209 I AMMetaDataParserService: getResourcePackageName:com.android.settings.FRAGMENT_CLASS
02-22 20:58:57.126  6154  6209 I AMMetaDataParserService: Resource data:Loop for running activitycom.android.settings.DualSoundRingtoneSettings
02-22 20:58:57.126  6154  6209 I AMMetaDataParserService: Resource data:Loop for running activitycom.android.settings.RingtoneSettingTabActivity
02-22 20:58:57.126  6154  6209 I AMMetaDataParserService: Resource data:Loop for running activitycom.android.settings.Settings$SimSettingsActivity
02-22 20:58:57.126  6154  6209 I AMMetaDataParserService: Resource data:Inside bundle  check
02-22 20:58:57.126  6154  6209 I AMMetaDataParserService: getResourcePackageName:com.android.settings.TOP_LEVEL_HEADER_ID
02-22 20:58:57.126  6154  6209 I AMMetaDataParserService: getResourcePackageName:com.android.settings.FRAGMENT_CLASS
02-22 20:58:57.126  6154  6209 I AMMetaDataParserService: Resource data:Loop for running activitycom.android.settings.sim.SimPreferenceDialog
02-22 20:58:57.126  6154  6209 I AMMetaDataParserService: Resource data:Loop for running activitycom.android.settings.sim.SimDialogActivity
02-22 20:58:57.126  6154  6209 I AMMetaDataParserService: Resource data:Loop for running activitycom.android.settings.Settings$WifiCallingSettingsActivity
02-22 20:58:57.126  6154  6209 I AMMetaDataParserService: Resource data:Inside bundle  check
02-22 20:58:57.126  6154  6209 I AMMetaDataParserService: getResourcePackageName:com.android.settings.PRIMARY_PROFILE_CONTROLLED
02-22 20:58:57.126  6154  6209 I AMMetaDataParserService: getResourcePackageName:com.android.settings.TOP_LEVEL_HEADER_ID
02-22 20:58:57.126  6154  6209 I AMMetaDataParserService: getResourcePackageName:com.android.settings.FRAGMENT_CLASS
02-22 20:58:57.126  6154  6209 I AMMetaDataParserService: Resource data:Loop for running activitycom.android.settings.NewModePreview
02-22 20:58:57.126  6154  6209 I AMMetaDataParserService: Resource data:Loop for running activitycom.android.settings.ModePreviewTablet
02-22 20:58:57.126  6154  6209 I AMMetaDataParserService: Resource data:Loop for running activitycom.android.settings.FontPreview
02-22 20:58:57.126  6154  6209 I AMMetaDataParserService: Resource data:Loop for running activitycom.android.settings.FontPreviewTablet
02-22 20:58:57.126  6154  6209 I AMMetaDataParserService: Resource data:Loop for running activitycom.android.settings.DisplayScalingActivity
02-22 20:58:57.126  6154  6209 I AMMetaDataParserService: Resource data:Loop for running activitycom.android.settings.IconBackgrounds
02-22 20:58:57.126  6154  6209 I AMMetaDataParserService: Resource data:Loop for running activitycom.android.settings.UnlockEffect
02-22 20:58:57.126  6154  6209 I AMMetaDataParserService: Resource data:Loop for running activitycom.android.settings.personalvibration.SelectPatternDialog
02-22 20:58:57.126  6154  6209 I AMMetaDataParserService: Resource data:Loop for running activitycom.android.settings.RecommendRingtoneDialog
02-22 20:58:57.126  6154  6209 I AMMetaDataParserService: Resource data:Loop for running activitycom.android.settings.SettingsReceiverActivity
02-22 20:58:57.126  6154  6209 I AMMetaDataParserService: Resource data:Loop for running activitycom.android.settings.Settings$PersonalPageSettingsActivity
02-22 20:58:57.126  6154  6209 I AMMetaDataParserService: Resource data:Inside bundle  check
02-22 20:58:57.126  6154  6209 I AMMetaDataParserService: getResourcePackageName:com.android.settings.TOP_LEVEL_HEADER_ID
02-22 20:58:57.126  6154  6209 I AMMetaDataParserService: getResourcePackageName:com.android.settings.FRAGMENT_CLASS
02-22 20:58:57.126  6154  6209 I AMMetaDataParserService: Resource data:Loop for running activitycom.android.settings.applock.AppLockSettingsActivity
02-22 20:58:57.126  6154  6209 I AMMetaDataParserService: Resource data:Loop for running activitycom.android.settings.personalpage.PersonalPageSettings
02-22 20:58:57.126  6154  6209 I AMMetaDataParserService: Resource data:Inside bundle  check
02-22 20:58:57.126  6154  6209 I AMMetaDataParserService: getResourcePackageName:com.android.settings.TOP_LEVEL_HEADER_ID
02-22 20:58:57.126  6154  6209 I AMMetaDataParserService: getResourcePackageName:com.android.settings.FRAGMENT_CLASS
02-22 20:58:57.126  6154  6209 I AMMetaDataParserService: Resource data:Loop for running activitycom.android.settings.personalpage.PersonalPageDisclaimer
02-22 20:58:57.126  6154  6209 I AMMetaDataParserService: Resource data:Loop for running activitycom.android.settings.Settings$SafetyCareSettingsActivity
02-22 20:58:57.126  6154  6209 I AMMetaDataParserService: Resource data:Inside bundle  check
02-22 20:58:57.126  6154  6209 I AMMetaDataParserService: getResourcePackageName:com.android.settings.TOP_LEVEL_HEADER_ID
02-22 20:58:57.126  6154  6209 I AMMetaDataParserService: getResourcePackageName:com.android.settings.FRAGMENT_CLASS
02-22 20:58:57.126  6154  6209 I AMMetaDataParserService: Resource data:Loop for running activitycom.android.settings.Settings$SafetyCareEmergencyModeActivity
02-22 20:58:57.126  6154  6209 I AMMetaDataParserService: Resource data:Inside bundle  check
02-22 20:58:57.126  6154  6209 I AMMetaDataParserService: getResourcePackageName:com.android.settings.TOP_LEVEL_HEADER_ID
02-22 20:58:57.126  6154  6209 I AMMetaDataParserService: getResourcePackageName:com.android.settings.FRAGMENT_CLASS
02-22 20:58:57.126  6154  6209 I AMMetaDataParserService: Resource data:Loop for running activitycom.android.settings.Settings$EasyModeAppActivity
02-22 20:58:57.126  6154  6209 I AMMetaDataParserService: Resource data:Inside bundle  check
02-22 20:58:57.126  6154  6209 I AMMetaDataParserService: getResourcePackageName:com.android.settings.TOP_LEVEL_HEADER_ID
02-22 20:58:57.126  6154  6209 I AMMetaDataParserService: getResourcePackageName:com.android.settings.FRAGMENT_CLASS
02-22 20:58:57.126  6154  6209 I AMMetaDataParserService: Resource data:Loop for running activitycom.android.settings.Settings$MotionSettingsActivity
02-22 20:58:57.126  6154  6209 I AMMetaDataParserService: Resource data:Inside bundle  check
02-22 20:58:57.126  6154  6209 I AMMetaDataParserService: getResourcePackageName:com.android.settings.TOP_LEVEL_HEADER_ID
02-22 20:58:57.126  6154  6209 I AMMetaDataParserService: getResourcePackageName:com.android.settings.FRAGMENT_CLASS
02-22 20:58:57.126  6154  6209 I AMMetaDataParserService: getResourcePackageName:voicecommand
02-22 20:58:57.126  6154  6209 I AMMetaDataParserService: Resource data:Loop for running activitycom.android.settings.location.SatelliteView
02-22 20:58:57.126  6154  6209 I AMMetaDataParserService: Resource data:Inside bundle  check
02-22 20:58:57.126  6154  6209 I AMMetaDataParserService: getResourcePackageName:com.android.settings.FRAGMENT_CLASS
02-22 20:58:57.126  6154  6209 I AMMetaDataParserService: Resource data:Loop for running activitycom.android.settings.location.SatelliteViewLog
02-22 20:58:57.126  6154  6209 I AMMetaDataParserService: Resource data:Inside bundle  check
02-22 20:58:57.126  6154  6209 I AMMetaDataParserService: getResourcePackageName:com.android.settings.FRAGMENT_CLASS
02-22 20:58:57.126  6154  6209 I AMMetaDataParserService: Resource data:Loop for running activitycom.android.settings.location.AGPSFunctionSwitchList
02-22 20:58:57.126  6154  6209 I AMMetaDataParserService: Resource data:Inside bundle  check
02-22 20:58:57.126  6154  6209 I AMMetaDataParserService: getResourcePackageName:com.android.settings.FRAGMENT_CLASS
02-22 20:58:57.126  6154  6209 I AMMetaDataParserService: Resource data:Loop for running activitycom.android.settings.Settings$ActiveKeySettingsActivity
02-22 20:58:57.126  6154  6209 I AMMetaDataParserService: Resource data:Inside bundle  check
02-22 20:58:57.126  6154  6209 I AMMetaDataParserService: getResourcePackageName:com.android.settings.TOP_LEVEL_HEADER_ID
02-22 20:58:57.126  6154  6209 I AMMetaDataParserService: getResourcePackageName:com.android.settings.FRAGMENT_CLASS
02-22 20:58:57.126  6154  6209 I AMMetaDataParserService: Resource data:Loop for running activitycom.android.settings.activekey.AppList
02-22 20:58:57.126  6154  6209 I AMMetaDataParserService: Resource data:Loop for running activitycom.android.settings.activekey.ActiveKeySettingDialog
02-22 20:58:57.126  6154  6209 I AMMetaDataParserService: Resource data:Loop for running activitycom.android.settings.Settings$SmartStaySettingsActivity
02-22 20:58:57.126  6154  6209 I AMMetaDataParserService: Resource data:Inside bundle  check
02-22 20:58:57.126  6154  6209 I AMMetaDataParserService: getResourcePackageName:com.android.settings.TOP_LEVEL_HEADER_ID
02-22 20:58:57.126  6154  6209 I AMMetaDataParserService: getResourcePackageName:com.android.settings.FRAGMENT_CLASS
02-22 20:58:57.126  6154  6209 I AMMetaDataParserService: Resource data:Loop for running activitycom.android.settings.Settings$OverlaySettingsActivity
02-22 20:58:57.126  6154  6209 I AMMetaDataParserService: Resource data:Inside bundle  check
02-22 20:58:57.126  6154  6209 I AMMetaDataParserService: getResourcePackageName:com.android.settings.FRAGMENT_CLASS
02-22 20:58:57.126  6154  6209 I AMMetaDataParserService: Resource data:Loop for running activitycom.android.settings.Settings$AppDrawOverlaySettingsActivity
02-22 20:58:57.126  6154  6209 I AMMetaDataParserService: Resource data:Inside bundle  check
02-22 20:58:57.126  6154  6209 I AMMetaDataParserService: getResourcePackageName:com.android.settings.FRAGMENT_CLASS
02-22 20:58:57.126  6154  6209 I AMMetaDataParserService: Resource data:Loop for running activitycom.android.settings.Settings$WriteSettingsActivity
02-22 20:58:57.131  6154  6209 I AMMetaDataParserService: Resource data:Inside bundle  check
02-22 20:58:57.131  6154  6209 I AMMetaDataParserService: getResourcePackageName:com.android.settings.FRAGMENT_CLASS
02-22 20:58:57.131  6154  6209 I AMMetaDataParserService: Resource data:Loop for running activitycom.android.settings.Settings$AppWriteSettingsActivity
02-22 20:58:57.131  6154  6209 I AMMetaDataParserService: Resource data:Inside bundle  check
02-22 20:58:57.131  6154  6209 I AMMetaDataParserService: getResourcePackageName:com.android.settings.FRAGMENT_CLASS
02-22 20:58:57.131  6154  6209 I AMMetaDataParserService: Resource data:Loop for running activitycom.android.settings.Settings$GlobalRoamingSettingsActivity
02-22 20:58:57.131  6154  6209 I AMMetaDataParserService: Resource data:Inside bundle  check
02-22 20:58:57.131  6154  6209 I AMMetaDataParserService: getResourcePackageName:com.android.settings.TOP_LEVEL_HEADER_ID
02-22 20:58:57.131  6154  6209 I AMMetaDataParserService: getResourcePackageName:com.android.settings.FRAGMENT_CLASS
02-22 20:58:57.131  6154  6209 I AMMetaDataParserService: Resource data:Loop for running activitycom.android.settings.Settings$LGTRoamingEnv
02-22 20:58:57.131  6154  6209 I AMMetaDataParserService: Resource data:Inside bundle  check
02-22 20:58:57.131  6154  6209 I AMMetaDataParserService: getResourcePackageName:com.android.settings.TOP_LEVEL_HEADER_ID
02-22 20:58:57.131  6154  6209 I AMMetaDataParserService: getResourcePackageName:com.android.settings.FRAGMENT_CLASS
02-22 20:58:57.131  6154  6209 I AMMetaDataParserService: Resource data:Loop for running activitycom.android.settings.Settings$LGTCustomerService
02-22 20:58:57.131  6154  6209 I AMMetaDataParserService: Resource data:Inside bundle  check
02-22 20:58:57.131  6154  6209 I AMMetaDataParserService: getResourcePackageName:com.android.settings.TOP_LEVEL_HEADER_ID
02-22 20:58:57.131  6154  6209 I AMMetaDataParserService: getResourcePackageName:com.android.settings.FRAGMENT_CLASS
02-22 20:58:57.131  6154  6209 I AMMetaDataParserService: Resource data:Loop for running activitycom.android.settings.Settings$GlobalLteRoaming
02-22 20:58:57.131  6154  6209 I AMMetaDataParserService: Resource data:Inside bundle  check
02-22 20:58:57.131  6154  6209 I AMMetaDataParserService: getResourcePackageName:com.android.settings.TOP_LEVEL_HEADER_ID
02-22 20:58:57.131  6154  6209 I AMMetaDataParserService: getResourcePackageName:com.android.settings.FRAGMENT_CLASS
02-22 20:58:57.131  6154  6209 I AMMetaDataParserService: Resource data:Loop for running activitycom.android.settings.Settings$TRoamingSettingsActivity
02-22 20:58:57.131  6154  6209 I AMMetaDataParserService: Resource data:Inside bundle  check
02-22 20:58:57.131  6154  6209 I AMMetaDataParserService: getResourcePackageName:com.android.settings.TOP_LEVEL_HEADER_ID
02-22 20:58:57.131  6154  6209 I AMMetaDataParserService: getResourcePackageName:com.android.settings.FRAGMENT_CLASS
02-22 20:58:57.131  6154  6209 I AMMetaDataParserService: Resource data:Loop for running activitycom.android.settings.Settings$AirplaneModeSettingsActivity
02-22 20:58:57.131  6154  6209 I AMMetaDataParserService: Resource data:Inside bundle  check
02-22 20:58:57.131  6154  6209 I AMMetaDataParserService: getResourcePackageName:com.android.settings.PRIMARY_PROFILE_CONTROLLED
02-22 20:58:57.131  6154  6209 I AMMetaDataParserService: getResourcePackageName:com.android.settings.TOP_LEVEL_HEADER_ID
02-22 20:58:57.131  6154  6209 I AMMetaDataParserService: getResourcePackageName:com.android.settings.FRAGMENT_CLASS
02-22 20:58:57.131  6154  6209 I AMMetaDataParserService: getResourcePackageName:voicecommand
02-22 20:58:57.131  6154  6209 I AMMetaDataParserService: Resource data:Loop for running activitycom.android.settings.Settings$DataSlotChoice
02-22 20:58:57.131  6154  6209 I AMMetaDataParserService: Resource data:Inside bundle  check
02-22 20:58:57.131  6154  6209 I AMMetaDataParserService: getResourcePackageName:com.android.settings.FRAGMENT_CLASS
02-22 20:58:57.131  6154  6209 I AMMetaDataParserService: Resource data:Loop for running activitycom.android.settings.Settings$LteModeActivity
02-22 20:58:57.131  6154  6209 I AMMetaDataParserService: Resource data:Inside bundle  check
02-22 20:58:57.131  6154  6209 I AMMetaDataParserService: getResourcePackageName:com.android.settings.FRAGMENT_CLASS
02-22 20:58:57.131  6154  6209 I AMMetaDataParserService: Resource data:Loop for running activitycom.android.settings.Settings$FingerprintSettingsActivity
02-22 20:58:57.131  6154  6209 I AMMetaDataParserService: Resource data:Inside bundle  check
02-22 20:58:57.131  6154  6209 I AMMetaDataParserService: getResourcePackageName:com.android.settings.TOP_LEVEL_HEADER_ID
02-22 20:58:57.131  6154  6209 I AMMetaDataParserService: getResourcePackageName:com.android.settings.FRAGMENT_CLASS
02-22 20:58:57.131  6154  6209 I AMMetaDataParserService: Resource data:Loop for running activitycom.android.settings.fingerprint.FingerprintDisclaimer
02-22 20:58:57.131  6154  6209 I AMMetaDataParserService: Resource data:Loop for running activitycom.android.settings.fingerprint.RegisterFingerprint
02-22 20:58:57.131  6154  6209 I AMMetaDataParserService: Resource data:Loop for running activitycom.android.settings.fingerprint.FingerprintEntry
02-22 20:58:57.131  6154  6209 I AMMetaDataParserService: Resource data:Loop for running activitycom.android.settings.fingerprint.FingerprintLockSettings
02-22 20:58:57.131  6154  6209 I AMMetaDataParserService: Resource data:Loop for running activitycom.android.settings.fingerprint.FingerprintPassword
02-22 20:58:57.131  6154  6209 I AMMetaDataParserService: Resource data:Loop for running activitycom.android.settings.fingerprint.FingerprintConfirm
02-22 20:58:57.131  6154  6209 I AMMetaDataParserService: Resource data:Loop for running activitycom.android.settings.SecurityWarningDialog
02-22 20:58:57.131  6154  6209 I AMMetaDataParserService: Resource data:Loop for running activitycom.android.settings.Settings$SmartStaySettingsActivity
02-22 20:58:57.131  6154  6209 I AMMetaDataParserService: Resource data:Inside bundle  check
02-22 20:58:57.131  6154  6209 I AMMetaDataParserService: getResourcePackageName:com.android.settings.TOP_LEVEL_HEADER_ID
02-22 20:58:57.131  6154  6209 I AMMetaDataParserService: getResourcePackageName:com.android.settings.FRAGMENT_CLASS
02-22 20:58:57.131  6154  6209 I AMMetaDataParserService: Resource data:Loop for running activitycom.android.settings.Settings$AirCmdSettingsActivity
02-22 20:58:57.131  6154  6209 I AMMetaDataParserService: Resource data:Inside bundle  check
02-22 20:58:57.131  6154  6209 I AMMetaDataParserService: getResourcePackageName:com.android.settings.FRAGMENT_CLASS
02-22 20:58:57.131  6154  6209 I AMMetaDataParserService: Resource data:Loop for running activitycom.android.settings.Settings$PenSettingsMenuActivity
02-22 20:58:57.131  6154  6209 I AMMetaDataParserService: Resource data:Inside bundle  check
02-22 20:58:57.131  6154  6209 I AMMetaDataParserService: getResourcePackageName:com.android.settings.TOP_LEVEL_HEADER_ID
02-22 20:58:57.131  6154  6209 I AMMetaDataParserService: getResourcePackageName:com.android.settings.FRAGMENT_CLASS
02-22 20:58:57.131  6154  6209 I AMMetaDataParserService: Resource data:Loop for running activitycom.android.settings.accessibility.sharedaccessibility.ShareAccessibilitySettingsReceive
02-22 20:58:57.131  6154  6209 I AMMetaDataParserService: Resource data:Loop for running activitycom.android.settings.accessibility.sharedaccessibility.ShareAccessibilityExportImport
02-22 20:58:57.131  6154  6209 I AMMetaDataParserService: Resource data:Loop for running activitycom.android.settings.accessibility.sharedaccessibility.ShareAccessibilityShareVia
02-22 20:58:57.131  6154  6209 I AMMetaDataParserService: Resource data:Loop for running activitycom.android.settings.Settings$DomesticSettingsActivity
02-22 20:58:57.131  6154  6209 I AMMetaDataParserService: Resource data:Inside bundle  check
02-22 20:58:57.131  6154  6209 I AMMetaDataParserService: getResourcePackageName:com.android.settings.PRIMARY_PROFILE_CONTROLLED
02-22 20:58:57.131  6154  6209 I AMMetaDataParserService: getResourcePackageName:com.android.settings.TOP_LEVEL_HEADER_ID
02-22 20:58:57.131  6154  6209 I AMMetaDataParserService: getResourcePackageName:com.android.settings.FRAGMENT_CLASS
02-22 20:58:57.131  6154  6209 I AMMetaDataParserService: getResourcePackageName:com.sec.android.PRIMARY_KNOX_CONTROLLED
02-22 20:58:57.131  6154  6209 I AMMetaDataParserService: Resource data:Loop for running activitycom.android.settings.Settings$UsefulFeatureActivity
02-22 20:58:57.131  6154  6209 I AMMetaDataParserService: Resource data:Inside bundle  check
02-22 20:58:57.131  6154  6209 I AMMetaDataParserService: getResourcePackageName:com.android.settings.PRIMARY_PROFILE_CONTROLLED
02-22 20:58:57.131  6154  6209 I AMMetaDataParserService: getResourcePackageName:com.android.settings.FRAGMENT_CLASS
02-22 20:58:57.131  6154  6209 I AMMetaDataParserService: Resource data:Loop for running activitycom.android.settings.Settings$UsefulFeatureMainActivity
02-22 20:58:57.131  6154  6209 I AMMetaDataParserService: Resource data:Inside bundle  check
02-22 20:58:57.131  6154  6209 I AMMetaDataParserService: getResourcePackageName:com.android.settings.PRIMARY_PROFILE_CONTROLLED
02-22 20:58:57.131  6154  6209 I AMMetaDataParserService: getResourcePackageName:com.android.settings.FRAGMENT_CLASS
02-22 20:58:57.131  6154  6209 I AMMetaDataParserService: Resource data:Loop for running activitycom.android.settings.Settings$CloudSettingActivity
02-22 20:58:57.131  6154  6209 I AMMetaDataParserService: Resource data:Inside bundle  check
02-22 20:58:57.131  6154  6209 I AMMetaDataParserService: getResourcePackageName:com.android.settings.FRAGMENT_CLASS
02-22 20:58:57.131  6154  6209 I AMMetaDataParserService: Resource data:Loop for running activitycom.android.settings.networkconnect.NetworkManagerActivity
02-22 20:58:57.131  6154  6209 I AMMetaDataParserService: Resource data:Loop for running activitycom.android.settings.networkconnect.NetworkConnectActivity
02-22 20:58:57.131  6154  6209 I AMMetaDataParserService: Resource data:Loop for running activitycom.android.settings.networkconnect.DataWarningLimitActivity
02-22 20:58:57.131  6154  6209 I AMMetaDataParserService: Resource data:Loop for running activitycom.android.settings.fmm.SamsungAccountValidationActivity
02-22 20:58:57.141  6154  6209 I AMMetaDataParserService: Resource data:Loop for running activitycom.sec.android.app.camera.Camera
02-22 20:58:57.141  6154  6209 I AMMetaDataParserService: Resource data:Inside bundle  check
02-22 20:58:57.141  6154  6209 I AMMetaDataParserService: getResourcePackageName:com.samsung.cover.layout
02-22 20:58:57.141  6154  6209 I AMMetaDataParserService: getResourcePackageName:com.android.keyguard.mobilekeyboard.layout
02-22 20:58:57.141  6154  6209 I AMMetaDataParserService: getResourcePackageName:com.samsung.android.startingwindow.REVERSE_LAYOUT_RESID
02-22 20:58:57.141  6154  6209 I AMMetaDataParserService: getResourcePackageName:com.samsung.android.startingwindow.LAYOUT_RESID
02-22 20:58:57.141  6154  6209 I AMMetaDataParserService: getResourcePackageName:com.samsung.android.rotation.animation.disable
02-22 20:58:57.141  6154  6209 I AMMetaDataParserService: getResourcePackageName:com.android.keyguard.layout
02-22 20:58:57.141  6154  6209 I AMMetaDataParserService: getResourcePackageName:assistant
02-22 20:58:57.141  6154  6209 I AMMetaDataParserService: Resource data:2131099648
02-22 20:58:57.141  2755  3622 I Process : Sending signal. PID: 2755 SIG: 3
02-22 20:58:57.141  2755  3622 I Process : Sending signal. PID: 5489 SIG: 3
02-22 20:58:57.146  2755  2761 I art     : Thread[2,tid=2761,WaitingInMainSignalCatcherLoop,Thread*=0xaae8b000,peer=0x12c010a0,"Signal Catcher"]: reacting to signal 3
02-22 20:58:57.161  2755  2761 W art     : Suspending all threads took: 13.068ms
02-22 20:58:57.206  6154  6209 I AMMetaDataParserService: getResourceName:com.sec.android.app.camera:xml/assistant
02-22 20:58:57.206  6154  6209 I AMMetaDataParserService: getResourceTypeNamexml
02-22 20:58:57.236  6154  6209 I AMMetaDataParserService: Icon data: ResourceSwitch camera2131231195android.intent.action.switchcamera2130837506
02-22 20:58:57.236  6066  6075 W art     : Suspending all threads took: 6.851ms
02-22 20:58:57.271  2182  2182 I display : [PrimaryDisplay] [DYNAMIC_RECOMP] GLES_2_HWC by high FPS(6)
02-22 20:58:57.276  6154  6209 I AMMetaDataParserService: Icon data: ResourceGallery2131231055android.intent.action.switchgallery2130837505
02-22 20:58:57.316  6154  6209 I AMMetaDataParserService: Icon data: ResourceDelete2131231034android.intent.action.delete2130837504
02-22 20:58:57.326  6154  6209 I AMMetaDataParserService: Resource data:Loop for running activitycom.sec.android.app.camera.Camcorder
02-22 20:58:57.326  6154  6209 I AMMetaDataParserService: Resource data:Loop for running activitycom.sec.android.app.camera.DummyActivity
02-22 20:58:57.326  6154  6209 I AMMetaDataParserService: Resource data:Loop for running activitycom.sec.android.app.camera.AttachActivity
02-22 20:58:57.326  6154  6209 I AMMetaDataParserService: Resource data:Loop for running activitycom.sec.android.app.camera.setting.CameraSettingActivity
02-22 20:58:57.326  6154  6209 I AMMetaDataParserService: Resource data:Loop for running activitycom.sec.android.app.camera.RequestPermissionActivity
02-22 20:58:57.361  6066  6066 I Finsky  : [1] AsyncInit: Mandatory tasks are executed!
02-22 20:58:57.541  6465  6465 I dex2oat : /system/bin/dex2oat --compiler-filter=speed --dex-file=/data/app/com.google.android.gms-2/base.apk --oat-file=/data/dalvik-cache/arm/data@app@com.google.android.gms-2@base.apk@classes.dex
02-22 20:58:57.541  6465  6465 E dex2oat : Failed to create oat file: /data/dalvik-cache/arm/data@app@com.google.android.gms-2@base.apk@classes.dex: Permission denied
02-22 20:58:57.541  6465  6465 I dex2oat : dex2oat took 19.439ms (threads: 4) 
02-22 20:58:57.586  6066  6327 I Finsky  : [457] Subscription detail: N/A
02-22 20:58:57.596  6267  6429 W art     : Failed execv(/system/bin/dex2oat --runtime-arg -classpath --runtime-arg  --instruction-set=arm --instruction-set-features=smp,div,-atomic_ldrd_strd --runtime-arg -Xrelocate --boot-image=/system/framework/boot.art --runtime-arg -Xms64m --runtime-arg -Xmx512m --compiler-filter=speed --instruction-set-variant=cortex-a7 --instruction-set-features=default --dex-file=/data/app/com.google.android.gms-2/base.apk --oat-file=/data/dalvik-cache/arm/data@app@com.google.android.gms-2@base.apk@classes.dex) because non-0 exit status
02-22 20:58:57.611  2182  2269 I display : [PrimaryDisplay] [DYNAMIC_RECOMP] HWC_2_GLES by low FPS(3)
02-22 20:58:57.631  6066  6488 I Finsky  : [474] VerifyApps: Setup app restrictions monitor
02-22 20:58:57.816  2182  2182 I display : [PrimaryDisplay] [DYNAMIC_RECOMP] GLES_2_HWC by high FPS(5)
02-22 20:58:58.111  2182  2269 I display : [PrimaryDisplay] [DYNAMIC_RECOMP] HWC_2_GLES by low FPS(0)
02-22 20:58:58.221  4134  4273 I DynamiteModule: Considering local module com.google.android.gms.cronet_dynamite:0 and remote module com.google.android.gms.cronet_dynamite:4311
02-22 20:58:58.221  4134  4273 I DynamiteModule: Selected remote version of com.google.android.gms.cronet_dynamite, version >= 4311
02-22 20:58:58.221  4134  4273 V DynamiteModule: Dynamite loader version >= 2, using loadModule2NoCrashUtils
02-22 20:58:58.311  2182  2182 I display : [PrimaryDisplay] [DYNAMIC_RECOMP] GLES_2_HWC by high FPS(5)
02-22 20:58:58.316  4134  4273 W System  : ClassLoader referenced unknown path: /data/data/com.google.android.gms/app_chimera/m/00000079/n/armeabi
02-22 20:58:58.611  2182  2269 I display : [PrimaryDisplay] [DYNAMIC_RECOMP] HWC_2_GLES by low FPS(0)
02-22 20:58:58.616  2755  2761 I art     : Wrote stack traces to '/data/anr/traces.txt'
02-22 20:58:58.626  6066  6488 I Finsky  : [474] VerifyApps: Device wide unknown source restriction updated
02-22 20:58:58.651  6066  6498 D HttpFlagsLoader: Not loading HTTP flags because they are disabled in the manifest
02-22 20:58:58.686  3688  3783 D ScanRecord: parseFromBytes
02-22 20:58:58.716  4134  6497 I HttpFlagsLoader: HTTP flags log line (Impl): Using live production flag values from Google
02-22 20:58:58.726  2755  3622 D PackageManager: setEnabledSetting : userId = 0 packageName = com.android.vending cmp = com.android.vending.AssetBrowserActivity newState = 1 callingPackage = 10032
02-22 20:58:58.731  6066  6498 D ConnectivityManager: requestNetwork; getAppId(CallingUid) : 10032, CallingPid : 6066
02-22 20:58:58.751  4134  6497 D ConnectivityManager: requestNetwork; getAppId(CallingUid) : 10156, CallingPid : 4134
02-22 20:58:58.791  4134  4273 I cn_CronetLibraryLoader: Cronet version: 145.0.7582.0, arch: armv7l
02-22 20:58:58.801  5740  5749 W art     : Suspending all threads took: 28.257ms
02-22 20:58:58.811  2755  3637 D ActivityManager: The following uid has registered to recieve broadcast for proxy related updates 10156
02-22 20:58:58.811  2182  2182 I display : [PrimaryDisplay] [DYNAMIC_RECOMP] GLES_2_HWC by high FPS(5)
02-22 20:58:58.986  6066  6322 I cn_CronetLibraryLoader: Cronet version: 145.0.7582.0, arch: armv7l
02-22 20:58:58.996  6066  6328 I Finsky  : [458] playLoggingServerUrl: https://play.googleapis.com/play/log
02-22 20:58:58.996  6066  6328 I Finsky  : [458] playLoggingServerTimestampUrl: https://play.googleapis.com/play/log/timestamp
02-22 20:58:58.996  6066  6066 W Settings: Setting download_manager_max_bytes_over_mobile has moved from android.provider.Settings.Secure to android.provider.Settings.Global.
02-22 20:58:59.036  6066  6075 W art     : Suspending all threads took: 23.322ms
02-22 20:58:59.066  6066  6329 I Finsky  : [459] ApplicationRestrictions: {}
02-22 20:58:59.066  6066  6066 I Finsky  : [1] SettingNotFoundException, fall through to G.downloadBytesOverMobileMaximum
02-22 20:58:59.071  6066  6066 W Settings: Setting download_manager_recommended_max_bytes_over_mobile has moved from android.provider.Settings.Secure to android.provider.Settings.Global.
02-22 20:58:59.071  2190  2916 D EnterpriseController: netId is 0
02-22 20:58:59.071  2190  2916 D Netd    : getNetworkForDns: using netid 502 for uid 10032
02-22 20:58:59.086  2190  2916 D EnterpriseController: netId is 0
02-22 20:58:59.086  2190  2916 D Netd    : getNetworkForDns: using netid 502 for uid 10032
02-22 20:58:59.091  2190  2916 D EnterpriseController: netId is 0
02-22 20:58:59.091  2190  2916 D Netd    : getNetworkForDns: using netid 502 for uid 10032
02-22 20:58:59.096  2190  2916 D EnterpriseController: netId is 0
02-22 20:58:59.096  2190  2916 D Netd    : getNetworkForDns: using netid 502 for uid 10032
02-22 20:58:59.101  2190  2916 D EnterpriseController: netId is 0
02-22 20:58:59.101  2190  2916 D Netd    : getNetworkForDns: using netid 502 for uid 10032
02-22 20:58:59.111  2182  2269 I display : [PrimaryDisplay] [DYNAMIC_RECOMP] HWC_2_GLES by low FPS(0)
02-22 20:58:59.111  2190  2916 D EnterpriseController: netId is 0
02-22 20:58:59.111  2190  2916 D Netd    : getNetworkForDns: using netid 502 for uid 10032
02-22 20:58:59.121  2190  2916 D EnterpriseController: netId is 0
02-22 20:58:59.121  2190  2916 D Netd    : getNetworkForDns: using netid 502 for uid 10032
02-22 20:58:59.121  6066  6488 I Finsky  : [474] Enqueuing libraries load for 1738607425
02-22 20:58:59.146  6066  6066 I Finsky  : [1] SettingNotFoundException, fall through to G.downloadBytesOverMobileRecommended
02-22 20:58:59.161  2755  2983 D ActivityManager: The following uid has registered to recieve broadcast for proxy related updates 10032
02-22 20:58:59.186  6468  6468 D CalendarProvider: [CalendarReceiver] acquire wl for android.intent.action.BOOT_COMPLETED
02-22 20:58:59.191  5877  6529 E GooglePlayServicesUtil: The Google Play services resources were not found. Check your project configuration to ensure that the resources are included.
02-22 20:58:59.231  6066  6482 I Finsky  : [469] Starting libraries load for 1738607425
02-22 20:58:59.231  6468  6530 D CalendarProvider: [CalendarReceiver] release wl for android.intent.action.BOOT_COMPLETED
02-22 20:58:59.291  6066  6322 I Finsky  : [456] registerListener
02-22 20:58:59.306  2182  2182 I display : [PrimaryDisplay] [DYNAMIC_RECOMP] GLES_2_HWC by high FPS(5)
02-22 20:58:59.326  6066  6066 I Finsky  : [1] This process start was not selected for Play memory metrics collection.
02-22 20:58:59.391  6066  6322 I Finsky  : [456] DFS: Listener added for sbq@16a547b
02-22 20:58:59.391  6066  6322 I Finsky  : [456] registerListener
02-22 20:58:59.506  6066  6483 W art     : Verification of void aous.<init>(aijl, ahxd) took 114.678ms
02-22 20:58:59.526  3700  3700 D BoundBrokerSvc: onUnbind: Intent { act=com.google.android.gms.clearcut.service.START dat=chimera-action: cmp=com.google.android.gms/.chimera.PersistentDirectBootAwareApiService }
02-22 20:58:59.551  4219  4219 V DownloadManager: onReceive intent + android.intent.action.BOOT_COMPLETED
02-22 20:58:59.556  6066  6066 I Finsky  : [1] onSubscriptionsChanged
02-22 20:58:59.561  2755  2765 I art     : Background partial concurrent mark sweep GC freed 85883(6MB) AllocSpace objects, 17(516KB) LOS objects, 32% free, 32MB/48MB, paused 3.899ms total 296.582ms
02-22 20:58:59.591  2190  2916 D EnterpriseController: netId is 0
02-22 20:58:59.591  2190  2916 D Netd    : getNetworkForDns: using netid 502 for uid 10052
02-22 20:58:59.601  5740  5749 W art     : Suspending all threads took: 14.207ms
02-22 20:58:59.606  2182  2182 I display : [PrimaryDisplay] [DYNAMIC_RECOMP] HWC_2_GLES by low FPS(3)
02-22 20:58:59.631  2755  2768 D SecContentProvider2: query(), uri = 15 selection = getAppBlockDownloadState
02-22 20:58:59.766  4134  4273 W art     : Verification of void org.chromium.net.impl.CronetUrlRequest.onError(int, int, int, int, java.lang.String, long) took 152.585ms
02-22 20:58:59.776  6568  6568 E Zygote  : v2
02-22 20:58:59.776  6568  6568 E Zygote  : isSdpEnabledProcess - SDP enabled
02-22 20:58:59.776  6568  6568 W SELinux : Function: selinux_compare_spd_ram, index[1], priority [2], priority version is VE=SEPF_SECMOBILE_6.0.1_0035
02-22 20:58:59.781  6568  6568 E Zygote  : accessInfo : 64
02-22 20:58:59.781  6568  6568 E Zygote  : isSdpEnabledProcess - SDP enabled
02-22 20:58:59.781  6568  6568 E Zygote  : setSDPgroupsIntarray[pid]: 0 / [gid]: 10035 / [uid]: 10035
02-22 20:58:59.781  6568  6568 W SELinux : SELinux: seapp_context_lookup: seinfo=platform, level=s0:c512,c768, pkgname=com.samsung.android.email.provider 
02-22 20:58:59.796  4219  6551 V DownloadManager: 4 items are completed
02-22 20:58:59.811  6411  6562 I SDCardScannerService: getExternalFilesDirs /storage/emulated/0/Android/data/com.offsec.nethunter.store/files
02-22 20:58:59.811  6411  6562 I SDCardScannerService: getExternalFilesDirs /storage/emulated/0/Android/data/com.offsec.nethunter.store/files
02-22 20:58:59.831  5740  6563 W System.err: mkdir failed: EEXIST (File exists) : /storage/emulated/0/Android/data/com.google.android.apps.maps/testdata
02-22 20:58:59.846  5740  6563 W System.err: mkdir failed: EEXIST (File exists) : /data/user/0/com.google.android.apps.maps/app_/testdata
02-22 20:58:59.886  5740  6558 W art     : Verification of void cop.<init>(aha, android.util.Size) took 129.630ms
02-22 20:58:59.901  6568  6568 D ActivityThread: Added TimaKeyStore provider
02-22 20:58:59.911  6411  6562 I SDCardScannerService: getExternalFilesDirs /storage/56C2-A183/Android/data/com.offsec.nethunter.store/files
02-22 20:58:59.911  6411  6562 I SDCardScannerService: getExternalFilesDirs /storage/56C2-A183/Android/data/com.offsec.nethunter.store/files
02-22 20:58:59.926  5740  6563 W System.err: mkdir failed: EEXIST (File exists) : /storage/emulated/0/Android/data/com.google.android.apps.maps/cache
02-22 20:58:59.991  4686  4686 D BoundBrokerSvc: onBind: Intent { act=com.google.android.gms.safetynet.service.START pkg=com.google.android.gms }
02-22 20:58:59.991  4686  4686 D BoundBrokerSvc: Loading bound service for intent: Intent { act=com.google.android.gms.safetynet.service.START pkg=com.google.android.gms }
02-22 20:58:59.991  6066  6482 I Finsky  : [469] Loaded library for account: [Vs2GIK4vM7I4ZIHvSwsaz6ZSqgEgGY6DE3qL5I3VAJI]
02-22 20:58:59.991  6066  6482 I Finsky  : [469] Finished loading 1 libraries.
02-22 20:59:00.001  3090  3090 D KeyguardUpdateMonitor: received broadcast android.intent.action.TIME_TICK
02-22 20:59:00.001  3090  3090 D KeyguardUpdateMonitor: handleTimeUpdate
02-22 20:59:00.006  3090  3090 D Clock   : received broadcast android.intent.action.TIME_TICK
02-22 20:59:00.051  4134  4273 W art     : Verification of void org.chromium.net.impl.CronetUrlRequest.followRedirect() took 121.843ms
02-22 20:59:00.071  5740  6558 W art     : Verification of void cop.<init>(android.view.View, awd) took 136.255ms
02-22 20:59:00.106  6066  6076 I art     : Note: end time exceeds epoch: 
02-22 20:59:00.131  3090  3090 D DateView: received broadcast android.intent.action.TIME_TICK
02-22 20:59:00.136  2190  2916 D EnterpriseController: netId is 0
02-22 20:59:00.136  2190  2916 D Netd    : getNetworkForDns: using netid 502 for uid 10156
02-22 20:59:00.136  6411  6562 I SDCardScannerService: sdcard files [/storage/56C2-A183/Android, /storage/56C2-A183/.android_secure, /storage/56C2-A183/LOST.DIR, /storage/56C2-A183/20250507]
02-22 20:59:00.166  3586  3586 D [Weather Widget]  WeatherService: {[B73D43639EB27FAA34EF41A6129C1FA74EE523C06D7536E6814BAB417862AF9BA63017AC2C1E20CC004E1F7C09A488FE6E8405EF4D3F04CE1548AAA5BC357D19]}
02-22 20:59:00.171  6066  6075 W art     : Suspending all threads took: 26.412ms
02-22 20:59:00.171  3586  3586 D [Weather Widget]  : {[3AE6950019B083611567B0F9442DB03E46FB6DE766AD55CE2B94B9E5E5C0C8EB]}
02-22 20:59:00.181  3586  3586 D [Weather Widget]  : {[3AE6950019B083611567B0F9442DB03EBE3344DB7EA709231FA889CBE1BA042A320074BE8FD000B75A46F83623A94B345781FFA4E571FCB567CDD3ACBB4B71CA9A8DA816B62AD258F47FED804A81BE3F]}
02-22 20:59:00.186  3586  3586 D [Weather Widget]  : {[A1AF0F6A1A65A89C43D705938923D0FE9D71D1E79F916BF028A9BE05C24DCFF6CD2A051E52B392FDBAA9E734EE75F9A574A91D1B0DBE5E10B706D26B8124A420943FCD338C833202E0C7FEE292B9B3F2BF5CEB258A5576916A086E724DEC73EFCD3BD81A1A4E9C64D5E37B938ADE3521]}
02-22 20:59:00.191  3586  3586 D [Weather Widget]  : {[483B5B7E147A3DD4E13C8EC20B3BDD854E22413F3C9169F664B5925485A18F29]}
02-22 20:59:00.206  3353  3353 V LauncherAppWidgetHostView: calculateWidgetSize: (target widgetsize)  using w/h 780 190 span 6 1 (widgetid 2) [current Gridsize : GRID_4x4]
02-22 20:59:00.216  3353  3353 D LauncherAppWidgetHostView: calculateWidgetSize() widget = Weather and Clock(widget id = 2) result hostview size = 780 x 190
02-22 20:59:00.216  3353  3353 D LauncherAppWidgetHostView: setResizeScaleResult() 780/ 190 scaleToResize = 1.0(widget id = 2)
02-22 20:59:00.226  3353  3353 V LauncherAppWidgetHostView: calculateWidgetSize: (target widgetsize)  using w/h 516 190 span 4 1 (widgetid 4) [current Gridsize : GRID_4x4]
02-22 20:59:00.226  3353  3353 D LauncherAppWidgetHostView: calculateWidgetSize() widget = Search(widget id = 4) result hostview size = 516 x 190
02-22 20:59:00.226  3353  3353 D LauncherAppWidgetHostView: setResizeScaleResult() 516/ 190 scaleToResize = 1.0(widget id = 4)
02-22 20:59:00.321  2182  2182 I display : [PrimaryDisplay] [DYNAMIC_RECOMP] GLES_2_HWC by high FPS(5)
02-22 20:59:00.391  6568  6568 W System  : ClassLoader referenced unknown path: /system/priv-app/SecEmail_M/lib/arm
02-22 20:59:00.391  5740  6558 W art     : Verification of void cop.<init>(rfk, bkfn) took 147.869ms
02-22 20:59:00.466  5740  6564 D libEGL  : eglInitialize EGLDisplay = 0x941903a4
02-22 20:59:00.486  6066  6327 I Finsky  : [457] SysUA: Disable SystemUpdateActivity, because Android is lower than Q
02-22 20:59:00.526  3090  3090 D KeyguardUpdateMonitor: received broadcast android.intent.action.BATTERY_CHANGED
02-22 20:59:00.526  3090  3090 D KeyguardUpdateMonitor: handleBatteryUpdate
02-22 20:59:00.531  2755  3637 D PackageManager: setEnabledSetting : userId = 0 packageName = com.android.vending cmp = com.google.android.finsky.activities.DebugActivity newState = 2 callingPackage = 10032
02-22 20:59:00.536  3468  3468 D BatteryMonitor: new battery level: 100
02-22 20:59:00.541  3688  3688 V HeadsetService: HeadsetService - Received Intent.ACTION_BATTERY_CHANGED
02-22 20:59:00.541  3688  3871 D HeadsetStateMachine: Disconnected process message: 10, size: 0
02-22 20:59:00.551  2755  3640 D PackageManager: setEnabledSetting : userId = 0 packageName = com.android.vending cmp = com.google.android.finsky.systemupdateactivity.SystemUpdateActivity newState = 2 callingPackage = 10032
02-22 20:59:00.556  6066  6482 I Finsky  : [469] SysUA: Set SystemUpdateActivity enabled state to 2
02-22 20:59:00.566  2755  3278 D PackageManager: setEnabledSetting : userId = 0 packageName = com.android.vending cmp = com.google.android.finsky.hibernation.impl.UnhibernateActivity newState = 1 callingPackage = 10032
02-22 20:59:00.571  4636  4636 D NabCoreServices: BatteryExManager - onReceive ACTION_BATTERY_CHANGED SUB/ AC plugged
02-22 20:59:00.571  6066  6482 I Finsky  : [469] Set UnhibernateActivity enabled state to 1
02-22 20:59:00.576  2755  3637 D PackageManager: setEnabledSetting : userId = 0 packageName = com.android.vending cmp = com.google.android.finsky.systemcomponentupdateui.common.SystemComponentUpdateActivity newState = 0 callingPackage = 10032
02-22 20:59:00.591  6066  6482 I Finsky  : [469] SysCUA: Set {com.android.vending/com.google.android.finsky.systemcomponentupdateui.common.SystemComponentUpdateActivity} enabled state to 0
02-22 20:59:00.606  2755  3622 D RCPManagerService: exchangeData() failure , invalid userId
02-22 20:59:00.691  6066  6075 W art     : Suspending all threads took: 17.081ms
02-22 20:59:00.726  2755  3181 D RCPManagerService: exchangeData() failure , invalid userId
02-22 20:59:00.881  5740  6565 W art     : Verification of java.lang.Object alwg.apply(java.lang.Object) took 188.631ms
02-22 20:59:01.016  2182  2269 I display : [PrimaryDisplay] [DYNAMIC_RECOMP] HWC_2_GLES by low FPS(2)
02-22 20:59:01.031  2182  2182 I display : [PrimaryDisplay] [DYNAMIC_RECOMP] GLES_2_HWC by high FPS(5)
02-22 20:59:01.036  3700  4346 E SQLiteLog: (1) no such table: ChangeCounts
02-22 20:59:01.116  5740  6558 W art     : Verification of void cop.ab(sgk, swd) took 196.868ms
02-22 20:59:01.121  6568  6617 D EmailProvider: cached Inbox 1/6
02-22 20:59:01.151  3700  3716 I art     : Background sticky concurrent mark sweep GC freed 50583(3MB) AllocSpace objects, 8(292KB) LOS objects, 10% free, 33MB/37MB, paused 1.916ms total 122.195ms
02-22 20:59:01.186  4134  5966 E GoogleApiManager: Failed to get service from broker. 
02-22 20:59:01.186  4134  5966 E GoogleApiManager: java.lang.SecurityException: Unknown calling package name 'com.google.android.gms'.
02-22 20:59:01.186  4134  5966 E GoogleApiManager: 	at android.os.Parcel.readException(Parcel.java:1620)
02-22 20:59:01.186  4134  5966 E GoogleApiManager: 	at android.os.Parcel.readException(Parcel.java:1573)
02-22 20:59:01.186  4134  5966 E GoogleApiManager: 	at bbfa.a(:com.google.android.gms@260662000@26.06.62 (040300-873027013):36)
