02-22 21:41:48.184  4694  4694 W SELinux : Function: selinux_compare_spd_ram, index[1], priority [2], priority version is VE=SEPF_SECMOBILE_6.0.1_0035
02-22 21:41:48.184  2764  4072 I am_proc_start: [0,4694,10151,com.mayank.rucky,broadcast-2,com.mayank.rucky/.receiver.USBReceiver]
02-22 21:41:48.189  4694  4694 E Zygote  : accessInfo : 0
02-22 21:41:48.189  4694  4694 W SELinux : SELinux: seapp_context_lookup: seinfo=default, level=s0:c512,c768, pkgname=com.mayank.rucky 
02-22 21:41:48.224  4694  4694 D ActivityThread: Added TimaKeyStore provider
02-22 21:41:48.224  3667  4416 W art     : Verification of java.util.Map euii.d(android.content.Intent) took 1.734s
02-22 21:41:48.224  2764  3715 I am_proc_bound: [0,4694,com.mayank.rucky]
02-22 21:41:48.264  2764  2764 W System.err: remove failed: ENOENT (No such file or directory) : /data/system/sync/pending.xml.bak
02-22 21:41:48.269  2764  2764 W System.err: remove failed: ENOENT (No such file or directory) : /data/system/sync/pending.xml.bak
02-22 21:41:48.279  2764  2764 W System.err: remove failed: ENOENT (No such file or directory) : /data/system/sync/pending.xml.bak
02-22 21:41:48.294  3092  3092 D KeyguardUpdateMonitor: received broadcast android.intent.action.BATTERY_CHANGED
02-22 21:41:48.294  3092  3092 D KeyguardUpdateMonitor: handleBatteryUpdate
02-22 21:41:48.304  3433  3433 D BatteryMonitor: new battery level: 100
02-22 21:41:48.304  3653  3653 V HeadsetService: HeadsetService - Received Intent.ACTION_BATTERY_CHANGED
02-22 21:41:48.304  3653  3839 D HeadsetStateMachine: Disconnected process message: 10, size: 0
02-22 21:41:48.314  2764  2764 D ConnectivityService: ACTION_USER_STARTING intent is recieved in connectivityserice whose user id is 0
02-22 21:41:48.314  2764  2764 D ConnectivityService: onUserStart for userid 0
02-22 21:41:48.319  4694  4694 W System  : ClassLoader referenced unknown path: /data/app/com.mayank.rucky-1/lib/arm
02-22 21:41:48.349  2182  2182 I display : [PrimaryDisplay] [DYNAMIC_RECOMP] HWC_2_GLES by low FPS(4)
02-22 21:41:48.369  4706  4706 E Zygote  : v2
02-22 21:41:48.369  4706  4706 W SELinux : Function: selinux_compare_spd_ram, index[1], priority [2], priority version is VE=SEPF_SECMOBILE_6.0.1_0035
02-22 21:41:48.369  2764  3742 I am_proc_start: [0,4706,10049,com.sec.app.TransmitPowerService,broadcast-3,com.sec.app.TransmitPowerService/.DeviceStateReceiver]
02-22 21:41:48.374  4706  4706 E Zygote  : accessInfo : 0
02-22 21:41:48.374  4706  4706 W SELinux : SELinux: seapp_context_lookup: seinfo=platform, level=s0:c512,c768, pkgname=com.sec.app.TransmitPowerService 
02-22 21:41:48.434  2764  2764 I power_partial_wake_state: [1,*job*/com.google.android.apps.chromecast.app/com.google.android.libraries.notifications.entrypoints.scheduled.ScheduledTaskService]
02-22 21:41:48.439  4706  4706 D ActivityThread: Added TimaKeyStore provider
02-22 21:41:48.439  4694  4694 W ProcessManager: waitpid on failed exec failed: No child processes
02-22 21:41:48.444  4694  4694 W System.err: java.io.IOException: Error running exec(). Command: [su] Working Directory: null Environment: null
02-22 21:41:48.444  4694  4694 W System.err: 	at java.lang.ProcessManager.exec(ProcessManager.java:211)
02-22 21:41:48.444  4694  4694 W System.err: 	at java.lang.Runtime.exec(Runtime.java:174)
02-22 21:41:48.444  4694  4694 W System.err: 	at java.lang.Runtime.exec(Runtime.java:247)
02-22 21:41:48.444  4694  4694 W System.err: 	at java.lang.Runtime.exec(Runtime.java:190)
02-22 21:41:48.444  4694  4694 W System.err: 	at com.mayank.rucky.receiver.USBReceiver.a()
02-22 21:41:48.444  4694  4694 W System.err: 	at com.mayank.rucky.receiver.USBReceiver.onReceive()
02-22 21:41:48.444  4694  4694 W System.err: 	at android.app.ActivityThread.handleReceiver(ActivityThread.java:3636)
02-22 21:41:48.444  4694  4694 W System.err: 	at android.app.ActivityThread.access$2000(ActivityThread.java:222)
02-22 21:41:48.444  4694  4694 W System.err: 	at android.app.ActivityThread$H.handleMessage(ActivityThread.java:1878)
02-22 21:41:48.444  4694  4694 W System.err: 	at android.os.Handler.dispatchMessage(Handler.java:102)
02-22 21:41:48.444  4694  4694 W System.err: 	at android.os.Looper.loop(Looper.java:158)
02-22 21:41:48.444  4694  4694 W System.err: 	at android.app.ActivityThread.main(ActivityThread.java:7230)
02-22 21:41:48.444  4694  4694 W System.err: 	at java.lang.reflect.Method.invoke(Native Method)
02-22 21:41:48.444  4694  4694 W System.err: 	at com.android.internal.os.ZygoteInit$MethodAndArgsCaller.run(ZygoteInit.java:1230)
02-22 21:41:48.444  4694  4694 W System.err: 	at com.android.internal.os.ZygoteInit.main(ZygoteInit.java:1120)
02-22 21:41:48.444  4694  4694 W System.err: Caused by: java.io.IOException: Permission denied
02-22 21:41:48.444  4694  4694 W System.err: 	at java.lang.ProcessManager.exec(Native Method)
02-22 21:41:48.444  4694  4694 W System.err: 	at java.lang.ProcessManager.exec(ProcessManager.java:209)
02-22 21:41:48.444  4694  4694 W System.err: 	... 14 more
02-22 21:41:48.444  2764  3748 I am_proc_bound: [0,4706,com.sec.app.TransmitPowerService]
02-22 21:41:48.464  2764  3689 E SdpServiceKeeper: isLicensed {pid:3447 uid:10114 userid:0 doPkg:null}
02-22 21:41:48.464  2764  3689 E SdpServiceKeeper: White listed. Skip license activation
02-22 21:41:48.479  3447  3447 E SdpStateChangedReceiver: com.sec.enterprise.knox.sdp.exception.SdpEngineNotExistsException
02-22 21:41:48.489  4706  4706 W System  : ClassLoader referenced unknown path: /system/priv-app/TransmitPowerService/lib/arm
02-22 21:41:48.499  4706  4706 I DeviceStateReceiver: onReceive
02-22 21:41:48.499  4706  4706 V DeviceStateReceiver: beginStartingService
02-22 21:41:48.509  3321  3321 W System  : ClassLoader referenced unknown path: /system/priv-app/CSC/lib/arm
02-22 21:41:48.514  4706  4706 V RequestService: Creating TransmitPowerService
02-22 21:41:48.529  4725  4725 E Zygote  : v2
02-22 21:41:48.529  4725  4725 W SELinux : Function: selinux_compare_spd_ram, index[1], priority [2], priority version is VE=SEPF_SECMOBILE_6.0.1_0035
02-22 21:41:48.534  2764  3695 I am_proc_start: [0,4725,1000,com.sec.knox.switcher,broadcast-3,com.sec.knox.switcher/.knoxusage.KnoxUsageReceiver]
02-22 21:41:48.539  4725  4725 E Zygote  : accessInfo : 0
02-22 21:41:48.539  3321  3321 E CscReceiver: onReceive android.intent.action.internal_sim_state_changed
02-22 21:41:48.539  3321  3321 D CscReceiver: Recieve Sim State Changed : LOCKED
02-22 21:41:48.549  3683  3683 D ATTAPNWidget: Boot Action received
02-22 21:41:48.549  4706  4706 V RequestService: Starting #1: Bundle[mParcelledData.dataSize=44]
02-22 21:41:48.554  3667  4358 W art     : Verification of java.lang.Object ehfy.lK() took 321.263ms
02-22 21:41:48.559  3667  4665 I TrustedTime: Executing one-off network time update task from network callback. [CONTEXT service_id=326 ]
02-22 21:41:48.559  3667  4665 D ConnectivityManager: unregisterNetworkCallback; CallingUid : 10008, CallingPid : 3667
02-22 21:41:48.589  3667  4411 I TrustedTime: TrustedTimeStateMachine onRunOneOffNetworkTimeUpdateTask() [CONTEXT service_id=326 ]
02-22 21:41:48.594  4706  4724 V RequestService: Handling incoming message: { when=-7ms what=0 arg1=1 obj=Intent { act=com.samsung.server.BatteryService.action.SEC_BATTERY_EVENT flg=0x24000010 cmp=com.sec.app.TransmitPowerService/.RequestService bqHint=4 (has extras) } target=com.sec.app.TransmitPowerService.RequestService$ServiceHandler }
02-22 21:41:48.604  4047  4152 I FirebaseApp: Device unlocked: initializing all Firebase APIs for app [DEFAULT]
02-22 21:41:48.634  4194  4194 D UDSReceiver: onReceive : android.intent.action.SIM_STATE_CHANGED
02-22 21:41:48.634  4194  4194 I UDSUtils: disableUDSPackageComponents
02-22 21:41:48.639  4725  4725 D ActivityThread: Added TimaKeyStore provider
02-22 21:41:48.639  4194  4194 W System.err: android.content.pm.PackageManager$NameNotFoundException: com.samsung.android.sm.ui.uds
02-22 21:41:48.644  2764  3348 I am_proc_bound: [0,4725,com.sec.knox.switcher]
02-22 21:41:48.649  4194  4194 W System.err: 	at android.app.ApplicationPackageManager.getPackageInfo(ApplicationPackageManager.java:223)
02-22 21:41:48.649  4194  4194 W System.err: 	at com.samsung.android.sm.ui.uds.av.F(UDSUtils.java:646)
02-22 21:41:48.649  4194  4194 W System.err: 	at com.samsung.android.sm.ui.uds.UDSReceiver.onReceive(UDSReceiver.java:52)
02-22 21:41:48.649  4194  4194 W System.err: 	at android.app.ActivityThread.handleReceiver(ActivityThread.java:3636)
02-22 21:41:48.649  4194  4194 W System.err: 	at android.app.ActivityThread.access$2000(ActivityThread.java:222)
02-22 21:41:48.649  4194  4194 W System.err: 	at android.app.ActivityThread$H.handleMessage(ActivityThread.java:1878)
02-22 21:41:48.649  4194  4194 W System.err: 	at android.os.Handler.dispatchMessage(Handler.java:102)
02-22 21:41:48.649  4194  4194 W System.err: 	at android.os.Looper.loop(Looper.java:158)
02-22 21:41:48.649  4194  4194 W System.err: 	at android.app.ActivityThread.main(ActivityThread.java:7230)
02-22 21:41:48.649  4194  4194 W System.err: 	at java.lang.reflect.Method.invoke(Native Method)
02-22 21:41:48.649  4194  4194 W System.err: 	at com.android.internal.os.ZygoteInit$MethodAndArgsCaller.run(ZygoteInit.java:1230)
02-22 21:41:48.649  4194  4194 W System.err: 	at com.android.internal.os.ZygoteInit.main(ZygoteInit.java:1120)
02-22 21:41:48.679  3092  3092 I SystemUI_WifiApBroadcastReceiver: onReceive: action android.intent.action.SIM_STATE_CHANGED
02-22 21:41:48.684  3321  3321 D BootupListener: onReceive : android.intent.action.SIM_STATE_CHANGED
02-22 21:41:48.689  3321  3321 D CII     : CommonIMSInterface: enter isServiceAvailable. token:TOKEN_SERVICE_CALLcheckDisabledServiceAlso [true]
02-22 21:41:48.689  3321  3321 D SubscriptionController: getSimStateForSlotIdx:  simState=NETWORK_LOCKED ordinal=4
02-22 21:41:48.689  3321  3321 D SubscriptionManager: getSimStateForSlotIdx: simState=4 slotIdx=0
02-22 21:41:48.694  3433  3449 D ImsSettingsProvider: query Uri: content://com.sec.ims.settings/imsswitch/volte
02-22 21:41:48.694  3433  3449 D ImsSettingsProvider: match 11
02-22 21:41:48.694  3433  3449 V ImsSettingsProvider: query Uri[content://com.sec.ims.settings/imsswitch/volte], selection [null]
02-22 21:41:48.694  3433  3449 D ImsSettingsProvider: queryImsSwitch: name volte
02-22 21:41:48.699  3321  4000 I MultiSimManager: return subId: 4
02-22 21:41:48.709  2764  2818 I am_pss  : [3644,1000,com.samsung.ucs.ucspinpad,844800,303104]
02-22 21:41:48.714  3321  3321 D CommonIMSInterface: isVoLteEnabled: volte 1
02-22 21:41:48.719  3321  3321 D CII     : CommonIMSInterface: isServiceAvailable. token:TOKEN_SERVICE_CALL available:true
02-22 21:41:48.719  3321  3321 D PhoneUtilsCommon: isSupportVoLTE is true.
02-22 21:41:48.754  3667  4460 W art     : Verification of void cwiq.a(android.content.Context, android.bluetooth.BluetoothDevice, int, byte[]) took 138.039ms
02-22 21:41:48.754  3321  4000 D RILJ    : [0043]> SET_TRANSMIT_POWER 1024 [SUB0]
02-22 21:41:48.779  3667  4411 W art     : Verification of android.app.slice.Slice$Builder ajm$$ExternalSyntheticApiModelOutline0.m(android.app.slice.Slice$Builder, android.app.PendingIntent, android.app.slice.Slice, java.lang.String) took 111.557ms
02-22 21:41:48.789  2764  3715 I power_partial_wake_state: [1,RILJ0]
02-22 21:41:48.799  3321  3561 D RILJ    : [0043]< SET_TRANSMIT_POWER  [SUB0]
02-22 21:41:48.804  4706  4724 V DeviceStateReceiver: finishStartingService
02-22 21:41:48.809  3667  4326 W art     : Verification of void vqi.<clinit>() took 105.835ms
02-22 21:41:48.854  2764  3024 I power_partial_wake_state: [0,RILJ0]
02-22 21:41:48.859  4706  4706 V RequestService: Destroying TransmitPowerService
02-22 21:41:48.874  3667  4460 W art     : Verification of void cwkd.a(android.content.Context, android.bluetooth.BluetoothDevice, int, byte[]) took 118.300ms
02-22 21:41:48.904  4230  4230 I DBG_WSS_DM: [2.2.42][Line:153][onReceive] Need to receive Intent count for Application:0
02-22 21:41:48.904  4230  4230 I DBG_WSS_DM: [2.2.42][Line:212][onReceive] WSSAPP_BRAODCAST_SIM_STATE_CHANGED : szSIMState [LOCKED]
02-22 21:41:48.909  4725  4725 W System  : ClassLoader referenced unknown path: /system/app/KnoxSwitcher/lib/arm
02-22 21:41:48.924  4047  4226 I BugleNetwork: FirebaseRegistrationStartupTask: Enabling Firebase component
02-22 21:41:48.939  2764  2818 I am_pss  : [3388,1000,com.samsung.ucs.agent.boot,616448,73728]
02-22 21:41:48.999  4251  4251 D StatusChecker: onReceive : android.intent.action.SIM_STATE_CHANGED
02-22 21:41:48.999  4251  4251 D StatusChecker: onReceive : SIMChangeAlertOption disabled return
02-22 21:41:49.004  3667  4460 W art     : Verification of void cwja.l(android.bluetooth.BluetoothDevice) took 103.077ms
02-22 21:41:49.014  2764  3306 D PackageManager: setEnabledSetting : userId = 0 packageName = com.google.android.apps.messaging cmp = com.google.android.apps.messaging.shared.fcm.impl.BugleFirebaseMessagingService newState = 1 callingPackage = 10156
02-22 21:41:49.039  2764  2818 I am_pss  : [3375,10043,com.sec.smartcard.manager,812032,237568]
02-22 21:41:49.044  3447  3447 E OperatorBookmarksSIMReceiver: onReceive runs..android.intent.action.SIM_STATE_CHANGED
02-22 21:41:49.044  4725  4725 D KnoxUsageDB: getInstance - KnoxUsageDBHelper
02-22 21:41:49.044  4725  4725 D KnoxUsageDB: null == mDbHelperInstance - KnoxUsageDBHelper
02-22 21:41:49.089  3667  4411 W art     : Verification of android.app.slice.SliceItem ajm$$ExternalSyntheticApiModelOutline0.m(java.lang.Object) took 216.223ms
02-22 21:41:49.089  4047  4226 D TelephonyManager: getTopPackageName = com.sec.android.app.launcher
02-22 21:41:49.094  4725  4725 I usagelog: received in receiver
02-22 21:41:49.094  4725  4725 I KnoxUsageLogPro: KnoxUsageReceiver onReceive :android.intent.action.ACTION_POWER_CONNECTED myUserId=0
02-22 21:41:49.119  3667  4383 I AlarmManager: set [name: SystemMemoryCache type: 2 triggerAtMillis: 315360192975 windowMillis: -1 intervalMillis: 0]
02-22 21:41:49.139  3667  3667 D BoundBrokerSvc: onBind: Intent { act=com.google.android.gms.pseudonymous.service.START dat=chimera-action: cmp=com.google.android.gms/.chimera.PersistentApiService }
02-22 21:41:49.139  3667  3667 D BoundBrokerSvc: Loading bound service for intent: Intent { act=com.google.android.gms.pseudonymous.service.START dat=chimera-action: cmp=com.google.android.gms/.chimera.PersistentApiService }
02-22 21:41:49.144  3667  4460 I NearbyDiscovery: (REDACTED) FastPairController: initializeProfileConnectionState: %s
02-22 21:41:49.154  4725  4725 I KnoxUsageLogPro: premStatus:2
02-22 21:41:49.179  4725  4725 I KnoxUsageLogPro: isEulaShown : false
02-22 21:41:49.179  4725  4725 I KnoxUsageLogPro: KnoxUsageReceiver onReceive : not Processible, just return
02-22 21:41:49.224  3321  3333 D GsmSST  : SST.getAllCellInfo(): CallingUid = 10008, CallingPid = 3667
02-22 21:41:49.224  3321  3333 D RILJ    : [0044]> RIL_REQUEST_GET_CELL_INFO_LIST [SUB0]
02-22 21:41:49.244  2764  3715 I power_partial_wake_state: [1,RILJ0]
02-22 21:41:49.249  3667  4411 W art     : Verification of android.graphics.Bitmap ajm$$ExternalSyntheticApiModelOutline0.m(android.graphics.Picture, int, int, android.graphics.Bitmap$Config) took 124.668ms
02-22 21:41:49.254  3321  3561 D RILJ    : [0044]< RIL_REQUEST_GET_CELL_INFO_LIST  [SUB0]
02-22 21:41:49.254  2764  3744 I power_partial_wake_state: [0,RILJ0]
02-22 21:41:49.269  3667  4460 W art     : Verification of void cxlc.run() took 124.176ms
02-22 21:41:49.279  2764  2818 I am_pss  : [3305,1000,com.sec.android.emergencymode.service,1522688,950272]
02-22 21:41:49.289  3667  4355 I NearbyDiscovery: (REDACTED) FastPairController: checkProfileConnectionStateInternalV2: %s
02-22 21:41:49.299  3667  4311 W art     : Verification of void abbt.h(java.lang.String) took 171.448ms
02-22 21:41:49.304  3667  4326 W art     : Verification of java.lang.Object efnd.ja(int, java.lang.Object) took 105.339ms
02-22 21:41:49.314  3667  4355 I NearbyShared: (REDACTED) BTConnStateMgr: tryReconnectProxy called but proxy is not connected, try reconnect and wait, profile=%s
02-22 21:41:49.319  3667  4383 W art     : Verification of java.lang.String drbt.l(java.lang.String) took 145.557ms
02-22 21:41:49.329  3667  4359 W ResourceType: ResTable_typeSpec entry count inconsistent: given 738, previously 1385
02-22 21:41:49.339  3667  4359 W ResourceType: ResTable_typeSpec entry count inconsistent: given 1451, previously 1481
02-22 21:41:49.339  3667  4359 W ResourceType: ResTable_typeSpec entry count inconsistent: given 336, previously 1924
02-22 21:41:49.359  3667  4355 E BluetoothHeadset: BTStateChangeCB is registed
02-22 21:41:49.404  2764  3749 I power_partial_wake_state: [0,NlpWakeLock]
02-22 21:41:49.414  3667  3667 D BoundBrokerSvc: onBind: Intent { act=com.google.android.gms.semanticlocation.service.START_ODLH pkg=com.google.android.gms }
02-22 21:41:49.414  3667  3667 D BoundBrokerSvc: Loading bound service for intent: Intent { act=com.google.android.gms.semanticlocation.service.START_ODLH pkg=com.google.android.gms }
02-22 21:41:49.419  2764  3742 I power_partial_wake_state: [1,NlpWakeLock]
02-22 21:41:49.434  2764  3715 I power_partial_wake_state: [1,NlpWakeLock]
02-22 21:41:49.444  3667  3667 D BoundBrokerSvc: onBind: Intent { act=com.google.android.gms.auth.account.workaccount.START dat=chimera-action: cmp=com.google.android.gms/.chimera.PersistentApiService }
02-22 21:41:49.444  3667  3667 D BoundBrokerSvc: Loading bound service for intent: Intent { act=com.google.android.gms.auth.account.workaccount.START dat=chimera-action: cmp=com.google.android.gms/.chimera.PersistentApiService }
02-22 21:41:49.449  3667  4411 W art     : Verification of android.hardware.biometrics.BiometricPrompt$Builder ajm$$ExternalSyntheticApiModelOutline0.m(android.hardware.biometrics.BiometricPrompt$Builder, java.lang.CharSequence) took 108.684ms
02-22 21:41:49.469  3667  3667 D BoundBrokerSvc: onBind: Intent { act=com.google.android.gms.common.telemetry.service.START dat=chimera-action: cmp=com.google.android.gms/.chimera.PersistentApiService }
02-22 21:41:49.469  3667  3667 D BoundBrokerSvc: Loading bound service for intent: Intent { act=com.google.android.gms.common.telemetry.service.START dat=chimera-action: cmp=com.google.android.gms/.chimera.PersistentApiService }
02-22 21:41:49.494  2764  3346 I power_partial_wake_state: [0,NlpWakeLock]
02-22 21:41:49.499  2764  3715 I power_partial_wake_state: [0,NlpWakeLock]
02-22 21:41:49.514  3667  4416 W art     : Verification of void eulb.<init>(android.content.Context, euis, euly, eulw, eulx, cnsf, euie, euii, eukp, eulu, eumm, euib, euip, cnrl, euio) took 104.042ms
02-22 21:41:49.534  3667  4383 W art     : Verification of void drbt.r(com.google.android.gms.semanticlocation.subscriptions.Subscription, boolean, com.google.android.gms.semanticlocation.SemanticLocationState, long, com.google.android.gms.semanticlocation.DebugData, com.google.android.gms.semanticlocation.RecentLocations) took 178.051ms
02-22 21:41:49.534  2764  2818 I am_pss  : [3244,10050,com.google.android.googlequicksearchbox:interactor,41767936,17387520]
02-22 21:41:49.549  3667  3667 I NearbyShared: (REDACTED) BTConnStateMgr: onServiceConnected with profile %d.
02-22 21:41:49.549  3667  3667 I NearbyShared: (REDACTED) BTConnStateMgr: tryReconnectProxy reconnect profile %d successful. Latency=%dms
02-22 21:41:49.574  4694  4694 D AndroidRuntime: Shutting down VM
02-22 21:41:49.574  4694  4694 E AndroidRuntime: FATAL EXCEPTION: main
02-22 21:41:49.574  4694  4694 E AndroidRuntime: Process: com.mayank.rucky, PID: 4694
02-22 21:41:49.574  4694  4694 E AndroidRuntime: java.lang.RuntimeException: Unable to start receiver com.mayank.rucky.receiver.USBReceiver: java.lang.NullPointerException: Attempt to invoke virtual method 'void android.app.NotificationManager.notify(int, android.app.Notification)' on a null object reference
02-22 21:41:49.574  4694  4694 E AndroidRuntime: 	at android.app.ActivityThread.handleReceiver(ActivityThread.java:3643)
02-22 21:41:49.574  4694  4694 E AndroidRuntime: 	at android.app.ActivityThread.access$2000(ActivityThread.java:222)
02-22 21:41:49.574  4694  4694 E AndroidRuntime: 	at android.app.ActivityThread$H.handleMessage(ActivityThread.java:1878)
02-22 21:41:49.574  4694  4694 E AndroidRuntime: 	at android.os.Handler.dispatchMessage(Handler.java:102)
02-22 21:41:49.574  4694  4694 E AndroidRuntime: 	at android.os.Looper.loop(Looper.java:158)
02-22 21:41:49.574  4694  4694 E AndroidRuntime: 	at android.app.ActivityThread.main(ActivityThread.java:7230)
02-22 21:41:49.574  4694  4694 E AndroidRuntime: 	at java.lang.reflect.Method.invoke(Native Method)
02-22 21:41:49.574  4694  4694 E AndroidRuntime: 	at com.android.internal.os.ZygoteInit$MethodAndArgsCaller.run(ZygoteInit.java:1230)
02-22 21:41:49.574  4694  4694 E AndroidRuntime: 	at com.android.internal.os.ZygoteInit.main(ZygoteInit.java:1120)
02-22 21:41:49.574  4694  4694 E AndroidRuntime: Caused by: java.lang.NullPointerException: Attempt to invoke virtual method 'void android.app.NotificationManager.notify(int, android.app.Notification)' on a null object reference
02-22 21:41:49.574  4694  4694 E AndroidRuntime: 	at com.mayank.rucky.activity.EditorActivity.I()
02-22 21:41:49.574  4694  4694 E AndroidRuntime: 	at com.mayank.rucky.activity.EditorActivity.v0()
02-22 21:41:49.574  4694  4694 E AndroidRuntime: 	at com.mayank.rucky.activity.EditorActivity.w0()
02-22 21:41:49.574  4694  4694 E AndroidRuntime: 	at com.mayank.rucky.receiver.USBReceiver.onReceive()
02-22 21:41:49.574  4694  4694 E AndroidRuntime: 	at android.app.ActivityThread.handleReceiver(ActivityThread.java:3636)
02-22 21:41:49.574  4694  4694 E AndroidRuntime: 	... 8 more
02-22 21:41:49.594  3667  4355 I NearbyShared: (REDACTED) BTConnStateMgr: tryReconnectProxy called but proxy is not connected, try reconnect and wait, profile=%s
02-22 21:41:49.599  2764  2818 I am_pss  : [3158,10047,com.android.systemui.recents,8922112,5898240]
02-22 21:41:49.609  2764  3715 I am_crash: [4694,0,com.mayank.rucky,685260356,java.lang.NullPointerException,Attempt to invoke virtual method 'void android.app.NotificationManager.notify(int, android.app.Notification)' on a null object reference,,-1]
02-22 21:41:49.649  2764  4750 E android.os.Debug: ro.product_ship = true
02-22 21:41:49.649  2764  4750 E android.os.Debug: ro.debug_level = 0x4f4c
02-22 21:41:49.649  2764  4750 E android.os.Debug: sys.mobilecare.preload = false
02-22 21:41:49.674  3667  3725 W art     : Verification of java.lang.Object ceqt.a(java.lang.Object) took 135.743ms
02-22 21:41:49.679  3667  4450 W art     : Verification of void bcar.d(android.content.Context) took 126.700ms
02-22 21:41:49.684  3667  4383 W art     : Verification of void drbt.c(com.google.android.gms.semanticlocation.subscriptions.Subscription) took 101.210ms
02-22 21:41:49.684  3116  3116 D VolumeInfo: VolumeInfo from Parcel: id private ,type 1 ,disk null
02-22 21:41:49.689  3116  3116 D VolumeInfo: VolumeInfo from Parcel: id public:179,33 ,type 0 ,disk DiskInfo{disk:179,32}:
02-22 21:41:49.689  3116  3116 D VolumeInfo:     flags=SD size=63281561600 label= 
02-22 21:41:49.689  3116  3116 D VolumeInfo:     sysPath=/sys//devices/13560000.dwmmc2/mmc_host/mmc2/mmc2:59b4/block/mmcblk1 
02-22 21:41:49.689  3116  3116 D VolumeInfo: 
02-22 21:41:49.689  3116  3116 D VolumeInfo: VolumeInfo from Parcel: id emulated ,type 2 ,disk null
02-22 21:41:49.689  3116  3116 D VolumeInfo: VolumeInfo from Parcel: id privatemode ,type 0 ,disk null
02-22 21:41:49.694  3116  3116 D ExternalStorage: After updating volumes, found 2 active roots
02-22 21:41:49.699  2764  2825 D ViewRootImpl: #1 mView = com.android.internal.policy.PhoneWindow$DecorView{a964d2a V.E...... R.....I. 0,0-0,0}
02-22 21:41:49.704  3667  4311 W art     : Verification of java.lang.Object fich.ja(int, java.lang.Object) took 163.691ms
02-22 21:41:49.709  2764  2825 D InputDispatcher: Focus left window: 3321
02-22 21:41:49.709  2764  2825 D InputDispatcher: Focus entered window: 2764
02-22 21:41:49.709  2764  2850 D PointerIcon: setMouseIconStyle1 pointerType: 1001 iconType:101 flag:0 pid:2764 uid:1000
02-22 21:41:49.709  2764  2850 D PointerIcon: setMouseCustomIcon IconType is same.101
02-22 21:41:49.719  3667  4326 W art     : Verification of void grvg.<clinit>() took 153.026ms
02-22 21:41:49.724  2764  2818 I am_pss  : [4047,10156,com.google.android.apps.messaging,85794816,84434944]
02-22 21:41:49.734  3667  4355 D BluetoothA2dp: doBind(): CallingUid(myUserHandle) = 0
02-22 21:41:49.744  2182  2182 I SurfaceFlinger: id=13 createSurf (65x65),1 flag=4, sucky
02-22 21:41:49.749  3667  3667 D BluetoothA2dp: Proxy object connected
02-22 21:41:49.759  2182  2182 I display : [PrimaryDisplay] [DYNAMIC_RECOMP] GLES_2_HWC by high FPS(6)
02-22 21:41:49.769  2764  2984 D libEGL  : eglInitialize EGLDisplay = 0x9a1227cc
02-22 21:41:49.769  2764  2984 I OpenGLRenderer: Initialized EGL, version 1.4
02-22 21:41:49.774  2764  2984 D mali_winsys: new_window_surface returns 0x3000,  [745x299]-format:1
02-22 21:41:49.779  3092  3092 D PhoneStatusBar: setSystemUiVisibility vis=8000 mask=ffffffff oldVal=8600 newVal=8000 diff=600
02-22 21:41:49.829  3116  3116 D VolumeInfo: VolumeInfo from Parcel: id private ,type 1 ,disk null
02-22 21:41:49.834  3116  3116 D VolumeInfo: VolumeInfo from Parcel: id public:179,33 ,type 0 ,disk DiskInfo{disk:179,32}:
02-22 21:41:49.834  3116  3116 D VolumeInfo:     flags=SD size=63281561600 label= 
02-22 21:41:49.834  3116  3116 D VolumeInfo:     sysPath=/sys//devices/13560000.dwmmc2/mmc_host/mmc2/mmc2:59b4/block/mmcblk1 
02-22 21:41:49.834  3116  3116 D VolumeInfo: 
02-22 21:41:49.834  2764  2825 V WindowStateAnimator: Finishing drawing window Window{e8100b8 u0 d0 Application Error: com.mayank.rucky}: mDrawState=DRAW_PENDING
02-22 21:41:49.834  3116  3116 D VolumeInfo: VolumeInfo from Parcel: id emulated ,type 2 ,disk null
02-22 21:41:49.834  3116  3116 D VolumeInfo: VolumeInfo from Parcel: id privatemode ,type 0 ,disk null
02-22 21:41:49.844  2182  2182 D libEGL  : eglInitialize EGLDisplay = 0xbef803fc
02-22 21:41:49.844  2764  2825 D ViewRootImpl: MSG_RESIZED_REPORT: ci=Rect(0, 0 - 0, 0) vi=Rect(0, 0 - 0, 0) or=1
02-22 21:41:49.849  3667  4557 W art     : Verification of void dreq.d(com.google.android.gms.semanticlocation.internal.SemanticLocationParameters, bajz, android.app.PendingIntent, com.google.android.gms.common.api.ApiMetadata) took 114.369ms
02-22 21:41:49.854  3116  3116 D ExternalStorage: After updating volumes, found 2 active roots
02-22 21:41:49.859  2764  2825 V WindowStateAnimator: Finishing drawing window Window{e8100b8 u0 d0 Application Error: com.mayank.rucky}: mDrawState=HAS_DRAWN
02-22 21:41:49.859  3667  3667 I NearbyShared: (REDACTED) BTConnStateMgr: onServiceConnected with profile %d.
02-22 21:41:49.859  2182  2182 D libEGL  : eglInitialize EGLDisplay = 0xbef803fc
02-22 21:41:49.859  3667  3667 I NearbyShared: (REDACTED) BTConnStateMgr: tryReconnectProxy reconnect profile %d successful. Latency=%dms
02-22 21:41:49.864  2764  2818 I am_pss  : [3603,10050,com.google.android.googlequicksearchbox:search,76675072,50409472]
02-22 21:41:49.874  3667  4326 W art     : Verification of java.lang.Object grvg.ja(int, java.lang.Object) took 154.805ms
02-22 21:41:49.894  2764  3744 I power_partial_wake_state: [0,IntentOp:.findmydevice.spot.locationreporting.LocationManagerModeChangeListenerIntentOperation]
02-22 21:41:49.904  2764  3695 D PackageManager: setEnabledSetting : userId = 0 packageName = com.google.android.apps.messaging cmp = androidx.work.impl.background.systemjob.SystemJobService newState = 1 callingPackage = 10156
02-22 21:41:49.909  3667  4383 W art     : Verification of void drbt.f(android.accounts.Account, java.lang.String, java.lang.String, android.app.PendingIntent) took 117.400ms
02-22 21:41:49.914  2764  2778 I am_proc_start: [0,4755,5004,com.samsung.cmh:CMH,broadcast-3,com.samsung.cmh/.core.SystemBroadcastReceiver$CMHBroadcastReceiver]
02-22 21:41:49.919  4755  4755 E Zygote  : v2
02-22 21:41:49.919  4755  4755 W SELinux : Function: selinux_compare_spd_ram, index[1], priority [2], priority version is VE=SEPF_SECMOBILE_6.0.1_0035
02-22 21:41:49.924  4755  4755 E Zygote  : accessInfo : 0
02-22 21:41:49.924  4755  4755 W SELinux : SELinux: seapp_context_lookup: seinfo=platform, level=s0:c512,c768, pkgname=com.samsung.cmh:CMH 
02-22 21:41:49.959  3653  3669 D A2dpStateMachine: getConnectedDevices : size=0
02-22 21:41:49.959  3667  4450 W art     : Verification of boolean bcar.k(android.content.Context) took 245.574ms
02-22 21:41:49.984  3667  4411 W art     : Verification of android.hardware.biometrics.BiometricPrompt$CryptoObject ajm$$ExternalSyntheticApiModelOutline0.m(android.hardware.biometrics.BiometricPrompt$AuthenticationResult) took 458.559ms
02-22 21:41:50.009  4755  4755 D ActivityThread: Added TimaKeyStore provider
02-22 21:41:50.034  2764  3306 I am_proc_bound: [0,4755,com.samsung.cmh:CMH]
02-22 21:41:50.039  3667  4383 W art     : Verification of boolean drbt.h(android.accounts.Account, java.lang.String) took 108.437ms
02-22 21:41:50.119  4755  4755 W System  : ClassLoader referenced unknown path: /system/priv-app/CMHProvider/lib/arm
02-22 21:41:50.139  3667  4326 W art     : Verification of void qpo.c(android.webkit.WebView, java.lang.String, java.util.Set, qpn) took 231.597ms
02-22 21:41:50.194  4755  4755 I CMHProvider: [#CMH#] onCreate 
02-22 21:41:50.199  4755  4755 I DatabaseManager: [#CMH#] DatabaseManager ctor 
02-22 21:41:50.219  4755  4755 I CMHApplication: [#CMH#] CMH started with context  com.samsung.cmh.core.CMHApplication@b98f357
02-22 21:41:50.219  4755  4755 I DatabaseManager: [#CMH#] setContext 
02-22 21:41:50.239  4755  4755 I Controller: [#CMH#] Controller Ctor 
02-22 21:41:50.239  4755  4755 I Controller: [#CMH#] setContext =  com.samsung.cmh.core.CMHApplication@b98f357
02-22 21:41:50.239  4755  4755 I PermissionNotification: [#CMH#] show_permission_notification. 
02-22 21:41:50.239  4755  4755 I PermissionNotification: [#CMH#] permission Size : 2 
02-22 21:41:50.244  4047  4226 W art     : Verification of void androidx.work.impl.utils.ForceStopRunnable.run() took 129.193ms
02-22 21:41:50.249  4755  4755 I PermissionNotification: [#CMH#] STORAGE PERMISSION ALREADY GRANTED 
02-22 21:41:50.249  4755  4755 I PermissionNotification: [#CMH#] SMS PERMISSION ALREADY GRANTED 
02-22 21:41:50.249  4755  4755 I PermissionNotification: [#CMH#] NO PERMISSION NEEDED 
02-22 21:41:50.254  4755  4755 I Controller: [#CMH#] setDBManager =  com.samsung.cmh.database.DatabaseManager@68e4e44
02-22 21:41:50.254  4755  4755 I CMHApplication: [#CMH#] Controller is ready, now starting CMH Core Init 
02-22 21:41:50.254  4755  4773 I Initializer: [#CMH#] CMH initialization starts 
02-22 21:41:50.259  4755  4755 I Controller: [#CMH#] waitForSuccessLatch  
02-22 21:41:50.259  4755  4773 I DatabaseManager: [#CMH#] DatabaseVersion : 24
02-22 21:41:50.274  3667  3680 I art     : Background sticky concurrent mark sweep GC freed 121509(12MB) AllocSpace objects, 18(360KB) LOS objects, 31% free, 26MB/39MB, paused 10.724ms total 752.048ms
02-22 21:41:50.274  3667  4326 W art     : Verification of qqn qpo.e(android.webkit.WebView) took 103.015ms
02-22 21:41:50.299  3667  4411 W art     : Verification of android.service.autofill.CustomDescription$Builder ajm$$ExternalSyntheticApiModelOutline0.m(android.service.autofill.CustomDescription$Builder, android.service.autofill.Validator, android.service.autofill.BatchUpdates) took 185.174ms
02-22 21:41:50.299  2764  2818 I am_pss  : [3667,10008,com.google.android.gms.persistent,135873536,132177920]
02-22 21:41:50.309  3667  4562 W art     : Verification of void bncw.a() took 138.217ms
02-22 21:41:50.344  4755  4773 I DatabaseManager: [#CMH#] onConfigure 
02-22 21:41:50.379  3603  3811 W DynamiteModule: Local module descriptor class for com.google.android.gms.googlecertificates not found.
02-22 21:41:50.424  4755  4773 I DatabaseManager: [#CMH#] createTables  
02-22 21:41:50.469  4755  4773 I DatabaseManager: [#CMH#] DB init done ReadOnly:  false
02-22 21:41:50.469  4755  4773 I Controller: [#CMH#] ServicesSetValue =      986942
02-22 21:41:50.479  4755  4773 I Controller: [#CMH#] storagepermisssion =      0
02-22 21:41:50.479  4755  4773 I Controller: [#CMH#] initializeBroadcastReceiver  com.samsung.cmh.database.DatabaseManager@68e4e44
02-22 21:41:50.484  4755  4773 I SystemBroadcastReceiver: [#CMH#]  in initialize  
02-22 21:41:50.484  4755  4773 I SystemBroadcastReceiver: [#CMH#] SystemBroadcastReceiver 
02-22 21:41:50.509  3667  4460 W art     : Verification of void cvwo.l(android.content.Context, cvuu, byte[], gfsn, cxax) took 999.388ms
02-22 21:41:50.524  4755  4775 I SystemBroadcastReceiver: [#CMH#] Received broadcast 
02-22 21:41:50.524  4755  4775 I SystemBroadcastReceiver: [#CMH#] No one is registered with Event Id EVENT_NETWORK_CHANGED
02-22 21:41:50.524  4755  4775 I SystemBroadcastReceiver: [#CMH#] onReceive completed 
02-22 21:41:50.529  4755  4773 I SystemBroadcastReceiver: [#CMH#]  Registered 
02-22 21:41:50.529  4755  4773 I Controller: [#CMH#] initializePolicyManager  
02-22 21:41:50.529  2764  2818 I am_pss  : [4230,1000,com.ws.dm,4867072,4005888]
02-22 21:41:50.534  4755  4773 I PolicyManager: [#CMH#] setCriticalStateFromSystem screenOn =  true high siop = false camera running = false
02-22 21:41:50.539  2182  2270 I display : [PrimaryDisplay] [DYNAMIC_RECOMP] HWC_2_GLES by low FPS(0)
02-22 21:41:50.549  3603  4645 I FA      : App measurement initialized, version: 153006
02-22 21:41:50.549  3603  4645 I FA      : To enable debug logging run: adb shell setprop log.tag.FA VERBOSE
02-22 21:41:50.549  3603  4645 I FA      : To enable faster debug mode event logging run:
02-22 21:41:50.549  3603  4645 I FA      :   adb shell setprop debug.firebase.analytics.app com.google.android.googlequicksearchbox
02-22 21:41:50.554  4755  4773 I Controller: [#CMH#] initializeServiceManager ++ 
02-22 21:41:50.554  2764  4777 D NtpTrustedTime: getCachedNtpTime() cache hit
02-22 21:41:50.559  3667  4416 W art     : Verification of void eulb.g(com.google.android.location.reporting.state.update.ReportingConfig, java.lang.String, boolean) took 1.041s
02-22 21:41:50.564  2764  4777 D GpsLocationProvider: NTP server returned: 1771825283522 (Sun Feb 22 21:41:23 PST 2026) reference: 167388 certainty: 4 system time offset: -27039
02-22 21:41:50.564  2205  2205 D gpsd    : WakeLock(Acquire,GPSD)
02-22 21:41:50.574  2205  2205 D gpsd    : WakeLock(Release,GPSD)
02-22 21:41:50.574  2764  4778 I System.out: (HTTPLog)-Static: isSBSettingEnabled false
02-22 21:41:50.574  2764  4778 I System.out: (HTTPLog)-Static: isSBSettingEnabled false
02-22 21:41:50.579  2194  2915 D EnterpriseController: netId is 0
02-22 21:41:50.579  2194  2915 D Netd    : getNetworkForDns: using netid 501 for uid 1000
02-22 21:41:50.604  4755  4773 I ServiceManager: [#CMH#] CMHServiceManager  
02-22 21:41:50.609  4755  4773 I ControllerEventHandler: [#CMH#] ControllerEventHandler ++ 
02-22 21:41:50.624  4755  4773 I ControllerEventHandler: [#CMH#] ControllerEventHandler -- 
02-22 21:41:50.624  4755  4773 I ServiceManager: [#CMH#] Binding To Service  EnhanceService
02-22 21:41:50.624  4755  4773 E ServiceManager: [#CMH#] Failed binding To Service  EnhanceService
02-22 21:41:50.624  4755  4773 I ServiceManager: [#CMH#] Binding To Service  DCMService
02-22 21:41:50.649  2764  3748 I am_proc_start: [0,4786,5004,com.samsung.dcmservice,service,com.samsung.dcmservice/.DCMService]
02-22 21:41:50.654  2764  4778 D GpsLocationProvider: calling native_inject_xtra_data
02-22 21:41:50.654  4786  4786 E Zygote  : v2
02-22 21:41:50.654  2205  2205 D gpsd    : WakeLock(Acquire,GPSD)
02-22 21:41:50.654  4786  4786 W SELinux : Function: selinux_compare_spd_ram, index[1], priority [2], priority version is VE=SEPF_SECMOBILE_6.0.1_0035
02-22 21:41:50.654  4755  4773 I Controller: [#CMH#] initializeServiceManager -- 
02-22 21:41:50.654  4755  4773 I Controller: [#CMH#] initializeContentObserver  
02-22 21:41:50.654  2205  2205 D gpsd    : WakeLock(Release,GPSD)
02-22 21:41:50.654  2764  2818 I power_partial_wake_state: [0,GpsLocationProvider]
02-22 21:41:50.659  2182  2182 I display : [PrimaryDisplay] [DYNAMIC_RECOMP] GLES_2_HWC by high FPS(9)
02-22 21:41:50.659  4786  4786 E Zygote  : accessInfo : 0
02-22 21:41:50.659  4786  4786 W SELinux : SELinux: seapp_context_lookup: seinfo=platform, level=s0:c512,c768, pkgname=com.samsung.dcmservice 
02-22 21:41:50.659  2205  2205 D gpsd    : WakeLock(Acquire,GPSD)
02-22 21:41:50.659  2205  2205 D gpsd    : WakeLock(Release,GPSD)
02-22 21:41:50.669  4755  4773 I Controller: [#CMH#] initializeStorageController  
02-22 21:41:50.699  4786  4786 D ActivityThread: Added TimaKeyStore provider
02-22 21:41:50.704  2764  3689 I am_proc_bound: [0,4786,com.samsung.dcmservice]
02-22 21:41:50.714  3667  4562 W art     : Verification of boolean efok.fk(int, android.os.Parcel, android.os.Parcel) took 186.722ms
02-22 21:41:50.719  3667  4416 W art     : Verification of dxih cosl.c(android.app.PendingIntent) took 102.748ms
02-22 21:41:50.724  2182  2182 D libEGL  : eglInitialize EGLDisplay = 0xbef803fc
02-22 21:41:50.734  4755  4773 I Controller: [#CMH#] initializeSmartClustering 
02-22 21:41:50.749  3667  4343 W art     : Verification of boolean dpsu.b(cmur, j$.time.Duration) took 172.254ms
02-22 21:41:50.764  4755  4773 I Controller: [#CMH#] registerSmartClusterIntents 
02-22 21:41:50.774  4755  4773 I Controller: [#CMH#] startSmartClustering starting clustering 
02-22 21:41:50.774  4755  4773 I Controller: [#CMH#] startSmartClustering starting day clustering 
02-22 21:41:50.774  4786  4786 W System  : ClassLoader referenced unknown path: /system/priv-app/DCMService/lib/arm
02-22 21:41:50.774  4755  4773 I Controller: [#CMH#] startDaywiseClustering starting day clustering 
02-22 21:41:50.779  4755  4805 I ClusteringTask: [#CMH#] before mutex 
02-22 21:41:50.779  4755  4805 I ClusteringTask: [#CMH#] after mutex 
02-22 21:41:50.779  4755  4773 I Controller: [#CMH#] takeBackupIfNeeded done 
02-22 21:41:50.779  4755  4773 I Controller: [#CMH#] setSuccessState =  true
02-22 21:41:50.784  4755  4773 I Controller: [#CMH#] setSuccessState latch is down 
02-22 21:41:50.784  4755  4773 I Initializer: [#CMH#] CMH initialization ends 
02-22 21:41:50.789  4755  4805 I MomentClusteringAlgo: [#CMH#] performClustering images deleted false
02-22 21:41:50.789  4755  4805 I ClusteringDBUtils: [#CMH#] updateClusterTable In nothing to update 
02-22 21:41:50.794  4755  4806 I DayClusteringTask: [#CMH#] before mutex 
02-22 21:41:50.794  4755  4806 I DayClusteringTask: [#CMH#] after mutex 
02-22 21:41:50.794  4755  4806 I DayClusteringTask: [#CMH#] internalRun Cluster size after image deletion:  0
02-22 21:41:50.794  4755  4806 I ClusteringDBUtils: [#CMH#] No clusters..!! 
02-22 21:41:50.794  4786  4786 I DCMService: [#CMH#] onBind() called 
02-22 21:41:50.799  4786  4786 I Utilities: [#CMH#] Location feature: true
02-22 21:41:50.809  4755  4807 I DayAndMonthTask: [#CMH#] before mutex 
02-22 21:41:50.809  4755  4807 I DayAndMonthTask: [#CMH#] after mutex 
02-22 21:41:50.809  4786  4786 I NamedPlaceExtractor: [#CMH#] Locale  en_US
02-22 21:41:50.809  4755  4755 I StorageController: [#CMH#] id: EVENT_MEDIA_MOUNTEDBundle = Bundle[{storage_volume=StorageVolume:
02-22 21:41:50.809  4755  4755 I StorageController:     mId=emulated mStorageId=65537 mPath=/storage/emulated/0 
02-22 21:41:50.809  4755  4755 I StorageController:     mDescription=Internal storage mPrimary=true mRemovable=false 
02-22 21:41:50.809  4755  4755 I StorageController:     mEmulated=true mMtpReserveSize=524288000 mAllowMassStorage=false 
02-22 21:41:50.809  4755  4755 I StorageController:     mMaxFileSize=0 mOwner=UserHandle{0} mFsUuid=null mState=mounted 
02-22 21:41:50.809  4755  4755 I StorageController:     mSubSystem=fuse mActivitySecureContainer=false , path=file:///storage/emulated/0}]
02-22 21:41:50.824  4630  4630 V DownloadManager: onReceive intent + android.intent.action.MEDIA_MOUNTED
02-22 21:41:50.844  4811  4811 E Zygote  : v2
02-22 21:41:50.844  4811  4811 E Zygote  : isSdpEnabledProcess - SDP enabled
02-22 21:41:50.844  4811  4811 W SELinux : Function: selinux_compare_spd_ram, index[1], priority [2], priority version is VE=SEPF_SECMOBILE_6.0.1_0035
02-22 21:41:50.849  4811  4811 E Zygote  : accessInfo : 64
02-22 21:41:50.849  4811  4811 E Zygote  : isSdpEnabledProcess - SDP enabled
02-22 21:41:50.849  4811  4811 E Zygote  : setSDPgroupsIntarray[pid]: 0 / [gid]: 10035 / [uid]: 10035
02-22 21:41:50.849  4811  4811 W SELinux : SELinux: seapp_context_lookup: seinfo=platform, level=s0:c512,c768, pkgname=com.samsung.android.email.provider 
02-22 21:41:50.849  2764  3743 I am_proc_start: [0,4811,10035,com.samsung.android.email.provider,broadcast-3,com.samsung.android.email.provider/com.samsung.android.email.ui.receiver.SdcardReceiver]
02-22 21:41:50.854  3667  4460 W art     : Verification of void cxnp.onDisplayChanged(int) took 104.528ms
02-22 21:41:50.874  3667  4562 W art     : Verification of fiua bona.b(java.io.IOException, eqqc) took 132.085ms
02-22 21:41:50.874  3667  4326 W art     : Verification of void hbvu.<init>() took 134.447ms
02-22 21:41:50.879  3667  4411 W art     : Verification of void ajm$$ExternalSyntheticApiModelOutline0.m(android.telephony.SmsManager, java.lang.String, java.lang.String, java.lang.String, android.app.PendingIntent, android.app.PendingIntent) took 137.221ms
02-22 21:41:50.899  4755  4755 I ServiceManager: [#CMH#] Bound to Package  com.samsung.dcmservice
02-22 21:41:50.914  4811  4811 D ActivityThread: Added TimaKeyStore provider
02-22 21:41:50.919  2764  3743 I am_proc_bound: [0,4811,com.samsung.android.email.provider]
02-22 21:41:50.939  2182  2270 I display : [PrimaryDisplay] [DYNAMIC_RECOMP] HWC_2_GLES by low FPS(4)
02-22 21:41:51.014  3667  4343 W art     : Verification of java.util.List dptn.j(cmta, boolean, int, long, long, long) took 144.827ms
02-22 21:41:51.019  2764  3348 D SecContentProvider2: query(), uri = 15 selection = getAppBlockDownloadState
02-22 21:41:51.039  4755  4807 I DayAndMonthTask: [#CMH#] after mutex release 
02-22 21:41:51.044  4755  4806 I TimeBasedClustering: [#CMH#] performClustering insertimages In 0 
02-22 21:41:51.044  4755  4805 I MomentClusteringAlgo: [#CMH#] performClustering In 0 
02-22 21:41:51.044  4755  4805 I ClusteringTask: [#CMH#] Cluster size: 0
02-22 21:41:51.044  4755  4805 I ClusteringDBUtils: [#CMH#] updateClusterTable In nothing to update 
02-22 21:41:51.044  4755  4805 I ClusteringTask: [#CMH#] after mutex release 
02-22 21:41:51.049  3667  4460 W NearbyDiscovery: Runnable[FastPairControllerOnCreate] ran for 00:05.200 [CONTEXT service_id=265 ]
02-22 21:41:51.049  3667  4460 W NearbyDiscovery: Runnable[FastPairController::setSassDeviceGroupManager] was delayed for 00:09.218 [CONTEXT service_id=265 ]
02-22 21:41:51.054  4630  4810 V DownloadManager: 4 items are completed
02-22 21:41:51.054  3667  4460 W NearbyDiscovery: Runnable[subscribe] was delayed for 00:08.913 [CONTEXT service_id=265 ]
02-22 21:41:51.129  4755  4806 I DayClusteringTask: [#CMH#] internalRun Cluster size after image insertion:  0
02-22 21:41:51.129  4755  4806 I ClusteringDBUtils: [#CMH#] No clusters..!! 
02-22 21:41:51.129  4755  4806 I DayClusteringTask: [#CMH#] startLocationClustering In  0
02-22 21:41:51.129  4755  4806 I DayClusteringTask: [#CMH#] internalRun::No more Images/Videos to process, Finished Task, Exiting  
02-22 21:41:51.129  4755  4806 I DayClusteringTask: [#CMH#] after mutex release 
02-22 21:41:51.149  3667  4460 I Nearby  : (REDACTED) is blocked device type %s, isAuto=%s, isIot=%s, isLatchsky=%s, isChinaWearable=%s, isTv=%s, isWearable=%s (supportWearOs=%s), isChromeOsDevice=%s (supportChromeOs=%s)
02-22 21:41:51.159  4811  4811 W System  : ClassLoader referenced unknown path: /system/priv-app/SecEmail_M/lib/arm
02-22 21:41:51.184  3667  4562 W art     : Verification of java.lang.Object eqiq.ja(int, java.lang.Object) took 300.158ms
02-22 21:41:51.199  3667  4416 W art     : Verification of void eulm.h(android.content.Intent, com.google.android.location.reporting.state.update.ReportingConfig, boolean) took 358.752ms
02-22 21:41:51.204  3667  4460 I NearbyDiscovery: (REDACTED) DiscoveryController, showNotification, itemSize=%s
02-22 21:41:51.219  3603  4645 I FA      : Tag Manager is not found and thus will not be used
02-22 21:41:51.259  2194  2915 D EnterpriseController: netId is 0
02-22 21:41:51.259  2194  2915 D Netd    : getNetworkForDns: using netid 501 for uid 10008
02-22 21:41:51.304  3667  4449 W art     : Verification of cdqh cdll.a(cdtz) took 7.368s
02-22 21:41:51.314  3667  4460 W art     : Verification of java.lang.Object j$.util.stream.k.get() took 100.330ms
02-22 21:41:51.314  2764  3748 D RCPManagerService: exchangeData() failure , invalid userId
02-22 21:41:51.329  3667  4416 W art     : Verification of void eulm.b(android.content.Intent) took 102.071ms
02-22 21:41:51.384  2182  2182 I display : [PrimaryDisplay] [DYNAMIC_RECOMP] GLES_2_HWC by high FPS(62)
02-22 21:41:51.429  2764  4072 D RCPManagerService: exchangeData() failure , invalid userId
02-22 21:41:51.444  2764  3695 D RCPManagerService: exchangeData() failure , invalid userId
02-22 21:41:51.449  2764  3744 I am_kill : [0,3272,com.sec.android.provider.emergencymode,15,DHA:empty #25]
02-22 21:41:51.459  3667  4460 W art     : Verification of java.lang.Object j$.desugar.sun.nio.fs.n.queryFrom(j$.time.temporal.TemporalAccessor) took 119.853ms
02-22 21:41:51.509  3667  4416 W art     : Verification of void euli.<init>(eulp, android.os.Handler) took 100.019ms
02-22 21:41:51.509  3667  4562 W art     : Verification of java.lang.String fcuw.b(java.lang.Iterable) took 108.608ms
02-22 21:41:51.529  4630  4630 D MediaScannerReceiver: action: android.intent.action.MEDIA_MOUNTED path: /storage/emulated/0
02-22 21:41:51.534  3667  4411 I qtaguid : Tagging socket 81 with tag 1010100000000{65793,0} uid -1, pid: 3667, getuid(): 10008
02-22 21:41:51.579  4829  4829 E Zygote  : v2
02-22 21:41:51.579  4829  4829 W SELinux : Function: selinux_compare_spd_ram, index[1], priority [2], priority version is VE=SEPF_SECMOBILE_6.0.1_0035
02-22 21:41:51.579  4829  4829 E Zygote  : accessInfo : 0
02-22 21:41:51.579  2764  3743 I am_proc_start: [0,4829,10038,com.sec.android.app.myfiles,broadcast-3,com.sec.android.app.myfiles/.receiver.MyFilesReceiver]
02-22 21:41:51.584  4829  4829 W SELinux : SELinux: seapp_context_lookup: seinfo=platform, level=s0:c512,c768, pkgname=com.sec.android.app.myfiles 
02-22 21:41:51.584  2764  3748 I am_proc_died: [0,3272,com.sec.android.provider.emergencymode,15,48,465]
02-22 21:41:51.589  3667  4460 I NearbyDiscovery: (REDACTED) Show notifications: %d total, no changes since last shown, no-op.
02-22 21:41:51.624  3667  4460 W NearbyDiscovery: Runnable[updateProfileConnectionStateIfNeededV2] was delayed for 00:02.059 [CONTEXT service_id=265 ]
02-22 21:41:51.624  3667  4460 I NearbyDiscovery: (REDACTED) FastPairController: updateProfileConnectionStateIfNeededV2: delayedTime=%s
02-22 21:41:51.624  3667  4460 I NearbyDiscovery: (REDACTED) FastPairController: updateProfileConnectionStateIfNeededV2: delayedTime=%s
02-22 21:41:51.629  2764  3348 I am_proc_start: [0,4844,10035,com.samsung.android.email.provider:service,service,com.samsung.android.email.provider/com.samsung.android.email.sync.service.EmailService]
02-22 21:41:51.634  4844  4844 E Zygote  : v2
02-22 21:41:51.634  4844  4844 E Zygote  : isSdpEnabledProcess - SDP enabled
02-22 21:41:51.634  4844  4844 W SELinux : Function: selinux_compare_spd_ram, index[1], priority [2], priority version is VE=SEPF_SECMOBILE_6.0.1_0035
02-22 21:41:51.639  4829  4829 D ActivityThread: Added TimaKeyStore provider
02-22 21:41:51.639  4844  4844 E Zygote  : accessInfo : 64
02-22 21:41:51.639  4844  4844 E Zygote  : isSdpEnabledProcess - SDP enabled
02-22 21:41:51.639  4844  4844 E Zygote  : setSDPgroupsIntarray[pid]: 0 / [gid]: 10035 / [uid]: 10035
02-22 21:41:51.639  4844  4844 W SELinux : SELinux: seapp_context_lookup: seinfo=platform, level=s0:c512,c768, pkgname=com.samsung.android.email.provider:service 
02-22 21:41:51.644  3667  4411 I qtaguid : Untagging socket 81
02-22 21:41:51.644  2764  3743 I am_proc_bound: [0,4829,com.sec.android.app.myfiles]
02-22 21:41:51.679  4844  4844 D ActivityThread: Added TimaKeyStore provider
02-22 21:41:51.684  2764  4072 I am_proc_bound: [0,4844,com.samsung.android.email.provider:service]
02-22 21:41:51.734  2764  3742 I force_gc: Binder
02-22 21:41:51.734  2764  3742 I power_partial_wake_state: [1,MediaScannerService]
02-22 21:41:51.804  4844  4844 W System  : ClassLoader referenced unknown path: /system/priv-app/SecEmail_M/lib/arm
02-22 21:41:51.879  3667  4411 W art     : Verification of boolean gqyy.equals(java.lang.Object) took 231.197ms
02-22 21:41:51.944  2182  2270 I display : [PrimaryDisplay] [DYNAMIC_RECOMP] HWC_2_GLES by low FPS(0)
02-22 21:41:51.979  3321  3321 D RILJ    : [0045]> OPERATOR [SUB0]
02-22 21:41:52.004  4755  4782 I ReschedulableTimer: [#CMH#] ReschedulableTimer started 
02-22 21:41:52.014  2764  2774 I art     : Background partial concurrent mark sweep GC freed 148379(13MB) AllocSpace objects, 43(2MB) LOS objects, 33% free, 31MB/47MB, paused 3.389ms total 279.730ms
02-22 21:41:52.024  3321  3321 D RILJ    : [0046]> DATA_REGISTRATION_STATE [SUB0]
02-22 21:41:52.024  2764  3748 I power_partial_wake_state: [1,RILJ0]
02-22 21:41:52.024  2764  2778 I power_partial_wake_state: [1,RILJ0]
02-22 21:41:52.029  3321  3321 D RILJ    : [0047]> VOICE_REGISTRATION_STATE [SUB0]
02-22 21:41:52.029  3321  3321 D RILJ    : [0048]> QUERY_NETWORK_SELECTION_MODE [SUB0]
02-22 21:41:52.029  3321  3561 D RILJ    : [0045]< OPERATOR {xx,xx,xx,xx} [SUB0]
