--------- beginning of radio

02-23 09:15:59.805  2202  2202 D ARGOS   : argos: main: Argos Daemon Boot

02-23 09:15:59.835  2202  2202 D ARGOS   : argos: argos_monitor: rmnet0 rmnet1 rmnet2 rmnet3 rmnet4 rmnet5 rmnet6 rmnet7 umts_dm0

02-23 09:15:59.835  2202  2202 D ARGOS   : argos: argos_monitor: rndis0

02-23 09:15:59.835  2202  2202 D ARGOS   : argos: argos_monitor: p2p-wlan0-0

02-23 09:15:59.835  2202  2202 D ARGOS   : argos: argos_monitor: wlan0

02-23 09:15:59.845  2204  2204 D boot    : cbd: get_cmdline_str: find str androidboot.debug_level=0x4f4c form /proc/cmdline

02-23 09:15:59.845  2204  2204 D boot    : cbd: check_debug_level: androidboot.debug_level=0x4f4c, 0

02-23 09:15:59.845  2204  2204 D boot    : cbd: check_debug_level: debug level=0, cp_debug=0

02-23 09:15:59.845  2204  2204 D boot    : cbd: check_factory_log_path: log path - /sdcard/log

02-23 09:15:59.845  2204  2204 D boot    : cbd: main: Daemon Mode

02-23 09:15:59.845  2204  2204 D boot    : cbd: main: SS310 modem

02-23 09:15:59.845  2204  2204 D boot    : cbd: main: boot SHMEM link

02-23 09:15:59.845  2204  2204 D boot    : cbd: main: main SHMEM link

02-23 09:15:59.845  2204  2204 D boot    : cbd: main: partition number : platform/13540000.dwmmc0/by-name/RADIO

02-23 09:15:59.845  2204  2204 D boot    : cbd: main: partition path : /dev/block/platform/13540000.dwmmc0/by-name/RADIO

02-23 09:15:59.845  2204  2204 D boot    : cbd: main: Call boot start

02-23 09:15:59.845  2204  2204 E boot    : cbd: (ERR! No such file or directory) check_board_revision: /proc/device-tree/model_info-system_rev open fail

02-23 09:15:59.845  2204  2204 D boot    : cbd: start_shannon310_boot: CP boot device = /dev/umts_boot0

02-23 09:15:59.845  2204  2204 D boot    : cbd: start_shannon310_boot: CP binary file = /dev/block/platform/13540000.dwmmc0/by-name/RADIO

02-23 09:15:59.845  2204  2204 D boot    : cbd: start_shannon310_boot: CP NV file = /efs/nv_data.bin

02-23 09:15:59.845  2204  2204 D boot    : cbd: start_shannon310_boot: BOOT link SHMEM

02-23 09:15:59.845  2204  2204 D boot    : cbd: start_shannon310_boot: MAIN link SHMEM

02-23 09:16:00.045  2191  2191 D RILD    : **RIL Daemon Started**

02-23 09:16:00.045  2191  2191 D RILD    : **RILd param count=1**

02-23 09:16:00.045  2191  2191 D RILD    : rilLibPath = /system/lib/libsec-ril.so

02-23 09:16:00.255  2212  2212 D ATD     : SERIALNO: R52HA1JT2HE,161019,

02-23 09:16:00.255  2212  2212 D ATD     : ril.serialnumber: R52HA1JT2HE

02-23 09:16:00.335  2212  2212 D ATD     : ril.manufacturedate: 161019

02-23 09:16:00.340  2212  2212 D ATD     : gUartPath = /dev/ttySAC2

02-23 09:16:00.340  2212  2212 D ATD     : UART ttySAC2 is not used by console

02-23 09:16:00.340  2212  2212 D ATD     : MakeLocalServer(): FactoryClientRecv Communication: Server_socket 7

02-23 09:16:00.340  2212  2212 D ATD     : InitSocketAcceptHandler(): FactoryClientRecv, id(0), fd(7)

02-23 09:16:00.340  2212  2212 D ATD     : MakeLocalServer(): FactoryClientSend Communication: Server_socket 8

02-23 09:16:00.340  2212  2212 D ATD     : InitSocketAcceptHandler(): FactoryClientSend, id(1), fd(8)

02-23 09:16:00.340  2212  2212 D ATD     : MakeLocalServer(): ATDMultiClient Communication: Server_socket 10

02-23 09:16:00.340  2212  2212 D ATD     : InitSocketAcceptHandler(): ATDMultiClient, id(6), fd(10)

02-23 09:16:00.340  2212  2212 D ATD     : MakeLocalServer(): SatsService Communication: Server_socket 11

02-23 09:16:00.340  2212  2212 D ATD     : InitSocketAcceptHandler(): SatsService, id(10), fd(11)

02-23 09:16:00.340  2212  2212 D ATD     : first start

02-23 09:16:00.745  2191  2191 D RILD    : RIL_Init argc = 3 clientId = 0

02-23 09:16:00.745  2191  2191 E RILD    : RIL_Init: RilIndex: 0

02-23 09:16:00.745  2191  2191 E RILD    : RIL_Init: SimCount: 1

02-23 09:16:00.750  2191  2191 E RILD    : RIL_Init: ModelType[LTE]

02-23 09:16:00.750  2191  2191 E RILD    : RIL_Init: phy intf: rmnet_mhi0, gsm net prefix: rmnet

02-23 09:16:00.750  2191  2191 E RILD    : First Ril

02-23 09:16:00.760  2191  2191 D RILD    : RIL_Init rilInit completed

02-23 09:16:00.760  2191  2191 I RILC    : socket_id: 0

02-23 09:16:00.760  2191  2191 E RILC    : RIL_register: RIL version 8

02-23 09:16:00.760  2191  2191 I RILC    : s_registerCalled flag set, 1

02-23 09:16:00.760  2191  2191 I RILC    : Start to listen RIL_SOCKET_1

02-23 09:16:00.765  2191  2191 D RILD    : RIL_Init RIL_register completed

02-23 09:16:00.765  2191  2191 D RILD    : RIL_register_socket started

02-23 09:16:00.765  2191  2191 D RIL_UIM_SOCKET: Adding socket with id: 0

02-23 09:16:00.765  2191  2191 D RILD    : RIL_register_socket completed

02-23 09:16:00.765  2191  2191 D RILD    : RIL_Init starting sleep loop

02-23 09:16:00.860  2191  2277 E RILD    : Debug channel is not opened for ship build.

02-23 09:16:01.030  2191  2277 E RILD    : Debug channel is not opened for ship build.

02-23 09:16:01.035  2191  2277 E RILD    : fail to remove MSISDN_FILE_PATH

02-23 09:16:01.035  2191  2277 E RILD    : fail to remove IMSI_FILE_PATH

02-23 09:16:01.040  2191  2277 E RILD    : fail to remove IMSIM_FILE

02-23 09:16:01.040  2191  2277 E RILD    : fail to remove IMSIG_FILE

02-23 09:16:01.040  2191  2277 E RILD    : fail to remove MDN_FILE

02-23 09:16:01.050  2204  2204 D boot    : cbd: start_shannon310_boot: NV validation done

02-23 09:16:01.050  2204  2204 E boot    : cbd: (ERR! No such file or directory) store_shmem_srinfo: open proc /proc/baseband/sr_info fail(-1)

02-23 09:16:01.050  2204  2204 D boot    : cbd: start_shannon310_boot: Prepare arguments, read TOC, check NV

02-23 09:16:01.055  2204  2204 D boot    : cbd: start_shannon310_boot: Modem off

02-23 09:16:01.055  2204  2204 D boot    : cbd: start_shannon310_boot: Request Security : non-secure mode

02-23 09:16:01.165  2191  2277 E RILD    : SetSimOperator: invalid operator

02-23 09:16:01.165  2191  2277 E RILD    : Failed to set IMSI from [gsm.sim.operator.numeric] RilIndex=0

02-23 09:16:01.215  2204  2204 D boot    : cbd: start_shannon310_boot: Send BIN

02-23 09:16:01.290  2191  2277 E RILD    : SetSimOperator: invalid operator

02-23 09:16:01.290  2191  2277 E RILD    : Failed to get IMSI value.

02-23 09:16:01.290  2191  2277 E RILD    : AddHandler: Handler CA-DCA already exit.

02-23 09:16:01.830  2204  2204 D boot    : cbd: start_shannon310_boot: Request Security : secure mode

02-23 09:16:02.345  2204  2204 D boot    : cbd: start_shannon310_boot: MODEM ON : pda_active 1, cp power on

02-23 09:16:02.650  2204  2204 D boot    : cbd: start_shannon310_boot: BOOT ON : change modem state, irq, wait cp state

02-23 09:16:03.225  2203  2203 E RILClient: Connect_RILD: Connecting failed. Connection refused(111)

02-23 09:16:03.345  2212  2212 D ATD     : IsUartUsingAP is AP

02-23 09:16:03.345  2212  2212 D ATD     : ConnectToUart()

02-23 09:16:03.350  2212  2212 D ATD     : Transport file name: /dev/ttySAC2

02-23 09:16:03.350  2212  2212 D ATD     : connect to local socket fd : 12, bardrate: 115200

02-23 09:16:03.350  2212  2212 D ATD     : InitSocketMessageHandler(): UART, id(3), fd(12)

02-23 09:16:03.350  2212  2212 D ATD     : ConnectToRil()

02-23 09:16:03.350  2212  2212 D ATD     : try to connect RIL

02-23 09:16:03.350  2212  2212 E RILClient: Connect_RILD: Connecting failed. Connection refused(111)

02-23 09:16:03.350  2212  2212 E ATD     : connection fail & retry connect(0)

02-23 09:16:03.370  2204  2204 D boot    : cbd: start_shannon310_boot: BOOT START : reset ipcmap, set magic code

02-23 09:16:03.370  2204  2204 D boot    : cbd: start_shannon310_boot: HANDSHAKE COMMAND : send & recv boot_done, fin message

02-23 09:16:03.370  2204  2204 D boot    : cbd: start_shannon310_boot: BOOT OFF : wait completion, irq

--------- beginning of events

02-23 09:16:03.485  2207  2207 I boot_progress_start: 8278

02-23 09:16:04.225  2203  2203 E RILClient: Connect_RILD: Connecting failed. Connection refused(111)

02-23 09:16:04.335  2207  2207 I boot_progress_preload_start: 9125

02-23 09:16:04.350  2212  2212 D ATD     : try to connect RIL

02-23 09:16:04.350  2212  2212 E RILClient: Connect_RILD: Connecting failed. Connection refused(111)

02-23 09:16:04.350  2212  2212 E ATD     : connection fail & retry connect(1)

02-23 09:16:04.360  2204  2204 D boot    : cbd: main: Boot up process done!!!

02-23 09:16:04.360  2204  2204 D boot    : cbd: status_loop: CP status_loop start(modem = 13)

02-23 09:16:05.125  2191  2464 E RILD    : A directory already exists

02-23 09:16:05.125  2191  2464 E RILD    : Nv::ProcessOpenFile: open failed No such file or directory(2)

02-23 09:16:05.130  2191  2289 E RILC    : unsupported OEM unsolicated response code 11011

02-23 09:16:05.130  2191  2464 E RILD    : Nv::ProcessCloseFile: fileHandler=-1

02-23 09:16:05.225  2203  2203 D RILClient: Connect_RILD: Success to connect

02-23 09:16:05.350  2212  2212 D ATD     : try to connect RIL

02-23 09:16:05.350  2212  2212 D RILClient: Connect_RILD: Success to connect

02-23 09:16:05.350  2212  2212 D ATD     : connection success RIL

02-23 09:16:05.350  2212  2212 D ATD     : Send Msg [ATD > RIL] 4 bytes <>

02-23 09:16:05.355  2212  2212 D ATD     : Send Msg [ATD > UART] 15 bytes <(\r)(\n)+UART READY(\r)(\n)>

02-23 09:16:05.355  2212  2212 D ATD     : InitSocketMessageHandler(): DDEXE, id(9), fd(16)

02-23 09:16:05.355  2212  2212 D ATD     : SetAtdStatus(), 1_0_0

02-23 09:16:05.360  2212  2212 E ATD     : Permission of /efs/00000000.authtokcont: 664

02-23 09:16:05.360  2212  2212 D ATD     : ListenFD()

02-23 09:16:05.360  2203  2504 D RILClient: processUnsolicited(): resp_id (11020), len(15)

02-23 09:16:05.360  2212  2515 D RILClient: processUnsolicited(): resp_id (11020), len(15)

02-23 09:16:05.360  2212  2515 D RILClient: processUnsolicited(): unsol_func resp_id (11020), len(15)

02-23 09:16:05.360  2212  2515 D ATD     : Send Msg [RIL > ATD] 15 bytes <(\r)(\n)AST_POWERON(\r)(\n)>

02-23 09:16:05.365  2212  2515 D ATD     : Send Msg [ATD > UART] 15 bytes <(\r)(\n)AST_POWERON(\r)(\n)>

02-23 09:16:05.420  2197  2197 D RILClient: Connect_RILD: Success to connect

02-23 09:16:05.520  2207  2207 D TelephonyManager: /proc/cmdline=console=ram loglevel=4 sec_debug.level=0 sec_watchdog.sec_pet=5 androidboot.debug_level=0x4f4c androidboot.bcd_im_offset=7341616 androidboot.bcd_me_offset=7341696 androidboot.bcd_sn_offset=7341776 androidboot.bcd_pr_offset=7341856 androidboot.bcd_sku_offset=7341936 ess_setup=0x26000000 androidboot.security_mode=1526595584 sec_tima_log=0x200000@0x27402000 sec_avc_log=0x40000@0x27604000 s3cfb.bootloaderfb=0x57c18000 lcdtype=811016 consoleblank=0 lpj=3981312 vmalloc=384m sec_debug.reset_reason=7 ehci_hcd.park=3 oops=panic pmic_info=19 cordon=e856c5e5860d0c0ab34303aeb8a868e5 connie=SM-T377A_ATT_USA_23e901e3acdec9402e30320321c40099 androidboot.emmc_checksum=3 androidboot.boot_salescode= androidboot.odin_download=1 androidboot.bootloader=T377AUCU2AQGF androidboot.selinux=enforcing androidboot.hardware=universal3475 androidboot.warranty_bit=0 androidboot.sec_atd.tty=/dev/ttySAC2 androidboot.serialno=52030d9842d7a3bd snd_soc_core.pmdown_time=1000

02-23 09:16:06.850  2207  2207 I boot_progress_preload_end: 11642

02-23 09:16:07.090  2769  2769 I boot_progress_system_run: 11880

02-23 09:16:08.545  2769  2769 I boot_progress_pms_start: 13339

02-23 09:16:10.005  2184  2184 D RILClient: Connect_RILD: Success to connect

02-23 09:16:11.110  2769  2769 I boot_progress_pms_system_scan_start: 15902

02-23 09:16:13.210  2769  2769 I boot_progress_pms_data_scan_start: 18000

02-23 09:16:14.895  2769  2769 I boot_progress_pms_scan_end: 19689

02-23 09:16:15.490  2769  2769 I boot_progress_pms_ready: 20280

02-23 09:16:15.675  2769  2782 I battery_status: [3,2,1,2,Li-ion]

02-23 09:16:15.675  2769  2782 I battery_level: [100,4281,252]

02-23 09:16:15.715  2769  2769 D SubscriptionManager: getDefaultSubId(): Fail! iSub is null

02-23 09:16:15.720  2769  2769 D TelephonyRegistry: Block apn list: [ent1, ent2, ims, xcap]

02-23 09:16:16.000  2212  2212 D ATD     : InitSocketMessageHandler(): SatsService, id(10), fd(19)

02-23 09:16:16.530  2769  2769 I wm_stack_created: [0,0,0,0,0]

02-23 09:16:16.725  2769  2769 I configuration_changed: 2104824

02-23 09:16:16.735  2769  2769 I configuration_changed: 1024

02-23 09:16:16.765  2769  2944 I configuration_changed: 8

02-23 09:16:16.810  2769  2769 I configuration_changed: 512

02-23 09:16:17.440  2769  2769 I pm_critical_info: performBootDexOpt, but not system changedcom.google.android.gms

02-23 09:16:20.015  2191  2289 E RILC    : unsupported OEM unsolicated response code 11011

02-23 09:16:20.015  2212  2515 D RILClient: processUnsolicited(): resp_id (11011), len(2)

02-23 09:16:20.015  2203  2504 D RILClient: processUnsolicited(): resp_id (11011), len(2)

02-23 09:16:20.015  2184  2921 D RILClient: processUnsolicited(): resp_id (11011), len(2)

02-23 09:16:20.015  2184  2921 D RILClient: processUnsolicited(): unsol_func resp_id (11011), len(2)

02-23 09:16:20.015  2197  2520 D RILClient: processUnsolicited(): resp_id (11011), len(2)

02-23 09:16:28.895  2180  2180 I sf_frame_dur: [samsungani565,0,0,301,0,0,0,0]

02-23 09:16:29.065  2769  2856 I boot_progress_enable_screen: 33858

02-23 09:17:00.000  2769  2943 I power_partial_wake_state: [1,*alarm*]

02-23 09:18:21.990  2769  2769 I power_partial_wake_state: [1,Absolute_PersistedStore]

02-23 09:18:22.020  2769  2769 I power_partial_wake_state: [0,Absolute_PersistedStore]

02-23 09:18:22.025  2769  2769 I power_partial_wake_state: [1,Absolute_PersistedStore]

02-23 09:18:22.035  2769  2769 I power_partial_wake_state: [0,Absolute_PersistedStore]

02-23 09:18:22.040  2769  2769 I power_partial_wake_state: [1,Absolute_PersistedStore]

02-23 09:18:22.045  2769  2769 I power_partial_wake_state: [0,Absolute_PersistedStore]

02-23 09:18:22.045  2769  2769 I power_partial_wake_state: [1,Absolute_PersistedStore]

02-23 09:18:22.045  2769  2769 I power_partial_wake_state: [0,Absolute_PersistedStore]

02-23 09:18:22.045  2769  2769 I power_partial_wake_state: [1,Absolute_PersistedStore]

02-23 09:18:22.050  2769  2769 I power_partial_wake_state: [0,Absolute_PersistedStore]

02-23 09:18:22.055  2769  2769 I power_partial_wake_state: [1,Absolute_PersistedStore]

02-23 09:18:22.055  2769  2769 I power_partial_wake_state: [0,Absolute_PersistedStore]

02-23 09:18:22.590  2769  2769 D SubscriptionManager: getDefaultSubId(): Fail! iSub is null

02-23 09:18:22.590  2769  2769 D SubscriptionManager: getSimStateForSlotIdx: simState=0 slotIdx=0

02-23 09:18:22.590  2769  2769 D TelephonyManager: getSimState: default sim:-1, sim state for slotIdx=0 is 0, return state as unknown

02-23 09:18:22.820  2769  2769 I free_storage_left: [1398726656,169332736,1020235776]

02-23 09:18:22.820  2769  2769 I free_storage_changed: 1398726656

02-23 09:18:22.930  2769  2769 I stream_devices_changed: [0,0,2]

02-23 09:18:22.930  2769  2769 I stream_devices_changed: [1,0,2]

02-23 09:18:22.930  2769  2769 I stream_devices_changed: [2,0,2]

02-23 09:18:22.930  2769  2769 I stream_devices_changed: [3,0,2]

02-23 09:18:22.930  2769  2769 I stream_devices_changed: [4,0,2]

02-23 09:18:22.930  2769  2769 I stream_devices_changed: [5,0,2]

02-23 09:18:22.930  2769  2769 I stream_devices_changed: [6,0,2]

02-23 09:18:22.930  2769  2769 I stream_devices_changed: [7,0,2]

02-23 09:18:23.750  2769  2769 D SubscriptionManager: getDefaultSubId(): Fail! iSub is null

02-23 09:18:23.750  2769  2769 D TelephonyManager: INVALID_PHONE_INDEX ==> DEFAULT_PHONE_INDEX

02-23 09:18:23.765  2769  3048 D SubscriptionManager: getDefaultSubId(): Fail! iSub is null

02-23 09:18:23.765  2769  3048 D SubscriptionManager: getSimStateForSlotIdx: simState=0 slotIdx=0

02-23 09:18:23.765  2769  3048 D TelephonyManager: getSimState: default sim:-1, sim state for slotIdx=0 is 0, return state as unknown

02-23 09:18:23.770  2769  3048 D SubscriptionManager: getDefaultSubId(): Fail! iSub is null

02-23 09:18:23.770  2769  3048 D SubscriptionManager: getSimStateForSlotIdx: simState=0 slotIdx=0

02-23 09:18:23.770  2769  3048 D TelephonyManager: getSimState: default sim:-1, sim state for slotIdx=0 is 0, return state as unknown

02-23 09:18:24.155  2769  2823 I am_pss  : [2769,1000,system,128220160,106845184]

02-23 09:18:24.600  2769  2769 I boot_progress_ams_ready: 149394

02-23 09:18:24.720  2769  2769 I am_proc_start: [0,3080,1037,WebViewLoader-armeabi-v7a,,]

02-23 09:18:24.740  2769  2769 I am_proc_start: [0,3091,10047,com.android.systemui,service,com.android.systemui/.SystemUIService]

02-23 09:18:24.785  2769  2828 I am_proc_start: [0,3109,10007,com.android.externalstorage,broadcast-3,com.android.externalstorage/.MountReceiver]

02-23 09:18:24.845  2769  2783 I am_proc_bound: [0,3091,com.android.systemui]

02-23 09:18:24.855  2769  3021 I am_proc_bound: [0,3109,com.android.externalstorage]

02-23 09:18:25.045  2769  2828 I am_broadcast_discard_filter: [0,203423697,android.intent.action.TIME_TICK,0,121995700]

02-23 09:18:25.050  2769  2783 D TelephonyRegistry: listen oscl: hasNotifySubscriptionInfoChangedOccurred==false no callback

02-23 09:18:25.220  2769  2783 I am_proc_start: [0,3152,10047,com.android.systemui.recents,service,com.android.systemui/.recents.RecentsService]

02-23 09:18:25.290  3091  3168 I sysui_action: [213,2]

02-23 09:18:25.310  2769  2783 I am_proc_bound: [0,3152,com.android.systemui.recents]

02-23 09:18:25.745  2769  3023 I power_partial_wake_state: [1,NetworkStats]

02-23 09:18:25.860  2769  3023 I netstats_mobile_sample: [0,0,0,0,0,0,0,0,0,0,0,0,-1]

02-23 09:18:25.860  2769  3023 I netstats_wifi_sample: [0,0,0,0,0,0,0,0,0,0,0,0,-1]

02-23 09:18:25.860  2769  3023 I power_partial_wake_state: [0,NetworkStats]

02-23 09:18:26.545  2769  3025 D SubscriptionManager: getDefaultSubId(): Fail! iSub is null

02-23 09:18:26.560  2769  3025 I am_proc_start: [0,3242,10002,android.process.acore,content provider,com.android.providers.contacts/.ContactsProvider2]

02-23 09:18:26.615  2769  2782 I am_proc_bound: [0,3242,android.process.acore]

02-23 09:18:26.665  2769  3021 I am_proc_start: [0,3261,1000,com.sec.vsimservice,content provider,com.sec.vsimservice/com.sec.internal.vsim.attsoftphone.SoftphoneSettingsProvider]

02-23 09:18:26.730  2769  3125 I am_proc_bound: [0,3261,com.sec.vsimservice]

02-23 09:18:26.935  2769  2828 I am_proc_start: [0,3297,10114,com.sec.android.app.sbrowser,broadcast-2,com.sec.android.app.sbrowser/.privacymode.SdpStateChangedReceiver]

02-23 09:18:26.975  2769  3125 I am_proc_bound: [0,3297,com.sec.android.app.sbrowser]

02-23 09:18:27.125  2769  3125 I force_gc: Binder

02-23 09:18:27.625  2769  3021 D TelephonyRegistry: listen oscl: hasNotifySubscriptionInfoChangedOccurred==false no callback

02-23 09:18:27.720  3091  3347 D SubscriptionManager: getDefaultSubId(): Fail! iSub is null

02-23 09:18:27.725  3091  3347 D SubscriptionManager: getDefaultSubId(): Fail! iSub is null

02-23 09:18:27.725  3091  3347 D SubscriptionManager: getDefaultSubId(): Fail! iSub is null

02-23 09:18:27.990  2769  2769 D SubscriptionManager: getDefaultSubId(): Fail! iSub is null

02-23 09:18:27.990  2769  2769 D SubscriptionManager: getDefaultSubId(): Fail! iSub is null

02-23 09:18:27.990  2769  2769 D SubscriptionManager: getSimStateForSlotIdx: simState=0 slotIdx=0

02-23 09:18:27.990  2769  2769 D TelephonyManager: getSimState: default sim:-1, sim state for slotIdx=0 is 0, return state as unknown

02-23 09:18:27.995  2769  3039 D SubscriptionManager: getDefaultSubId(): Fail! iSub is null

02-23 09:18:28.010  2769  2782 I power_partial_wake_state: [1,AudioMix]

02-23 09:18:28.155  3091  3091 D SubscriptionManager: getDefaultSubId(): Fail! iSub is null

02-23 09:18:28.185  2769  2769 I am_proc_start: [0,3392,10050,com.google.android.googlequicksearchbox:interactor,service,com.google.android.googlequicksearchbox/com.google.android.voiceinteraction.GsaVoiceInteractionService]

02-23 09:18:28.280  2769  2769 I power_partial_wake_state: [1,GpsLocationProvider]

02-23 09:18:28.300  2769  3125 I am_proc_bound: [0,3392,com.google.android.googlequicksearchbox:interactor]

02-23 09:18:28.375  2769  2823 D TelephonyRegistry: listen oscl: hasNotifySubscriptionInfoChangedOccurred==false no callback

02-23 09:18:28.395  2769  3420 I power_partial_wake_state: [1,NetworkTimeUpdateService]

02-23 09:18:28.395  2769  3420 I power_partial_wake_state: [0,NetworkTimeUpdateService]

02-23 09:18:28.405  2769  2769 D TelephonyRegistry: systemRunning register for intents

02-23 09:18:28.405  2769  2769 I power_partial_wake_state: [1,WiredAccessoryManager]

02-23 09:18:28.460  2769  2769 I am_proc_start: [0,3425,10089,com.sec.android.provider.emergencymode,content provider,com.sec.android.provider.emergencymode/.EmergencyProvider]

02-23 09:18:28.525  2769  2783 I am_proc_bound: [0,3425,com.sec.android.provider.emergencymode]

02-23 09:18:28.550  2769  2823 D SubscriptionManager: getDefaultSubId(): Fail! iSub is null

02-23 09:18:28.550  2769  2823 I power_partial_wake_state: [0,GpsLocationProvider]

02-23 09:18:28.560  2769  3440 D SubscriptionManager: getDefaultSubId(): Fail! iSub is null

02-23 09:18:28.615  2769  2769 I am_proc_start: [0,3445,1000,com.sec.android.emergencymode.service,service,com.sec.android.emergencymode.service/.EmergencyServiceStarter]

02-23 09:18:28.650  2769  2769 I am_proc_start: [0,3458,1001,com.android.phone,added application,com.android.phone]

02-23 09:18:28.680  2769  2769 I am_create_task: [0,533]

02-23 09:18:28.680  2769  2769 I am_create_activity: [0,158537128,533,com.sec.android.app.launcher/.activities.LauncherActivity,android.intent.action.MAIN,NULL,NULL,276824064,NULL,0]

02-23 09:18:28.685  2769  2769 I wm_task_created: [533,0]

02-23 09:18:28.685  2769  2769 I wm_task_moved: [533,1,0]

02-23 09:18:28.710  2769  2769 I am_proc_start: [0,3472,10048,com.sec.android.app.launcher,activity,com.sec.android.app.launcher/.activities.LauncherActivity]

02-23 09:18:28.710  2769  2769 I wm_task_moved: [533,1,0]

02-23 09:18:28.740  2769  2769 I am_focused_activity: [0,com.sec.android.app.launcher/.activities.LauncherActivity]

02-23 09:18:28.750  2769  2782 I am_proc_bound: [0,3445,com.sec.android.emergencymode.service]

02-23 09:18:28.760  2769  3125 I am_proc_bound: [0,3458,com.android.phone]

02-23 09:18:28.840  2769  3021 I am_proc_bound: [0,3472,com.sec.android.app.launcher]

02-23 09:18:28.855  2769  3021 I am_restart_activity: [0,158537128,533,com.sec.android.app.launcher/.activities.LauncherActivity,0]

02-23 09:18:29.010  2769  2823 I am_proc_start: [0,3508,10117,com.android.printspooler,service,com.android.printspooler/.model.PrintSpoolerService]

02-23 09:18:29.120  2769  2769 I am_proc_start: [0,3524,10043,com.sec.smartcard.manager,service,com.sec.smartcard.manager/com.sec.enterprise.mdm.sc.bai.BaiMobileAgentService]

02-23 09:18:29.120  2769  2782 I am_proc_bound: [0,3508,com.android.printspooler]

02-23 09:18:29.200  2769  2769 I am_proc_start: [0,3536,1000,com.samsung.ucs.agent.boot,service,com.samsung.ucs.agent.boot/.BootAgentService]

02-23 09:18:29.210  2769  2782 I am_proc_bound: [0,3524,com.sec.smartcard.manager]

02-23 09:18:29.285  2769  2782 I am_proc_bound: [0,3536,com.samsung.ucs.agent.boot]

02-23 09:18:29.375  2769  2769 I telecom_event: initialize telecom system

02-23 09:18:29.450  2769  2783 I configuration_changed: 536870912

02-23 09:18:29.650  2769  2769 I am_proc_start: [0,3568,1000,com.sec.imsservice,content provider,com.sec.imsservice/com.sec.internal.ims.imsservice.SettingsProvider]

02-23 09:18:29.735  2769  2783 I am_proc_bound: [0,3568,com.sec.imsservice]

02-23 09:18:29.775  3091  3347 D SubscriptionManager: getDefaultSubId(): Fail! iSub is null

02-23 09:18:29.930  2769  3492 I am_proc_start: [0,3595,10001,com.sec.android.provider.badge,content provider,com.sec.android.provider.badge/.BadgeProvider]

02-23 09:18:30.030  2769  2783 I am_proc_bound: [0,3595,com.sec.android.provider.badge]

02-23 09:18:30.500  2769  3021 I am_proc_start: [0,3631,1001,com.sec.imslogger,service,com.sec.imslogger/.services.IntentServiceForEvents]

02-23 09:18:30.540  2769  2782 D TelephonyRegistry: listen oscl: hasNotifySubscriptionInfoChangedOccurred==false no callback

02-23 09:18:30.550  3458  3458 I telephony_event: PhoneGlobals is created

02-23 09:18:30.555  2769  3026 D SubscriptionManager: getDefaultSubId(): Fail! iSub is null

02-23 09:18:30.555  2769  3026 D SubscriptionManager: getSimStateForSlotIdx: simState=0 slotIdx=0

02-23 09:18:30.555  2769  3026 D TelephonyManager: getSimState: default sim:-1, sim state for slotIdx=0 is 0, return state as unknown

02-23 09:18:30.585  3458  3458 D TDC     : updateOrInsert: inserting: Modem { uuid=modem, state=0, rilModel=0, rat={}, maxActiveVoiceCall=1, maxActiveDataCall=1, maxStandby=1 }

02-23 09:18:30.585  3458  3458 D TDC     : updateOrInsert: inserting: Sim { uuid=sim, modemUuid=modem, state=0 }

02-23 09:18:30.585  2769  3281 I am_proc_bound: [0,3631,com.sec.imslogger]

02-23 09:18:30.600  3458  3458 D CdmaSSM : subscriptionSource from settings: 1

02-23 09:18:30.600  3458  3458 I PhoneFactory: Cdma Subscription set to 1

02-23 09:18:30.655  3458  3458 I PhoneFactory: Network Mode set to 9

02-23 09:18:30.675  3458  3458 D RILJ    : RIL(context, preferredNetworkType=9 cdmaSubscription=1 instanceId=0)

02-23 09:18:30.690  3458  3458 D RILJ    : Starting RILReceiver0 [SUB0]

02-23 09:18:30.700  3458  3653 I RILJ    : (0) Connected to 'rild' socket

02-23 09:18:30.705  2191  2277 I RILC    : libril: new connection to RIL_SOCKET_1

02-23 09:18:30.705  2191  2277 I RILC    : RIL Daemon version: Samsung RIL v3.0

02-23 09:18:30.710  3458  3653 I RILJ    : !@Boot_SVC : RIL_UNSOL_RIL_CONNECTED

02-23 09:18:30.710  3458  3653 D RILJ    : [UNSL]< UNSOL_RIL_CONNECTED {8} [SUB0]

02-23 09:18:30.710  3458  3653 D RILJ    : [0000]> RADIO_POWER off [SUB0]

02-23 09:18:30.710  2769  2783 I power_partial_wake_state: [1,RILJ0]

02-23 09:18:30.720  3458  3653 D RILJ    : setCellInfoListRate: 2147483647 [SUB0]

02-23 09:18:30.720  3458  3653 D RILJ    : [0001]> RIL_REQUEST_SET_CELL_INFO_LIST_RATE [SUB0]

02-23 09:18:30.755  3458  3653 D RILJ    : [UNSL]< UNSOL_RESPONSE_RADIO_STATE_CHANGED RADIO_OFF [SUB0]

02-23 09:18:30.755  3458  3653 D RILJ    : Get default display because DefaultDisplay is null [SUB0]

02-23 09:18:30.755  3458  3653 D RILJ    : [0002]> SCREEN_STATE: true [SUB0]

02-23 09:18:30.755  2769  3125 I power_partial_wake_state: [1,RILJ0]

02-23 09:18:30.760  3458  3653 D RILJ    : [0000]< RADIO_POWER  [SUB0]

02-23 09:18:30.760  3568  3568 D SubscriptionManager: getDefaultSubId(): Fail! iSub is null

02-23 09:18:30.760  3458  3653 D RILJ    : [0001]< RIL_REQUEST_SET_CELL_INFO_LIST_RATE  [SUB0]

02-23 09:18:30.760  2769  2783 I power_partial_wake_state: [1,RILJ0]

02-23 09:18:30.765  3458  3653 D RILJ    : [UNSL]< UNSOL_RESPONSE_VOICE_NETWORK_STATE_CHANGED [SUB0]

02-23 09:18:30.765  3458  3653 D RILJ    : [0002]< SCREEN_STATE  [SUB0]

02-23 09:18:30.770  2769  3021 I power_partial_wake_state: [0,RILJ0]

02-23 09:18:30.810  2769  2769 D SubscriptionManager: getDefaultSubId(): Fail! iSub is null

02-23 09:18:30.810  2769  3033 I power_partial_wake_state: [1,NetworkStats]

02-23 09:18:30.815  2769  2769 D SubscriptionManager: getSimStateForSlotIdx: simState=0 slotIdx=0

02-23 09:18:30.815  2769  2769 D TelephonyManager: getSimState: default sim:-1, sim state for slotIdx=0 is 0, return state as unknown

02-23 09:18:30.815  3458  3458 D RILJ    : [0003]> GET_HARDWARE_CONFIG [SUB0]

02-23 09:18:30.815  2769  3021 I power_partial_wake_state: [1,RILJ0]

02-23 09:18:30.820  3458  3458 I PhoneFactory: Creating SubscriptionController

02-23 09:18:30.830  2769  3033 I netstats_mobile_sample: [0,0,0,0,0,0,0,0,0,0,0,0,-1]

02-23 09:18:30.830  2769  3033 I netstats_wifi_sample: [0,0,0,0,0,0,0,0,0,0,0,0,-1]

02-23 09:18:30.840  3458  3653 D RilRequest: [0003]< GET_HARDWARE_CONFIG error: com.android.internal.telephony.CommandException: REQUEST_NOT_SUPPORTED ret=

02-23 09:18:30.840  2769  3492 I power_partial_wake_state: [0,RILJ0]

02-23 09:18:30.845  2769  3033 I power_partial_wake_state: [0,NetworkStats]

02-23 09:18:30.855  2769  3024 D SubscriptionManager: getSimStateForSlotIdx: simState=0 slotIdx=-1

02-23 09:18:30.855  2769  3024 D SubscriptionManager: getSimStateForSlotIdx: simState=0 slotIdx=-1

02-23 09:18:30.855  2769  3024 D SubscriptionManager: getSimStateForSlotIdx: simState=0 slotIdx=-1

02-23 09:18:30.855  2769  3024 D SubscriptionManager: getSimStateForSlotIdx: simState=0 slotIdx=-1

02-23 09:18:30.875  2769  2769 I power_partial_wake_state: [0,WiredAccessoryManager]

02-23 09:18:30.885  3458  3458 D SubscriptionController: [refreshSubInfo]+ defaultSubId system:-1 voice:4 data:4 sms:4 / defaultSlotId voice:0 data:0

02-23 09:18:30.885  3458  3458 D SubscriptionController: selection:null null

02-23 09:18:30.900  2769  2828 I am_proc_start: [0,3655,10103,com.google.android.apps.maps,broadcast-3,com.google.android.apps.maps/com.google.android.apps.gmm.geofence.GeofenceLocationAvailabilityManager$LocationProviderChangeBroadcastReceiver]

02-23 09:18:30.910  3458  3458 D SubscriptionController: [getPhoneId]- no sims, returning default phoneId=0

02-23 09:18:30.915  3458  3458 D SubscriptionController: [getSubInfoRecord] id:XXX iccid:XXX simSlotIndex:XXXX displayName:XXX nameSource:XXX iconTint:XXX dataRoaming:XXX mcc:XXX mnc:XXX countIso:XXX subStatus:XXX NwMode:XXX

02-23 09:18:30.925  3458  3458 D SubscriptionController: [getPhoneId]- no sims, returning default phoneId=0

02-23 09:18:30.925  3458  3458 D SubscriptionController: [getSubInfoRecord] id:XXX iccid:XXX simSlotIndex:XXXX displayName:XXX nameSource:XXX iconTint:XXX dataRoaming:XXX mcc:XXX mnc:XXX countIso:XXX subStatus:XXX NwMode:XXX

02-23 09:18:30.930  3458  3458 D SubscriptionController: [getPhoneId]- no sims, returning default phoneId=0

02-23 09:18:30.930  3458  3458 D SubscriptionController: [getSubInfoRecord] id:XXX iccid:XXX simSlotIndex:XXXX displayName:XXX nameSource:XXX iconTint:XXX dataRoaming:XXX mcc:XXX mnc:XXX countIso:XXX subStatus:XXX NwMode:XXX

02-23 09:18:30.930  3458  3458 D SubscriptionController: [getPhoneId]- no sims, returning default phoneId=0

02-23 09:18:30.930  3458  3458 D SubscriptionController: [getSubInfoRecord] id:XXX iccid:XXX simSlotIndex:XXXX displayName:XXX nameSource:XXX iconTint:XXX dataRoaming:XXX mcc:XXX mnc:XXX countIso:XXX subStatus:XXX NwMode:XXX

02-23 09:18:30.930  3458  3458 D SubscriptionController: selection:sim_id>=0 null

02-23 09:18:30.960  2769  2828 I am_proc_start: [0,3667,10128,com.sec.android.daemonapp,broadcast-2,com.sec.android.daemonapp/.appwidget.WeatherAppWidget]

02-23 09:18:30.980  3458  3469 D SubscriptionController: [getSlotId]- subId invalid

02-23 09:18:30.980  3458  3458 D SubscriptionController: [getPhoneId]- no sims, returning default phoneId=0

02-23 09:18:30.980  3458  3458 D SubscriptionController: [getSubInfoRecord] id:XXX iccid:XXX simSlotIndex:XXXX displayName:XXX nameSource:XXX iconTint:XXX dataRoaming:XXX mcc:XXX mnc:XXX countIso:XXX subStatus:XXX NwMode:XXX

02-23 09:18:30.985  2769  3492 I am_proc_bound: [0,3655,com.google.android.apps.maps]

02-23 09:18:30.990  3458  3458 D SubscriptionController: [getSubId]- sSlotIdxToSubId.size == 0, return DummySubIds slotIdx=0

02-23 09:18:30.990  3458  3458 D SubscriptionController: [refreshSubInfo]+ ril.subinfo:0:2147483643

02-23 09:18:31.005  3458  3458 D SubscriptionController: [SubscriptionController] init by Context

02-23 09:18:31.015  3458  3458 D UiccController: Creating UiccController

02-23 09:18:31.015  3458  3458 D RILJ    : [0004]> GET_SIM_STATUS [SUB0]

02-23 09:18:31.015  2769  2782 I power_partial_wake_state: [1,RILJ0]

02-23 09:18:31.020  2769  2782 I power_partial_wake_state: [0,AudioMix]

02-23 09:18:31.030  3458  3653 D RilRequest: [0004]< GET_SIM_STATUS error: com.android.internal.telephony.CommandException: GENERIC_FAILURE ret=

02-23 09:18:31.030  2769  3125 I power_partial_wake_state: [0,RILJ0]

02-23 09:18:31.050  2769  3492 I am_proc_bound: [0,3667,com.sec.android.daemonapp]

02-23 09:18:31.070  3458  3458 D PhoneBase: initial mIsCallWaitingEnable is false

02-23 09:18:31.070  3458  3458 D PhoneBase: mDoesRilSendMultipleCallRing=true

02-23 09:18:31.070  3458  3458 D PhoneBase: mCallRingDelay=3000

02-23 09:18:31.070  3458  3458 D PhoneBase: configNetworkTypeCapability: ATT-ATT-GSM-USA

02-23 09:18:31.070  3458  3458 D PhoneBase: configVolteRedialPolicy: notallowed

02-23 09:18:31.070  3458  3458 D PhoneBase: getMainOperatorName: ATT

02-23 09:18:31.070  3458  3458 D PhoneBase: getSubOperatorName: ATT

02-23 09:18:31.070  3458  3458 D PhoneBase: NtcFeature: 0x0

02-23 09:18:31.085  3458  3458 D PhoneBase: use Legacy IMS?true

02-23 09:18:31.085  3458  3458 D RILJ    : [0005]> RIL_REQUEST_START_LCE [SUB0]

02-23 09:18:31.085  2769  2782 I power_partial_wake_state: [1,RILJ0]

02-23 09:18:31.090  3458  3653 D RilRequest: [0005]< RIL_REQUEST_START_LCE error: com.android.internal.telephony.CommandException: REQUEST_NOT_SUPPORTED ret=

02-23 09:18:31.090  3458  3458 D RILJ    : setPhoneType=1 old value=0 [SUB0]

02-23 09:18:31.090  2769  3492 I power_partial_wake_state: [0,RILJ0]

02-23 09:18:31.150  2769  3492 D TelephonyRegistry: listen oscl: hasNotifySubscriptionInfoChangedOccurred==false no callback

02-23 09:18:31.150  3458  3458 D TelephonyManager: setTelephonyProperty: success phoneId=0 property=gsm.network.type value: Unknown propVal=Unknown

02-23 09:18:31.175  3458  3458 D RILJ    : [0006]> SIGNAL_STRENGTH [SUB0]

02-23 09:18:31.180  3458  3653 D RilRequest: [0006]< SIGNAL_STRENGTH error: com.android.internal.telephony.CommandException: RADIO_NOT_AVAILABLE ret=

02-23 09:18:31.180  2769  2783 I power_partial_wake_state: [1,RILJ0]

02-23 09:18:31.180  2769  3125 I power_partial_wake_state: [0,RILJ0]

02-23 09:18:31.185  3458  3458 E GsmSST  : ruimUiccApplication is null

02-23 09:18:31.200  3472  3472 I am_on_resume_called: [0,com.sec.android.app.launcher.activities.LauncherActivity]

02-23 09:18:31.210  3458  3458 I DctBase : sbmcgm library not found!

02-23 09:18:31.235  3458  3458 D DCT     : [0]DCT.constructor

02-23 09:18:31.235  3458  3458 D SubscriptionController: [getSubId]- sSlotIdxToSubId.size == 0, return DummySubIds slotIdx=0

02-23 09:18:31.245  2769  3492 D TelephonyRegistry: listen oscl: hasNotifySubscriptionInfoChangedOccurred==false no callback

02-23 09:18:31.265  3458  3458 D Dcc     : E ctor

02-23 09:18:31.265  3458  3458 D Dcc     : X ctor

02-23 09:18:31.275  3458  3458 D SubscriptionController: [getPhoneId]- no sims, returning default phoneId=0

02-23 09:18:31.275  3458  3690 D Dcc     : DccDefaultState: msg.what=EVENT_RIL_CONNECTED mRilVersion=8

02-23 09:18:31.280  3458  3458 D DCT     : [0]GsmDCT.constructor

02-23 09:18:31.280  3458  3458 D SubscriptionController: [getSubId]- sSlotIdxToSubId.size == 0, return DummySubIds slotIdx=0

02-23 09:18:31.280  3458  3458 D DCT     : [0]update sub = 2147483643

02-23 09:18:31.280  3458  3458 D DCT     : [0]update(): Active DDS, register for all events now!

02-23 09:18:31.280  2769  2783 I am_proc_start: [0,3691,10050,com.google.android.googlequicksearchbox:search,service,com.google.android.googlequicksearchbox/com.google.android.hotword.service.HotwordService]

02-23 09:18:31.290  3458  3458 D GsmSST  : notifyDataRegStateRilRadioTechnologyChanged: drs=1 rat=0

02-23 09:18:31.290  3458  3458 D TelephonyManager: setTelephonyProperty: success phoneId=0 property=gsm.network.type value: Unknown propVal=Unknown

02-23 09:18:31.290  3458  3458 E PhoneBase: Error! registerForSubscriptionInfoReady() in PhoneBase should not be called, CDMAPhone inactive.

02-23 09:18:31.290  3458  3458 D DCT     : [0]onUpdateIcc(): phone type=1

02-23 09:18:31.295  3458  3458 D DCT     : [0]getDataEnabled: getIntWithSubId retVal=true

02-23 09:18:31.315  3458  3458 D SubscriptionController: [getSubId]- sSlotIdxToSubId.size == 0, return DummySubIds slotIdx=0

02-23 09:18:31.315  3458  3458 D GSMPhone: updateCurrentCarrierInProvider: mSubId = 2147483643 currentDds = 4 operatorNumeric = null

02-23 09:18:31.375  3458  3458 D DCT     : [0]initApnContexts: E

02-23 09:18:31.375  3458  3458 D DCT     : [0]initApnContexts: skipping unknown type=1

02-23 09:18:31.375  2769  3492 I am_proc_start: [0,3704,1000,com.sec.sve,service,com.sec.sve/.service.SecVideoEngineService]

02-23 09:18:31.385  3458  3458 D         : [ApnContext:default] set reason as dataEnabled,current state IDLE

02-23 09:18:31.385  3458  3458 D DCT     : [ApnContext:default] setPermanentRetryCount: 0

02-23 09:18:31.385  3458  3458 D DCT     : [0]initApnContexts: apnContext={mApnType=default mState=IDLE mWaitingApns={null} mWaitingApnsPermanentFailureCountDown=0 mApnSetting={null} mReason=dataEnabled mRefCount=0 mDataEnabled=false mDependencyMet=true}

02-23 09:18:31.385  3458  3458 D         : [ApnContext:mms] set reason as dataEnabled,current state IDLE

02-23 09:18:31.385  3458  3458 D DCT     : [ApnContext:mms] setPermanentRetryCount: 0

02-23 09:18:31.385  3458  3458 D DCT     : [0]initApnContexts: apnContext={mApnType=mms mState=IDLE mWaitingApns={null} mWaitingApnsPermanentFailureCountDown=0 mApnSetting={null} mReason=dataEnabled mRefCount=0 mDataEnabled=false mDependencyMet=true}

02-23 09:18:31.385  3458  3458 D         : [ApnContext:supl] set reason as dataEnabled,current state IDLE

02-23 09:18:31.385  3458  3458 D DCT     : [ApnContext:supl] setPermanentRetryCount: 0

02-23 09:18:31.385  3458  3458 D DCT     : [0]initApnContexts: apnContext={mApnType=supl mState=IDLE mWaitingApns={null} mWaitingApnsPermanentFailureCountDown=0 mApnSetting={null} mReason=dataEnabled mRefCount=0 mDataEnabled=false mDependencyMet=true}

02-23 09:18:31.385  3458  3458 D         : [ApnContext:dun] set reason as dataEnabled,current state IDLE

02-23 09:18:31.385  3458  3458 D DCT     : [ApnContext:dun] setPermanentRetryCount: 0

02-23 09:18:31.385  3458  3458 D DCT     : [0]initApnContexts: apnContext={mApnType=dun mState=IDLE mWaitingApns={null} mWaitingApnsPermanentFailureCountDown=0 mApnSetting={null} mReason=dataEnabled mRefCount=0 mDataEnabled=false mDependencyMet=true}

02-23 09:18:31.385  3458  3458 D         : [ApnContext:hipri] set reason as dataEnabled,current state IDLE

02-23 09:18:31.385  3458  3458 D DCT     : [ApnContext:hipri] setPermanentRetryCount: 0

02-23 09:18:31.385  3458  3458 D DCT     : [0]initApnContexts: apnContext={mApnType=hipri mState=IDLE mWaitingApns={null} mWaitingApnsPermanentFailureCountDown=0 mApnSetting={null} mReason=dataEnabled mRefCount=0 mDataEnabled=false mDependencyMet=true}

02-23 09:18:31.385  3458  3458 D DCT     : [0]initApnContexts: skipping unknown type=7

02-23 09:18:31.385  3458  3458 D DCT     : [0]initApnContexts: skipping unknown type=9

02-23 09:18:31.385  3458  3458 D         : [ApnContext:fota] set reason as dataEnabled,current state IDLE

02-23 09:18:31.385  3458  3458 D DCT     : [ApnContext:fota] setPermanentRetryCount: 0

02-23 09:18:31.385  3458  3458 D DCT     : [0]initApnContexts: apnContext={mApnType=fota mState=IDLE mWaitingApns={null} mWaitingApnsPermanentFailureCountDown=0 mApnSetting={null} mReason=dataEnabled mRefCount=0 mDataEnabled=false mDependencyMet=true}

02-23 09:18:31.390  3458  3458 D         : [ApnContext:ims] set reason as dataEnabled,current state IDLE

02-23 09:18:31.390  3458  3458 D DCT     : [ApnContext:ims] setPermanentRetryCount: 0

02-23 09:18:31.390  3458  3458 D DCT     : [0]initApnContexts: apnContext={mApnType=ims mState=IDLE mWaitingApns={null} mWaitingApnsPermanentFailureCountDown=0 mApnSetting={null} mReason=dataEnabled mRefCount=0 mDataEnabled=false mDependencyMet=true}

02-23 09:18:31.390  3458  3458 D         : [ApnContext:cbs] set reason as dataEnabled,current state IDLE

02-23 09:18:31.390  3458  3458 D DCT     : [ApnContext:cbs] setPermanentRetryCount: 0

02-23 09:18:31.390  3458  3458 D DCT     : [0]initApnContexts: apnContext={mApnType=cbs mState=IDLE mWaitingApns={null} mWaitingApnsPermanentFailureCountDown=0 mApnSetting={null} mReason=dataEnabled mRefCount=0 mDataEnabled=false mDependencyMet=true}

02-23 09:18:31.390  3458  3458 D DCT     : [0]initApnContexts: skipping unknown type=13

02-23 09:18:31.390  3458  3458 D         : [ApnContext:ia] set reason as dataEnabled,current state IDLE

02-23 09:18:31.390  3458  3458 D DCT     : [ApnContext:ia] setPermanentRetryCount: 0

02-23 09:18:31.390  3458  3458 D DCT     : [0]initApnContexts: apnContext={mApnType=ia mState=IDLE mWaitingApns={null} mWaitingApnsPermanentFailureCountDown=0 mApnSetting={null} mReason=dataEnabled mRefCount=0 mDataEnabled=false mDependencyMet=true}

02-23 09:18:31.390  3458  3458 D         : [ApnContext:emergency] set reason as dataEnabled,current state IDLE

02-23 09:18:31.390  3458  3458 D DCT     : [ApnContext:emergency] setPermanentRetryCount: 0

02-23 09:18:31.390  3458  3458 D DCT     : [0]initApnContexts: apnContext={mApnType=emergency mState=IDLE mWaitingApns={null} mWaitingApnsPermanentFailureCountDown=0 mApnSetting={null} mReason=dataEnabled mRefCount=0 mDataEnabled=false mDependencyMet=true}

02-23 09:18:31.390  3458  3458 D         : [ApnContext:bip] set reason as dataEnabled,current state IDLE

02-23 09:18:31.390  3458  3458 D DCT     : [ApnContext:bip] setPermanentRetryCount: 0

02-23 09:18:31.390  3458  3458 D DCT     : [0]initApnContexts: apnContext={mApnType=bip mState=IDLE mWaitingApns={null} mWaitingApnsPermanentFailureCountDown=0 mApnSetting={null} mReason=dataEnabled mRefCount=0 mDataEnabled=false mDependencyMet=true}

02-23 09:18:31.390  3458  3458 D         : [ApnContext:cas] set reason as dataEnabled,current state IDLE

02-23 09:18:31.390  3458  3458 D DCT     : [ApnContext:cas] setPermanentRetryCount: 0

02-23 09:18:31.390  3458  3458 D DCT     : [0]initApnContexts: apnContext={mApnType=cas mState=IDLE mWaitingApns={null} mWaitingApnsPermanentFailureCountDown=0 mApnSetting={null} mReason=dataEnabled mRefCount=0 mDataEnabled=false mDependencyMet=true}

02-23 09:18:31.390  3458  3458 D         : [ApnContext:xcap] set reason as dataEnabled,current state IDLE

02-23 09:18:31.390  3458  3458 D DCT     : [ApnContext:xcap] setPermanentRetryCount: 0

02-23 09:18:31.390  3458  3458 D DCT     : [0]initApnContexts: apnContext={mApnType=xcap mState=IDLE mWaitingApns={null} mWaitingApnsPermanentFailureCountDown=0 mApnSetting={null} mReason=dataEnabled mRefCount=0 mDataEnabled=false mDependencyMet=true}

02-23 09:18:31.390  3458  3458 D         : [ApnContext:ent1] set reason as dataEnabled,current state IDLE

02-23 09:18:31.390  3458  3458 D DCT     : [ApnContext:ent1] setPermanentRetryCount: 0

02-23 09:18:31.390  3458  3458 D DCT     : [0]initApnContexts: apnContext={mApnType=ent1 mState=IDLE mWaitingApns={null} mWaitingApnsPermanentFailureCountDown=0 mApnSetting={null} mReason=dataEnabled mRefCount=0 mDataEnabled=false mDependencyMet=true}

02-23 09:18:31.390  3458  3458 D         : [ApnContext:ent2] set reason as dataEnabled,current state IDLE

02-23 09:18:31.390  3458  3458 D DCT     : [ApnContext:ent2] setPermanentRetryCount: 0

02-23 09:18:31.390  3458  3458 D DCT     : [0]initApnContexts: apnContext={mApnType=ent2 mState=IDLE mWaitingApns={null} mWaitingApnsPermanentFailureCountDown=0 mApnSetting={null} mReason=dataEnabled mRefCount=0 mDataEnabled=false mDependencyMet=true}

02-23 09:18:31.390  3458  3458 D DCT     : [0]initApnContexts: X mApnContexts={xcap={mApnType=xcap mState=IDLE mWaitingApns={null} mWaitingApnsPermanentFailureCountDown=0 mApnSetting={null} mReason=dataEnabled mRefCount=0 mDataEnabled=false mDependencyMet=true}, fota={mApnType=fota mState=IDLE mWaitingApns={null} mWaitingApnsPermanentFailureCountDown=0 mApnSetting={null} mReason=dataEnabled mRefCount=0 mDataEnabled=false mDependencyMet=true}, supl={mApnType=supl mState=IDLE mWaitingApns={null} mWaitingApnsPermanentFailureCountDown=0 mApnSetting={null} mReason=dataEnabled mRefCount=0 mDataEnabled=false mDependencyMet=true}, bip={mApnType=bip mState=IDLE mWaitingApns={null} mWaitingApnsPermanentFailureCountDown=0 mApnSetting={null} mReason=dataEnabled mRefCount=0 mDataEnabled=false mDependencyMet=true}, ent2={mApnType=ent2 mState=IDLE mWaitingApns={null} mWaitingApnsPermanentFailureCountDown=0 mApnSetting={null} mReason=dataEnabled mRefCount=0 mDataEnabled=false mDependencyMet=true}, emergency={mApnType=emergency mState=IDLE mWaitingApns={null} mWaitingApnsPermanentFailureCountDown=0 mApnSetting={null} mReason=dataEnabled mRefCount=0 mDataEnabled=false mDependencyMet=true}, ent1={mApnType=ent1 mState=IDLE mWaitingApns={null} mWaitingApnsPermanentFailureCountDown=0 mApnSetting={null} mReason=dataEnabled mRefCount=0 mDataEnabled=false mDependencyMet=true}, hipri={mApnType=hipri mState=IDLE mWaitingApns={null} mWaitingApnsPermanentFailureCountDown=0 mApnSetting={null} mReason=dataEnabled mRefCount=0 mDataEnabled=false mDependencyMet=true}, ims={mApnType=ims mState=IDLE mWaitingApns={null} mWaitingApnsPermanentFailureCountDown=0 mApnSetting={null} mReason=dataEnabled mRefCount=0 mDataEnabled=false mDependencyMet=true}, default={mApnType=default mState=IDLE mWaitingApns={null} mWaitingApnsPermanentFailureCountDown=0 mApnSetting={null} mReason=dataEnabled mRefCount=0 mDataEnabled=false mDependencyMet=true}, mms={mApnType=mms mState=IDLE mWaitingApns={null} mWaitingApnsPermanentFailureCountDown=0 mApnSetting={null} mReason=dataEnabled mRefCount=0 mDataEnabled=false mDependencyMet=true}, cas={mApnType=cas mState=IDLE mWaitingApns={null} mWaitingApnsPermanentFailureCountDown=0 mApnSetting={null} mReason=dataEnabled mRefCount=0 mDataEnabled=false mDependencyMet=true}, cbs={mApnType=cbs mState=IDLE mWaitingApns={null} mWaitingApnsPermanentFailureCountDown=0 mApnSetting={null} mReason=dataEnabled mRefCount=0 mDataEnabled=false mDependencyMet=true}, ia={mApnType=ia mState=IDLE mWaitingApns={null} mWaitingApnsPermanentFailureCountDown=0 mApnSetting={null} mReason=dataEnabled mRefCount=0 mDataEnabled=false mDependencyMet=true}, dun={mApnType=dun mState=IDLE mWaitingApns={null} mWaitingApnsPermanentFailureCountDown=0 mApnSetting={null} mReason=dataEnabled mRefCount=0 mDataEnabled=false mDependencyMet=true}}

02-23 09:18:31.390  3458  3458 D DCT     : [0]initApnContexts: X mPrioritySortedApnContexts= [{mApnType=default mState=IDLE mWaitingApns={null} mWaitingApnsPermanentFailureCountDown=0 mApnSetting={null} mReason=dataEnabled mRefCount=0 mDataEnabled=false mDependencyMet=true}, {mApnType=ims mState=IDLE mWaitingApns={null} mWaitingApnsPermanentFailureCountDown=0 mApnSetting={null} mReason=dataEnabled mRefCount=0 mDataEnabled=false mDependencyMet=true}, {mApnType=mms mState=IDLE mWaitingApns={null} mWaitingApnsPermanentFailureCountDown=0 mApnSetting={null} mReason=dataEnabled mRefCount=0 mDataEnabled=false mDependencyMet=true}, {mApnType=supl mState=IDLE mWaitingApns={null} mWaitingApnsPermanentFailureCountDown=0 mApnSetting={null} mReason=dataEnabled mRefCount=0 mDataEnabled=false mDependencyMet=true}, {mApnType=dun mState=IDLE mWaitingApns={null} mWaitingApnsPermanentFailureCountDown=0 mApnSetting={null} mReason=dataEnabled mRefCount=0 mDataEnabled=false mDependencyMet=true}, {mApnType=fota mState=IDLE mWaitingApns={null} mWaitingApnsPermanentFailureCountDown=0 mApnSetting={null} mReason=dataEnabled mRefCount=0 mDataEnabled=false mDependencyMet=true}, {mApnType=cbs mState=IDLE mWaitingApns={null} mWaitingApnsPermanentFailureCountDown=0 mApnSetting={null} mReason=dataEnabled mRefCount=0 mDataEnabled=false mDependencyMet=true}, {mApnType=ia mState=IDLE mWaitingApns={null} mWaitingApnsPermanentFailureCountDown=0 mApnSetting={null} mReason=dataEnabled mRefCount=0 mDataEnabled=false mDependencyMet=true}, {mApnType=emergency mState=IDLE mWaitingApns={null} mWaitingApnsPermanentFailureCountDown=0 mApnSetting={null} mReason=dataEnabled mRefCount=0 mDataEnabled=false mDependencyMet=true}, {mApnType=bip mState=IDLE mWaitingApns={null} mWaitingApnsPermanentFailureCountDown=0 mApnSetting={null} mReason=dataEnabled mRefCount=0 mDataEnabled=false mDependencyMet=true}, {mApnType=xcap mState=IDLE mWaitingApns={null} mWaitingApnsPermanentFailureCountDown=0 mApnSetting={null} mReason=dataEnabled mRefCount=0 mDataEnabled=false mDependencyMet=true}, {mApnType=ent1 mState=IDLE mWaitingApns={null} mWaitingApnsPermanentFailureCountDown=0 mApnSetting={null} mReason=dataEnabled mRefCount=0 mDataEnabled=false mDependencyMet=true}, {mApnType=ent2 mState=IDLE mWaitingApns={null} mWaitingApnsPermanentFailureCountDown=0 mApnSetting={null} mReason=dataEnabled mRefCount=0 mDataEnabled=false mDependencyMet=true}, {mApnType=hipri mState=IDLE mWaitingApns={null} mWaitingApnsPermanentFailureCountDown=0 mApnSetting={null} mReason=dataEnabled mRefCount=0 mDataEnabled=false mDependencyMet=true}, {mApnType=cas mState=IDLE mWaitingApns={null} mWaitingApnsPermanentFailureCountDown=0 mApnSetting={null} mReason=dataEnabled mRefCount=0 mDataEnabled=false mDependencyMet=true}]

02-23 09:18:31.495  3458  3458 D DCT     : [0]getInsertedSimCount() count:1

02-23 09:18:31.495  2769  3125 I am_proc_bound: [0,3691,com.google.android.googlequicksearchbox:search]

02-23 09:18:31.500  3458  3458 D ImsPrefValue: ImsPrefValue is made!

02-23 09:18:31.505  3458  3458 D TelephonyManager: setTelephonyProperty: success phoneId=0 property=gsm.current.phone-type value: 1 propVal=1

02-23 09:18:31.510  3458  3458 D GSMPhone: GSMPhone: constructor: sub = 0

02-23 09:18:31.510  3458  3458 D TelephonyManager: setTelephonyProperty: success phoneId=0 property=gsm.current.phone-type value: 1 propVal=1

02-23 09:18:31.510  3458  3458 I PhoneFactory: Creating Phone with type = 1 sub = 0

02-23 09:18:31.530  2769  3492 I am_proc_bound: [0,3704,com.sec.sve]

