02-23 09:19:08.450  4144  4337 D TelephonyManager: getTopPackageName = com.sec.android.app.launcher

02-23 09:19:08.470  4144  4337 D TelephonyManager: getTopPackageName = com.sec.android.app.launcher

02-23 09:19:08.750  4144  4337 D TelephonyManager: getTopPackageName = com.sec.android.app.launcher

02-23 09:19:08.830  2769  2783 I am_proc_start: [0,4821,5004,com.samsung.storyservice,service,com.samsung.storyservice/.StoryService]

02-23 09:19:08.915  4144  4337 D TelephonyManager: getTopPackageName = com.sec.android.app.launcher

02-23 09:19:08.955  4144  4337 D TelephonyManager: getTopPackageName = com.sec.android.app.launcher

02-23 09:19:08.960  2769  3844 I am_proc_bound: [0,4821,com.samsung.storyservice]

02-23 09:19:08.980  4144  4337 D TelephonyManager: getTopPackageName = com.sec.android.app.launcher

02-23 09:19:09.005  4144  4337 D TelephonyManager: getTopPackageName = com.sec.android.app.launcher

02-23 09:19:09.040  4144  4337 D TelephonyManager: getTopPackageName = com.sec.android.app.launcher

02-23 09:19:09.065  4144  4337 D TelephonyManager: getTopPackageName = com.sec.android.app.launcher

02-23 09:19:09.080  2769  2783 I am_proc_start: [0,4835,10001,com.sec.android.provider.badge,content provider,com.sec.android.provider.badge/.BadgeProvider]

02-23 09:19:09.130  4144  4337 D TelephonyManager: getTopPackageName = com.sec.android.app.launcher

02-23 09:19:09.140  2769  3806 I am_proc_bound: [0,4835,com.sec.android.provider.badge]

02-23 09:19:09.145  2769  3806 I am_kill : [0,3787,com.samsung.android.sm.provider,15,DHA:empty #25]

02-23 09:19:09.220  3458  3458 D RILJ    : [0044]> OPERATOR [SUB0]

02-23 09:19:09.220  3458  3458 D RILJ    : [0045]> DATA_REGISTRATION_STATE [SUB0]

02-23 09:19:09.220  2769  4087 I power_partial_wake_state: [1,RILJ0]

02-23 09:19:09.220  2769  3844 I power_partial_wake_state: [1,RILJ0]

02-23 09:19:09.225  3458  3458 D RILJ    : [0046]> VOICE_REGISTRATION_STATE [SUB0]

02-23 09:19:09.225  3458  3458 D RILJ    : [0047]> QUERY_NETWORK_SELECTION_MODE [SUB0]

02-23 09:19:09.225  2769  3805 I power_partial_wake_state: [1,RILJ0]

02-23 09:19:09.225  2769  3492 I power_partial_wake_state: [1,RILJ0]

02-23 09:19:09.230  3458  3653 D RILJ    : [0044]< OPERATOR {xx,xx,xx,xx} [SUB0]

02-23 09:19:09.235  3458  3653 D RILJ    : [0045]< DATA_REGISTRATION_STATE {0, 0000, 00000000, 0, null, 4, 0xfffe, null, 0x00000000, null, null, 0} [SUB0]

02-23 09:19:09.235  3458  3458 D TelephonyManager: setTelephonyProperty: success phoneId=0 property=gsm.operator.ispsroaming value: false propVal=false

02-23 09:19:09.240  3458  3458 D GsmSST  : handlPollStateResultMessage: GsmSST setDataRegState=1 regState=0 dataRadioTechnology=0

02-23 09:19:09.240  3458  3653 D RILJ    : [0046]< VOICE_REGISTRATION_STATE {0, 0000, 00000000, 0, null, null, null, null, null, null, null, null, null, null, null, 2, 2, 0} [SUB0]

02-23 09:19:09.240  3458  3458 D GsmSST  : handlePollStateResult(); regState: 0, mNewLuRejCause: -1

02-23 09:19:09.245  3458  3653 D RILJ    : [0047]< QUERY_NETWORK_SELECTION_MODE {0} [SUB0]

02-23 09:19:09.245  2769  3125 I power_partial_wake_state: [0,RILJ0]

02-23 09:19:09.250  3458  3458 I SIMRecords: [SIMRecords] getFakeHomeOn() simOper[******], getIMSI()[******]

02-23 09:19:09.255  3458  3458 D GsmSST  : Poll ServiceState done:  oldSS=[1 1 voice home data home  Unknown Unknown CSS not supported -1 -1 RoamInd=-1 DefRoamInd=-1 VoiceRegType=0 ImsVoiceAvail=0 IsEbSupport=2 IsEaBarred=0 Snap=0 FemtocellInd=0 EmergOnly=false IsDataRoamingFromRegistration=false] newSS=[1 1 voice home data home  Unknown Unknown CSS not supported -1 -1 RoamInd=-1 DefRoamInd=-1 VoiceRegType=0 ImsVoiceAvail=2 IsEbSupport=2 IsEaBarred=0 Snap=0 FemtocellInd=0 EmergOnly=false IsDataRoamingFromRegistration=false] oldMaxDataCalls=4 mNewMaxDataCalls=4 oldReasonDataDenied=-1 mNewReasonDataDenied=-1

02-23 09:19:09.255  3458  3458 D GsmSST  : hasChanged : false, NetworkStateChangedByRescanDialog : true, isFirstRescanDialogCheckAfterBoot : false

02-23 09:19:09.255  3458  3458 D GsmSST  : SelectionMode : 0, isBootCompleted : false

02-23 09:19:09.260  2769  3729 I am_proc_died: [0,3787,com.samsung.android.sm.provider,15,44,482]

02-23 09:19:09.265  4144  4337 D TelephonyManager: getTopPackageName = com.sec.android.app.launcher

02-23 09:19:09.330  2769  2823 I am_pss  : [3297,10114,com.sec.android.app.sbrowser,2787328,1921024]

02-23 09:19:09.540  4144  4337 D TelephonyManager: getTopPackageName = com.sec.android.app.launcher

02-23 09:19:09.585  4144  4337 D TelephonyManager: getTopPackageName = com.sec.android.app.launcher

02-23 09:19:09.585  4144  4337 D TelephonyManager: getTopPackageName = com.sec.android.app.launcher

02-23 09:19:09.610  4144  4337 D TelephonyManager: getTopPackageName = com.sec.android.app.launcher

02-23 09:19:09.740  2769  3729 I am_kill : [0,3508,com.android.printspooler,15,DHA:empty #25]

02-23 09:19:09.990  2769  3844 I am_proc_died: [0,3508,com.android.printspooler,15,44,474]

02-23 09:19:10.085  2769  3492 I force_gc: Binder

02-23 09:19:10.165  2769  2823 I am_pss  : [3109,10007,com.android.externalstorage,1519616,978944]

02-23 09:19:10.955  2769  2823 I am_pss  : [3655,10103,com.google.android.apps.maps,62648320,61336576]

02-23 09:19:12.070  4144  4430 D TelephonyManager: getTopPackageName = com.sec.android.app.launcher

02-23 09:19:12.135  2769  2823 I am_pss  : [3242,10002,android.process.acore,4322304,3497984]

02-23 09:19:13.335  2769  2823 I am_pss  : [4681,10008,com.google.android.gms,111922176,110796800]

02-23 09:19:13.450  2769  4087 I power_partial_wake_state: [0,MediaScannerService]

02-23 09:19:13.825  3754  4412 I [70220] : [CheckinTask:SentRequest,198305]

02-23 09:19:15.070  3754  4412 I [70220] : [CheckinTask:ReceivedResponse,199551]

02-23 09:19:15.105  2769  2783 I power_partial_wake_state: [1,Icing]

02-23 09:19:15.175  2769  2823 I am_pss  : [4195,1000,com.samsung.android.MtpApplication,1821696,1318912]

02-23 09:19:15.330  2769  3806 I am_schedule_service_restart: [0,com.google.android.gms/com.google.android.location.network.NetworkLocationService,1000]

02-23 09:19:15.330  2769  3806 I am_schedule_service_restart: [0,com.google.android.gms/com.google.android.location.internal.GoogleLocationManagerService,11000]

02-23 09:19:15.330  2769  3806 I am_schedule_service_restart: [0,com.google.android.gms/com.google.android.location.internal.server.HardwareArProviderService,21000]

02-23 09:19:15.330  2769  3806 I am_schedule_service_restart: [0,com.google.android.gms/.chimera.PersistentApiService,31000]

02-23 09:19:15.330  2769  3806 I am_schedule_service_restart: [0,com.google.android.gms/.backup.BackupTransportService,41000]

02-23 09:19:15.330  2769  3806 I am_schedule_service_restart: [0,com.google.android.gms/.chimera.PersistentBoundBrokerService,51000]

02-23 09:19:15.330  2769  3806 I am_schedule_service_restart: [0,com.google.android.gms/.chimera.PersistentDirectBootAwareApiService,61000]

02-23 09:19:15.330  2769  3806 I am_schedule_service_restart: [0,com.google.android.gms/com.google.android.location.fused.FusedLocationService,70999]

02-23 09:19:15.330  2769  3806 I am_schedule_service_restart: [0,com.google.android.gms/.location.geocode.GeocodeService,80999]

02-23 09:19:15.355  2769  3806 I am_proc_start: [0,4904,10008,com.google.android.gms.persistent,broadcast-2,com.google.android.gms/.chimera.GmsIntentOperationService$PersistentTrustedReceiver]

02-23 09:19:15.365  2769  2823 I am_pss  : [4174,10003,com.android.carrierconfig,1086464,589824]

02-23 09:19:15.410  2769  2769 I backup_transport_lifecycle: [com.google.android.gms/.backup.BackupTransportService,0]

02-23 09:19:15.415  2769  3021 I am_proc_bound: [0,4904,com.google.android.gms.persistent]

02-23 09:19:15.555  2769  2823 I am_pss  : [4252,1000,com.samsung.android.SettingsReceiver,2382848,1892352]

02-23 09:19:16.040  3458  3458 D RILJ    : [0048]> SIGNAL_STRENGTH [SUB0]

02-23 09:19:16.040  2769  3806 I power_partial_wake_state: [1,RILJ0]

02-23 09:19:16.045  3458  3653 D RILJ    : [0048]< SIGNAL_STRENGTH SignalStrength: 0 99 0 200 0 200 -1 0 2147483647 255 2147483647 2147483647 2147483647 0x0 gsm|lte [SUB0]

02-23 09:19:16.045  3458  3458 W SignalStrength: Signal before validate=SignalStrength: 0 99 0 200 0 200 -1 0 2147483647 255 2147483647 2147483647 2147483647 0x0 gsm|lte

02-23 09:19:16.045  3458  3458 W SignalStrength: Signal after validate=SignalStrength: 0 99 -120 -200 -120 -200 -1 0 2147483647 2147483647 2147483647 2147483647 2147483647 0x0 gsm|lte

02-23 09:19:16.045  3458  3458 D DefaultPhoneNotifier: notifySignalStrength: mRegistry=com.android.internal.telephony.ITelephonyRegistry$Stub$Proxy@6d1279e ss=SignalStrength: 0 99 -120 -200 -120 -200 -1 0 2147483647 2147483647 2147483647 2147483647 2147483647 0x0 gsm|lte sender=Handler (com.android.internal.telephony.gsm.GSMPhone) {b6f7625}

02-23 09:19:16.045  2769  3281 I power_partial_wake_state: [0,RILJ0]

02-23 09:19:16.055  3458  3469 D TelephonyManager: getLteOnCdmaMode=0 curVal=0 product_type='' lteOnCdmaProductType=''

02-23 09:19:16.205  2769  2823 I am_pss  : [4267,1000,com.wssnps,2541568,2007040]

02-23 09:19:16.385  2769  3805 I am_proc_start: [0,4937,10162,com.esuper.file.explorer,broadcast-3,com.esuper.file.explorer/com.frames.filemanager.StorageReceiver]

02-23 09:19:16.390  2769  3805 I am_kill : [0,4105,com.visionobjects.resourcemanager,15,DHA:empty #25]

02-23 09:19:16.440  2769  3805 I am_proc_bound: [0,4937,com.esuper.file.explorer]

02-23 09:19:16.465  2769  2823 I am_pss  : [4290,10151,com.mayank.rucky,4199424,3555328]

02-23 09:19:16.470  2769  3125 I am_proc_died: [0,4105,com.visionobjects.resourcemanager,15,102,452]

02-23 09:19:16.590  2769  2823 I am_pss  : [4311,10012,com.google.android.partnersetup,2465792,1994752]

02-23 09:19:16.895  2769  2823 I am_pss  : [4323,1000,com.samsung.android.sm,2789376,2273280]

02-23 09:19:18.285  2769  2823 I am_pss  : [4383,1000,com.sec.modem.settings,2396160,1921024]

02-23 09:19:18.345  2769  2823 I am_pss  : [4360,1000,com.sec.android.app.mt,2409472,1921024]

02-23 09:19:18.990  2769  2823 I am_pss  : [4448,10140,com.google.android.apps.chromecast.app,24865792,22130688]

02-23 09:19:20.050  2769  3125 I force_gc: Binder

02-23 09:19:20.135  2769  2783 I am_proc_start: [0,5006,10163,com.ace.ex.file.manager,broadcast-3,com.ace.ex.file.manager/com.ace.fileexplorer.AceStorageReceiver]

02-23 09:19:20.240  2769  4087 I am_proc_bound: [0,5006,com.ace.ex.file.manager]

02-23 09:19:21.015  2769  3281 I power_partial_wake_state: [1,DatabaseProcessorService]

02-23 09:19:21.205  2769  3805 I power_partial_wake_state: [0,DatabaseProcessorService]

02-23 09:19:22.225  2769  2769 I notification_enqueue: [10162,4937,com.esuper.file.explorer,36230469,NULL,0,Notification(pri=0 contentView=com.esuper.file.explorer/0x7f0d025e vibrate=null sound=null defaults=0x0 flags=0x42 color=0x00000000 vis=PRIVATE secFlags=0x0 secPriority=0),0]

02-23 09:19:22.445  2769  3806 I notification_expansion: [0|com.esuper.file.explorer|36230469|null|10162,0,1,222,222,0]

02-23 09:19:22.445  2769  4087 I notification_expansion: [0|com.android.phone|273|null|1001,0,0,42186,41361,0]

02-23 09:19:22.720  2769  2769 I notification_enqueue: [10162,4937,com.esuper.file.explorer,36230469,NULL,0,Notification(pri=0 contentView=com.esuper.file.explorer/0x7f0d025e vibrate=null sound=null defaults=0x0 flags=0x42 color=0x00000000 vis=PRIVATE secFlags=0x0 secPriority=0),1]

02-23 09:19:24.590  2769  2823 I am_pss  : [4539,1000,com.sec.knox.switcher,1330176,872448]

02-23 09:19:25.225  2769  4087 I power_partial_wake_state: [1,MediaScannerService]

02-23 09:19:25.275  2769  3805 I am_kill : [0,4174,com.android.carrierconfig,15,DHA:empty #25]

02-23 09:19:25.315  2769  2828 I am_proc_start: [0,5140,1000,com.sec.android.app.sysscope,broadcast-3,com.sec.android.app.sysscope/.receiver.BootCompleteReceiver]

02-23 09:19:25.320  2769  2828 I am_broadcast_discard_app: [0,162074125,android.intent.action.SIM_STATE_CHANGED,14,ResolveInfo{5771a58 com.google.android.gms/.chimera.GmsIntentOperationService$PersistentTrustedReceiver m=0x108000}]

02-23 09:19:25.335  2769  3805 I am_proc_died: [0,4174,com.android.carrierconfig,15,55,401]

02-23 09:19:25.365  2769  2828 I am_anr  : [0,4904,com.google.android.gms.persistent,-1194836283,Broadcast of Intent { act=android.intent.action.SIM_STATE_CHANGED flg=0x14000010 cmp=com.google.android.gms/.chimera.GmsIntentOperationService$PersistentTrustedReceiver (has extras) }]

02-23 09:19:25.425  3458  3469 D SubscriptionController: [getActiveSubInfoList]+

02-23 09:19:25.425  2769  3281 I am_proc_bound: [0,5140,com.sec.android.app.sysscope]

02-23 09:19:25.430  3458  3807 D SubscriptionController: [getActiveSubInfoList]+

02-23 09:19:25.435  3458  3687 D SubscriptionController: getSimStateForSlotIdx:  simState=NETWORK_LOCKED ordinal=4

02-23 09:19:25.435  3091  3091 D SubscriptionManager: getSimStateForSlotIdx: simState=4 slotIdx=0

02-23 09:19:25.460  3458  4064 D SubscriptionController: [getActiveSubInfoList]+

02-23 09:19:25.525  3458  3471 D SubscriptionController: [getActiveSubInfoList]+

02-23 09:19:26.795  2769  2823 I am_pss  : [4557,10006,com.att.android.digitallocker,13621248,12398592]

02-23 09:19:26.950  2769  2823 I am_pss  : [4772,10035,com.samsung.android.email.provider:service,9005056,6230016]

02-23 09:19:27.100  2769  3125 I am_proc_start: [0,5193,10116,com.android.calendar,broadcast-2,com.android.calendar/.common.receiver.WeatherActionReceiver]

02-23 09:19:27.145  2769  2823 I am_pss  : [4522,10049,com.sec.app.TransmitPowerService,758784,278528]

02-23 09:19:27.435  2769  3844 I am_proc_bound: [0,5193,com.android.calendar]

02-23 09:19:27.705  2769  3844 I am_proc_start: [0,5207,1000,com.sec.factory,broadcast-3,com.sec.factory/.entry.FactoryTestBroadcastReceiver]

02-23 09:19:27.800  2769  3805 I am_proc_bound: [0,5207,com.sec.factory]

02-23 09:19:27.890  2769  4087 I am_proc_start: [0,5221,10032,com.android.vending,service,com.android.vending/com.google.android.finsky.developergroupidinfo.DeveloperGroupIdInfoService]

02-23 09:19:27.925  2769  2783 I am_proc_bound: [0,5221,com.android.vending]

02-23 09:19:28.330  2769  3021 I power_partial_wake_state: [0,MediaScannerService]

02-23 09:19:28.400  2769  3806 I am_proc_start: [0,5250,10029,com.android.providers.calendar,content provider,com.android.providers.calendar/.CalendarProvider2]

02-23 09:19:28.435  2769  3844 I am_proc_bound: [0,5250,com.android.providers.calendar]

02-23 09:19:28.485  2769  3492 I force_gc: Binder

02-23 09:19:28.880  2769  2783 I am_kill : [0,4195,com.samsung.android.MtpApplication,15,DHA:empty #25]

02-23 09:19:29.860  2769  3805 I am_proc_start: [0,5280,10162,.xffm,service,com.esuper.file.explorer/com.frames.access.service.PathMonitorService]

02-23 09:19:29.870  2769  3492 I am_proc_died: [0,4195,com.samsung.android.MtpApplication,15,33,401]

02-23 09:19:29.905  3242  3283 I content_query_sample: contents_sample_state: [ contacts(2) data(8) accounts({vnd.sec.contact.phone (2)=1, com.google (3)=1}) accounts deleted({}) calls([])  ]


02-23 09:19:29.905  3242  3283 I content_query_sample: contents_sample_state: [ agr({[3]=1, [2]=1})  ]

02-23 09:19:29.925  2769  2782 I am_proc_bound: [0,5280,.xffm]

02-23 09:19:31.300  2769  2828 I am_kill : [0,4904,com.google.android.gms.persistent,0,bg anr]

02-23 09:19:31.840  2769  2783 I am_proc_died: [0,4904,com.google.android.gms.persistent,0,152,381]

02-23 09:19:31.875  2769  2783 I am_schedule_service_restart: [0,com.google.android.gms/com.google.android.location.network.NetworkLocationService,1000]

02-23 09:19:31.895  2769  2783 I am_schedule_service_restart: [0,com.google.android.gms/com.google.android.location.internal.GoogleLocationManagerService,11000]

02-23 09:19:31.895  2769  2783 I am_schedule_service_restart: [0,com.google.android.gms/com.google.android.location.internal.server.HardwareArProviderService,21000]

02-23 09:19:31.895  2769  2783 I am_schedule_service_restart: [0,com.google.android.gms/.chimera.PersistentApiService,31000]

02-23 09:19:31.895  2769  2783 I am_schedule_service_restart: [0,com.google.android.gms/.chimera.PersistentIntentOperationService,41000]

02-23 09:19:31.895  2769  2783 I am_schedule_service_restart: [0,com.google.android.gms/.backup.BackupTransportService,50999]

02-23 09:19:31.895  2769  2783 I am_schedule_service_restart: [0,com.google.android.gms/.chimera.PersistentBoundBrokerService,60999]

02-23 09:19:31.895  2769  2783 I am_schedule_service_restart: [0,com.google.android.gms/.chimera.PersistentDirectBootAwareApiService,70999]

02-23 09:19:31.895  2769  2783 I am_schedule_service_restart: [0,com.google.android.gms/com.google.android.location.fused.FusedLocationService,80999]

02-23 09:19:31.895  2769  2783 I am_schedule_service_restart: [0,com.google.android.gms/com.google.android.location.internal.server.GoogleLocationService,90999]

02-23 09:19:31.895  2769  2783 I am_schedule_service_restart: [0,com.google.android.gms/.location.geocode.GeocodeService,100999]

02-23 09:19:31.900  2769  2783 I am_kill : [0,4252,com.samsung.android.SettingsReceiver,15,DHA:empty #25]

02-23 09:19:31.975  2769  5165 I am_proc_start: [0,5337,10008,com.google.android.gms.persistent,service,com.google.android.gms/.chimera.PersistentDirectBootAwareApiService]

02-23 09:19:31.975  2769  3729 I am_proc_died: [0,4252,com.samsung.android.SettingsReceiver,15,146,386]

02-23 09:19:32.215  2769  3021 I am_proc_bound: [0,5337,com.google.android.gms.persistent]

02-23 09:19:32.780  2769  2782 I power_partial_wake_state: [1,MediaScannerService]

02-23 09:19:33.230  2769  2769 I am_proc_start: [0,5395,10020,net.aetherpal.device,broadcast-3,net.aetherpal.device/com.aetherpal.android.receivers.ApBootReceiver]

02-23 09:19:33.330  2769  3125 I am_proc_bound: [0,5395,net.aetherpal.device]

02-23 09:19:33.735  3458  4064 D SubscriptionController: getSimStateForSlotIdx:  simState=NETWORK_LOCKED ordinal=4

02-23 09:19:33.735  5221  5309 D SubscriptionManager: getSimStateForSlotIdx: simState=4 slotIdx=0

02-23 09:19:33.865  3458  3687 D SubscriptionController: getSimStateForSlotIdx:  simState=NETWORK_LOCKED ordinal=4

02-23 09:19:33.865  5221  5312 D SubscriptionManager: getSimStateForSlotIdx: simState=4 slotIdx=0

02-23 09:19:33.995  2769  5163 I am_proc_start: [0,5440,1000,com.samsung.aasaservice,broadcast-3,com.samsung.aasaservice/.AASAUpdateReceiver]

02-23 09:19:34.040  2769  5173 I am_proc_bound: [0,5440,com.samsung.aasaservice]

02-23 09:19:34.400  2769  5165 I am_proc_died: [0,5440,com.samsung.aasaservice,0,59,433]

02-23 09:19:34.400  2769  5165 I am_broadcast_discard_app: [0,97335217,android.intent.action.BOOT_COMPLETED,15,ResolveInfo{8abae38 com.samsung.aasaservice/.AASAUpdateReceiver p=1000 m=0x108000}]

02-23 09:19:34.485  3458  3687 D SubscriptionController: getSimStateForSlotIdx:  simState=NETWORK_LOCKED ordinal=4

02-23 09:19:34.485  5221  5313 D SubscriptionManager: getSimStateForSlotIdx: simState=4 slotIdx=0

02-23 09:19:34.570  2769  5385 I am_proc_start: [0,5472,1000,com.android.keychain,service,com.android.keychain/.KeyChainService]

02-23 09:19:34.675  2769  5163 I am_proc_bound: [0,5472,com.android.keychain]

02-23 09:19:34.715  2769  3125 I am_proc_start: [0,5488,1000,com.sec.android.app.SecSetupWizard,broadcast-3,com.sec.android.app.SecSetupWizard/.SetupIntentReceiver]

02-23 09:19:34.760  2769  3729 I am_proc_bound: [0,5488,com.sec.android.app.SecSetupWizard]

02-23 09:19:34.845  3458  4064 D SmsApplication: SEC SMS is disabled.

02-23 09:19:34.865  3458  3469 D SubscriptionController: getSimStateForSlotIdx:  simState=NETWORK_LOCKED ordinal=4

02-23 09:19:34.865  5221  5315 D SubscriptionManager: getSimStateForSlotIdx: simState=4 slotIdx=0

02-23 09:19:34.880  3458  4064 D SmsApplication: No PackageName Pattern : net.aetherpal.device

02-23 09:19:34.935  2769  3492 I am_kill : [0,4267,com.wssnps,15,DHA:empty #25]

02-23 09:19:35.015  2769  3281 I am_proc_died: [0,4267,com.wssnps,15,60,422]

02-23 09:19:35.285  2769  5173 I am_kill : [0,4448,com.google.android.apps.chromecast.app,15,DHA:empty #25]

02-23 09:19:35.340  3458  3458 E use-Rlog/RLOG-STK: onReceive android.intent.action.BOOT_COMPLETED

02-23 09:19:35.360  2769  3281 I am_proc_start: [0,5524,1001,com.sec.android.AutoPreconfig,broadcast-3,com.sec.android.AutoPreconfig/.BootCompleteReceiver]

02-23 09:19:35.385  3458  3458 D CAT     : StkAppService: onStart)

02-23 09:19:35.385  3458  3458 D CAT     : StkAppService: Before SendMessage to ServiceHandler)

02-23 09:19:35.385  3458  3458 D CAT     : StkAppService: After SendMessage to ServiceHandler)

02-23 09:19:35.390  3458  5534 D CAT     : StkAppService$ServiceHandler: OP_BOOT_COMPLETED

02-23 09:19:35.430  2769  3804 I am_proc_bound: [0,5524,com.sec.android.AutoPreconfig]

02-23 09:19:35.570  2769  5173 I am_proc_start: [0,5540,10002,com.android.contacts,broadcast-3,com.android.contacts/com.android.dialer.calllog.CallLogReceiver]

02-23 09:19:35.570  2769  5173 I am_kill : [0,3655,com.google.android.apps.maps,15,DHA:empty #25]

02-23 09:19:35.610  2769  3844 I am_proc_bound: [0,5540,com.android.contacts]

02-23 09:19:35.610  2769  3806 I force_gc: Binder

02-23 09:19:35.675  2769  3125 I power_partial_wake_state: [0,MediaScannerService]

02-23 09:19:35.690  2769  3804 I power_partial_wake_state: [1,MediaScannerService]

02-23 09:19:35.720  2769  5173 I am_proc_died: [0,4448,com.google.android.apps.chromecast.app,15,53,425]

02-23 09:19:36.050  3458  3458 D RILJ    : [0049]> SIGNAL_STRENGTH [SUB0]

02-23 09:19:36.050  2769  3021 I power_partial_wake_state: [1,RILJ0]

02-23 09:19:36.060  3458  3653 D RILJ    : [0049]< SIGNAL_STRENGTH SignalStrength: 0 99 0 200 0 200 -1 0 2147483647 255 2147483647 2147483647 2147483647 0x0 gsm|lte [SUB0]

02-23 09:19:36.060  3458  3458 W SignalStrength: Signal before validate=SignalStrength: 0 99 0 200 0 200 -1 0 2147483647 255 2147483647 2147483647 2147483647 0x0 gsm|lte

02-23 09:19:36.060  3458  3458 W SignalStrength: Signal after validate=SignalStrength: 0 99 -120 -200 -120 -200 -1 0 2147483647 2147483647 2147483647 2147483647 2147483647 0x0 gsm|lte

02-23 09:19:36.060  3458  3458 D DefaultPhoneNotifier: notifySignalStrength: mRegistry=com.android.internal.telephony.ITelephonyRegistry$Stub$Proxy@6d1279e ss=SignalStrength: 0 99 -120 -200 -120 -200 -1 0 2147483647 2147483647 2147483647 2147483647 2147483647 0x0 gsm|lte sender=Handler (com.android.internal.telephony.gsm.GSMPhone) {b6f7625}

02-23 09:19:36.060  2769  3806 I power_partial_wake_state: [0,RILJ0]

02-23 09:19:36.090  2769  3281 I am_proc_died: [0,3655,com.google.android.apps.maps,15,55,430]

02-23 09:19:36.105  3458  3807 D TelephonyManager: getLteOnCdmaMode=0 curVal=0 product_type='' lteOnCdmaProductType=''

02-23 09:19:36.955  3458  3687 D SubscriptionController: getSimStateForSlotIdx:  simState=NETWORK_LOCKED ordinal=4

02-23 09:19:36.955  5540  5540 D SubscriptionManager: getSimStateForSlotIdx: simState=4 slotIdx=0

02-23 09:19:36.975  2769  2823 I am_pss  : [4784,10038,com.sec.android.app.myfiles,2368512,1818624]

02-23 09:19:37.005  5540  5540 D TelephonyManager: getTopPackageName = com.sec.android.app.launcher

02-23 09:19:37.145  2769  3021 I am_proc_start: [0,5585,10032,com.android.vending:background,service,com.android.vending/com.google.frameworks.client.data.android.server.play.BackgroundProcessEndpointService]

02-23 09:19:37.285  2769  5165 I am_proc_bound: [0,5585,com.android.vending:background]

02-23 09:19:38.930  3938  3938 D SecPhoneBootCompleteReceiver: onReceive(): android.intent.action.BOOT_COMPLETED

02-23 09:19:38.935  3938  3938 D SecPhoneBootCompleteReceiver: Starting RilInitTracker service

02-23 09:19:38.950  3938  3938 I RIL_TRACKER: swVer : T377AUCU2AQGF

02-23 09:19:38.950  3938  3938 E RIL_TRACKER: Secril is ready

02-23 09:19:38.950  3938  3938 E RIL_TRACKER: intent for SECPHONE_READY

02-23 09:19:38.965  3938  3938 I RIL_TRACKER: onDestroy()

02-23 09:19:39.410  2769  2769 I am_proc_start: [0,5672,1000,com.samsung.android.sm.provider,content provider,com.samsung.android.sm.provider/com.samsung.android.sm.database.lowpowercontext.LowpowerContextProvider]

02-23 09:19:39.460  2769  5173 I am_proc_bound: [0,5672,com.samsung.android.sm.provider]

02-23 09:19:39.835  3458  3687 D GsmSST  : SST.getAllCellInfo(): CallingUid = 1000, CallingPid = 2769

02-23 09:19:39.840  3458  3687 D RILJ    : [0050]> RIL_REQUEST_GET_CELL_INFO_LIST [SUB0]

02-23 09:19:39.870  2769  5670 I power_partial_wake_state: [1,RILJ0]

02-23 09:19:39.895  3458  3653 D RILJ    : [0050]< RIL_REQUEST_GET_CELL_INFO_LIST  [SUB0]

02-23 09:19:39.895  2769  3492 I power_partial_wake_state: [0,RILJ0]

02-23 09:19:40.090  2769  3021 I power_partial_wake_state: [0,MediaScannerService]

02-23 09:19:40.135  2769  3281 I am_kill : [0,4522,com.sec.app.TransmitPowerService,15,DHA:empty #25]

02-23 09:19:40.215  2769  3281 I am_proc_died: [0,4522,com.sec.app.TransmitPowerService,15,32,400]

02-23 09:19:40.245  3458  4064 D GsmSST  : SST.getAllCellInfo(): CallingUid = 1000, CallingPid = 2769

02-23 09:19:40.245  3458  4064 D GsmSST  : SST.getAllCellInfo(): return last, back to back calls

02-23 09:19:40.350  3938  3938 D RILS    : handleMessage(): { when=0 what=1000 target=com.sec.phone.SecPhoneService$1 }

02-23 09:19:40.365  3938  3938 D RILS    : [0001]> OEM_HOOK_RAW[06050004]

02-23 09:19:40.365  2769  5173 I power_partial_wake_state: [1,RILS]

02-23 09:19:40.385  3938  3968 D RILS    : processSolicited(): mResult - { when=-3m44s868ms barrier=0 }

02-23 09:19:40.385  3938  3968 D RILS    : processSolicited(): reply - { when=-3m44s869ms barrier=0 }

02-23 09:19:40.385  3938  3968 D RILS    : [0001]< OEM_HOOK_RAW { when=-3m44s869ms barrier=0 }

02-23 09:19:40.390  2197  2520 D RILClient: processUnsolicited(): resp_id (11020), len(19)

02-23 09:19:40.390  2212  2515 D RILClient: processUnsolicited(): resp_id (11020), len(19)

02-23 09:19:40.390  2184  2921 D RILClient: processUnsolicited(): resp_id (11020), len(19)

02-23 09:19:40.390  2212  2515 D RILClient: processUnsolicited(): unsol_func resp_id (11020), len(19)

02-23 09:19:40.390  2203  2504 D RILClient: processUnsolicited(): resp_id (11020), len(19)

02-23 09:19:40.405  2212  2515 D ATD     : Send Msg [RIL > ATD] 19 bytes <BOOTING COMPLETED(\r)(\n)>

02-23 09:19:40.420  2769  5163 I power_partial_wake_state: [0,RILS]

02-23 09:19:40.515  2212  2515 D ATD     : SetAtdStatus(), 1_1_0

02-23 09:19:40.515  2212  2515 D ATD     : Send Msg [ATD > UART] 19 bytes <BOOTING COMPLETED(\r)(\n)>

02-23 09:19:40.800  2769  2823 I am_pss  : [4835,10001,com.sec.android.provider.badge,521216,77824]

02-23 09:19:41.145  2769  3028 I am_proc_start: [0,5726,10099,com.samsung.hs20provider,content provider,com.samsung.hs20provider/.Hs20Provider]

02-23 09:19:41.210  3458  3807 D SubscriptionController: getSimStateForSlotIdx:  simState=NETWORK_LOCKED ordinal=4

02-23 09:19:41.210  2769  5723 D SubscriptionManager: getSimStateForSlotIdx: simState=4 slotIdx=0

02-23 09:19:41.215  3458  3469 D SubscriptionController: [getAllSubInfoCount]+

02-23 09:19:41.230  3458  3469 D SubscriptionController: [getAllSubInfoCount]- count: 4

02-23 09:19:41.230  3458  3807 D SubscriptionController: getSimStateForSlotIdx:  simState=NETWORK_LOCKED ordinal=4

02-23 09:19:41.230  2769  5723 D SubscriptionManager: getSimStateForSlotIdx: simState=4 slotIdx=0

02-23 09:19:41.290  2769  3281 I am_proc_bound: [0,5726,com.samsung.hs20provider]

02-23 09:19:41.325  3458  3469 D SubscriptionController: getSimStateForSlotIdx:  simState=NETWORK_LOCKED ordinal=4

02-23 09:19:41.325  2769  5723 D SubscriptionManager: getSimStateForSlotIdx: simState=4 slotIdx=0

02-23 09:19:41.325  3458  4064 D SubscriptionController: getSimStateForSlotIdx:  simState=NETWORK_LOCKED ordinal=4

02-23 09:19:41.325  2769  5723 D SubscriptionManager: getSimStateForSlotIdx: simState=4 slotIdx=0

02-23 09:19:41.425  2769  2769 I am_proc_start: [0,5741,10091,flipboard.boxer.app,broadcast-3,flipboard.boxer.app/flipboard.boxer.receiver.BootCompleted]

02-23 09:19:41.435  2769  2769 I am_kill : [0,4290,com.mayank.rucky,15,DHA:empty #25]

02-23 09:19:41.445  2769  5173 I am_kill : [0,4311,com.google.android.partnersetup,15,DHA:empty #25]

02-23 09:19:41.480  2769  5163 I am_proc_bound: [0,5741,flipboard.boxer.app]

02-23 09:19:41.550  2769  5165 I am_proc_died: [0,4311,com.google.android.partnersetup,15,40,385]

02-23 09:19:41.555  2769  3125 I am_proc_died: [0,4290,com.mayank.rucky,15,40,385]

02-23 09:19:41.735  2180  2180 I sf_frame_dur: [Application Error: com.mayank.rucky,9,2,0,0,0,2,0]

02-23 09:19:42.675  2769  3125 I am_kill : [0,4323,com.samsung.android.sm,15,DHA:empty #25]

02-23 09:19:42.760  2769  5173 I am_proc_start: [0,5773,10118,com.samsung.android.app.talkback,broadcast-3,com.samsung.android.app.talkback/.BootReceiver]

02-23 09:19:42.760  2769  5173 I am_kill : [0,4360,com.sec.android.app.mt,15,DHA:empty #25]

02-23 09:19:42.805  2769  2828 I am_proc_start: [0,5785,10131,com.google.android.youtube,broadcast-4,com.google.android.youtube/com.google.android.libraries.notifications.entrypoints.restart.RestartReceiver]

02-23 09:19:42.805  2769  3125 I am_proc_died: [0,4323,com.samsung.android.sm,15,46,375]

02-23 09:19:42.810  2769  3492 I am_proc_bound: [0,5773,com.samsung.android.app.talkback]

02-23 09:19:42.885  2769  3021 I am_proc_start: [0,5797,1000,com.android.settings,broadcast-4,com.android.settings/.search.SettingsSearchIntentReceiver]

02-23 09:19:42.890  2769  4089 I am_proc_bound: [0,5785,com.google.android.youtube]

02-23 09:19:42.940  2769  3125 I am_proc_start: [0,5812,1000,com.samsung.emergencyreporthelper,broadcast-4,com.samsung.emergencyreporthelper/.EmergencyReportStartMonitorReceiver]

02-23 09:19:42.945  2769  5173 I am_proc_bound: [0,5797,com.android.settings]

02-23 09:19:42.955  2769  2823 I am_pss  : [5337,10008,com.google.android.gms.persistent,98931712,97910784]

02-23 09:19:42.955  2769  3492 I am_proc_died: [0,4360,com.sec.android.app.mt,15,46,374]

02-23 09:19:43.005  2769  4089 I am_proc_bound: [0,5812,com.samsung.emergencyreporthelper]

02-23 09:19:43.135  2769  3281 I am_proc_start: [0,5828,1000,com.sec.android.app.mt,broadcast-4,com.sec.android.app.mt/.StatusChecker]

02-23 09:19:43.140  2769  3281 I am_kill : [0,3297,com.sec.android.app.sbrowser,15,DHA:empty #25]

02-23 09:19:43.180  2769  5165 I am_proc_died: [0,3297,com.sec.android.app.sbrowser,15,46,371]

02-23 09:19:43.185  2769  3492 I am_proc_bound: [0,5828,com.sec.android.app.mt]

02-23 09:19:43.270  2769  5163 I am_proc_start: [0,5840,10138,net.wigle.wigleandroid,broadcast-3,net.wigle.wigleandroid/.listener.StartWigleAtBootReciever]

02-23 09:19:43.270  2769  5163 I am_kill : [0,4383,com.sec.modem.settings,15,DHA:empty #25]

02-23 09:19:43.330  2769  4089 I am_proc_bound: [0,5840,net.wigle.wigleandroid]

02-23 09:19:43.540  2769  3492 I am_proc_start: [0,5855,1000,com.sec.android.app.popupuireceiver,broadcast-4,com.sec.android.app.popupuireceiver/.PopupuiReceiver]

02-23 09:19:43.540  2769  3492 I am_kill : [0,4835,com.sec.android.provider.badge,15,DHA:empty #25]

02-23 09:19:43.590  2769  3125 I am_proc_bound: [0,5855,com.sec.android.app.popupuireceiver]

02-23 09:19:43.615  2769  5165 I am_proc_died: [0,5140,com.sec.android.app.sysscope,0,50,366]

02-23 09:19:43.660  2769  3125 I am_proc_died: [0,4835,com.sec.android.provider.badge,15,48,368]

02-23 09:19:43.665  2769  3021 I am_proc_died: [0,4383,com.sec.modem.settings,15,48,369]

02-23 09:19:43.795  2769  2823 I am_pss  : [4937,10162,com.esuper.file.explorer,118829056,112329728]

02-23 09:19:43.910  2769  3021 I am_proc_start: [0,5871,10111,com.samsung.knox.rcp.components,broadcast-4,com.samsung.knox.rcp.components/.remoteshortcut.CommonReceiver]

02-23 09:19:43.910  2769  3021 I am_kill : [0,3109,com.android.externalstorage,15,DHA:empty #25]

02-23 09:19:43.975  2769  3125 I am_proc_died: [0,3109,com.android.externalstorage,15,45,371]

02-23 09:19:43.980  2769  3281 I am_proc_bound: [0,5871,com.samsung.knox.rcp.components]

02-23 09:19:44.035  2769  3021 I am_proc_died: [0,5855,com.sec.android.app.popupuireceiver,9,44,371]

02-23 09:19:44.295  2769  2823 I am_pss  : [5221,10032,com.android.vending,57439232,45092864]

02-23 09:19:44.400  2769  3125 I am_proc_start: [0,5891,1000,com.samsung.android.app.accesscontrol,broadcast-3,com.samsung.android.app.accesscontrol/.AccessControlReceiver]

02-23 09:19:44.420  2769  3125 I am_proc_start: [0,5901,10114,com.sec.android.app.sbrowser,broadcast-4,com.sec.android.app.sbrowser/.net.NetworkSettingsReceiver]

02-23 09:19:44.425  2769  3125 I am_kill : [0,4749,com.samsung.android.email.provider,15,DHA:empty #25]

02-23 09:19:44.455  2769  3125 I am_proc_bound: [0,5891,com.samsung.android.app.accesscontrol]

02-23 09:19:44.475  2769  3281 I am_proc_bound: [0,5901,com.sec.android.app.sbrowser]

02-23 09:19:44.480  2769  3021 I force_gc: Binder

02-23 09:19:44.600  2769  4089 I am_proc_died: [0,4749,com.samsung.android.email.provider,15,51,361]

02-23 09:19:44.795  2769  4089 I am_proc_start: [0,5920,10004,com.google.android.configupdater,broadcast-3,com.google.android.configupdater/.CertPin.CertPinUpdateRequestReceiver]

02-23 09:19:44.800  2769  4089 I am_kill : [0,4784,com.sec.android.app.myfiles,15,DHA:empty #25]

02-23 09:19:44.900  2769  3125 I am_proc_bound: [0,5920,com.google.android.configupdater]

02-23 09:19:44.930  2769  3125 I am_proc_died: [0,4784,com.sec.android.app.myfiles,15,50,363]

02-23 09:19:45.325  2769  2828 I am_proc_start: [0,5939,1000,com.samsung.android.securitylogagent,broadcast-5,com.samsung.android.securitylogagent/.receivers.NetworkReceiver]

02-23 09:19:45.365  2769  3492 I am_proc_bound: [0,5939,com.samsung.android.securitylogagent]

02-23 09:19:45.565  2769  3125 I am_proc_start: [0,5966,1000,com.sec.android.app.factorykeystring,broadcast-3,com.sec.android.app.factorykeystring/com.sec.android.app.entry.FactoryKeyStringBroadcastReceiver]

02-23 09:19:45.565  2769  3125 I am_kill : [0,4802,com.google.android.apps.photos,15,DHA:empty #25]

02-23 09:19:45.570  2769  4089 I am_proc_died: [0,5207,com.sec.factory,0,47,364]

02-23 09:19:45.610  3458  3687 D SubscriptionController: [getActiveSubInfoList]+

02-23 09:19:45.615  2769  5163 I am_proc_bound: [0,5966,com.sec.android.app.factorykeystring]

02-23 09:19:45.620  2769  5163 I am_kill : [0,5006,com.ace.ex.file.manager,15,DHA:empty #25]

02-23 09:19:45.625  5797  5797 I MultiSimManager: return getEnabledSimCount count = 1

02-23 09:19:45.635  3458  3807 D SubscriptionController: getSimStateForSlotIdx:  simState=NETWORK_LOCKED ordinal=4

02-23 09:19:45.635  5797  5797 D SubscriptionManager: getSimStateForSlotIdx: simState=4 slotIdx=0

02-23 09:19:45.695  2769  3492 I am_proc_died: [0,5006,com.ace.ex.file.manager,15,82,368]

02-23 09:19:45.710  2769  5163 I am_proc_died: [0,4802,com.google.android.apps.photos,15,82,368]

02-23 09:19:45.910  2769  3729 I power_partial_wake_state: [1,AlertActionReceiver]

02-23 09:19:45.990  2769  3804 I am_proc_start: [0,6003,1000,com.sec.modem.settings,broadcast-4,com.sec.modem.settings/.cplogging.SilentLogReceiver]

02-23 09:19:46.040  2769  5173 I am_proc_bound: [0,6003,com.sec.modem.settings]

02-23 09:19:46.220  2769  3806 I am_proc_start: [0,6020,1000,com.sec.usbsettings,broadcast-4,com.sec.usbsettings/.UltraKeyStringBroadcastReceiver]

02-23 09:19:46.265  2769  3492 I am_proc_bound: [0,6020,com.sec.usbsettings]

02-23 09:19:46.325  3458  3687 D GsmSST  : SST.getAllCellInfo(): CallingUid = 1000, CallingPid = 2769

02-23 09:19:46.325  3458  3687 D RILJ    : [0051]> RIL_REQUEST_GET_CELL_INFO_LIST [SUB0]

02-23 09:19:46.330  2769  5670 I power_partial_wake_state: [1,RILJ0]

02-23 09:19:46.340  3458  3653 D RILJ    : [0051]< RIL_REQUEST_GET_CELL_INFO_LIST  [SUB0]

02-23 09:19:46.340  2769  2783 I power_partial_wake_state: [0,RILJ0]

02-23 09:19:46.435  2769  3281 I am_proc_start: [0,6033,10126,com.sec.enterprise.knox.cloudmdm.smdms,broadcast-4,com.sec.enterprise.knox.cloudmdm.smdms/.core.CoreReceiver]

02-23 09:19:46.440  2769  3281 I am_kill : [0,4557,com.att.android.digitallocker,15,DHA:empty #25]

02-23 09:19:46.480  2769  5165 I am_kill : [0,5250,com.android.providers.calendar,15,DHA:empty #25]

02-23 09:19:46.560  2769  3281 I am_proc_start: [0,6054,1000,com.samsung.android.SettingsReceiver,broadcast-4,com.samsung.android.SettingsReceiver/.SettingsIntentReceiver]

02-23 09:19:46.560  2769  3281 I am_kill : [0,4075,com.google.process.gapps,15,DHA:empty #25]

02-23 09:19:46.565  2769  3492 I am_proc_bound: [0,6033,com.sec.enterprise.knox.cloudmdm.smdms]

02-23 09:19:46.575  2769  3804 I am_proc_died: [0,5395,net.aetherpal.device,15,53,387]

02-23 09:19:46.590  2769  4089 I am_proc_died: [0,5250,com.android.providers.calendar,5,53,387]

02-23 09:19:46.625  2769  4089 I am_proc_start: [0,6071,10029,com.android.providers.calendar,content provider,com.android.providers.calendar/.CalendarProvider2]

02-23 09:19:46.645  2769  5165 I am_proc_bound: [0,6054,com.samsung.android.SettingsReceiver]

02-23 09:19:46.670  2769  3844 I am_proc_died: [0,4075,com.google.process.gapps,15,54,387]

02-23 09:19:46.715  2769  2782 I am_proc_bound: [0,6071,com.android.providers.calendar]

02-23 09:19:46.755  2769  3804 I am_proc_died: [0,4557,com.att.android.digitallocker,15,51,386]

02-23 09:19:46.945  2769  2782 I am_proc_start: [0,6090,10008,com.google.process.gapps,content provider,com.google.android.gsf/.gservices.GservicesProvider]

02-23 09:19:47.075  2769  3804 I am_proc_bound: [0,6090,com.google.process.gapps]

02-23 09:19:48.460  2769  2828 I am_proc_start: [0,6128,10006,com.att.android.digitallocker,broadcast-5,com.att.android.digitallocker/com.synchronoss.syncdrive.android.nab.vox.NabServiceBootObserver]

02-23 09:19:48.510  2769  3492 I am_proc_bound: [0,6128,com.att.android.digitallocker]

02-23 09:19:48.670  2769  3021 I am_proc_start: [0,6144,10041,com.samsung.android.provider.shootingmodeprovider,broadcast-4,com.samsung.android.provider.shootingmodeprovider/com.samsung.android.app.shootingmodeinstaller.PackageIntentReceiver]

02-23 09:19:48.720  2769  2783 I am_proc_bound: [0,6144,com.samsung.android.provider.shootingmodeprovider]

02-23 09:19:49.035  2769  3125 I am_proc_start: [0,6163,1000,com.sec.android.diagmonagent,broadcast-3,com.sec.android.diagmonagent/.DiagMonBootCompletedReceiver]

02-23 09:19:49.035  2769  3125 I am_kill : [0,5488,com.sec.android.app.SecSetupWizard,15,DHA:empty #25]

02-23 09:19:49.150  2769  2783 I am_proc_died: [0,5488,com.sec.android.app.SecSetupWizard,15,51,373]

02-23 09:19:49.270  3458  3807 D SubscriptionController: getSimStateForSlotIdx:  simState=NETWORK_LOCKED ordinal=4

02-23 09:19:49.290  5585  6045 D SubscriptionManager: getSimStateForSlotIdx: simState=4 slotIdx=0

02-23 09:19:49.290  2769  3805 I am_proc_bound: [0,6163,com.sec.android.diagmonagent]

02-23 09:19:49.315  3458  3469 D SubscriptionController: getSimStateForSlotIdx:  simState=NETWORK_LOCKED ordinal=4

02-23 09:19:49.315  5585  5693 D SubscriptionManager: getSimStateForSlotIdx: simState=4 slotIdx=0

02-23 09:19:49.640  2769  3281 I am_proc_start: [0,6188,1000,com.samsung.android.sm,broadcast-4,com.samsung.android.sm/.ui.security.NotificationReceiver]

02-23 09:19:49.665  2769  3281 I am_kill : [0,5472,com.android.keychain,15,DHA:empty #25]

02-23 09:19:49.720  2769  5165 I am_proc_died: [0,5472,com.android.keychain,15,48,374]

02-23 09:19:49.750  2769  3806 I am_proc_bound: [0,6188,com.samsung.android.sm]

02-23 09:19:49.860  2769  5165 I force_gc: Binder

02-23 09:19:50.255  3458  3687 D GsmSST  : SST.getAllCellInfo(): CallingUid = 1000, CallingPid = 2769

02-23 09:19:50.255  3458  3687 D RILJ    : [0052]> RIL_REQUEST_GET_CELL_INFO_LIST [SUB0]

02-23 09:19:50.255  2769  5670 I power_partial_wake_state: [1,RILJ0]

02-23 09:19:50.260  3458  3653 D RILJ    : [0052]< RIL_REQUEST_GET_CELL_INFO_LIST  [SUB0]

02-23 09:19:50.315  2769  3729 I power_partial_wake_state: [0,RILJ0]

02-23 09:19:50.505  2769  3844 I power_partial_wake_state: [0,AlertActionReceiver]

02-23 09:19:50.540  2769  4089 I am_proc_died: [0,6033,com.sec.enterprise.knox.cloudmdm.smdms,0,45,375]

02-23 09:19:50.540  2769  4089 I am_broadcast_discard_app: [0,147881803,android.intent.action.BOOT_COMPLETED,14,ResolveInfo{321cdf2 com.sec.enterprise.knox.cloudmdm.smdms/.core.CoreReceiver m=0x108000}]

02-23 09:19:50.555  2769  3805 I am_kill : [0,5524,com.sec.android.AutoPreconfig,15,DHA:empty #25]

02-23 09:19:50.640  2769  3729 I am_proc_died: [0,5524,com.sec.android.AutoPreconfig,15,44,378]

02-23 09:19:50.700  2769  3492 I am_kill : [0,4821,com.samsung.storyservice,15,DHA:empty #25]

02-23 09:19:50.755  2769  3806 I am_proc_died: [0,4821,com.samsung.storyservice,15,47,379]

02-23 09:19:50.755  2769  3806 I am_schedule_service_restart: [0,com.samsung.storyservice/.StoryService,1000]

02-23 09:19:50.770  3458  3471 D SubscriptionController: getSimStateForSlotIdx:  simState=NETWORK_LOCKED ordinal=4

02-23 09:19:50.770  5585  6045 D SubscriptionManager: getSimStateForSlotIdx: simState=4 slotIdx=0

02-23 09:19:50.825  2769  4089 I am_proc_start: [0,6224,1000,com.samsung.android.fmm,broadcast-3,com.samsung.android.fmm/com.sec.pcw.device.receiver.SYSTEMReceiver]

02-23 09:19:50.840  2769  4089 I am_kill : [0,4730,com.samsung.dcmservice,15,DHA:empty #25]

02-23 09:19:50.865  2769  3844 I am_proc_start: [0,6234,10103,com.google.android.apps.maps,broadcast-4,com.google.android.apps.maps/com.google.android.apps.gmm.geofence.RestartDetectionBroadcastReceiver]

02-23 09:19:50.910  2769  3125 I am_proc_died: [0,4730,com.samsung.dcmservice,15,47,377]

02-23 09:19:50.910  2769  3125 I am_schedule_service_restart: [0,com.samsung.dcmservice/.DCMService,10847]

02-23 09:19:50.930  2769  2782 I am_proc_bound: [0,6224,com.samsung.android.fmm]

02-23 09:19:50.935  2769  3729 I am_proc_bound: [0,6234,com.google.android.apps.maps]

02-23 09:19:50.955  2769  5173 I am_kill : [0,5726,com.samsung.hs20provider,15,DHA:empty #25]

02-23 09:19:50.970  2769  3492 I am_proc_died: [0,5726,com.samsung.hs20provider,15,46,379]

02-23 09:19:51.145  2769  2769 I am_proc_start: [0,6254,10052,com.ampsvc.android,broadcast-4,com.ampsvc.android/com.ampsvc.criticalreceiver.CriticalReceiver]

02-23 09:19:51.215  2769  5163 I am_proc_bound: [0,6254,com.ampsvc.android]

02-23 09:19:51.500  3458  3807 D SubscriptionController: getSimStateForSlotIdx:  simState=NETWORK_LOCKED ordinal=4

02-23 09:19:51.505  5797  6032 D SubscriptionManager: getSimStateForSlotIdx: simState=4 slotIdx=0

02-23 09:19:51.505  3458  3469 D SubscriptionController: getSimStateForSlotIdx:  simState=NETWORK_LOCKED ordinal=4

02-23 09:19:51.505  5797  6032 D SubscriptionManager: getSimStateForSlotIdx: simState=4 slotIdx=0

02-23 09:19:51.585  2769  2823 I am_pss  : [5280,10162,.xffm,6555648,4698112]

02-23 09:19:51.810  2769  2828 I am_proc_start: [0,6278,5004,com.samsung.storyservice,service,com.samsung.storyservice/.StoryService]

02-23 09:19:51.845  2769  3806 I am_proc_bound: [0,6278,com.samsung.storyservice]

02-23 09:19:52.325  2769  3021 I power_partial_wake_state: [1,wakeLock]

02-23 09:19:52.350  2769  2783 I power_partial_wake_state: [0,wakeLock]

02-23 09:19:52.385  3458  3687 D SubscriptionController: getSimStateForSlotIdx:  simState=NETWORK_LOCKED ordinal=4

02-23 09:19:52.385  3458  3687 D SubscriptionManager: getSimStateForSlotIdx: simState=4 slotIdx=0

02-23 09:19:52.610  2769  3281 I am_kill : [0,5741,flipboard.boxer.app,15,DHA:empty #25]

02-23 09:19:52.675  2769  2782 I am_proc_died: [0,5741,flipboard.boxer.app,15,49,372]

02-23 09:19:52.720  2769  5163 I am_proc_start: [0,6314,10010,com.google.android.onetimeinitializer,broadcast-3,com.google.android.onetimeinitializer/.OneTimeInitializerReceiver]

02-23 09:19:52.755  2769  2769 I backup_transport_lifecycle: [com.google.android.gms/.backup.BackupTransportService,1]

02-23 09:19:52.795  2769  3281 I am_proc_bound: [0,6314,com.google.android.onetimeinitializer]

02-23 09:19:52.820  3458  4064 D TelephonyManager: getLteOnCdmaMode=0 curVal=0 product_type='' lteOnCdmaProductType=''

02-23 09:19:52.940  2769  3492 I am_proc_start: [0,6327,10008,com.google.android.gms.ui,content provider,com.google.android.gms/.accountsettings.content.SettingsSearchContentProvider]

02-23 09:19:52.990  2769  3281 I am_proc_bound: [0,6327,com.google.android.gms.ui]

02-23 09:19:53.000  2769  3281 I am_kill : [0,4701,com.samsung.cmh:CMH,15,DHA:empty #25]

02-23 09:19:53.055  2769  3729 I am_proc_start: [0,6345,10012,com.google.android.partnersetup,broadcast-3,com.google.android.partnersetup/.GooglePartnerSetup]

02-23 09:19:53.160  2769  4089 I am_kill : [0,5773,com.samsung.android.app.talkback,15,DHA:empty #25]

02-23 09:19:53.180  2769  3281 I am_proc_bound: [0,6345,com.google.android.partnersetup]

02-23 09:19:53.235  2769  3804 I am_proc_died: [0,4701,com.samsung.cmh:CMH,15,51,374]

02-23 09:19:53.255  2769  3729 I am_proc_died: [0,5773,com.samsung.android.app.talkback,15,50,375]

02-23 09:19:53.860  2769  3805 I am_proc_start: [0,6380,10013,com.sec.hearingadjust,broadcast-3,com.sec.hearingadjust/.Receiver]

02-23 09:19:54.025  2769  3125 I am_proc_bound: [0,6380,com.sec.hearingadjust]

02-23 09:19:54.420  2769  3021 I am_kill : [0,4539,com.sec.knox.switcher,15,DHA:empty #25]

02-23 09:19:54.555  2769  5173 I am_proc_died: [0,4539,com.sec.knox.switcher,15,50,373]

02-23 09:19:54.885  2769  3844 I am_proc_start: [0,6404,1001,com.android.incallui,broadcast-3,com.android.incallui/.secui.richscreen.RichScreenLoginBootCompletedReceiver]

02-23 09:19:54.885  2769  3844 I am_kill : [0,5812,com.samsung.emergencyreporthelper,15,DHA:empty #25]

02-23 09:19:54.975  2769  4089 I am_proc_died: [0,5812,com.samsung.emergencyreporthelper,15,48,374]

02-23 09:19:54.980  2769  5163 I am_proc_bound: [0,6404,com.android.incallui]

02-23 09:19:55.125  2769  4089 I am_proc_start: [0,6419,1000,com.sec.android.app.servicemodeapp,broadcast-4,com.sec.android.app.servicemodeapp/.ServiceModeAppBroadcastReceiver]

02-23 09:19:55.200  2769  4087 I am_proc_bound: [0,6419,com.sec.android.app.servicemodeapp]

02-23 09:19:55.670  2769  3805 I am_kill : [0,5828,com.sec.android.app.mt,15,DHA:empty #25]

02-23 09:19:55.670  2769  2783 I power_partial_wake_state: [1,NlpWakeLock]

02-23 09:19:55.680  3458  3469 D SubscriptionController: getSimStateForSlotIdx:  simState=NETWORK_LOCKED ordinal=4

02-23 09:19:55.680  6254  6431 D SubscriptionManager: getSimStateForSlotIdx: simState=4 slotIdx=0

02-23 09:19:55.750  2769  5163 I am_proc_start: [0,6443,1000,com.wssnps,broadcast-4,com.wssnps/.smlNpsReceiverDefault]

02-23 09:19:55.755  2769  3806 I am_proc_died: [0,5828,com.sec.android.app.mt,15,50,367]

02-23 09:19:55.910  2769  3281 I force_gc: Binder

02-23 09:19:55.995  2769  5173 I am_proc_bound: [0,6443,com.wssnps]

02-23 09:19:56.070  3458  3458 D RILJ    : [0053]> SIGNAL_STRENGTH [SUB0]

02-23 09:19:56.070  2769  3021 I power_partial_wake_state: [1,RILJ0]

02-23 09:19:56.080  2769  5165 I power_partial_wake_state: [1,GOOGLE_C2DM]

02-23 09:19:56.095  3458  3653 D RILJ    : [0053]< SIGNAL_STRENGTH SignalStrength: 0 99 0 200 0 200 -1 0 2147483647 255 2147483647 2147483647 2147483647 0x0 gsm|lte [SUB0]

02-23 09:19:56.095  3458  3458 W SignalStrength: Signal before validate=SignalStrength: 0 99 0 200 0 200 -1 0 2147483647 255 2147483647 2147483647 2147483647 0x0 gsm|lte

02-23 09:19:56.095  3458  3458 W SignalStrength: Signal after validate=SignalStrength: 0 99 -120 -200 -120 -200 -1 0 2147483647 2147483647 2147483647 2147483647 2147483647 0x0 gsm|lte

02-23 09:19:56.095  3458  3458 D DefaultPhoneNotifier: notifySignalStrength: mRegistry=com.android.internal.telephony.ITelephonyRegistry$Stub$Proxy@6d1279e ss=SignalStrength: 0 99 -120 -200 -120 -200 -1 0 2147483647 2147483647 2147483647 2147483647 2147483647 0x0 gsm|lte sender=Handler (com.android.internal.telephony.gsm.GSMPhone) {b6f7625}

02-23 09:19:56.095  2769  3729 I power_partial_wake_state: [0,RILJ0]

02-23 09:19:56.265  3458  3687 D TelephonyManager: getLteOnCdmaMode=0 curVal=0 product_type='' lteOnCdmaProductType=''

02-23 09:19:56.585  2769  4087 I power_partial_wake_state: [0,GOOGLE_C2DM]

02-23 09:19:56.770  2769  5173 I am_proc_start: [0,6465,10062,com.samsung.android.asksmanager,broadcast-4,com.samsung.android.asksmanager/.NotificationReceiver]

02-23 09:19:56.815  2769  3281 I am_proc_bound: [0,6465,com.samsung.android.asksmanager]

02-23 09:19:57.050  2769  3844 I am_proc_start: [0,6485,5005,com.samsung.android.app.FileShareServer,broadcast-4,com.samsung.android.app.FileShareServer/.ServerBroadcastReceiver]

02-23 09:19:57.170  2769  2782 I am_proc_bound: [0,6485,com.samsung.android.app.FileShareServer]

02-23 09:19:57.185  2769  5165 I am_kill : [0,5840,net.wigle.wigleandroid,15,DHA:empty #25]

02-23 09:19:57.260  2769  2782 I power_partial_wake_state: [1,GCM_CONN_ALARM]

02-23 09:19:57.270  2769  5165 I power_partial_wake_state: [1,GCM_WORK]

02-23 09:19:57.410  2769  3125 I am_proc_died: [0,5840,net.wigle.wigleandroid,15,51,356]

02-23 09:19:57.610  2769  5163 I am_kill : [0,5871,com.samsung.knox.rcp.components,15,DHA:empty #25]

02-23 09:19:57.640  2769  3281 I power_partial_wake_state: [0,GCM_WORK]

02-23 09:19:57.675  2769  3125 I am_proc_died: [0,5871,com.samsung.knox.rcp.components,15,48,357]

02-23 09:19:57.760  2769  4089 I am_proc_start: [0,6509,10014,com.samsung.klmsagent,broadcast-3,com.samsung.klmsagent/.listner.MainReciver]

02-23 09:19:57.760  2769  4089 I am_kill : [0,5891,com.samsung.android.app.accesscontrol,15,DHA:empty #25]

02-23 09:19:57.795  2769  2769 I am_proc_start: [0,6521,1000,com.samsung.android.app.assistantmenu,broadcast-4,com.samsung.android.app.assistantmenu/.AssistantMenuReceiver]

02-23 09:19:57.890  2769  2823 I am_pss  : [5221,10032,com.android.vending,68757504,55382016]

