02-23 09:22:24.695  2769  3021 I am_proc_start: [0,9397,10029,com.android.providers.calendar,content provider,com.android.providers.calendar/.CalendarProvider2]

02-23 09:22:24.805  2769  5173 I am_proc_bound: [0,9397,com.android.providers.calendar]

02-23 09:22:25.020  2769  3804 I power_partial_wake_state: [1,AlertActionReceiver]

02-23 09:22:25.125  2769  3804 I am_proc_start: [0,9418,10121,com.samsung.android.app.memo,broadcast-3,com.samsung.android.app.memo/.control.ui.widget.MemoWidgetProvider]

02-23 09:22:25.170  2769  3844 I am_proc_bound: [0,9418,com.samsung.android.app.memo]

02-23 09:22:25.445  2769  5173 I am_kill : [0,8662,com.google.android.apps.paidtasks,15,DHA:empty #9]

02-23 09:22:25.445  2769  3021 I power_partial_wake_state: [0,AlertActionReceiver]

02-23 09:22:25.550  2769  3729 I am_proc_start: [0,9436,1000,com.samsung.android.securitylogagent,broadcast-3,com.samsung.android.securitylogagent/.receivers.DateTimeChangedReceiver]

02-23 09:22:25.550  2769  3729 I am_kill : [0,8859,com.ace.ex.file.manager,15,DHA:empty #9]

02-23 09:22:25.590  2769  3492 I am_proc_bound: [0,9436,com.samsung.android.securitylogagent]

02-23 09:22:25.610  2769  5173 I am_proc_died: [0,8662,com.google.android.apps.paidtasks,15,165,188]

02-23 09:22:25.730  2769  3125 I am_proc_died: [0,8859,com.ace.ex.file.manager,15,192,189]

02-23 09:22:25.830  3458  3458 E SmsApplication: onPackageChanged: packageName = repair.system.phone.fixsystem

02-23 09:22:25.835  3458  9449 E SmsApplication: onPackageChanged: run

02-23 09:22:25.920  2769  5165 I am_proc_start: [0,9450,10103,com.google.android.apps.maps,broadcast-3,com.google.android.apps.maps/androidx.work.impl.background.systemalarm.RescheduleReceiver]

02-23 09:22:25.965  2769  2783 I am_proc_bound: [0,9450,com.google.android.apps.maps]

02-23 09:22:26.175  2769  2783 I power_partial_wake_state: [0,bluedroid_timer]

02-23 09:22:26.715  2769  3125 I power_partial_wake_state: [0,AlarmReceiver]

02-23 09:22:28.375  2769  3806 I power_partial_wake_state: [0,*gms_scheduler*/com.google.android.gms/.clearcut.uploader.QosUploaderService]

02-23 09:22:28.380  2769  3125 I power_partial_wake_state: [1,*gms_scheduler*:internal]

02-23 09:22:28.485  2769  3805 I power_partial_wake_state: [0,*gms_scheduler*:internal]

02-23 09:22:28.490  2769  3281 I power_partial_wake_state: [1,*gms_scheduler*:internal]

02-23 09:22:28.620  2769  4089 I power_partial_wake_state: [0,*gms_scheduler*:internal]

02-23 09:22:28.780  2769  2943 I am_proc_start: [0,9482,10052,com.ampsvc.android,service,com.ampsvc.android/com.ampsvc.configuration.service.ConfigurationService]

02-23 09:22:28.830  2769  3021 I am_proc_bound: [0,9482,com.ampsvc.android]

02-23 09:22:29.415  2769  2769 I power_partial_wake_state: [0,*job*/com.google.android.apps.messaging/com.google.android.libraries.internal.growth.growthkit.internal.jobs.impl.GrowthKitJobService]

02-23 09:22:31.370  2769  5163 I am_proc_start: [0,9527,10098,com.google.android.talk,broadcast-3,com.google.android.talk/androidx.work.impl.background.systemalarm.RescheduleReceiver]

02-23 09:22:31.470  2769  3492 I am_proc_bound: [0,9527,com.google.android.talk]

02-23 09:22:32.200  2769  3492 I force_gc: Binder

02-23 09:22:32.295  2769  3125 I am_proc_start: [0,9544,10008,com.google.process.gapps,content provider,com.google.android.gsf/.settings.GoogleSettingsProvider]

02-23 09:22:32.300  2769  3729 I am_proc_bound: [0,9544,com.google.process.gapps]

02-23 09:22:32.580  3242  3283 I content_query_sample: contents_sample_state: [ contacts(2) data(8) accounts({vnd.sec.contact.phone (2)=1, com.google (3)=1}) accounts deleted({}) calls([])  ]


02-23 09:22:32.580  3242  3283 I content_query_sample: contents_sample_state: [ agr({[3]=1, [2]=1})  ]

02-23 09:22:33.665  2769  3281 I power_partial_wake_state: [1,fiid-sync]

02-23 09:22:33.680  2769  3806 I power_partial_wake_state: [1,IntentOp:com.google.android.gms/.chimera.GmsIntentOperationService]

02-23 09:22:33.685  2769  3125 I power_partial_wake_state: [1,IntentOp:.reminders.notification.RefreshNotificationsIntentOperation]

02-23 09:22:33.705  2769  3729 I am_proc_start: [0,9587,10131,com.google.android.youtube,broadcast-3,com.google.android.youtube/androidx.work.impl.background.systemalarm.RescheduleReceiver]

02-23 09:22:33.715  2769  5173 I power_partial_wake_state: [0,IntentOp:com.google.android.gms/.chimera.GmsIntentOperationService]

02-23 09:22:33.740  2769  4089 I power_partial_wake_state: [1,IntentOp:.reminders.notification.ScheduleTimeRemindersIntentOperation]

02-23 09:22:33.740  2769  2782 I power_partial_wake_state: [0,IntentOp:.reminders.notification.RefreshNotificationsIntentOperation]

02-23 09:22:33.795  2769  3844 I am_proc_bound: [0,9587,com.google.android.youtube]

02-23 09:22:33.825  2769  4087 I power_partial_wake_state: [1,IntentOp:.update.execution.InstallationIntentOperation]

02-23 09:22:33.825  2769  3844 I power_partial_wake_state: [0,IntentOp:.reminders.notification.ScheduleTimeRemindersIntentOperation]

02-23 09:22:33.895  2769  3729 I power_partial_wake_state: [0,IntentOp:.update.execution.InstallationIntentOperation]

02-23 09:22:33.980  2769  3125 I power_partial_wake_state: [1,Babel_ConcService]

02-23 09:22:33.985  2769  2782 I power_partial_wake_state: [0,Babel_ConcService]

02-23 09:22:33.995  2769  4087 I power_partial_wake_state: [1,Babel_ConcService]

02-23 09:22:34.475  2769  3805 I power_partial_wake_state: [0,Babel_ConcService]

02-23 09:22:36.890  2769  5163 I power_partial_wake_state: [1,AudioMix]

02-23 09:22:36.900  2769  3021 I power_partial_wake_state: [1,AudioMix]

02-23 09:22:37.270  3458  3458 D RILJ    : [0067]> SIGNAL_STRENGTH [SUB0]

02-23 09:22:37.275  2769  3804 I power_partial_wake_state: [1,RILJ0]

02-23 09:22:37.300  3458  3653 D RILJ    : [0067]< SIGNAL_STRENGTH SignalStrength: 0 99 0 200 0 200 -1 0 2147483647 255 2147483647 2147483647 2147483647 0x0 gsm|lte [SUB0]

02-23 09:22:37.300  3458  3458 W SignalStrength: Signal before validate=SignalStrength: 0 99 0 200 0 200 -1 0 2147483647 255 2147483647 2147483647 2147483647 0x0 gsm|lte

02-23 09:22:37.300  3458  3458 W SignalStrength: Signal after validate=SignalStrength: 0 99 -120 -200 -120 -200 -1 0 2147483647 2147483647 2147483647 2147483647 2147483647 0x0 gsm|lte

02-23 09:22:37.300  2769  5173 I power_partial_wake_state: [0,RILJ0]

02-23 09:22:37.305  3458  3458 D DefaultPhoneNotifier: notifySignalStrength: mRegistry=com.android.internal.telephony.ITelephonyRegistry$Stub$Proxy@6d1279e ss=SignalStrength: 0 99 -120 -200 -120 -200 -1 0 2147483647 2147483647 2147483647 2147483647 2147483647 0x0 gsm|lte sender=Handler (com.android.internal.telephony.gsm.GSMPhone) {b6f7625}

02-23 09:22:37.395  3458  3687 D TelephonyManager: getLteOnCdmaMode=0 curVal=0 product_type='' lteOnCdmaProductType=''

02-23 09:22:38.780  2769  2783 I am_kill : [0,9332,com.osp.app.signin,15,DHA:empty #14]

02-23 09:22:38.780  2769  2783 I am_kill : [0,9313,com.samsung.android.scloud,15,DHA:empty #14]

02-23 09:22:38.835  2769  3125 I am_proc_died: [0,9332,com.osp.app.signin,15,48,243]

02-23 09:22:38.835  2769  3125 I am_kill : [0,9274,com.sec.android.app.clockpackage,15,DHA:empty #12]

02-23 09:22:38.835  2769  3125 I am_kill : [0,9117,com.samsung.android.sm,15,DHA:empty #12]

02-23 09:22:38.845  2769  3844 I am_proc_died: [0,9313,com.samsung.android.scloud,15,49,243]

02-23 09:22:38.845  2769  3844 I am_kill : [0,8307,com.google.android.gms.unstable,15,DHA:empty #10]

02-23 09:22:38.845  2769  3844 I am_kill : [0,9361,com.sec.knox.switcher,15,DHA:empty #10]

02-23 09:22:38.885  2769  4089 I am_proc_died: [0,9274,com.sec.android.app.clockpackage,15,70,244]

02-23 09:22:38.885  2769  4089 I am_kill : [0,9374,com.android.calendar,15,DHA:empty #9]

02-23 09:22:38.910  2769  5163 I am_proc_start: [0,9707,10085,com.google.android.apps.docs,broadcast-3,com.google.android.apps.docs/androidx.work.impl.background.systemalarm.RescheduleReceiver]

02-23 09:22:38.915  2769  3125 I am_proc_died: [0,9117,com.samsung.android.sm,15,77,244]

02-23 09:22:38.915  2769  2783 I am_proc_died: [0,9361,com.sec.knox.switcher,15,77,244]

02-23 09:22:39.030  2769  2783 I am_proc_died: [0,9374,com.android.calendar,15,102,247]

02-23 09:22:39.065  2769  3805 I am_proc_bound: [0,9707,com.google.android.apps.docs]

02-23 09:22:39.090  2769  5173 I am_proc_died: [0,8307,com.google.android.gms.unstable,15,101,248]

02-23 09:22:39.495  2769  3021 I force_gc: Binder

02-23 09:22:39.895  2769  2783 I power_partial_wake_state: [0,AudioMix]

02-23 09:22:39.900  2769  5163 I power_partial_wake_state: [0,AudioMix]

02-23 09:22:39.915  2769  5173 I power_partial_wake_state: [0,org.fdroid.fdroid.data.InstalledAppProviderService:run]

02-23 09:22:42.630  2769  4087 I am_proc_start: [0,9775,10127,com.google.android.videos,broadcast-3,com.google.android.videos/androidx.work.impl.background.systemalarm.RescheduleReceiver]

02-23 09:22:42.730  2769  5173 I am_proc_bound: [0,9775,com.google.android.videos]

02-23 09:22:42.760  5337  5986 I force_gc: Binder

02-23 09:22:46.345  5337  7839 I c2dm    : [19,com.google.android.talk:260662000,0,0]

02-23 09:22:46.505  5337  7982 I c2dm    : [-19,ERR_OTHER,0,0]

02-23 09:22:46.535  2769  3804 I power_partial_wake_state: [0,fiid-sync]

02-23 09:22:46.595  2769  2783 I am_kill : [0,9418,com.samsung.android.app.memo,15,DHA:empty #9]

02-23 09:22:46.600  2769  2783 I am_kill : [0,7243,com.offsec.nethunter.store,15,DHA:empty #9]

02-23 09:22:46.660  2769  3492 I am_proc_died: [0,9418,com.samsung.android.app.memo,15,51,232]

02-23 09:22:46.690  2769  2783 I am_proc_died: [0,7243,com.offsec.nethunter.store,15,50,233]

02-23 09:22:46.955  2769  4089 I am_kill : [0,9397,com.android.providers.calendar,15,DHA:empty #9]

02-23 09:22:47.045  2769  2769 I power_partial_wake_state: [1,*job*/com.google.android.videos/androidx.work.impl.background.systemjob.SystemJobService]

02-23 09:22:47.045  2769  2769 I power_partial_wake_state: [1,*job*/com.google.android.videos/androidx.work.impl.background.systemjob.SystemJobService]

02-23 09:22:47.050  2769  2769 I power_partial_wake_state: [1,*job*/com.google.android.videos/androidx.work.impl.background.systemjob.SystemJobService]

02-23 09:22:47.050  2769  5163 I am_proc_died: [0,9397,com.android.providers.calendar,15,41,232]

02-23 09:22:47.095  2769  3021 I am_proc_start: [0,9860,10150,com.google.android.apps.paidtasks,broadcast-3,com.google.android.apps.paidtasks/androidx.work.impl.background.systemalarm.RescheduleReceiver]

02-23 09:22:47.165  2769  3729 I am_proc_bound: [0,9860,com.google.android.apps.paidtasks]

02-23 09:22:47.170  2769  2769 I power_partial_wake_state: [0,*job*/com.google.android.videos/androidx.work.impl.background.systemjob.SystemJobService]

02-23 09:22:47.210  2769  2769 I power_partial_wake_state: [1,*job*/com.google.android.videos/androidx.work.impl.background.systemjob.SystemJobService]

02-23 09:22:47.275  2769  2769 I power_partial_wake_state: [0,*job*/com.google.android.videos/androidx.work.impl.background.systemjob.SystemJobService]

02-23 09:22:47.295  2769  2769 I power_partial_wake_state: [0,*job*/com.google.android.videos/androidx.work.impl.background.systemjob.SystemJobService]

02-23 09:22:47.295  2769  2769 I power_partial_wake_state: [0,*job*/com.google.android.videos/androidx.work.impl.background.systemjob.SystemJobService]

02-23 09:22:47.305  2769  3281 I am_kill : [0,9436,com.samsung.android.securitylogagent,15,DHA:empty #9]

02-23 09:22:47.460  2769  5163 I am_proc_died: [0,9436,com.samsung.android.securitylogagent,15,37,229]

02-23 09:22:47.595  2769  2823 I am_pss  : [4216,10030,android.process.media,912384,421888]

02-23 09:22:48.725  2769  2783 I power_partial_wake_state: [1,Babel_ConcService]

02-23 09:22:48.730  2769  2782 I power_partial_wake_state: [0,Babel_ConcService]

02-23 09:22:49.195  2769  3125 I am_kill : [0,9450,com.google.android.apps.maps,15,DHA:empty #9]

02-23 09:22:49.335  2769  3125 I am_proc_died: [0,9450,com.google.android.apps.maps,15,56,205]

02-23 09:22:49.440  2769  2769 I power_partial_wake_state: [1,*job*/com.google.android.apps.paidtasks/androidx.work.impl.background.systemjob.SystemJobService]

02-23 09:22:49.440  2769  2769 I power_partial_wake_state: [1,*job*/com.google.android.apps.paidtasks/androidx.work.impl.background.systemjob.SystemJobService]

02-23 09:22:49.450  2769  2769 I power_partial_wake_state: [0,*job*/com.google.android.apps.paidtasks/androidx.work.impl.background.systemjob.SystemJobService]

02-23 09:22:49.555  2769  2769 I power_partial_wake_state: [1,*job*/com.google.android.apps.paidtasks/androidx.work.impl.background.systemjob.SystemJobService]

02-23 09:22:49.555  2769  2769 I power_partial_wake_state: [1,*job*/com.google.android.apps.paidtasks/androidx.work.impl.background.systemjob.SystemJobService]

02-23 09:22:49.560  2769  2769 I power_partial_wake_state: [0,*job*/com.google.android.apps.paidtasks/androidx.work.impl.background.systemjob.SystemJobService]

02-23 09:22:49.650  2769  2782 I am_proc_start: [0,9918,1000,com.samsung.android.SettingsReceiver,broadcast-3,com.samsung.android.SettingsReceiver/.SettingsServiceReceiver]

02-23 09:22:49.780  2769  2783 I am_proc_bound: [0,9918,com.samsung.android.SettingsReceiver]

02-23 09:22:49.880  2769  2783 I am_proc_start: [0,9934,1000,com.sec.android.app.mt,broadcast-3,com.sec.android.app.mt/.StatusChecker]

02-23 09:22:49.960  2769  3729 I am_proc_bound: [0,9934,com.sec.android.app.mt]

02-23 09:22:50.020  2769  2769 I power_partial_wake_state: [0,*job*/com.google.android.apps.paidtasks/androidx.work.impl.background.systemjob.SystemJobService]

02-23 09:22:50.060  2769  2769 I power_partial_wake_state: [0,*job*/com.google.android.apps.paidtasks/androidx.work.impl.background.systemjob.SystemJobService]

02-23 09:22:50.065  2769  3804 I am_kill : [0,9482,com.ampsvc.android,15,DHA:empty #9]

02-23 09:22:50.115  2769  2769 I power_partial_wake_state: [1,*job*/com.google.android.apps.paidtasks/androidx.work.impl.background.systemjob.SystemJobService]

02-23 09:22:50.115  2769  2769 I power_partial_wake_state: [0,*job*/com.google.android.apps.paidtasks/androidx.work.impl.background.systemjob.SystemJobService]

02-23 09:22:50.130  2769  4087 I am_proc_start: [0,9948,1000,com.android.settings,broadcast-3,com.android.settings/.bluetooth.DockEventReceiver]

02-23 09:22:50.145  2769  3492 I am_kill : [0,9527,com.google.android.talk,15,DHA:empty #9]

02-23 09:22:50.155  2769  5163 I am_proc_died: [0,9482,com.ampsvc.android,15,42,206]

02-23 09:22:50.170  2769  3806 I am_proc_bound: [0,9948,com.android.settings]

02-23 09:22:50.245  2769  3804 I force_gc: Binder

02-23 09:22:50.300  2769  3805 I am_proc_died: [0,9527,com.google.android.talk,15,150,209]

02-23 09:22:51.145  2769  5165 I power_partial_wake_state: [1,IntentOp:com.google.android.gms/.chimera.GmsIntentOperationService]

02-23 09:22:51.180  2769  3281 I power_partial_wake_state: [1,IntentOp:.findmydevice.spot.locationreporting.BluetoothStateChangeListenerIntentOperation]

02-23 09:22:51.225  2769  3125 I power_partial_wake_state: [0,IntentOp:com.google.android.gms/.chimera.GmsIntentOperationService]

02-23 09:22:51.260  2769  2783 I power_partial_wake_state: [0,IntentOp:.findmydevice.spot.locationreporting.BluetoothStateChangeListenerIntentOperation]

02-23 09:22:51.490  3458  3458 E SmsApplication: onPackageChanged: packageName = com.google.android.apps.docs

02-23 09:22:51.495  3458  9973 E SmsApplication: onPackageChanged: run

02-23 09:22:52.650  2769  5165 I power_partial_wake_state: [1,StartingDockService]

02-23 09:22:52.815  2769  3805 I power_partial_wake_state: [0,StartingDockService]

02-23 09:22:52.845  2769  2782 I power_partial_wake_state: [1,IntentOp:com.google.android.gms/.chimera.GmsIntentOperationService]

02-23 09:22:52.850  2769  5165 I power_partial_wake_state: [1,IntentOp:.findmydevice.spot.locationreporting.BluetoothStateChangeListenerIntentOperation]

02-23 09:22:52.875  2769  3729 I power_partial_wake_state: [0,IntentOp:com.google.android.gms/.chimera.GmsIntentOperationService]

02-23 09:22:52.910  2769  5163 I power_partial_wake_state: [0,IntentOp:.findmydevice.spot.locationreporting.BluetoothStateChangeListenerIntentOperation]

02-23 09:22:53.400  2769  2823 I am_pss  : [6509,10014,com.samsung.klmsagent,1145856,708608]

02-23 09:22:53.675  2769  3125 I power_partial_wake_state: [1,bugle_datamodel_executor_wakelock]

02-23 09:22:54.120  2769  5163 I am_proc_start: [0,9986,1000,com.samsung.android.sm,broadcast-3,com.samsung.android.sm/.ui.storage.chn.ApplicationStatusChangeReceiver]

02-23 09:22:54.185  2769  5173 I am_proc_bound: [0,9986,com.samsung.android.sm]

02-23 09:22:54.315  2769  3806 I am_kill : [0,9587,com.google.android.youtube,15,DHA:empty #9]

02-23 09:22:54.445  2769  3729 I am_proc_start: [0,9998,5004,com.samsung.storyservice,broadcast-3,com.samsung.storyservice/.framework.StaticBroadcastReceiver]

02-23 09:22:54.445  2769  3492 I am_proc_died: [0,9587,com.google.android.youtube,15,159,239]

02-23 09:22:54.485  2769  3844 I am_proc_bound: [0,9998,com.samsung.storyservice]

02-23 09:22:54.540  3458  4064 D SubscriptionController: [getActiveSubInfoList]+

02-23 09:22:54.645  2769  2783 I am_proc_start: [0,10011,5004,com.samsung.cmh:CMH,broadcast-3,com.samsung.cmh/.core.SystemBroadcastReceiver$CMHBroadcastReceiver]

02-23 09:22:54.680  3458  3471 D SubscriptionController: getSimStateForSlotIdx:  simState=NETWORK_LOCKED ordinal=4

02-23 09:22:54.680  8107  8264 D SubscriptionManager: getSimStateForSlotIdx: simState=4 slotIdx=0

02-23 09:22:54.685  2769  4087 I am_proc_bound: [0,10011,com.samsung.cmh:CMH]

02-23 09:22:55.010  2769  3281 I am_proc_start: [0,10034,5004,com.samsung.dcmservice,service,com.samsung.dcmservice/.DCMService]

02-23 09:22:55.050  2769  3805 I am_proc_bound: [0,10034,com.samsung.dcmservice]

02-23 09:22:55.230  2769  5163 I am_kill : [0,9707,com.google.android.apps.docs,15,DHA:empty #11]

02-23 09:22:55.340  2769  5165 I am_proc_died: [0,9707,com.google.android.apps.docs,15,223,256]

02-23 09:22:55.420  2769  5163 I power_partial_wake_state: [1,bluedroid_timer]

02-23 09:22:55.510  2769  2828 I am_proc_start: [0,10059,10116,com.android.calendar,broadcast-3,com.android.calendar/.widget.MonthWidgetProvider]

02-23 09:22:55.550  2769  3804 I am_proc_bound: [0,10059,com.android.calendar]

02-23 09:22:55.570  2769  4087 I power_partial_wake_state: [1,DefaultSmsSubscriptionChangeReceiver Receive broadcast -> ExecuteActionRunnable#runImpl -> ExecuteActionRunnable#runImpl -> BackgroundWorkerRunnable#runImpl -> SelfParticipantsRefreshAction -> ParticipantFullRefresh.refreshParticipants -> ParticipantRefresh#refreshConversationsSelfIds -> DataChangeNotifier#notifyConversationMetadataChanged -> DataChangeNotifier#notifyConversationMetadataChanged -> DataChangeNotifier#notifyConversationListChanged -> update_unread_counter -> WorkQueueImpl#queueWorkItemAndReturnFuture -> executeInTransaction running transactionBlock -> update_unread_counter]

02-23 09:22:55.795  3458  3807 D SubscriptionController: [getActiveSubInfoList]+

02-23 09:22:55.795  3458  3807 D SubscriptionController: [getActiveSubInfoForSubscriber]+ subId=4 subInfo= XXX

02-23 09:22:55.890  3458  3471 D SubscriptionController: [getActiveSubInfoList]+

02-23 09:22:55.890  3458  3471 D SubscriptionController: [getActiveSubInfoForSubscriber]+ subId=4 subInfo= XXX

02-23 09:22:55.895  3458  3469 D SubscriptionController: [getActiveSubInfoList]+

02-23 09:22:55.900  3458  3469 D SubscriptionController: [getActiveSubInfoForSubscriber]+ subId=4 subInfo= XXX

02-23 09:22:55.900  3458  3687 D SubscriptionController: [getActiveSubInfoList]+

02-23 09:22:55.900  3458  3687 D SubscriptionController: [getActiveSubInfoForSubscriber]+ subId=4 subInfo= XXX

02-23 09:22:55.905  3458  4064 D SubscriptionController: [getActiveSubInfoList]+

02-23 09:22:55.905  3458  4064 D SubscriptionController: [getActiveSubInfoForSubscriber]+ subId=4 subInfo= XXX

02-23 09:22:55.910  3458  3807 D SubscriptionController: [getActiveSubInfoList]+

02-23 09:22:55.910  3458  3807 D SubscriptionController: [getActiveSubInfoForSubscriber]+ subId=4 subInfo= XXX

02-23 09:22:56.025  2769  3804 I am_proc_start: [0,10076,10029,com.android.providers.calendar,content provider,com.android.providers.calendar/.CalendarProvider2]

02-23 09:22:56.060  2769  5163 I am_proc_bound: [0,10076,com.android.providers.calendar]

02-23 09:22:56.070  3458  3471 D SubscriptionController: [getActiveSubInfoList]+

02-23 09:22:56.070  3458  3471 D SubscriptionController: [getActiveSubInfoForSubscriber]+ subId=4 subInfo= XXX

02-23 09:22:56.075  3458  3469 D SubscriptionController: [getActiveSubInfoList]+

02-23 09:22:56.080  3458  3469 D SubscriptionController: [getActiveSubInfoForSubscriber]+ subId=4 subInfo= XXX

02-23 09:22:56.085  3458  3687 D SubscriptionController: [getActiveSubInfoList]+

02-23 09:22:56.085  3458  3687 D SubscriptionController: [getActiveSubInfoForSubscriber]+ subId=4 subInfo= XXX

02-23 09:22:56.090  3458  4064 D SubscriptionController: [getActiveSubInfoList]+

02-23 09:22:56.090  3458  4064 D SubscriptionController: [getActiveSubInfoForSubscriber]+ subId=4 subInfo= XXX

02-23 09:22:56.095  3458  3807 D SubscriptionController: [getActiveSubInfoList]+

02-23 09:22:56.095  3458  3807 D SubscriptionController: [getActiveSubInfoForSubscriber]+ subId=4 subInfo= XXX

02-23 09:22:56.100  3458  3471 D SubscriptionController: [getActiveSubInfoList]+

02-23 09:22:56.100  3458  3471 D SubscriptionController: [getActiveSubInfoForSubscriber]+ subId=4 subInfo= XXX

02-23 09:22:56.250  2769  3125 I power_partial_wake_state: [0,bugle_datamodel_executor_wakelock]

02-23 09:22:56.280  2769  3125 I power_partial_wake_state: [1,AlertActionReceiver]

02-23 09:22:56.300  2769  3806 I power_partial_wake_state: [0,AlertActionReceiver]

02-23 09:22:56.350  2769  2782 I force_gc: Binder

02-23 09:22:56.535  2769  3844 I power_partial_wake_state: [0,bluedroid_timer]

02-23 09:22:56.765  2769  4087 I power_partial_wake_state: [0,DefaultSmsSubscriptionChangeReceiver Receive broadcast -> ExecuteActionRunnable#runImpl -> ExecuteActionRunnable#runImpl -> BackgroundWorkerRunnable#runImpl -> SelfParticipantsRefreshAction -> ParticipantFullRefresh.refreshParticipants -> ParticipantRefresh#refreshConversationsSelfIds -> DataChangeNotifier#notifyConversationMetadataChanged -> DataChangeNotifier#notifyConversationMetadataChanged -> DataChangeNotifier#notifyConversationListChanged -> update_unread_counter -> WorkQueueImpl#queueWorkItemAndReturnFuture -> executeInTransaction running transactionBlock -> update_unread_counter]

02-23 09:22:56.770  3458  3807 D SubscriptionController: getSimStateForSlotIdx:  simState=NETWORK_LOCKED ordinal=4

02-23 09:22:56.770  5540  5540 D SubscriptionManager: getSimStateForSlotIdx: simState=4 slotIdx=0

02-23 09:22:56.940  3458  3471 D SubscriptionController: getSimStateForSlotIdx:  simState=NETWORK_LOCKED ordinal=4

02-23 09:22:56.940  5540 10105 D SubscriptionManager: getSimStateForSlotIdx: simState=4 slotIdx=0

02-23 09:22:57.010  2769  2828 I am_proc_start: [0,10111,1000,com.sec.android.diagmonagent,broadcast-3,com.sec.android.diagmonagent/com.diagmondm.XDMBroadcastReceiver]

02-23 09:22:57.040  2769  2783 I am_proc_bound: [0,10111,com.sec.android.diagmonagent]

02-23 09:22:57.295  2769  3844 I am_proc_start: [0,10124,10001,com.sec.android.provider.badge,broadcast-3,com.sec.android.provider.badge/.BadgeCountReceiver]

02-23 09:22:57.320  3458  3458 D RILJ    : [0068]> SIGNAL_STRENGTH [SUB0]

02-23 09:22:57.325  2769  3492 I power_partial_wake_state: [1,RILJ0]

02-23 09:22:57.325  2769  2783 I am_proc_bound: [0,10124,com.sec.android.provider.badge]

02-23 09:22:57.345  3458  3653 D RILJ    : [0068]< SIGNAL_STRENGTH SignalStrength: 0 99 0 200 0 200 -1 0 2147483647 255 2147483647 2147483647 2147483647 0x0 gsm|lte [SUB0]

02-23 09:22:57.345  3458  3458 W SignalStrength: Signal before validate=SignalStrength: 0 99 0 200 0 200 -1 0 2147483647 255 2147483647 2147483647 2147483647 0x0 gsm|lte

02-23 09:22:57.345  3458  3458 W SignalStrength: Signal after validate=SignalStrength: 0 99 -120 -200 -120 -200 -1 0 2147483647 2147483647 2147483647 2147483647 2147483647 0x0 gsm|lte

02-23 09:22:57.345  2769  3281 I power_partial_wake_state: [0,RILJ0]

02-23 09:22:57.350  3458  3458 D DefaultPhoneNotifier: notifySignalStrength: mRegistry=com.android.internal.telephony.ITelephonyRegistry$Stub$Proxy@6d1279e ss=SignalStrength: 0 99 -120 -200 -120 -200 -1 0 2147483647 2147483647 2147483647 2147483647 2147483647 0x0 gsm|lte sender=Handler (com.android.internal.telephony.gsm.GSMPhone) {b6f7625}

02-23 09:22:57.360  3458  3687 D TelephonyManager: getLteOnCdmaMode=0 curVal=0 product_type='' lteOnCdmaProductType=''

02-23 09:22:57.440  2769  2783 I am_proc_start: [0,10138,1000,com.sec.android.app.popupuireceiver,broadcast-3,com.sec.android.app.popupuireceiver/.PopupuiReceiver]

02-23 09:22:57.475  2769  3806 I am_proc_bound: [0,10138,com.sec.android.app.popupuireceiver]

02-23 09:22:57.735  2769  5165 I am_proc_start: [0,10151,1000,com.sec.android.soagent,content provider,com.sec.android.soagent/.log.MasterLogProvider]

02-23 09:22:57.765  2769  3844 I am_proc_bound: [0,10151,com.sec.android.soagent]

02-23 09:22:58.155  2769  3021 I am_proc_start: [0,10171,1000,com.sec.android.Kies,broadcast-3,com.sec.android.Kies/.KiesReceiver]

02-23 09:22:58.185  2769  3804 I am_proc_bound: [0,10171,com.sec.android.Kies]

02-23 09:22:58.260  2769  3804 I am_proc_start: [0,10185,10086,com.sec.esdk.elm,broadcast-3,com.sec.esdk.elm/.receiver.MainReceiver]

02-23 09:22:58.310  2769  3806 I am_proc_bound: [0,10185,com.sec.esdk.elm]

02-23 09:22:58.365  2769  2783 I am_proc_start: [0,10204,1000,com.samsung.android.app.assistantmenu,broadcast-3,com.samsung.android.app.assistantmenu/.AssistantMenuReceiver]

02-23 09:22:58.385  2769  3729 I power_partial_wake_state: [1,UlrDispSvcFastWL]

02-23 09:22:58.405  2769  3806 I am_proc_bound: [0,10204,com.samsung.android.app.assistantmenu]

02-23 09:22:58.515  2769  3805 I am_proc_start: [0,10216,10024,com.sec.android.app.sns3,broadcast-3,com.sec.android.app.sns3/.app.profile.SnsStatusStreamBroadcastReceiver]

02-23 09:22:58.545  2769  3021 I power_partial_wake_state: [1,NlpWakeLock]

02-23 09:22:58.555  2769  5173 I am_proc_bound: [0,10216,com.sec.android.app.sns3]

02-23 09:22:58.555  2769  5163 I power_partial_wake_state: [0,NlpWakeLock]

02-23 09:22:58.555  2769  2782 I power_partial_wake_state: [0,UlrDispSvcFastWL]

02-23 09:22:58.570  2769  3844 I power_partial_wake_state: [1,UlrDispSvcFastWL]

02-23 09:22:58.580  2769  3729 I power_partial_wake_state: [0,UlrDispSvcFastWL]

02-23 09:22:58.590  2769  3021 I power_partial_wake_state: [1,NlpWakeLock]

02-23 09:22:58.595  2769  5163 I power_partial_wake_state: [0,NlpWakeLock]

02-23 09:22:58.985  2769  3492 I power_partial_wake_state: [1,GCM_WORK]

02-23 09:22:58.990  2769  3125 I power_partial_wake_state: [0,GCM_WORK]

02-23 09:22:59.140  2769  3805 I power_partial_wake_state: [1,ScheduleNextAlarmWakeLock]

02-23 09:22:59.160  2769  3729 I am_proc_start: [0,10243,10035,com.samsung.android.email.provider,broadcast-3,com.samsung.android.email.provider/com.samsung.android.email.ui.service.EmailUIBroadcastReceiver]

02-23 09:22:59.180  2769  2783 I power_partial_wake_state: [0,ScheduleNextAlarmWakeLock]

02-23 09:22:59.200  2769  5163 I am_proc_bound: [0,10243,com.samsung.android.email.provider]

02-23 09:22:59.545  2769  3021 I am_proc_start: [0,10260,5005,com.samsung.android.app.FileShareServer,broadcast-3,com.samsung.android.app.FileShareServer/.ServerBroadcastReceiver]

02-23 09:22:59.580  2769  3492 I am_proc_bound: [0,10260,com.samsung.android.app.FileShareServer]

02-23 09:23:00.500  2769  2879 I am_proc_start: [0,10280,10005,com.android.defcontainer,service,com.android.defcontainer/.DefaultContainerService]

02-23 09:23:00.570  2769  3805 I am_proc_start: [0,10292,10032,com.android.vending:background,broadcast-3,com.android.vending/com.google.android.finsky.packagemonitor.backgroundimpl.BackgroundPackageMonitorReceiverImpl$RegisteredReceiver]

02-23 09:23:00.575  2769  3729 I am_proc_bound: [0,10280,com.android.defcontainer]

02-23 09:23:00.600  2769  3806 I force_gc: Binder

02-23 09:23:00.615  2769  3804 I am_proc_bound: [0,10292,com.android.vending:background]

02-23 09:23:02.515  2769  4089 I am_proc_start: [0,10329,10143,com.offsec.nethunter.store,broadcast-3,com.offsec.nethunter.store/org.fdroid.fdroid.receiver.PackageManagerReceiver]

02-23 09:23:02.560  2769  3729 I am_proc_bound: [0,10329,com.offsec.nethunter.store]

02-23 09:23:03.210  2769  5163 I power_partial_wake_state: [1,org.fdroid.fdroid.data.InstalledAppProviderService:launch]

02-23 09:23:03.620  2769  5163 I power_partial_wake_state: [1,org.fdroid.fdroid.data.InstalledAppProviderService:run]

02-23 09:23:03.620  2769  3281 I power_partial_wake_state: [0,org.fdroid.fdroid.data.InstalledAppProviderService:launch]

02-23 09:23:03.645  2769  2783 I am_proc_start: [0,10355,10025,com.sec.spp.push,broadcast-3,com.sec.spp.push/.monitor.SystemStateMonitor]

02-23 09:23:03.650  2769  3281 I power_partial_wake_state: [1,org.fdroid.fdroid.net.ConnectivityMonitorService:launch]

02-23 09:23:03.670  2769  3021 I power_partial_wake_state: [1,org.fdroid.fdroid.net.ConnectivityMonitorService:run]

02-23 09:23:03.670  2769  3844 I power_partial_wake_state: [0,org.fdroid.fdroid.net.ConnectivityMonitorService:launch]

02-23 09:23:03.685  2769  3806 I power_partial_wake_state: [0,org.fdroid.fdroid.net.ConnectivityMonitorService:run]

02-23 09:23:03.690  2769  5173 I am_proc_bound: [0,10355,com.sec.spp.push]

02-23 09:23:03.885  2769  2769 I power_partial_wake_state: [1,*job*/com.google.android.videos/androidx.work.impl.background.systemjob.SystemJobService]

02-23 09:23:03.885  2769  2769 I power_partial_wake_state: [0,*job*/com.google.android.videos/androidx.work.impl.background.systemjob.SystemJobService]

02-23 09:23:04.630 10355 10355 I [5223]  : D>0174.6014.SD>78.bc.2

02-23 09:23:04.690 10355 10355 I [5223]  : T:com.osp.app.signin>f, com.samsung.android.scloud>f, com.samsung.android.fmm>f, com.sec.spp.push>f, 

02-23 09:23:04.830  2769  3281 I power_partial_wake_state: [1,b]

02-23 09:23:04.835  2769  5165 I power_partial_wake_state: [0,b]

02-23 09:23:04.995  3458  3471 D SubscriptionController: getSimStateForSlotIdx:  simState=NETWORK_LOCKED ordinal=4

02-23 09:23:04.995 10355 10399 D SubscriptionManager: getSimStateForSlotIdx: simState=4 slotIdx=0

02-23 09:23:05.000  3458  3471 D SubscriptionController: getSimStateForSlotIdx:  simState=NETWORK_LOCKED ordinal=4

02-23 09:23:05.000 10355 10399 D SubscriptionManager: getSimStateForSlotIdx: simState=4 slotIdx=0

02-23 09:23:05.765  2769  3021 I power_partial_wake_state: [1,b]

02-23 09:23:05.770  2769  3806 I power_partial_wake_state: [1,b]

02-23 09:23:05.845  2769  5163 I power_partial_wake_state: [0,b]

02-23 09:23:05.850  2769  3125 I power_partial_wake_state: [1,b]

02-23 09:23:05.850  2769  5173 I power_partial_wake_state: [0,b]

02-23 09:23:05.855 10355 10355 I [5223]  : D>0174.6014.SD>78.bc.2

02-23 09:23:05.870 10355 10355 I [5223]  : T:com.osp.app.signin>f, com.samsung.android.scloud>f, com.samsung.android.fmm>f, com.sec.spp.push>f, 

02-23 09:23:05.875  2769  3844 I power_partial_wake_state: [1,b]

02-23 09:23:05.875  2769  3805 I power_partial_wake_state: [0,b]

02-23 09:23:06.185  2769  5173 I power_partial_wake_state: [1,androidx.core:wake:com.google.android.googlequicksearchbox/com.google.android.apps.gsa.tasks.BackgroundTasksAlarmService]

02-23 09:23:06.205  2769  3021 I power_partial_wake_state: [1,androidx.core:wake:com.google.android.googlequicksearchbox/com.google.android.apps.gsa.tasks.BackgroundTasksAlarmService]

02-23 09:23:06.215  2769  3804 I power_partial_wake_state: [1,androidx.core:wake:com.google.android.googlequicksearchbox/com.google.android.apps.gsa.tasks.BackgroundTasksAlarmService]

02-23 09:23:06.255  2769  3281 I power_partial_wake_state: [1,androidx.core:wake:com.google.android.googlequicksearchbox/com.google.android.apps.gsa.tasks.BackgroundTasksAlarmService]

02-23 09:23:06.265  2769  3021 I power_partial_wake_state: [1,androidx.core:wake:com.google.android.googlequicksearchbox/com.google.android.apps.gsa.tasks.BackgroundTasksAlarmService]

02-23 09:23:06.265  2769  2783 I power_partial_wake_state: [0,b]

02-23 09:23:06.370  2769  4087 I power_partial_wake_state: [1,GCM_WORK]

02-23 09:23:06.370  2769  3125 I power_partial_wake_state: [0,GCM_WORK]

02-23 09:23:06.375  2769  5163 I power_partial_wake_state: [1,bluedroid_timer]

02-23 09:23:06.495  2769  3804 I power_partial_wake_state: [0,bluedroid_timer]

02-23 09:23:06.520  2769  5163 I power_partial_wake_state: [1,b]

02-23 09:23:06.710  2769  3021 I power_partial_wake_state: [0,b]

02-23 09:23:06.890  2769  4087 I power_partial_wake_state: [1,*gms_scheduler*:internal]

02-23 09:23:07.145  2769  3805 I power_partial_wake_state: [0,androidx.core:wake:com.google.android.googlequicksearchbox/com.google.android.apps.gsa.tasks.BackgroundTasksAlarmService]

02-23 09:23:07.160  2769  2783 I power_partial_wake_state: [1,androidx.core:wake:com.google.android.googlequicksearchbox/com.google.android.apps.gsa.tasks.BackgroundTasksAlarmService]

02-23 09:23:07.265  2769  3805 I power_partial_wake_state: [0,*gms_scheduler*:internal]

02-23 09:23:07.350  2769  3806 I power_partial_wake_state: [0,androidx.core:wake:com.google.android.googlequicksearchbox/com.google.android.apps.gsa.tasks.BackgroundTasksAlarmService]

02-23 09:23:07.540  2769  5165 I power_partial_wake_state: [1,NlpWakeLock]

02-23 09:23:07.615  2769  4087 I power_partial_wake_state: [0,NlpWakeLock]

02-23 09:23:07.640  2769  3281 I power_partial_wake_state: [1,NlpWakeLock]

02-23 09:23:07.670  2769  3844 I power_partial_wake_state: [0,NlpWakeLock]

02-23 09:23:07.865  2769  5173 I force_gc: Binder

02-23 09:23:08.390  2769  4087 I power_partial_wake_state: [1,GCM_WORK]

02-23 09:23:08.395  2769  2782 I power_partial_wake_state: [0,GCM_WORK]

02-23 09:23:08.530  2769  4087 I power_partial_wake_state: [0,androidx.core:wake:com.google.android.googlequicksearchbox/com.google.android.apps.gsa.tasks.BackgroundTasksAlarmService]

02-23 09:23:08.695  2769  2769 I power_partial_wake_state: [1,*job*/com.google.android.videos/androidx.work.impl.background.systemjob.SystemJobService]

02-23 09:23:08.695  2769  2769 I power_partial_wake_state: [0,*job*/com.google.android.videos/androidx.work.impl.background.systemjob.SystemJobService]

02-23 09:23:08.780  2769  5173 I power_partial_wake_state: [0,androidx.core:wake:com.google.android.googlequicksearchbox/com.google.android.apps.gsa.tasks.BackgroundTasksAlarmService]

02-23 09:23:08.885  2769  4089 I power_partial_wake_state: [0,androidx.core:wake:com.google.android.googlequicksearchbox/com.google.android.apps.gsa.tasks.BackgroundTasksAlarmService]

02-23 09:23:08.910  2769  4089 I power_partial_wake_state: [1,AlertActionReceiver]

02-23 09:23:08.925  2769  4087 I power_partial_wake_state: [0,AlertActionReceiver]

02-23 09:23:08.965  2769  3125 I power_partial_wake_state: [1,bluedroid_timer]

02-23 09:23:08.965  2769  2769 I power_partial_wake_state: [0,*alarm*]

02-23 09:23:09.240  3458  3807 D SubscriptionController: getSimStateForSlotIdx:  simState=NETWORK_LOCKED ordinal=4

02-23 09:23:09.240 10292 10316 D SubscriptionManager: getSimStateForSlotIdx: simState=4 slotIdx=0

02-23 09:23:09.280  3458  3687 D SubscriptionController: getSimStateForSlotIdx:  simState=NETWORK_LOCKED ordinal=4

02-23 09:23:09.280 10292 10320 D SubscriptionManager: getSimStateForSlotIdx: simState=4 slotIdx=0

02-23 09:23:09.420  3458  3471 D SubscriptionController: getSimStateForSlotIdx:  simState=NETWORK_LOCKED ordinal=4

02-23 09:23:09.420 10292 10316 D SubscriptionManager: getSimStateForSlotIdx: simState=4 slotIdx=0

02-23 09:23:11.720  2769  3806 I power_partial_wake_state: [0,bluedroid_timer]

02-23 09:23:11.915  2769  2823 I am_pss  : [5221,10032,com.android.vending,43972608,36850688]

02-23 09:23:12.610  2769  5163 I power_partial_wake_state: [0,androidx.core:wake:com.google.android.googlequicksearchbox/com.google.android.apps.gsa.tasks.BackgroundTasksAlarmService]

02-23 09:23:14.135  2769  3805 I force_gc: Binder

02-23 09:23:16.440  2769  2943 I power_partial_wake_state: [1,*alarm*]

02-23 09:23:16.440  2769  2769 I power_partial_wake_state: [0,*alarm*]

02-23 09:23:16.535  2769  3806 I am_proc_start: [0,10452,1000,com.sec.knox.switcher,broadcast-5,com.sec.knox.switcher/.knoxusage.KnoxUsageReceiver]

02-23 09:23:16.655  2769  5163 I am_proc_bound: [0,10452,com.sec.knox.switcher]

02-23 09:23:16.800  2769  2783 I am_proc_start: [0,10464,10033,com.osp.app.signin,broadcast-5,com.osp.app.signin/.OspReceiver]

02-23 09:23:16.800  2769  2783 I am_kill : [0,9860,com.google.android.apps.paidtasks,15,DHA:empty #25]

02-23 09:23:16.830  2769  3281 I am_proc_bound: [0,10464,com.osp.app.signin]

02-23 09:23:16.855  2769  3805 I am_proc_died: [0,9860,com.google.android.apps.paidtasks,15,79,284]

02-23 09:23:16.895  2769  2823 I am_pss  : [5540,10002,com.android.contacts,2500608,1953792]

02-23 09:23:17.335  2769  2943 I power_partial_wake_state: [1,*alarm*]

02-23 09:23:17.345  2769  3806 I power_partial_wake_state: [1,androidx.core:wake:com.google.android.googlequicksearchbox/com.google.android.apps.gsa.tasks.BackgroundTasksAlarmService]

02-23 09:23:17.350  2769  2769 I power_partial_wake_state: [0,*alarm*]

02-23 09:23:17.365  3458  3458 D RILJ    : [0069]> SIGNAL_STRENGTH [SUB0]

02-23 09:23:17.365  2769  3804 I power_partial_wake_state: [1,RILJ0]

02-23 09:23:17.370  3458  3653 D RILJ    : [0069]< SIGNAL_STRENGTH SignalStrength: 0 99 0 200 0 200 -1 0 2147483647 255 2147483647 2147483647 2147483647 0x0 gsm|lte [SUB0]

02-23 09:23:17.375  3458  3458 W SignalStrength: Signal before validate=SignalStrength: 0 99 0 200 0 200 -1 0 2147483647 255 2147483647 2147483647 2147483647 0x0 gsm|lte

02-23 09:23:17.375  3458  3458 W SignalStrength: Signal after validate=SignalStrength: 0 99 -120 -200 -120 -200 -1 0 2147483647 2147483647 2147483647 2147483647 2147483647 0x0 gsm|lte

02-23 09:23:17.375  3458  3458 D DefaultPhoneNotifier: notifySignalStrength: mRegistry=com.android.internal.telephony.ITelephonyRegistry$Stub$Proxy@6d1279e ss=SignalStrength: 0 99 -120 -200 -120 -200 -1 0 2147483647 2147483647 2147483647 2147483647 2147483647 0x0 gsm|lte sender=Handler (com.android.internal.telephony.gsm.GSMPhone) {b6f7625}

02-23 09:23:17.375  2769  3021 I power_partial_wake_state: [0,RILJ0]

02-23 09:23:17.390  3458  4064 D TelephonyManager: getLteOnCdmaMode=0 curVal=0 product_type='' lteOnCdmaProductType=''

02-23 09:23:17.410  2769  2823 I am_pss  : [3691,10050,com.google.android.googlequicksearchbox:search,81954816,79450112]

02-23 09:23:17.515  3458  3469 D SubscriptionController: getSimStateForSlotIdx:  simState=NETWORK_LOCKED ordinal=4

02-23 09:23:17.515 10464 10464 D SubscriptionManager: getSimStateForSlotIdx: simState=4 slotIdx=0

02-23 09:23:17.560  2769  3125 I am_kill : [0,9934,com.sec.android.app.mt,15,DHA:empty #25]

02-23 09:23:17.565  3458  3807 D SubscriptionController: getSimStateForSlotIdx:  simState=NETWORK_LOCKED ordinal=4

02-23 09:23:17.565 10464 10487 D SubscriptionManager: getSimStateForSlotIdx: simState=4 slotIdx=0

02-23 09:23:17.600  2769  2783 I am_proc_died: [0,9934,com.sec.android.app.mt,15,81,283]

02-23 09:23:17.605  2769  3805 I power_partial_wake_state: [0,androidx.core:wake:com.google.android.googlequicksearchbox/com.google.android.apps.gsa.tasks.BackgroundTasksAlarmService]

02-23 09:23:18.810  2769  3729 I am_kill : [0,9948,com.android.settings,15,DHA:empty #25]

02-23 09:23:18.860  2769  3805 I am_proc_died: [0,9948,com.android.settings,15,82,279]

02-23 09:23:19.110  2769  3806 I power_partial_wake_state: [0,org.fdroid.fdroid.data.InstalledAppProviderService:run]

02-23 09:23:19.115  2769  3281 I am_kill : [0,8107,com.google.android.apps.messaging,15,DHA:empty #25]

02-23 09:23:19.295  2769  3806 I am_proc_died: [0,8107,com.google.android.apps.messaging,15,142,280]

02-23 09:23:21.735  2769  2943 I power_partial_wake_state: [1,*alarm*]

02-23 09:23:21.740  2769  2769 I power_partial_wake_state: [0,*alarm*]

02-23 09:23:21.770  2769  2823 I am_pss  : [9918,1000,com.samsung.android.SettingsReceiver,2319360,1826816]

02-23 09:23:22.100  2769  2783 I am_proc_start: [0,10493,10052,com.ampsvc.android,broadcast-5,com.ampsvc.android/com.ampsvc.androidreceiver.AndroidReceiver]

02-23 09:23:22.135  2769  3804 I am_proc_bound: [0,10493,com.ampsvc.android]

02-23 09:23:22.950  2769  3806 I am_proc_start: [0,10517,10079,com.samsung.android.widgetapp.connectivitywidget,broadcast-5,com.samsung.android.widgetapp.connectivitywidget/.EasyWidgetProviderNetworkStatus]

02-23 09:23:22.955  3458  4064 D SubscriptionController: getSimStateForSlotIdx:  simState=NETWORK_LOCKED ordinal=4

02-23 09:23:22.955 10493 10510 D SubscriptionManager: getSimStateForSlotIdx: simState=4 slotIdx=0

02-23 09:23:22.995  2769  3806 I am_proc_bound: [0,10517,com.samsung.android.widgetapp.connectivitywidget]

02-23 09:23:23.095  2769  3805 I am_kill : [0,10138,com.sec.android.app.popupuireceiver,15,DHA:empty #25]

02-23 09:23:23.130  2769  3125 I am_proc_died: [0,10138,com.sec.android.app.popupuireceiver,15,129,289]

02-23 09:23:23.205  3458  3469 D SubscriptionController: getSimStateForSlotIdx:  simState=NETWORK_LOCKED ordinal=4

02-23 09:23:23.205 10493 10536 D SubscriptionManager: getSimStateForSlotIdx: simState=4 slotIdx=0

02-23 09:23:23.445  2769  5165 I am_kill : [0,10034,com.samsung.dcmservice,15,DHA:empty #25]

02-23 09:23:23.475  2769  3729 I am_proc_died: [0,10034,com.samsung.dcmservice,15,127,291]

02-23 09:23:23.475  2769  3729 I am_schedule_service_restart: [0,com.samsung.dcmservice/.DCMService,1000]

02-23 09:23:23.725  2769  2828 I am_proc_start: [0,10541,10110,com.google.android.apps.photos,broadcast-5,com.google.android.apps.photos/.actionqueue.impl.SystemReceiver]

02-23 09:23:23.760  2769  3492 I am_proc_bound: [0,10541,com.google.android.apps.photos]

02-23 09:23:24.500  2769  2828 I am_proc_start: [0,10553,5004,com.samsung.dcmservice,service,com.samsung.dcmservice/.DCMService]

02-23 09:23:24.540  2769  3806 I am_proc_bound: [0,10553,com.samsung.dcmservice]

02-23 09:23:24.580  2769  2823 I am_pss  : [9986,1000,com.samsung.android.sm,3284992,2752512]

02-23 09:23:24.620  2769  2823 I am_pss  : [10355,10025,com.sec.spp.push,11600896,10461184]

02-23 09:23:24.620  2769  5163 I am_kill : [0,10011,com.samsung.cmh:CMH,15,DHA:empty #25]

02-23 09:23:24.660  2769  3806 I am_proc_died: [0,10011,com.samsung.cmh:CMH,15,89,325]

02-23 09:23:25.310  2769  2943 I power_partial_wake_state: [1,*alarm*]

02-23 09:23:25.315  2769  2769 I power_partial_wake_state: [0,*alarm*]

02-23 09:23:25.905  2769  2823 I am_pss  : [5337,10008,com.google.android.gms.persistent,94210048,91701248]

02-23 09:23:26.505  2769  3021 I am_proc_start: [0,10585,10069,com.att.deviceunlock,broadcast-5,com.att.deviceunlock/.utils.NetworkChangeReceiver]

02-23 09:23:26.515  2769  3805 I power_partial_wake_state: [1,androidx.core:wake:com.google.android.apps.photos/.jobqueue.JobsActionIntentService]

02-23 09:23:26.545  2769  3125 I am_proc_bound: [0,10585,com.att.deviceunlock]

02-23 09:23:26.550  2769  2943 I power_partial_wake_state: [1,*alarm*]

02-23 09:23:26.555  2769  2769 I power_partial_wake_state: [0,*alarm*]

02-23 09:23:26.575  2769  2823 I am_pss  : [4681,10008,com.google.android.gms,48244736,46291968]

02-23 09:23:26.585  5337  6143 I force_gc: Binder

02-23 09:23:26.615  2769  2823 I am_pss  : [3242,10002,android.process.acore,6596608,6098944]

02-23 09:23:26.670  2769  3804 I am_kill : [0,10171,com.sec.android.Kies,15,DHA:empty #25]

02-23 09:23:26.685  2769  3021 I force_gc: Binder

02-23 09:23:26.710  2769  3729 I am_proc_died: [0,10171,com.sec.android.Kies,15,75,326]

02-23 09:23:27.040  2769  2823 I am_pss  : [6509,10014,com.samsung.klmsagent,1707008,1388544]

02-23 09:23:27.165  2769  2823 I am_pss  : [10111,1000,com.sec.android.diagmonagent,4919296,4284416]

02-23 09:23:27.200  2769  2823 I am_pss  : [4216,10030,android.process.media,1659904,1298432]

02-23 09:23:27.230  2769  3729 I power_partial_wake_state: [0,androidx.core:wake:com.google.android.apps.photos/.jobqueue.JobsActionIntentService]

02-23 09:23:27.235  2769  3125 I am_kill : [0,10185,com.sec.esdk.elm,15,DHA:empty #25]

02-23 09:23:27.275  2769  5165 I am_proc_died: [0,10185,com.sec.esdk.elm,15,83,320]

02-23 09:23:27.710  2769  2769 I power_partial_wake_state: [1,*job*/com.google.android.apps.photos/androidx.work.impl.background.systemjob.SystemJobService]

02-23 09:23:27.710  2769  2769 I power_partial_wake_state: [0,*job*/com.google.android.apps.photos/androidx.work.impl.background.systemjob.SystemJobService]

02-23 09:23:27.775  2769  2823 I am_pss  : [3691,10050,com.google.android.googlequicksearchbox:search,74935296,72888320]

02-23 09:23:29.075  2769  5163 I power_partial_wake_state: [1,DatabaseProcessorService]

02-23 09:23:29.080  2769  3125 I power_partial_wake_state: [0,DatabaseProcessorService]

02-23 09:23:29.210  2769  3281 I power_partial_wake_state: [1,DatabaseProcessorService]

02-23 09:23:29.210  2769  3492 I power_partial_wake_state: [0,DatabaseProcessorService]

02-23 09:23:29.390  2769  2943 I power_partial_wake_state: [1,*alarm*]

02-23 09:23:29.415  2769  3806 I power_partial_wake_state: [1,androidx.core:wake:com.google.android.googlequicksearchbox/com.google.android.apps.gsa.tasks.BackgroundTasksAlarmService]

02-23 09:23:29.425  2769  2769 I power_partial_wake_state: [0,*alarm*]

02-23 09:23:29.455  2769  2823 I am_pss  : [10151,1000,com.sec.android.soagent,2515968,2007040]

02-23 09:23:29.490  2769  2823 I am_pss  : [10204,1000,com.samsung.android.app.assistantmenu,2491392,2007040]

02-23 09:23:29.520  2769  2823 I am_pss  : [10216,10024,com.sec.android.app.sns3,5402624,4513792]

02-23 09:23:29.550  2769  3729 I power_partial_wake_state: [0,androidx.core:wake:com.google.android.googlequicksearchbox/com.google.android.apps.gsa.tasks.BackgroundTasksAlarmService]

02-23 09:23:29.625  2769  2823 I am_pss  : [10260,5005,com.samsung.android.app.FileShareServer,2368512,1904640]

02-23 09:23:31.770  2769  2943 I power_partial_wake_state: [1,*alarm*]

02-23 09:23:31.770  2769  2769 I power_partial_wake_state: [0,*alarm*]

02-23 09:23:31.840  2769  2823 I am_pss  : [10292,10032,com.android.vending:background,30350336,23441408]

02-23 09:23:31.870  2769  2823 I am_pss  : [10243,10035,com.samsung.android.email.provider,7202816,5890048]

02-23 09:23:32.660  3242  3283 I content_query_sample: contents_sample_state: [ contacts(2) data(8) accounts({vnd.sec.contact.phone (2)=1, com.google (3)=1}) accounts deleted({}) calls([])  ]


02-23 09:23:32.660  3242  3283 I content_query_sample: contents_sample_state: [ agr({[3]=1, [2]=1})  ]

02-23 09:23:33.555  3458  3469 D SubscriptionController: getSimStateForSlotIdx:  simState=NETWORK_LOCKED ordinal=4

02-23 09:23:33.555  2769  2769 D SubscriptionManager: getSimStateForSlotIdx: simState=4 slotIdx=0

02-23 09:23:33.555  2769  2782 I power_partial_wake_state: [1,NlpWakeLock]

02-23 09:23:33.610  2769  3844 I power_partial_wake_state: [0,NlpWakeLock]

02-23 09:23:37.385  3458  3458 D RILJ    : [0070]> SIGNAL_STRENGTH [SUB0]

02-23 09:23:37.390  2769  2782 I power_partial_wake_state: [1,RILJ0]

02-23 09:23:37.400  3458  3653 D RILJ    : [0070]< SIGNAL_STRENGTH SignalStrength: 0 99 0 200 0 200 -1 0 2147483647 255 2147483647 2147483647 2147483647 0x0 gsm|lte [SUB0]

02-23 09:23:37.400  3458  3458 W SignalStrength: Signal before validate=SignalStrength: 0 99 0 200 0 200 -1 0 2147483647 255 2147483647 2147483647 2147483647 0x0 gsm|lte

02-23 09:23:37.400  3458  3458 W SignalStrength: Signal after validate=SignalStrength: 0 99 -120 -200 -120 -200 -1 0 2147483647 2147483647 2147483647 2147483647 2147483647 0x0 gsm|lte

02-23 09:23:37.400  3458  3458 D DefaultPhoneNotifier: notifySignalStrength: mRegistry=com.android.internal.telephony.ITelephonyRegistry$Stub$Proxy@6d1279e ss=SignalStrength: 0 99 -120 -200 -120 -200 -1 0 2147483647 2147483647 2147483647 2147483647 2147483647 0x0 gsm|lte sender=Handler (com.android.internal.telephony.gsm.GSMPhone) {b6f7625}

02-23 09:23:37.400  2769  2783 I power_partial_wake_state: [0,RILJ0]

02-23 09:23:37.415  3458  4064 D TelephonyManager: getLteOnCdmaMode=0 curVal=0 product_type='' lteOnCdmaProductType=''

02-23 09:23:37.520  2769  2943 I power_partial_wake_state: [1,*alarm*]

02-23 09:23:37.555  2769  2769 I power_partial_wake_state: [0,*alarm*]

02-23 09:23:37.595  2769  5163 I power_partial_wake_state: [1,*gms_scheduler*:internal]

02-23 09:23:37.640  2769  5173 I power_partial_wake_state: [1,*gms_scheduler*/com.google.android.gms/.auth.proximity.BetterTogetherFeatureSupportIntentOperation$RetryGmsTaskBoundService]

02-23 09:23:37.690  2769  2782 I power_partial_wake_state: [0,*gms_scheduler*:internal]

02-23 09:23:37.695  2769  3844 I power_partial_wake_state: [0,*gms_scheduler*/com.google.android.gms/.auth.proximity.BetterTogetherFeatureSupportIntentOperation$RetryGmsTaskBoundService]

02-23 09:23:37.700  2769  5163 I power_partial_wake_state: [1,*gms_scheduler*:internal]

02-23 09:23:37.725  2769  2782 I power_partial_wake_state: [0,*gms_scheduler*:internal]

02-23 09:23:37.725  2769  4089 I power_partial_wake_state: [1,*gms_scheduler*:internal]

02-23 09:23:37.810  2769  3805 I power_partial_wake_state: [1,*gms_scheduler*/com.google.android.gms/.telephonyspam.sync.SpamListSyncTaskService]

02-23 09:23:37.840  2769  3844 I power_partial_wake_state: [1,*gms_scheduler*/com.google.android.gms/.romanesco.ContactsLoggerUploadService]

