02-22 21:41:14.880  3321  3321 E IccCardProxy: setExternalState: set mPhoneId=0 mExternalState=NOT_READY
02-22 21:41:14.880  3321  3321 D TelephonyManager: setTelephonyProperty: success phoneId=0 property=gsm.sim.state value: NOT_READY propVal=NOT_READY
02-22 21:41:14.885  3321  3321 D SubscriptionController: [getSubId]- sSlotIdxToSubId.size == 0, return DummySubIds slotIdx=0
02-22 21:41:14.885  3321  3321 D IccCardProxy: broadcastIccStateChangedIntent intent ACTION_SIM_STATE_CHANGED value=NOT_READY reason=null for mPhoneId=0
02-22 21:41:14.900  3321  3321 D IccCardProxy: Setting radio tech UMTS
02-22 21:41:14.920  3321  3331 D SubscriptionController: [getActiveSubInfoList]+
02-22 21:41:14.920  3321  3331 D SubscriptionController: [getActiveSubInfoList] Sub Controller not ready
02-22 21:41:14.935  3321  3321 D ProxyController: Constructor - Enter
02-22 21:41:14.935  3321  3321 D DctController: makeDctController: new DctController phones.length=1
02-22 21:41:14.935  3321  3321 D DctController: DctController(): phones.length=1
02-22 21:41:14.950  3321  3321 D DcSwitchSM: [DcSwitchStateMachine-0] DcSwitchState constructor E
02-22 21:41:14.955  3321  3321 D DcSwitchSM: [DcSwitchStateMachine-0] DcSwitchState constructor X
02-22 21:41:14.955  3321  3639 D DcSwitchSM: [DcSwitchStateMachine-0] IdleState: enter
02-22 21:41:14.965  3321  3321 D DctController: DctController(phones): Connect success: 0
02-22 21:41:15.040  3321  3590 D SubscriptionController: [getActiveSubInfoList]+
02-22 21:41:15.045  3321  3321 D DctController: updatePhoneBaseForIndex for phone index=0
02-22 21:41:15.045  3321  3321 D DctController: unregister TelephonyNetworkFactory for phone index=0
02-22 21:41:15.045  3321  3321 D SubscriptionController: [getSubId]- sSlotIdxToSubId.size == 0, return DummySubIds slotIdx=0
02-22 21:41:15.045  3321  3321 D DctController: [TNF 2147483643]NetworkCapabilities: [ Transports: CELLULAR Capabilities: MMS&SUPL&DUN&FOTA&IMS&CBS&IA&RCS&XCAP&EIMS&INTERNET&NOT_RESTRICTED&TRUSTED&NOT_VPN&ENT1&BIP]
02-22 21:41:15.065  2764  3306 D TelephonyRegistry: listen oscl: hasNotifySubscriptionInfoChangedOccurred==false no callback
02-22 21:41:15.080  3321  3638 D SmsBroadcastUndelivered: finished scanning raw table in 214 ms
02-22 21:41:15.080  3321  3321 D DctController: makeDctController: X sDctController=Handler (com.android.internal.telephony.dataconnection.DctController) {2a5c42a}
02-22 21:41:15.080  3321  3635 D CdmaInboundSmsHandler: StartupState.processMessage:6
02-22 21:41:15.080  3321  3633 D GsmInboundSmsHandler: StartupState.processMessage:6
02-22 21:41:15.080  3321  3633 D GsmInboundSmsHandler: entering Idle state
02-22 21:41:15.080  3321  3635 D CdmaInboundSmsHandler: entering Idle state
02-22 21:41:15.085  3321  3321 D ProxyController: clearTransaction
02-22 21:41:15.085  3321  3321 D ProxyController: clearTransaction: phoneId=0 status=IDLE
02-22 21:41:15.085  3321  3321 D ProxyController: Constructor - Exit
02-22 21:41:15.100  2764  2824 I am_proc_start: [0,3644,1000,com.samsung.ucs.ucspinpad,on-hold,]
02-22 21:41:15.135  2764  2824 I am_proc_start: [0,3653,1002,com.android.bluetooth,on-hold,]
02-22 21:41:15.205  2764  2824 I am_proc_start: [0,3667,10008,com.google.android.gms.persistent,on-hold,]
02-22 21:41:15.245  3321  3321 I PhoneFactory: defaultSmsApplication: com.google.android.apps.messaging
02-22 21:41:15.265  2764  2824 I am_proc_start: [0,3683,1000,com.smartcomroot,added application,com.smartcomroot]
02-22 21:41:15.275  2764  2928 I am_proc_bound: [0,3644,com.samsung.ucs.ucspinpad]
02-22 21:41:15.285  3321  3321 I PhoneFactory: Creating SubInfoRecordUpdater 
02-22 21:41:15.285  3321  3321 D SubscriptionInfoUpdater: Constructor invoked
02-22 21:41:15.315  2764  2848 I am_proc_start: [0,3690,1000,com.samsung.android.sm.provider,content provider,com.samsung.android.sm.provider/com.samsung.android.sm.database.SmProvider]
02-22 21:41:15.315  2764  3346 I am_proc_bound: [0,3667,com.google.android.gms.persistent]
02-22 21:41:15.400  2764  3024 I am_proc_bound: [0,3653,com.android.bluetooth]
02-22 21:41:15.445  2764  2824 I screen_toggled: 1
02-22 21:41:15.445  2764  3306 I am_proc_bound: [0,3683,com.smartcomroot]
02-22 21:41:15.455  3321  3331 D SubscriptionController: [getPhoneId]- no sims, returning default phoneId=0
02-22 21:41:15.475  3321  3321 D PhoneFactory: ImsTelephonyService bound request : true
02-22 21:41:15.475  3321  3321 I telephony_event: makeDefaultPhones is called
02-22 21:41:15.480  3321  3590 D SubscriptionController: [getActiveSubInfoList] Sub Controller not ready
02-22 21:41:15.480  3321  3333 D SubscriptionController: getSimStateForSlotIdx:  simState=NOT_READY ordinal=6
02-22 21:41:15.480  2764  2764 D SubscriptionManager: getSimStateForSlotIdx: simState=6 slotIdx=0
02-22 21:41:15.480  2764  2764 D TelephonyManager: getSimState: default sim:-1, sim state for slotIdx=0 is 6, return state as unknown
02-22 21:41:15.485  3321  3590 D SubscriptionController: [getSlotId]- subId invalid
02-22 21:41:15.495  3321  3333 D SubscriptionController: getSimStateForSlotIdx:  simState=NOT_READY ordinal=6
02-22 21:41:15.495  2764  2764 D SubscriptionManager: getSimStateForSlotIdx: simState=6 slotIdx=0
02-22 21:41:15.495  2764  2764 D TelephonyManager: getSimState: default sim:-1, sim state for slotIdx=0 is 6, return state as unknown
02-22 21:41:15.495  2764  2777 I am_proc_bound: [0,3690,com.samsung.android.sm.provider]
02-22 21:41:15.500  3321  3642 D SubscriptionController: [getSubId]- sSlotIdxToSubId.size == 0, return DummySubIds slotIdx=0
02-22 21:41:15.515  3321  3590 D SubscriptionController: [getPhoneId]- no sims, returning default phoneId=0
02-22 21:41:15.650  2764  3024 I power_partial_wake_state: [1,AudioMix]
02-22 21:41:16.010  3321  3590 D SubscriptionController: [getSlotId]- subId invalid
02-22 21:41:16.020  3321  3642 D SubscriptionController: getSimStateForSlotIdx:  simState=NOT_READY ordinal=6
02-22 21:41:16.020  2764  2764 D SubscriptionManager: getSimStateForSlotIdx: simState=6 slotIdx=0
02-22 21:41:16.020  2764  2764 D TelephonyManager: getSimState: default sim:-1, sim state for slotIdx=0 is 6, return state as unknown
02-22 21:41:16.160  2764  2764 I backup_transport_lifecycle: [android/com.android.internal.backup.LocalTransportService,1]
02-22 21:41:16.215  2764  2764 I notification_enqueue: [10047,3092,com.android.systemui,1397773634,public:179,33,-1,Notification(pri=-1 contentView=null vibrate=null sound=null defaults=0x0 flags=0x100 color=0xff7792a9 category=sys actions=2 vis=PUBLIC secFlags=0x0 secPriority=0),0]
02-22 21:41:16.250  3321  3321 D CallManager: registerPhone(GSM Handler (com.android.internal.telephony.PhoneProxy) {535d5cd})
02-22 21:41:16.260  3321  3590 D SubscriptionController: getPhoneId,  received dummy subId 2147483643
02-22 21:41:16.395  2764  3695 I force_gc: Binder
02-22 21:41:17.460  3321  3590 D SubscriptionController: [getSlotId]- subId invalid
02-22 21:41:17.465  3321  3333 D SubscriptionController: getSimStateForSlotIdx:  simState=NOT_READY ordinal=6
02-22 21:41:17.465  2764  2764 D SubscriptionManager: getSimStateForSlotIdx: simState=6 slotIdx=0
02-22 21:41:17.465  2764  2764 D TelephonyManager: getSimState: default sim:-1, sim state for slotIdx=0 is 6, return state as unknown
02-22 21:41:17.470  3321  3642 D SubscriptionController: [getPhoneId]- no sims, returning default phoneId=0
02-22 21:41:17.485  3321  3590 D SubscriptionController: [getSlotId]- subId invalid
02-22 21:41:17.490  3321  3333 D SubscriptionController: getSimStateForSlotIdx:  simState=NOT_READY ordinal=6
02-22 21:41:17.490  3566  3566 D SubscriptionManager: getSimStateForSlotIdx: simState=6 slotIdx=0
02-22 21:41:17.490  3566  3566 D TelephonyManager: getSimState: default sim:-1, sim state for slotIdx=0 is 6, return state as unknown
02-22 21:41:17.590  3321  3331 D SubscriptionController: [getSlotId]- subId invalid
02-22 21:41:17.605  3321  3642 D SubscriptionController: [getPhoneId]- no sims, returning default phoneId=0
02-22 21:41:17.605  3321  3333 D SubscriptionController: getSimStateForSlotIdx:  simState=NOT_READY ordinal=6
02-22 21:41:17.610  2764  2764 D SubscriptionManager: getSimStateForSlotIdx: simState=6 slotIdx=0
02-22 21:41:17.610  2764  2764 D TelephonyManager: getSimState: default sim:-1, sim state for slotIdx=0 is 6, return state as unknown
02-22 21:41:17.615  3321  3333 D SubscriptionController: [getSlotId]- subId invalid
02-22 21:41:17.620  3321  3590 D SubscriptionController: getSimStateForSlotIdx:  simState=NOT_READY ordinal=6
02-22 21:41:17.625  2764  3052 D SubscriptionManager: getSimStateForSlotIdx: simState=6 slotIdx=0
02-22 21:41:17.625  2764  3052 D TelephonyManager: getSimState: default sim:-1, sim state for slotIdx=0 is 6, return state as unknown
02-22 21:41:17.645  3321  3642 D SubscriptionController: [getPhoneId]- no sims, returning default phoneId=0
02-22 21:41:17.645  2764  3695 I power_partial_wake_state: [1,CallerInfoCache]
02-22 21:41:17.755  3321  3331 D SubscriptionController: [getActiveSubInfoList]+
02-22 21:41:17.755  3321  3331 D SubscriptionController: [getActiveSubInfoList] Sub Controller not ready
02-22 21:41:17.760  3321  3333 D SubscriptionController: [getActiveSubInfoList]+
02-22 21:41:17.760  3321  3333 D SubscriptionController: [getActiveSubInfoList] Sub Controller not ready
02-22 21:41:17.765  3321  3632 D GsmCellBroadcastHandler: mWakeLock released
02-22 21:41:17.765  3321  3590 D SubscriptionController: [getActiveSubInfoList]+
02-22 21:41:17.765  2764  3024 I power_partial_wake_state: [0,GsmCellBroadcastHandler]
02-22 21:41:17.770  3321  3590 D SubscriptionController: [getActiveSubInfoList] Sub Controller not ready
02-22 21:41:17.815  3321  3634 D CellBroadcastHandler: mWakeLock released
02-22 21:41:17.815  2764  2928 I power_partial_wake_state: [0,CellBroadcastHandler]
02-22 21:41:17.825  2764  2928 D TelephonyRegistry: listen oscl: hasNotifySubscriptionInfoChangedOccurred==false no callback
02-22 21:41:17.825  2182  2182 I sf_frame_dur: [,4,3073,25,2,1,0,0]
02-22 21:41:17.855  2764  2777 I power_partial_wake_state: [0,CdmaServiceCategoryProgramHandler]
02-22 21:41:17.870  3321  3637 D CdmaServiceCategoryProgramHandler: mWakeLock released
02-22 21:41:17.880  3321  3321 D SubscriptionController: [getPhoneId]- no sims, returning default phoneId=0
02-22 21:41:17.885  3321  3321 D SubscriptionController: [getPhoneId]- no sims, returning default phoneId=0
02-22 21:41:17.895  3321  3333 D SubscriptionController: [getPhoneId]- no sims, returning default phoneId=0
02-22 21:41:17.900  3321  3642 D SubscriptionController: [getPhoneId]- no sims, returning default phoneId=0
02-22 21:41:17.910  3321  3333 D SubscriptionController: [getPhoneId]- no sims, returning default phoneId=0
02-22 21:41:17.945  2764  3346 I power_partial_wake_state: [1,AudioMix]
02-22 21:41:17.965  3321  3333 D SubscriptionController: getPhoneId,  received dummy subId 2147483643
02-22 21:41:17.970  3321  3642 D SubscriptionController: [getPhoneId]- no sims, returning default phoneId=0
02-22 21:41:18.005  3321  3333 D SubscriptionController: [getPhoneId]- no sims, returning default phoneId=0
02-22 21:41:18.015  3321  3590 D SubscriptionController: getPhoneId,  received dummy subId 2147483643
02-22 21:41:18.050  3321  3642 D SubscriptionController: getPhoneId,  received dummy subId 2147483643
02-22 21:41:18.060  3321  3331 D SubscriptionController: [getPhoneId]- no sims, returning default phoneId=0
02-22 21:41:18.080  3321  3633 D GsmInboundSmsHandler: IdleState.processMessage:5
02-22 21:41:18.080  3321  3633 D GsmInboundSmsHandler: Idle state processing message type 5
02-22 21:41:18.080  2764  3024 I power_partial_wake_state: [0,GsmInboundSmsHandler]
02-22 21:41:18.085  3321  3635 D CdmaInboundSmsHandler: IdleState.processMessage:5
02-22 21:41:18.085  3321  3635 D CdmaInboundSmsHandler: Idle state processing message type 5
02-22 21:41:18.085  3321  3633 D GsmInboundSmsHandler: mWakeLock released
02-22 21:41:18.085  3321  3635 D CdmaInboundSmsHandler: mWakeLock released
02-22 21:41:18.085  2764  3715 I power_partial_wake_state: [0,CdmaInboundSmsHandler]
02-22 21:41:18.110  2764  3689 I notification_expansion: [-1|com.android.systemui|1397773634|public:179,33|10047,0,1,1897,1897,0]
02-22 21:41:18.130  3321  3642 D SubscriptionController: [getSlotId]- subId invalid
02-22 21:41:18.135  3321  3331 D SubscriptionController: getSimStateForSlotIdx:  simState=NOT_READY ordinal=6
02-22 21:41:18.140  2764  2764 D SubscriptionManager: getSimStateForSlotIdx: simState=6 slotIdx=0
02-22 21:41:18.140  2764  2764 D TelephonyManager: getSimState: default sim:-1, sim state for slotIdx=0 is 6, return state as unknown
02-22 21:41:18.140  3321  3321 D RILJ    : [0007]> RIL_REQUEST_SET_TTY_MODE : 0 [SUB0]
02-22 21:41:18.140  3321  3561 D RilRequest: [0007]< RIL_REQUEST_SET_TTY_MODE error: com.android.internal.telephony.CommandException: RADIO_NOT_AVAILABLE ret=
02-22 21:41:18.140  2764  2778 I power_partial_wake_state: [1,RILJ0]
02-22 21:41:18.140  2764  3346 I power_partial_wake_state: [0,RILJ0]
02-22 21:41:18.145  2764  3749 D TelephonyRegistry: listen oscl: hasNotifySubscriptionInfoChangedOccurred==false no callback
02-22 21:41:18.155  3321  3321 D SubscriptionController: [getPhoneId]- no sims, returning default phoneId=0
02-22 21:41:18.175  3321  3321 D UiccController: Received EVENT_ICC_STATUS_CHANGED, calling getIccCardStatus
02-22 21:41:18.175  3321  3321 D RILJ    : [0008]> GET_SIM_STATUS [SUB0]
02-22 21:41:18.175  2764  2928 I power_partial_wake_state: [1,RILJ0]
02-22 21:41:18.180  3321  3321 D UiccController: Received EVENT_GET_ICC_STATUS_DONE
02-22 21:41:18.180  3321  3321 E UiccController: Error getting ICC status. RIL_REQUEST_GET_ICC_STATUS should never return an error
02-22 21:41:18.180  3321  3321 E UiccController: com.android.internal.telephony.CommandException: GENERIC_FAILURE
02-22 21:41:18.180  3321  3321 E UiccController: 	at com.android.internal.telephony.RILRequest.onError(RIL.java:261)
02-22 21:41:18.180  3321  3321 E UiccController: 	at com.android.internal.telephony.RIL.processSolicited(RIL.java:3392)
02-22 21:41:18.180  3321  3321 E UiccController: 	at com.android.internal.telephony.RIL.processResponse(RIL.java:3013)
02-22 21:41:18.180  3321  3321 E UiccController: 	at com.android.internal.telephony.RIL.access$700(RIL.java:286)
02-22 21:41:18.180  3321  3321 E UiccController: 	at com.android.internal.telephony.RIL$RILReceiver.run(RIL.java:740)
02-22 21:41:18.180  3321  3321 E UiccController: 	at java.lang.Thread.run(Thread.java:818)
02-22 21:41:18.180  3321  3321 D PhoneBase: config LCE service failed: com.android.internal.telephony.CommandException: REQUEST_NOT_SUPPORTED
02-22 21:41:18.180  3321  3561 D RilRequest: [0008]< GET_SIM_STATUS error: com.android.internal.telephony.CommandException: GENERIC_FAILURE ret=
02-22 21:41:18.185  3321  3321 E GsmSST  : ruimUiccApplication is null
02-22 21:41:18.185  3321  3321 D GsmSST  : mDeviceShuttingDown = false
02-22 21:41:18.185  3321  3321 D GsmSST  : mDesiredPowerState = true
02-22 21:41:18.185  3321  3321 D GsmSST  : getRadioState = RADIO_OFF
02-22 21:41:18.185  3321  3321 D GsmSST  : mPowerOffDelayNeed = true
02-22 21:41:18.185  3321  3321 D GsmSST  : mAlarmSwitch = false
02-22 21:41:18.185  3321  3321 I RILJ    : !@Boot_SVC : setRadioPower on
02-22 21:41:18.185  3321  3321 D RILJ    : [0009]> RADIO_POWER on [SUB0]
02-22 21:41:18.185  3321  3321 D GsmSST  : set service state as POWER_OFF
02-22 21:41:18.185  3321  3321 D GsmSST  : Poll ServiceState done:  oldSS=[1 1 voice home data home  Unknown Unknown CSS not supported 0 0 RoamInd=0 DefRoamInd=0 VoiceRegType=0 ImsVoiceAvail=0 IsEbSupport=0 IsEaBarred=0 Snap=0 FemtocellInd=0 EmergOnly=false IsDataRoamingFromRegistration=false] newSS=[3 3 voice home data home  Unknown Unknown CSS not supported -1 -1 RoamInd=-1 DefRoamInd=-1 VoiceRegType=0 ImsVoiceAvail=0 IsEbSupport=0 IsEaBarred=0 Snap=0 FemtocellInd=0 EmergOnly=false IsDataRoamingFromRegistration=false] oldMaxDataCalls=1 mNewMaxDataCalls=1 oldReasonDataDenied=-1 mNewReasonDataDenied=-1
02-22 21:41:18.185  3321  3321 D GsmSST  : hasChanged : true, NetworkStateChangedByRescanDialog : false, isFirstRescanDialogCheckAfterBoot : false
02-22 21:41:18.185  2764  3749 I power_partial_wake_state: [0,RILJ0]
02-22 21:41:18.185  2764  3346 I power_partial_wake_state: [1,RILJ0]
02-22 21:41:18.185  3321  3321 I gsm_service_state_change: [1,1,3,3]
02-22 21:41:18.190  3321  3321 D GsmSST  : SelectionMode : 0, isBootCompleted : false
02-22 21:41:18.190  3321  3321 D TelephonyManager: setTelephonyProperty: success phoneId=0 property=gsm.operator.alpha value:  propVal=
02-22 21:41:18.195  3321  3321 D GsmSST  : updateSpnDisplay: radio is off w/ showPlmn=true plmn=
02-22 21:41:18.195  3321  3321 D TelephonyManager: setTelephonyProperty: success phoneId=0 property=gsm.operator.numeric value:  propVal=
02-22 21:41:18.195  3321  3561 D RILJ    : [0009]< RADIO_POWER  [SUB0]
02-22 21:41:18.195  2764  3024 I power_partial_wake_state: [0,RILJ0]
02-22 21:41:18.200  2197  2292 E RILD    : SetSimOperator: invalid operator
02-22 21:41:18.200  3321  3561 D RILJ    : [UNSL]< UNSOL_RESPONSE_RADIO_STATE_CHANGED RADIO_ON [SUB0]
02-22 21:41:18.200  3321  3321 D GsmSST  : operatorNumeric is null
02-22 21:41:18.200  3321  3321 D TelephonyManager: setTelephonyProperty: success phoneId=0 property=gsm.operator.iso-country value:  propVal=
02-22 21:41:18.200  3321  3321 D TelephonyManager: setTelephonyProperty: success phoneId=0 property=gsm.operator.isroaming value: false propVal=false
02-22 21:41:18.200  3321  3321 D GsmSST  : Broadcasting ServiceState : 3 3 voice home data home  Unknown Unknown CSS not supported -1 -1 RoamInd=-1 DefRoamInd=-1 VoiceRegType=0 ImsVoiceAvail=0 IsEbSupport=0 IsEaBarred=0 Snap=0 FemtocellInd=0 EmergOnly=false IsDataRoamingFromRegistration=false
02-22 21:41:18.200  3321  3321 D TelephonyManager: setTelephonyProperty: success phoneId=0 property=ril.servicestate value: 3 propVal=3
02-22 21:41:18.200  3321  3321 D SubscriptionController: [getSubId]- sSlotIdxToSubId.size == 0, return DummySubIds slotIdx=0
02-22 21:41:18.205  3321  3321 D DefaultPhoneNotifier: nofityServiceState: mRegistry=com.android.internal.telephony.ITelephonyRegistry$Stub$Proxy@b8e39e7 ss=3 3 voice home data home  Unknown Unknown CSS not supported -1 -1 RoamInd=-1 DefRoamInd=-1 VoiceRegType=0 ImsVoiceAvail=0 IsEbSupport=0 IsEaBarred=0 Snap=0 FemtocellInd=0 EmergOnly=false IsDataRoamingFromRegistration=false sender=Handler (com.android.internal.telephony.gsm.GSMPhone) {89eae82} phondId=0 subId=2147483643
02-22 21:41:18.220  3321  3321 D SubscriptionController: [getSlotId]- subId invalid
02-22 21:41:18.220  3321  3321 D SubscriptionController: getSimStateForSlotIdx:  simState=NOT_READY ordinal=6
02-22 21:41:18.220  2764  3306 D SubscriptionManager: getSimStateForSlotIdx: simState=6 slotIdx=0
02-22 21:41:18.220  2764  3306 D TelephonyManager: getSimState: default sim:-1, sim state for slotIdx=0 is 6, return state as unknown
02-22 21:41:18.245  3321  3561 D RILJ    : [UNSL]< UNSOL_RESPONSE_SIM_STATUS_CHANGED [SUB0]
02-22 21:41:18.280  3321  3642 D SubscriptionController: [getPhoneId]- invalid subId return=-1
02-22 21:41:18.280  3321  3642 D TelephonyManager: getLteOnCdmaMode=0 curVal=0 product_type='' lteOnCdmaProductType=''
02-22 21:41:18.340  2764  3749 I am_proc_start: [0,3772,1000,com.sec.android.inputmethod,service,com.sec.android.inputmethod/.SamsungKeypad]
02-22 21:41:18.345  3321  3321 D GsmSST  : notifyDataRegStateRilRadioTechnologyChanged: drs=3 rat=0
02-22 21:41:18.345  3321  3321 D TelephonyManager: setTelephonyProperty: success phoneId=0 property=gsm.network.type value: Unknown propVal=Unknown
02-22 21:41:18.350  3321  3321 D DCT     : [0]get all active apn types
02-22 21:41:18.350  3321  3321 D RILJ    : [0010]> OPERATOR [SUB0]
02-22 21:41:18.350  2764  3715 I power_partial_wake_state: [1,RILJ0]
02-22 21:41:18.355  3321  3321 D RILJ    : [0011]> DATA_REGISTRATION_STATE [SUB0]
02-22 21:41:18.355  3321  3321 D RILJ    : [0012]> VOICE_REGISTRATION_STATE [SUB0]
02-22 21:41:18.355  2764  3689 I power_partial_wake_state: [1,RILJ0]
02-22 21:41:18.360  3321  3321 D RILJ    : [0013]> QUERY_NETWORK_SELECTION_MODE [SUB0]
02-22 21:41:18.360  2764  3749 I power_partial_wake_state: [1,RILJ0]
02-22 21:41:18.360  2764  3715 I power_partial_wake_state: [1,RILJ0]
02-22 21:41:18.365  3321  3321 D GsmSST  : onSignalStrengthResult() Exception from RIL : com.android.internal.telephony.CommandException: RADIO_NOT_AVAILABLE
02-22 21:41:18.365  3321  3321 D SubscriptionController: [getSubId]- sSlotIdxToSubId.size == 0, return DummySubIds slotIdx=0
02-22 21:41:18.365  3321  3321 D DefaultPhoneNotifier: notifySignalStrength: mRegistry=com.android.internal.telephony.ITelephonyRegistry$Stub$Proxy@b8e39e7 ss=SignalStrength: 99 -1 -1 -1 -1 -1 -1 99 2147483647 2147483647 2147483647 2147483647 2147483647 0x0 gsm|lte sender=Handler (com.android.internal.telephony.gsm.GSMPhone) {89eae82}
02-22 21:41:18.365  3321  3561 D RILJ    : [0010]< OPERATOR {xx,xx,xx,xx} [SUB0]
02-22 21:41:18.370  2764  3348 I am_proc_died: [0,3528,com.sec.imslogger,9,135,778]
02-22 21:41:18.375  3321  3561 D RILJ    : [0011]< DATA_REGISTRATION_STATE {0, 0000, 00000000, 0, null, 4, 0xfffe, null, 0x00000000, null, null, 0} [SUB0]
02-22 21:41:18.375  3321  3321 D SubscriptionController: getPhoneId,  received dummy subId 2147483643
02-22 21:41:18.380  3321  3561 D RILJ    : [0012]< VOICE_REGISTRATION_STATE {0, 0000, 00000000, 0, null, null, null, null, null, null, null, null, null, null, null, 2, 2, 0} [SUB0]
02-22 21:41:18.385  2764  2764 D TelephonyManager: INVALID_PHONE_INDEX ==> DEFAULT_PHONE_INDEX
02-22 21:41:18.390  3321  3561 D RILJ    : [0013]< QUERY_NETWORK_SELECTION_MODE {0} [SUB0]
02-22 21:41:18.390  2764  2764 D TelephonyManager: INVALID_PHONE_INDEX ==> DEFAULT_PHONE_INDEX
02-22 21:41:18.390  2764  2764 D TelephonyManager: INVALID_PHONE_INDEX ==> DEFAULT_PHONE_INDEX
02-22 21:41:18.440  3321  3333 D SubscriptionController: getPhoneId,  received dummy subId 2147483643
02-22 21:41:18.445  3321  3321 D GsmSST  : Intent : android.net.conn.TETHER_STATE_CHANGED
02-22 21:41:18.445  3321  3321 D DCT     : [0]notifyDataConnection: reason=TetherOff
02-22 21:41:18.445  3321  3321 D SubscriptionController: [getSubId]- sSlotIdxToSubId.size == 0, return DummySubIds slotIdx=0
02-22 21:41:18.445  2764  3743 I power_partial_wake_state: [0,RILJ0]
02-22 21:41:18.455  3321  3321 D DCT     : [0]isDataAllowed: not allowed due to - Attached= false - SIM not loaded
02-22 21:41:18.455  3321  3321 D DCT     : [0]isDataAllowedOnDataDisabled: not allowed due to - gprs= 3 - SIM not loaded
02-22 21:41:18.455  3321  3321 D DCT     : [0]isDataAllowedOnDataDisabled: not allowed due to - gprs= 3 - SIM not loaded
02-22 21:41:18.455  3321  3321 D DCT     : [0]isDataPossible(xcap): possible=false isDataAllowed=false apnTypePossible=true apnContextisEnabled=false apnContextState()=IDLE isDataAllowedOnDataDisabled =false
02-22 21:41:18.455  3321  3321 D DCT     : [ApnContext:xcap] getApnSetting: apnSetting=null
02-22 21:41:18.460  3321  3590 D SubscriptionController: [getActiveSubInfoList]+
02-22 21:41:18.460  3321  3590 D SubscriptionController: [getActiveSubInfoList] Sub Controller not ready
02-22 21:41:18.465  3321  3321 D SubscriptionController: getPhoneId,  received dummy subId 2147483643
02-22 21:41:18.465  3321  3321 D SubscriptionController: getPhoneId,  received dummy subId 2147483643
02-22 21:41:18.475  2764  3748 I am_proc_bound: [0,3772,com.sec.android.inputmethod]
02-22 21:41:18.515  3321  3321 D SubscriptionController: [getSubId]- sSlotIdxToSubId.size == 0, return DummySubIds slotIdx=0
02-22 21:41:18.520  3321  3321 D DCT     : [0]isDataAllowed: not allowed due to - Attached= false - SIM not loaded
02-22 21:41:18.520  3321  3321 D DCT     : [0]isDataPossible(fota): possible=false isDataAllowed=false apnTypePossible=true apnContextisEnabled=false apnContextState()=IDLE isDataAllowedOnDataDisabled =false
02-22 21:41:18.520  3321  3321 D DCT     : [ApnContext:fota] getApnSetting: apnSetting=null
02-22 21:41:18.520  3321  3321 D SubscriptionController: getPhoneId,  received dummy subId 2147483643
02-22 21:41:18.525  3321  3321 D SubscriptionController: getPhoneId,  received dummy subId 2147483643
02-22 21:41:18.525  3321  3321 D SubscriptionController: [getSubId]- sSlotIdxToSubId.size == 0, return DummySubIds slotIdx=0
02-22 21:41:18.525  3321  3321 D DCT     : [0]isDataAllowed: not allowed due to - Attached= false - SIM not loaded
02-22 21:41:18.525  3321  3321 D DCT     : [0]isDataPossible(supl): possible=false isDataAllowed=false apnTypePossible=true apnContextisEnabled=false apnContextState()=IDLE isDataAllowedOnDataDisabled =false
02-22 21:41:18.525  3321  3321 D DCT     : [ApnContext:supl] getApnSetting: apnSetting=null
02-22 21:41:18.530  3321  3321 D SubscriptionController: getPhoneId,  received dummy subId 2147483643
02-22 21:41:18.530  3321  3321 D SubscriptionController: getPhoneId,  received dummy subId 2147483643
02-22 21:41:18.535  3321  3321 D SubscriptionController: [getSubId]- sSlotIdxToSubId.size == 0, return DummySubIds slotIdx=0
02-22 21:41:18.535  3321  3321 D DCT     : [0]isDataAllowed: not allowed due to - Attached= false - SIM not loaded
02-22 21:41:18.535  3321  3321 D DCT     : [0]isDataPossible(bip): possible=false isDataAllowed=false apnTypePossible=true apnContextisEnabled=false apnContextState()=IDLE isDataAllowedOnDataDisabled =false
02-22 21:41:18.535  3321  3321 D DCT     : [ApnContext:bip] getApnSetting: apnSetting=null
02-22 21:41:18.535  3321  3321 D SubscriptionController: getPhoneId,  received dummy subId 2147483643
02-22 21:41:18.540  3321  3321 D SubscriptionController: getPhoneId,  received dummy subId 2147483643
02-22 21:41:18.555  3321  3321 D SubscriptionController: [getSubId]- sSlotIdxToSubId.size == 0, return DummySubIds slotIdx=0
02-22 21:41:18.555  3321  3321 D DCT     : [0]isDataAllowed: not allowed due to - Attached= false - SIM not loaded
02-22 21:41:18.555  3321  3321 D DCT     : [0]isDataPossible(ent2): possible=false isDataAllowed=false apnTypePossible=true apnContextisEnabled=false apnContextState()=IDLE isDataAllowedOnDataDisabled =false
02-22 21:41:18.555  3321  3321 D DCT     : [ApnContext:ent2] getApnSetting: apnSetting=null
02-22 21:41:18.560  3321  3321 D SubscriptionController: getPhoneId,  received dummy subId 2147483643
02-22 21:41:18.560  3321  3321 D SubscriptionController: getPhoneId,  received dummy subId 2147483643
02-22 21:41:18.565  3321  3321 D SubscriptionController: [getSubId]- sSlotIdxToSubId.size == 0, return DummySubIds slotIdx=0
02-22 21:41:18.565  3321  3321 D DCT     : [0]isDataPossible(emergency): possible=true isDataAllowed=true apnTypePossible=true apnContextisEnabled=false apnContextState()=IDLE isDataAllowedOnDataDisabled =false
02-22 21:41:18.565  3321  3321 D DCT     : [ApnContext:emergency] getApnSetting: apnSetting=null
02-22 21:41:18.565  3321  3321 D SubscriptionController: getPhoneId,  received dummy subId 2147483643
02-22 21:41:18.570  3321  3321 D SubscriptionController: getPhoneId,  received dummy subId 2147483643
02-22 21:41:18.575  3321  3321 D SubscriptionController: [getSubId]- sSlotIdxToSubId.size == 0, return DummySubIds slotIdx=0
02-22 21:41:18.575  3321  3321 D DCT     : [0]isDataAllowed: not allowed due to - Attached= false - SIM not loaded
02-22 21:41:18.575  3321  3321 D DCT     : [0]isDataPossible(ent1): possible=false isDataAllowed=false apnTypePossible=true apnContextisEnabled=false apnContextState()=IDLE isDataAllowedOnDataDisabled =false
02-22 21:41:18.575  3321  3321 D DCT     : [ApnContext:ent1] getApnSetting: apnSetting=null
02-22 21:41:18.575  3321  3321 D SubscriptionController: getPhoneId,  received dummy subId 2147483643
02-22 21:41:18.580  3321  3321 D SubscriptionController: getPhoneId,  received dummy subId 2147483643
02-22 21:41:18.580  3321  3321 D SubscriptionController: [getSubId]- sSlotIdxToSubId.size == 0, return DummySubIds slotIdx=0
02-22 21:41:18.595  3321  3321 D DCT     : [0]isDataAllowed: not allowed due to - Attached= false - SIM not loaded
02-22 21:41:18.595  3321  3321 D DCT     : [0]isDataPossible(hipri): possible=false isDataAllowed=false apnTypePossible=true apnContextisEnabled=false apnContextState()=IDLE isDataAllowedOnDataDisabled =false
02-22 21:41:18.595  3321  3321 D DCT     : [ApnContext:hipri] getApnSetting: apnSetting=null
02-22 21:41:18.610  3321  3321 D SubscriptionController: getPhoneId,  received dummy subId 2147483643
02-22 21:41:18.610  3321  3321 D SubscriptionController: getPhoneId,  received dummy subId 2147483643
02-22 21:41:18.615  3321  3321 D SubscriptionController: [getSubId]- sSlotIdxToSubId.size == 0, return DummySubIds slotIdx=0
02-22 21:41:18.615  3321  3321 D DCT     : [0]isDataAllowed: not allowed due to - Attached= false - SIM not loaded
02-22 21:41:18.615  3321  3321 D DCT     : [0]isDataAllowedOnDataDisabled: not allowed due to - gprs= 3 - SIM not loaded
02-22 21:41:18.615  3321  3321 D DCT     : [0]isDataAllowedOnDataDisabled: not allowed due to - gprs= 3 - SIM not loaded
02-22 21:41:18.615  3321  3321 D DCT     : [0]isDataPossible(ims): possible=false isDataAllowed=false apnTypePossible=true apnContextisEnabled=false apnContextState()=IDLE isDataAllowedOnDataDisabled =false
02-22 21:41:18.615  3321  3321 D DCT     : [ApnContext:ims] getApnSetting: apnSetting=null
02-22 21:41:18.620  3321  3321 D SubscriptionController: getPhoneId,  received dummy subId 2147483643
02-22 21:41:18.620  3321  3321 D SubscriptionController: getPhoneId,  received dummy subId 2147483643
02-22 21:41:18.625  3321  3321 D SubscriptionController: [getSubId]- sSlotIdxToSubId.size == 0, return DummySubIds slotIdx=0
02-22 21:41:18.625  3321  3321 D DCT     : [0]isDataAllowed: not allowed due to - Attached= false - SIM not loaded
02-22 21:41:18.625  3321  3321 D DCT     : [0]isDataPossible(default): possible=false isDataAllowed=false apnTypePossible=true apnContextisEnabled=false apnContextState()=IDLE isDataAllowedOnDataDisabled =false
02-22 21:41:18.625  3321  3321 D DCT     : [ApnContext:default] getApnSetting: apnSetting=null
02-22 21:41:18.630  3321  3321 D SubscriptionController: getPhoneId,  received dummy subId 2147483643
02-22 21:41:18.630  3321  3321 D SubscriptionController: getPhoneId,  received dummy subId 2147483643
02-22 21:41:18.635  3321  3321 D SubscriptionController: [getSubId]- sSlotIdxToSubId.size == 0, return DummySubIds slotIdx=0
02-22 21:41:18.635  3321  3321 D DCT     : [0]isDataAllowed: not allowed due to - Attached= false - SIM not loaded
02-22 21:41:18.635  3321  3321 D DCT     : [0]isDataPossible(mms): possible=false isDataAllowed=false apnTypePossible=true apnContextisEnabled=false apnContextState()=IDLE isDataAllowedOnDataDisabled =false
02-22 21:41:18.635  3321  3321 D DCT     : [ApnContext:mms] getApnSetting: apnSetting=null
02-22 21:41:18.640  3321  3321 D SubscriptionController: getPhoneId,  received dummy subId 2147483643
02-22 21:41:18.640  3321  3321 D SubscriptionController: getPhoneId,  received dummy subId 2147483643
02-22 21:41:18.645  3321  3321 D SubscriptionController: [getSubId]- sSlotIdxToSubId.size == 0, return DummySubIds slotIdx=0
02-22 21:41:18.645  3321  3321 D DCT     : [0]isDataAllowed: not allowed due to - Attached= false - SIM not loaded
02-22 21:41:18.645  3321  3321 D DCT     : [0]isDataPossible(cas): possible=false isDataAllowed=false apnTypePossible=true apnContextisEnabled=false apnContextState()=IDLE isDataAllowedOnDataDisabled =false
02-22 21:41:18.645  3321  3321 D DCT     : [ApnContext:cas] getApnSetting: apnSetting=null
02-22 21:41:18.650  3321  3321 D SubscriptionController: getPhoneId,  received dummy subId 2147483643
02-22 21:41:18.650  3321  3321 D SubscriptionController: getPhoneId,  received dummy subId 2147483643
02-22 21:41:18.655  3321  3321 D SubscriptionController: [getSubId]- sSlotIdxToSubId.size == 0, return DummySubIds slotIdx=0
02-22 21:41:18.655  3321  3321 D DCT     : [0]isDataAllowed: not allowed due to - Attached= false - SIM not loaded
02-22 21:41:18.655  3321  3321 D DCT     : [0]isDataPossible(cbs): possible=false isDataAllowed=false apnTypePossible=true apnContextisEnabled=false apnContextState()=IDLE isDataAllowedOnDataDisabled =false
02-22 21:41:18.655  3321  3321 D DCT     : [ApnContext:cbs] getApnSetting: apnSetting=null
02-22 21:41:18.660  3321  3321 D SubscriptionController: getPhoneId,  received dummy subId 2147483643
02-22 21:41:18.660  2764  2778 I power_partial_wake_state: [0,AudioMix]
02-22 21:41:18.665  3321  3321 D SubscriptionController: getPhoneId,  received dummy subId 2147483643
02-22 21:41:18.670  3321  3321 D SubscriptionController: [getSubId]- sSlotIdxToSubId.size == 0, return DummySubIds slotIdx=0
02-22 21:41:18.675  3321  3321 D DCT     : [0]isDataAllowed: not allowed due to - Attached= false - SIM not loaded
02-22 21:41:18.675  3321  3321 D DCT     : [0]isDataPossible(ia): possible=false isDataAllowed=false apnTypePossible=true apnContextisEnabled=false apnContextState()=IDLE isDataAllowedOnDataDisabled =false
02-22 21:41:18.675  3321  3321 D DCT     : [ApnContext:ia] getApnSetting: apnSetting=null
02-22 21:41:18.675  3321  3321 D SubscriptionController: getPhoneId,  received dummy subId 2147483643
02-22 21:41:18.675  3321  3333 D SubscriptionController: [getPhoneId]- invalid subId return=-1
02-22 21:41:18.675  3321  3333 D TelephonyManager: getLteOnCdmaMode=0 curVal=0 product_type='' lteOnCdmaProductType=''
02-22 21:41:18.680  3321  3321 D SubscriptionController: getPhoneId,  received dummy subId 2147483643
02-22 21:41:18.680  3321  3321 D SubscriptionController: [getSubId]- sSlotIdxToSubId.size == 0, return DummySubIds slotIdx=0
02-22 21:41:18.685  3321  3321 D DCT     : [0]isDataAllowed: not allowed due to - Attached= false - SIM not loaded
02-22 21:41:18.685  3321  3321 D DCT     : [0]isDataPossible(dun): possible=false isDataAllowed=false apnTypePossible=true apnContextisEnabled=false apnContextState()=IDLE isDataAllowedOnDataDisabled =false
02-22 21:41:18.685  3321  3321 D DCT     : [ApnContext:dun] getApnSetting: apnSetting=null
02-22 21:41:18.690  3321  3321 D SubscriptionController: getPhoneId,  received dummy subId 2147483643
02-22 21:41:18.695  3321  3321 D SubscriptionController: getPhoneId,  received dummy subId 2147483643
02-22 21:41:18.700  3321  3321 D DCT     : [0]handleMessage msg={ when=-4s395ms what=270369 obj=android.os.AsyncResult@dd3994 target=com.android.internal.telephony.dataconnection.DcTracker }
02-22 21:41:18.700  3321  3321 D DCT     : [0]onUpdateIcc(): phone type=1
02-22 21:41:18.700  3321  3321 D DCT     : [0]onReceive: action=android.net.wifi.STATE_CHANGE
02-22 21:41:18.700  3321  3321 D DCT     : [0]NETWORK_STATE_CHANGED_ACTION: mIsWifiConnected=false
02-22 21:41:18.705  3321  3321 D DCT     : [0]onReceive: action=android.net.wifi.WIFI_STATE_CHANGED
02-22 21:41:18.705  3321  3321 D DCT     : [0]WIFI_STATE_CHANGED_ACTION: enabled=true mIsWifiConnected=false
02-22 21:41:18.705  3321  3321 D DCT     : [0]handleMessage msg={ when=-4s295ms what=270337 obj=android.os.AsyncResult@6fa8d83 target=com.android.internal.telephony.dataconnection.DcTracker }
02-22 21:41:18.705  3321  3321 D DCT     : [0]onRadioAvailable
02-22 21:41:18.705  3321  3321 D DCT     : [0]overall state is IDLE
02-22 21:41:18.715  3321  3321 D DCT     : [0]domesticData= 1, roamingData=0
02-22 21:41:18.715  3321  3321 D RILJ    : [0014]> OEM_HOOK_RAW[090d00060100] [SUB0]
02-22 21:41:18.735  2764  3742 I power_partial_wake_state: [1,RILJ0]
02-22 21:41:18.970  3321  3321 D DCT     : [0]handleMessage msg={ when=-4s561ms what=270342 obj=android.os.AsyncResult@61e5b00 target=com.android.internal.telephony.dataconnection.DcTracker }
02-22 21:41:18.970  3321  3561 D RilRequest: [0014]< OEM_HOOK_RAW error: com.android.internal.telephony.CommandException: REQUEST_NOT_SUPPORTED ret=
02-22 21:41:18.975  3321  3321 D DCT     : [0]onRadioOffOrNotAvailable: is off and clean up all connections
02-22 21:41:18.975  3321  3321 D DCT     : [0]cleanUpAllConnections: tearDown=false reason=radioTurnedOff
02-22 21:41:18.975  3321  3321 D DCT     : [0]keepConnectionForEpdg: retValue=false
02-22 21:41:18.975  3321  3321 D DCT     : [ApnContext:xcap] set reason as radioTurnedOff,current state IDLE
02-22 21:41:18.975  3321  3321 D DCT     : [0]cleanUpConnection: E tearDown=false reason=radioTurnedOff apnContext={mApnType=xcap mState=IDLE mWaitingApns={null} mWaitingApnsPermanentFailureCountDown=0 mApnSetting={null} mReason=radioTurnedOff mRefCount=0 mDataEnabled=false mDependencyMet=true}
02-22 21:41:18.975  3321  3321 D DCT     : [ApnContext:xcap] setState: IDLE, previous state:IDLE
02-22 21:41:18.975  3321  3321 D SubscriptionController: [getSubId]- sSlotIdxToSubId.size == 0, return DummySubIds slotIdx=0
02-22 21:41:18.975  2764  3348 I power_partial_wake_state: [0,RILJ0]
02-22 21:41:18.980  3321  3321 D DCT     : [0]isDataAllowed: not allowed due to - Attached= false - SIM not loaded
02-22 21:41:18.980  3321  3321 D DCT     : [0]isDataAllowedOnDataDisabled: not allowed due to - gprs= 3 - SIM not loaded
02-22 21:41:18.980  3321  3321 D DCT     : [0]isDataAllowedOnDataDisabled: not allowed due to - gprs= 3 - SIM not loaded
02-22 21:41:18.980  3321  3321 D DCT     : [0]isDataPossible(xcap): possible=false isDataAllowed=false apnTypePossible=true apnContextisEnabled=false apnContextState()=IDLE isDataAllowedOnDataDisabled =false
02-22 21:41:18.980  3321  3321 D DCT     : [ApnContext:xcap] getApnSetting: apnSetting=null
02-22 21:41:18.980  3321  3321 D SubscriptionController: getPhoneId,  received dummy subId 2147483643
02-22 21:41:18.985  3321  3321 D SubscriptionController: getPhoneId,  received dummy subId 2147483643
02-22 21:41:18.985  3321  3321 D DCT     : [ApnContext:xcap] setDataConnectionAc: old dcac=null new dcac=null this={mApnType=xcap mState=IDLE mWaitingApns={null} mWaitingApnsPermanentFailureCountDown=0 mApnSetting={null} mReason=radioTurnedOff mRefCount=0 mDataEnabled=false mDependencyMet=true}
02-22 21:41:18.985  3321  3321 D DCT     : [0]cleanUpConnection: X tearDown=false reason=radioTurnedOff apnContext={mApnType=xcap mState=IDLE mWaitingApns={null} mWaitingApnsPermanentFailureCountDown=0 mApnSetting={null} mReason=radioTurnedOff mRefCount=0 mDataEnabled=false mDependencyMet=true} dcac=null
02-22 21:41:18.985  3321  3321 D DCT     : [0]keepConnectionForEpdg: retValue=false
02-22 21:41:18.985  3321  3321 D DCT     : [ApnContext:fota] set reason as radioTurnedOff,current state IDLE
02-22 21:41:18.985  3321  3321 D DCT     : [0]cleanUpConnection: E tearDown=false reason=radioTurnedOff apnContext={mApnType=fota mState=IDLE mWaitingApns={null} mWaitingApnsPermanentFailureCountDown=0 mApnSetting={null} mReason=radioTurnedOff mRefCount=0 mDataEnabled=false mDependencyMet=true}
02-22 21:41:18.985  3321  3321 D DCT     : [ApnContext:fota] setState: IDLE, previous state:IDLE
02-22 21:41:18.985  3321  3321 D SubscriptionController: [getSubId]- sSlotIdxToSubId.size == 0, return DummySubIds slotIdx=0
02-22 21:41:18.985  3321  3321 D DCT     : [0]isDataAllowed: not allowed due to - Attached= false - SIM not loaded
02-22 21:41:18.985  3321  3321 D DCT     : [0]isDataPossible(fota): possible=false isDataAllowed=false apnTypePossible=true apnContextisEnabled=false apnContextState()=IDLE isDataAllowedOnDataDisabled =false
02-22 21:41:18.985  3321  3321 D DCT     : [ApnContext:fota] getApnSetting: apnSetting=null
02-22 21:41:18.995  3321  3321 D SubscriptionController: getPhoneId,  received dummy subId 2147483643
02-22 21:41:18.995  3321  3321 D SubscriptionController: getPhoneId,  received dummy subId 2147483643
02-22 21:41:19.025  3321  3321 D DCT     : [ApnContext:fota] setDataConnectionAc: old dcac=null new dcac=null this={mApnType=fota mState=IDLE mWaitingApns={null} mWaitingApnsPermanentFailureCountDown=0 mApnSetting={null} mReason=radioTurnedOff mRefCount=0 mDataEnabled=false mDependencyMet=true}
02-22 21:41:19.025  3321  3321 D DCT     : [0]cleanUpConnection: X tearDown=false reason=radioTurnedOff apnContext={mApnType=fota mState=IDLE mWaitingApns={null} mWaitingApnsPermanentFailureCountDown=0 mApnSetting={null} mReason=radioTurnedOff mRefCount=0 mDataEnabled=false mDependencyMet=true} dcac=null
02-22 21:41:19.025  3321  3321 D DCT     : [0]keepConnectionForEpdg: retValue=false
02-22 21:41:19.025  3321  3321 D DCT     : [ApnContext:supl] set reason as radioTurnedOff,current state IDLE
02-22 21:41:19.025  3321  3321 D DCT     : [0]cleanUpConnection: E tearDown=false reason=radioTurnedOff apnContext={mApnType=supl mState=IDLE mWaitingApns={null} mWaitingApnsPermanentFailureCountDown=0 mApnSetting={null} mReason=radioTurnedOff mRefCount=0 mDataEnabled=false mDependencyMet=true}
02-22 21:41:19.025  3321  3321 D DCT     : [ApnContext:supl] setState: IDLE, previous state:IDLE
02-22 21:41:19.025  3321  3321 D SubscriptionController: [getSubId]- sSlotIdxToSubId.size == 0, return DummySubIds slotIdx=0
02-22 21:41:19.045  3321  3590 D SubscriptionController: [getPhoneId]- invalid subId return=-1
02-22 21:41:19.045  3321  3321 D DCT     : [0]isDataAllowed: not allowed due to - Attached= false - SIM not loaded
02-22 21:41:19.045  3321  3321 D DCT     : [0]isDataPossible(supl): possible=false isDataAllowed=false apnTypePossible=true apnContextisEnabled=false apnContextState()=IDLE isDataAllowedOnDataDisabled =false
02-22 21:41:19.045  3321  3321 D DCT     : [ApnContext:supl] getApnSetting: apnSetting=null
02-22 21:41:19.045  3321  3590 D TelephonyManager: getLteOnCdmaMode=0 curVal=0 product_type='' lteOnCdmaProductType=''
02-22 21:41:19.050  3321  3321 D SubscriptionController: getPhoneId,  received dummy subId 2147483643
02-22 21:41:19.120  3321  3321 D SubscriptionController: getPhoneId,  received dummy subId 2147483643
02-22 21:41:19.130  3321  3321 D DCT     : [ApnContext:supl] setDataConnectionAc: old dcac=null new dcac=null this={mApnType=supl mState=IDLE mWaitingApns={null} mWaitingApnsPermanentFailureCountDown=0 mApnSetting={null} mReason=radioTurnedOff mRefCount=0 mDataEnabled=false mDependencyMet=true}
02-22 21:41:19.130  3321  3321 D DCT     : [0]cleanUpConnection: X tearDown=false reason=radioTurnedOff apnContext={mApnType=supl mState=IDLE mWaitingApns={null} mWaitingApnsPermanentFailureCountDown=0 mApnSetting={null} mReason=radioTurnedOff mRefCount=0 mDataEnabled=false mDependencyMet=true} dcac=null
02-22 21:41:19.130  3321  3321 D DCT     : [0]keepConnectionForEpdg: retValue=false
02-22 21:41:19.130  3321  3321 D DCT     : [ApnContext:bip] set reason as radioTurnedOff,current state IDLE
02-22 21:41:19.130  3321  3321 D DCT     : [0]cleanUpConnection: E tearDown=false reason=radioTurnedOff apnContext={mApnType=bip mState=IDLE mWaitingApns={null} mWaitingApnsPermanentFailureCountDown=0 mApnSetting={null} mReason=radioTurnedOff mRefCount=0 mDataEnabled=false mDependencyMet=true}
02-22 21:41:19.130  3321  3321 D DCT     : [ApnContext:bip] setState: IDLE, previous state:IDLE
02-22 21:41:19.130  3321  3321 D SubscriptionController: [getSubId]- sSlotIdxToSubId.size == 0, return DummySubIds slotIdx=0
02-22 21:41:19.130  3321  3321 D DCT     : [0]isDataAllowed: not allowed due to - Attached= false - SIM not loaded
02-22 21:41:19.130  3321  3321 D DCT     : [0]isDataPossible(bip): possible=false isDataAllowed=false apnTypePossible=true apnContextisEnabled=false apnContextState()=IDLE isDataAllowedOnDataDisabled =false
02-22 21:41:19.130  3321  3321 D DCT     : [ApnContext:bip] getApnSetting: apnSetting=null
02-22 21:41:19.130  3321  3321 D SubscriptionController: getPhoneId,  received dummy subId 2147483643
02-22 21:41:19.135  3321  3321 D SubscriptionController: getPhoneId,  received dummy subId 2147483643
02-22 21:41:19.135  3321  3321 D DCT     : [ApnContext:bip] setDataConnectionAc: old dcac=null new dcac=null this={mApnType=bip mState=IDLE mWaitingApns={null} mWaitingApnsPermanentFailureCountDown=0 mApnSetting={null} mReason=radioTurnedOff mRefCount=0 mDataEnabled=false mDependencyMet=true}
02-22 21:41:19.135  3321  3321 D DCT     : [0]cleanUpConnection: X tearDown=false reason=radioTurnedOff apnContext={mApnType=bip mState=IDLE mWaitingApns={null} mWaitingApnsPermanentFailureCountDown=0 mApnSetting={null} mReason=radioTurnedOff mRefCount=0 mDataEnabled=false mDependencyMet=true} dcac=null
02-22 21:41:19.135  3321  3321 D DCT     : [0]keepConnectionForEpdg: retValue=false
02-22 21:41:19.135  3321  3321 D DCT     : [ApnContext:ent2] set reason as radioTurnedOff,current state IDLE
02-22 21:41:19.135  3321  3321 D DCT     : [0]cleanUpConnection: E tearDown=false reason=radioTurnedOff apnContext={mApnType=ent2 mState=IDLE mWaitingApns={null} mWaitingApnsPermanentFailureCountDown=0 mApnSetting={null} mReason=radioTurnedOff mRefCount=0 mDataEnabled=false mDependencyMet=true}
02-22 21:41:19.135  3321  3321 D DCT     : [ApnContext:ent2] setState: IDLE, previous state:IDLE
02-22 21:41:19.135  3321  3321 D SubscriptionController: [getSubId]- sSlotIdxToSubId.size == 0, return DummySubIds slotIdx=0
02-22 21:41:19.135  3321  3321 D DCT     : [0]isDataAllowed: not allowed due to - Attached= false - SIM not loaded
02-22 21:41:19.135  3321  3321 D DCT     : [0]isDataPossible(ent2): possible=false isDataAllowed=false apnTypePossible=true apnContextisEnabled=false apnContextState()=IDLE isDataAllowedOnDataDisabled =false
02-22 21:41:19.135  3321  3321 D DCT     : [ApnContext:ent2] getApnSetting: apnSetting=null
02-22 21:41:19.140  3321  3321 D SubscriptionController: getPhoneId,  received dummy subId 2147483643
02-22 21:41:19.140  3321  3321 D SubscriptionController: getPhoneId,  received dummy subId 2147483643
02-22 21:41:19.140  3321  3321 D DCT     : [ApnContext:ent2] setDataConnectionAc: old dcac=null new dcac=null this={mApnType=ent2 mState=IDLE mWaitingApns={null} mWaitingApnsPermanentFailureCountDown=0 mApnSetting={null} mReason=radioTurnedOff mRefCount=0 mDataEnabled=false mDependencyMet=true}
02-22 21:41:19.140  3321  3321 D DCT     : [0]cleanUpConnection: X tearDown=false reason=radioTurnedOff apnContext={mApnType=ent2 mState=IDLE mWaitingApns={null} mWaitingApnsPermanentFailureCountDown=0 mApnSetting={null} mReason=radioTurnedOff mRefCount=0 mDataEnabled=false mDependencyMet=true} dcac=null
02-22 21:41:19.140  3321  3321 D DCT     : [0]keepConnectionForEpdg: retValue=false
02-22 21:41:19.140  3321  3321 D DCT     : [ApnContext:emergency] set reason as radioTurnedOff,current state IDLE
02-22 21:41:19.140  3321  3321 D DCT     : [0]cleanUpConnection: E tearDown=false reason=radioTurnedOff apnContext={mApnType=emergency mState=IDLE mWaitingApns={null} mWaitingApnsPermanentFailureCountDown=0 mApnSetting={null} mReason=radioTurnedOff mRefCount=0 mDataEnabled=false mDependencyMet=true}
02-22 21:41:19.140  3321  3321 D DCT     : [ApnContext:emergency] setState: IDLE, previous state:IDLE
02-22 21:41:19.140  3321  3321 D SubscriptionController: [getSubId]- sSlotIdxToSubId.size == 0, return DummySubIds slotIdx=0
02-22 21:41:19.145  3321  3321 D DCT     : [0]isDataPossible(emergency): possible=true isDataAllowed=true apnTypePossible=true apnContextisEnabled=false apnContextState()=IDLE isDataAllowedOnDataDisabled =false
02-22 21:41:19.145  3321  3321 D DCT     : [ApnContext:emergency] getApnSetting: apnSetting=null
02-22 21:41:19.145  3321  3321 D SubscriptionController: getPhoneId,  received dummy subId 2147483643
02-22 21:41:19.145  3321  3321 D SubscriptionController: getPhoneId,  received dummy subId 2147483643
02-22 21:41:19.160  3321  3321 D DCT     : [ApnContext:emergency] setDataConnectionAc: old dcac=null new dcac=null this={mApnType=emergency mState=IDLE mWaitingApns={null} mWaitingApnsPermanentFailureCountDown=0 mApnSetting={null} mReason=radioTurnedOff mRefCount=0 mDataEnabled=false mDependencyMet=true}
02-22 21:41:19.160  3321  3321 D DCT     : [0]cleanUpConnection: X tearDown=false reason=radioTurnedOff apnContext={mApnType=emergency mState=IDLE mWaitingApns={null} mWaitingApnsPermanentFailureCountDown=0 mApnSetting={null} mReason=radioTurnedOff mRefCount=0 mDataEnabled=false mDependencyMet=true} dcac=null
02-22 21:41:19.160  3321  3321 D DCT     : [0]keepConnectionForEpdg: retValue=false
02-22 21:41:19.160  3321  3321 D DCT     : [ApnContext:ent1] set reason as radioTurnedOff,current state IDLE
02-22 21:41:19.160  3321  3321 D DCT     : [0]cleanUpConnection: E tearDown=false reason=radioTurnedOff apnContext={mApnType=ent1 mState=IDLE mWaitingApns={null} mWaitingApnsPermanentFailureCountDown=0 mApnSetting={null} mReason=radioTurnedOff mRefCount=0 mDataEnabled=false mDependencyMet=true}
02-22 21:41:19.160  3321  3321 D DCT     : [ApnContext:ent1] setState: IDLE, previous state:IDLE
02-22 21:41:19.160  3321  3321 D SubscriptionController: [getSubId]- sSlotIdxToSubId.size == 0, return DummySubIds slotIdx=0
02-22 21:41:19.165  3321  3321 D DCT     : [0]isDataAllowed: not allowed due to - Attached= false - SIM not loaded
02-22 21:41:19.165  3321  3321 D DCT     : [0]isDataPossible(ent1): possible=false isDataAllowed=false apnTypePossible=true apnContextisEnabled=false apnContextState()=IDLE isDataAllowedOnDataDisabled =false
02-22 21:41:19.165  3321  3321 D DCT     : [ApnContext:ent1] getApnSetting: apnSetting=null
02-22 21:41:19.165  3321  3321 D SubscriptionController: getPhoneId,  received dummy subId 2147483643
02-22 21:41:19.175  3321  3321 D SubscriptionController: getPhoneId,  received dummy subId 2147483643
02-22 21:41:19.240  3321  3321 D DCT     : [ApnContext:ent1] setDataConnectionAc: old dcac=null new dcac=null this={mApnType=ent1 mState=IDLE mWaitingApns={null} mWaitingApnsPermanentFailureCountDown=0 mApnSetting={null} mReason=radioTurnedOff mRefCount=0 mDataEnabled=false mDependencyMet=true}
