02-22 20:58:55.106  2182  2269 I display : [PrimaryDisplay] [DYNAMIC_RECOMP] HWC_2_GLES by low FPS(0)
02-22 20:58:55.106  5740  5740 W art     : Verification of java.lang.Object kfl.o() took 111.734ms
02-22 20:58:55.116  2190  2916 D EnterpriseController: netId is 0
02-22 20:58:55.121  2190  2916 D Netd    : getNetworkForDns: using netid 502 for uid 10052
02-22 20:58:55.161  6394  6394 W System  : ClassLoader referenced unknown path: /system/priv-app/SamsungCamera5/lib/arm
02-22 20:58:55.171  6154  6209 I AMMetaDataParserService: Icon data: ResourceEdit2131165832android.intent.assistant.quickcontact.edit2130837598
02-22 20:58:55.171  6296  6296 I SA      : [BDC] destroy
02-22 20:58:55.206  3700  3700 D BoundBrokerSvc: onUnbind: Intent { act=com.google.android.gms.time.trustedtime.service.START dat=chimera-action: cmp=com.google.android.gms/.chimera.PersistentApiService }
02-22 20:58:55.206  6394  6394 E AXLOG   : Feature-LoadingStart**Point[1771822735208]**
02-22 20:58:55.211  6154  6209 I AMMetaDataParserService: Icon data: ResourceDelete2131165826android.intent.assistant.quickcontact.delete2130837597
02-22 20:58:55.226  6154  6209 I AMMetaDataParserService: Resource data:Loop for running activitycom.android.contacts.ContactShortcut
02-22 20:58:55.226  6154  6209 I AMMetaDataParserService: Resource data:Loop for running activityalias.DialShortcut
02-22 20:58:55.226  6154  6209 I AMMetaDataParserService: Resource data:Loop for running activitycom.samsung.contacts.activities.MessageShortcutActivity
02-22 20:58:55.226  6154  6209 I AMMetaDataParserService: Resource data:Loop for running activitycom.samsung.dialer.calllog.QuickLogsActivity
02-22 20:58:55.226  6154  6209 I AMMetaDataParserService: Resource data:Loop for running activitycom.android.dialer.CallDetailActivity
02-22 20:58:55.226  6154  6209 I AMMetaDataParserService: Resource data:Loop for running activitycom.samsung.dialer.calllog.CallDetailAllCallsActivity
02-22 20:58:55.226  6154  6209 I AMMetaDataParserService: Resource data:Loop for running activitycom.android.contacts.activities.ContactEditorAccountsChangedActivity
02-22 20:58:55.226  6154  6209 I AMMetaDataParserService: Resource data:Loop for running activitycom.android.contacts.activities.ContactEditorActivity
02-22 20:58:55.226  6154  6209 I AMMetaDataParserService: Resource data:Loop for running activitycom.samsung.contacts.activities.RingtoneRecommendationHelperActivity
02-22 20:58:55.226  6154  6209 I AMMetaDataParserService: Resource data:Loop for running activitycom.samsung.contacts.editor.CapturedImageViewActivity
02-22 20:58:55.226  6154  6209 I AMMetaDataParserService: Resource data:Loop for running activitycom.android.contacts.activities.AttachPhotoActivity
02-22 20:58:55.226  6154  6209 I AMMetaDataParserService: Resource data:Loop for running activitycom.android.contacts.activities.PhotoSelectionActivity
02-22 20:58:55.226  6154  6209 I AMMetaDataParserService: Resource data:Loop for running activitycom.android.contacts.editor.TypeSelectionActivity
02-22 20:58:55.226  6154  6209 I AMMetaDataParserService: Resource data:Loop for running activitycom.samsung.contacts.editor.PhoneLineListActivity
02-22 20:58:55.226  6154  6209 I AMMetaDataParserService: Resource data:Loop for running activitycom.samsung.contacts.editor.SelectMapActivity
02-22 20:58:55.226  6154  6209 I AMMetaDataParserService: Resource data:Loop for running activitycom.samsung.contacts.editor.AddAnotherFieldActivity
02-22 20:58:55.226  6154  6209 I AMMetaDataParserService: Resource data:Loop for running activitycom.samsung.contacts.detail.ShareWithActivity
02-22 20:58:55.226  6154  6209 I AMMetaDataParserService: Resource data:Loop for running activitycom.samsung.contacts.detail.SharedInfoActivity
02-22 20:58:55.226  6154  6209 I AMMetaDataParserService: Resource data:Loop for running activitycom.android.contacts.common.vcard.ImportVCardActivity
02-22 20:58:55.226  6066  6407 W art     : Verification of void scf.aC(aoan, rgh, aijl, laj, gnk, gmq, bybp, bybp, bybp, bybp, bybu, java.util.List, kzm, gih, fue, int, int) took 116.268ms
02-22 20:58:55.226  6154  6209 I AMMetaDataParserService: Resource data:Loop for running activitycom.samsung.contacts.vcard.ImportVCardPreviewActivity
02-22 20:58:55.226  6154  6209 I AMMetaDataParserService: Resource data:Loop for running activitycom.android.contacts.common.vcard.NfcImportVCardActivity
02-22 20:58:55.226  6154  6209 I AMMetaDataParserService: Resource data:Loop for running activitycom.android.contacts.common.vcard.CancelActivity
02-22 20:58:55.226  6154  6209 I AMMetaDataParserService: Resource data:Loop for running activitycom.android.contacts.common.vcard.SelectAccountActivity
02-22 20:58:55.226  6154  6209 I AMMetaDataParserService: Resource data:Loop for running activitycom.android.contacts.common.vcard.ExportVCardActivity
02-22 20:58:55.226  6154  6209 I AMMetaDataParserService: Resource data:Loop for running activitycom.samsung.contacts.activities.ServiceNumbers
02-22 20:58:55.226  6154  6209 I AMMetaDataParserService: Resource data:Loop for running activitycom.samsung.contacts.activities.ServiceNumbersTabActivity
02-22 20:58:55.226  6154  6209 I AMMetaDataParserService: Resource data:Loop for running activitycom.samsung.contacts.activities.ImportExportActivity
02-22 20:58:55.226  6154  6209 I AMMetaDataParserService: Resource data:Loop for running activitycom.android.contacts.widget.PinnedHeaderListDemoActivity
02-22 20:58:55.226  6154  6209 I AMMetaDataParserService: Resource data:Loop for running activitycom.android.contacts.NonPhoneActivity
02-22 20:58:55.226  6154  6209 I AMMetaDataParserService: Resource data:Loop for running activitycom.samsung.contacts.detail.SetDefaultActivity
02-22 20:58:55.226  6154  6209 I AMMetaDataParserService: Resource data:Loop for running activitycom.samsung.contacts.editor.EditGroupSelectionActivity
02-22 20:58:55.226  6154  6209 I AMMetaDataParserService: Resource data:Loop for running activitycom.samsung.contacts.emergency.EmergencyMessageContactCreateActivity
02-22 20:58:55.226  6154  6209 I AMMetaDataParserService: Resource data:Loop for running activitycom.samsung.contacts.emergency.EmergencyContactListDialogActivity
02-22 20:58:55.226  6154  6209 I AMMetaDataParserService: Resource data:Loop for running activitycom.samsung.dialer.calllog.CallDurationActivity
02-22 20:58:55.226  6154  6209 I AMMetaDataParserService: Resource data:Loop for running activitycom.samsung.dialer.calllog.CallDurationTabActivity
02-22 20:58:55.226  6154  6209 I AMMetaDataParserService: Resource data:Loop for running activitycom.samsung.contacts.detail.LinkedContactActivity
02-22 20:58:55.226  6154  6209 I AMMetaDataParserService: Resource data:Loop for running activitycom.samsung.contacts.sfindersupport.LogsFindoSearchResultsActivity
02-22 20:58:55.226  6154  6209 I AMMetaDataParserService: Resource data:Inside bundle  check
02-22 20:58:55.226  6154  6209 I AMMetaDataParserService: getResourcePackageName:android.app.searchable
02-22 20:58:55.226  6154  6209 I AMMetaDataParserService: Resource data:Loop for running activitycom.samsung.dialer.interaction.InteractionRecentActivity
02-22 20:58:55.226  6154  6209 I AMMetaDataParserService: Resource data:Loop for running activitycom.samsung.contacts.speeddial.SpeedDialActivity
02-22 20:58:55.226  6154  6209 I AMMetaDataParserService: Resource data:Loop for running activitycom.samsung.contacts.picker.businesscard.BusinesscardViewer
02-22 20:58:55.226  6154  6209 I AMMetaDataParserService: Resource data:Loop for running activitycom.samsung.dialer.callmessage.CallMessageActivity
02-22 20:58:55.226  6154  6209 I AMMetaDataParserService: Resource data:Loop for running activitycom.samsung.dialer.callmessage.RecentCallMessageActivity
02-22 20:58:55.226  6154  6209 I AMMetaDataParserService: Resource data:Loop for running activitycom.samsung.dialer.callmessage.PhrasesEditActivity
02-22 20:58:55.226  6154  6209 I AMMetaDataParserService: Resource data:Loop for running activitycom.samsung.dialer.callmessage.PhrasesDeleteActivity
02-22 20:58:55.226  6154  6209 I AMMetaDataParserService: Resource data:Loop for running activitycom.samsung.dialer.callmessage.CallMessageEditActivity
02-22 20:58:55.226  6154  6209 I AMMetaDataParserService: Resource data:Loop for running activitycom.samsung.contacts.emergency.MyEmergencyInfoDetailActivity
02-22 20:58:55.226  6154  6209 I AMMetaDataParserService: Resource data:Loop for running activitycom.samsung.contacts.emergency.MyEmergencyEditorDisclaimerActivity
02-22 20:58:55.226  6154  6209 I AMMetaDataParserService: Resource data:Loop for running activitycom.samsung.contacts.emergency.MyEmergencyInfoEditorActivity
02-22 20:58:55.226  6154  6209 I AMMetaDataParserService: Resource data:Loop for running activitycom.samsung.contacts.activities.ScoverFavoritesActivity
02-22 20:58:55.226  6154  6209 I AMMetaDataParserService: Resource data:Inside bundle  check
02-22 20:58:55.226  6154  6209 I AMMetaDataParserService: getResourcePackageName:com.sec.android.sdk.cover.MODE
02-22 20:58:55.226  6154  6209 I AMMetaDataParserService: Resource data:Loop for running activitycom.samsung.contacts.activities.ScoverSelectNumberActivity
02-22 20:58:55.226  6154  6209 I AMMetaDataParserService: Resource data:Inside bundle  check
02-22 20:58:55.226  6154  6209 I AMMetaDataParserService: getResourcePackageName:com.sec.android.sdk.cover.MODE
02-22 20:58:55.226  6154  6209 I AMMetaDataParserService: Resource data:Loop for running activitycom.samsung.contacts.detail.ShowMyProfileActivity
02-22 20:58:55.226  6154  6209 I AMMetaDataParserService: Resource data:Loop for running activitycom.samsung.contacts.detail.CreateOrUpdateActivity
02-22 20:58:55.226  6154  6209 I AMMetaDataParserService: Resource data:Loop for running activitycom.samsung.contacts.detail.AddressbookPlusSupportActivity
02-22 20:58:55.226  6154  6209 I AMMetaDataParserService: Resource data:Loop for running activitycom.samsung.dialer.calllog.SpamReportActivity
02-22 20:58:55.231  5740  5740 W art     : Verification of java.lang.Object kfl.p() took 120.206ms
02-22 20:58:55.236  6394  6394 E AXLOG   : Feature-LoadingEnd**Point[1771822735239]**
02-22 20:58:55.246  6154  6209 I AMMetaDataParserService: Resource data:Loop for running activitycom.sec.android.gallery3d.app.GalleryOpaqueActivity
02-22 20:58:55.246  6154  6209 I AMMetaDataParserService: Resource data:Inside bundle  check
02-22 20:58:55.246  6154  6209 I AMMetaDataParserService: getResourcePackageName:com.samsung.android.startingwindow.LAYOUT_RESID
02-22 20:58:55.246  6154  6209 I AMMetaDataParserService: getResourcePackageName:assistant
02-22 20:58:55.246  6154  6209 I AMMetaDataParserService: Resource data:2131230729
02-22 20:58:55.251  5877  5887 W art     : Suspending all threads took: 18.993ms
02-22 20:58:55.261  2182  2182 I display : [PrimaryDisplay] [DYNAMIC_RECOMP] GLES_2_HWC by high FPS(7)
02-22 20:58:55.271  6154  6209 I AMMetaDataParserService: getResourceName:com.sec.android.gallery3d:xml/assistant
02-22 20:58:55.271  6154  6209 I AMMetaDataParserService: getResourceTypeNamexml
02-22 20:58:55.291  6411  6411 E Zygote  : v2
02-22 20:58:55.291  2755  2927 D SensorService: [SO] -0.733 -0.925 9.582
02-22 20:58:55.291  6411  6411 W SELinux : Function: selinux_compare_spd_ram, index[1], priority [2], priority version is VE=SEPF_SECMOBILE_6.0.1_0035
02-22 20:58:55.291  6411  6411 E Zygote  : accessInfo : 0
02-22 20:58:55.291  6411  6411 W SELinux : SELinux: seapp_context_lookup: seinfo=default, level=s0:c512,c768, pkgname=com.offsec.nethunter.store 
02-22 20:58:55.306  6154  6209 I AMMetaDataParserService: Icon data: ResourceDrawer2131362021android.intent.action.drawer2130837613
02-22 20:58:55.321  6411  6411 D ActivityThread: Added TimaKeyStore provider
02-22 20:58:55.391  6411  6411 W System  : ClassLoader referenced unknown path: /data/app/com.offsec.nethunter.store-1/lib/arm
02-22 20:58:55.421  6154  6209 I art     : Waiting for a blocking GC DisableMovingGc
02-22 20:58:55.431  6154  6209 I art     : WaitForGcToComplete blocked for 9.798ms for cause DisableMovingGc
02-22 20:58:55.431  6154  6209 I art     : Starting a blocking GC DisableMovingGc
02-22 20:58:55.431  5740  5740 W art     : Verification of java.lang.Object kfl.q() took 190.428ms
02-22 20:58:55.496  6154  6209 I AMMetaDataParserService: Icon data: ResourceSlideshow2131362468android.intent.action.slideshow2130837612
02-22 20:58:55.526  6394  6394 E SecCamera-JNI-Cpp: JNI_OnLoad
02-22 20:58:55.536  6394  6394 E SecCamera-JNI-Java: SecCamera.open()
02-22 20:58:55.551  6154  6209 I AMMetaDataParserService: Icon data: ResourceCamera2131362528android.intent.action.camera2130837610
02-22 20:58:55.571  2199  2199 I CameraService: CameraService::connect call (PID 6394 "com.sec.android.app.camera", camera ID 0) for HAL version default and Camera API version 1
02-22 20:58:55.581  2755  3630 I EDMNativeHelperService: isCameraEnabled
02-22 20:58:55.606  2182  2269 I display : [PrimaryDisplay] [DYNAMIC_RECOMP] HWC_2_GLES by low FPS(3)
02-22 20:58:55.621  6267  6432 W YouTube : Fetching the Gservices key 'failsafe_clear_cache_release_13_02' before the end of the bulk initialization
02-22 20:58:55.661  6154  6209 I AMMetaDataParserService: Icon data: ResourceDelete2131361969android.intent.action.delete2130837611
02-22 20:58:55.696  2199  2199 D SecCameraInterface: DEBUG:duration time(    0 msec):(HAL_getNumberOfCameras)
02-22 20:58:55.696  2199  2199 D SecCameraInterface: DEBUG:duration time(    0 msec):(HAL_getNumberOfCameras)
02-22 20:58:55.696  2199  2199 E CameraService: companion_disable property set to enable
02-22 20:58:55.701  2199  2199 D SecCameraInterface: DEBUG(HAL_getCameraInfo[642]):Reuse!! Return static information (0)
02-22 20:58:55.701  2199  2199 D SecCameraInterface: INFO(HAL_getCameraInfo info->resource_cost = 51 
02-22 20:58:55.701  2199  2199 D SecCameraInterface: INFO(HAL_getCameraInfo info->conflicting_devices_length is zero 
02-22 20:58:55.701  2199  2199 D SecCameraInterface: DEBUG:duration time(    0 msec):(HAL_getCameraInfo)
02-22 20:58:55.701  2199  2199 I CameraService: Country code is USA
02-22 20:58:55.701  2199  2199 V CameraService: startCameraOps: Start camera ops, package name = com.sec.android.app.camera, client UID = 10034
02-22 20:58:55.701  6154  6209 I AMMetaDataParserService: Resource data:Loop for running activitycom.sec.android.gallery3d.app.GallerySingleTopActivity
02-22 20:58:55.701  6154  6209 I AMMetaDataParserService: Resource data:Inside bundle  check
02-22 20:58:55.701  6154  6209 I AMMetaDataParserService: getResourcePackageName:com.sec.android.sdk.cover.MODE
02-22 20:58:55.701  6154  6209 I AMMetaDataParserService: getResourcePackageName:assistant
02-22 20:58:55.701  6154  6209 I AMMetaDataParserService: Resource data:2131230729
02-22 20:58:55.701  6154  6209 I AMMetaDataParserService: getResourceName:com.sec.android.gallery3d:xml/assistant
02-22 20:58:55.701  6154  6209 I AMMetaDataParserService: getResourceTypeNamexml
02-22 20:58:55.706  2199  6441 V MediaPlayer: constructor
02-22 20:58:55.706  6154  6209 I AMMetaDataParserService: Icon data: ResourceDrawer2131362021android.intent.action.drawer2130837613
02-22 20:58:55.706  2199  2199 D SecCameraCoreManager: !@ SecCameraCoreManager created: pid=2199, cameraId=0
02-22 20:58:55.706  2199  2199 I SecCameraCoreManager: Opening camera 0
02-22 20:58:55.706  2199  2199 D SecCameraInterface: DEBUG(HAL_getCameraInfo[642]):Reuse!! Return static information (0)
02-22 20:58:55.706  2199  2199 D SecCameraInterface: INFO(HAL_getCameraInfo info->resource_cost = 51 
02-22 20:58:55.706  2199  2199 D SecCameraInterface: INFO(HAL_getCameraInfo info->conflicting_devices_length is zero 
02-22 20:58:55.706  2199  2199 D SecCameraInterface: DEBUG:duration time(    0 msec):(HAL_getCameraInfo)
02-22 20:58:55.706  2199  2199 D SecCameraInterface: camera_device_open: E
02-22 20:58:55.711  2199  2199 D SecCameraInterface: DEBUG:duration time(    0 msec):(HAL_getNumberOfCameras)
02-22 20:58:55.711  2199  2199 D SecCameraInterface: DEBUG(check_camera_state):camera(0) state(1) checking...
02-22 20:58:55.711  2199  2199 D SecCameraInterface: DEBUG(check_camera_state):camera(0) state(3:CLOSED->1:OPENED) is valid
02-22 20:58:55.711  2199  2199 D SecCameraHardware: init E
02-22 20:58:55.711  2199  2199 D SecCameraHardware: FLiteV4l2 init: sensor Id:57
02-22 20:58:55.756  2755  3640 E ActivityManager: getPackageFromAppProcesses, return null
02-22 20:58:55.766  6154  6209 I AMMetaDataParserService: Icon data: ResourceSlideshow2131362468android.intent.action.slideshow2130837612
02-22 20:58:55.776  2199  6441 E Parcel  : Reading a NULL string not supported here.
02-22 20:58:55.776  2199  6441 V MediaPlayerService: Create new client(8) from pid 2199, uid 1013, 
02-22 20:58:55.781  2199  6441 I MediaPlayerService: Setting player type to NuPlayer
02-22 20:58:55.781  2199  6441 V MediaPlayerService: player type = 4
02-22 20:58:55.781  2199  6441 V NuPlayerDriver: NuPlayerDriver(0xb2fc8400)
02-22 20:58:55.786  2199  6441 V AudioSink: AudioOutput(21)
02-22 20:58:55.786  2199  6443 V NuPlayer: kWhatSetAudioSink
02-22 20:58:55.791  2199  6441 V NuPlayerDriver: setDataSource(0xb2fc8400) url(<no-scheme URI suppressed>)
02-22 20:58:55.791  2199  6441 V GenericSource: setDefault
02-22 20:58:55.791  2199  6441 V NuPlayer: url=/system/media/audio/ui/Shutter.ogg
02-22 20:58:55.796  2199  6443 V NuPlayer: kWhatSetDataSource
02-22 20:58:55.796  2199  6441 V MediaPlayerService: [8] getParameter(31700)
02-22 20:58:55.796  2199  6441 V MediaPlayer: MediaPlayer::setAudioStreamType
02-22 20:58:55.796  2199  6441 V MediaPlayer: prepare
02-22 20:58:55.796  2199  6441 V MediaPlayerService: [8] setAudioStreamType(1)
02-22 20:58:55.796  2199  6441 V MediaPlayerService: [8] prepareAsync
02-22 20:58:55.796  2199  6441 V NuPlayerDriver: prepareAsync(0xb2fc8400)
02-22 20:58:55.796  2199  6443 V GenericSource: [Flag] set 0x8 -> mFlags = 0x8
02-22 20:58:55.801  2199  6444 V GenericSource: onPrepareAsync
02-22 20:58:55.806  2199  6444 I OggExtractor: OggSource::OggSource() mExtractor ref count = 4
02-22 20:58:55.806  2182  2182 I display : [PrimaryDisplay] [DYNAMIC_RECOMP] GLES_2_HWC by high FPS(5)
02-22 20:58:55.806  2199  6444 I AnotherPacketSource: setFormat() audio
02-22 20:58:55.806  2199  6444 V GenericSource: setDefault
02-22 20:58:55.806  2199  6444 I GenericSource: ORmode enable : mUnsupportedAudio = 0 mUnsupportedVideo = 0 mHaveAudio = 1 mHaveVideo = 0
02-22 20:58:55.806  2199  6443 V NuPlayer: prepare posted successfully.
02-22 20:58:55.806  2199  6443 V NuPlayer: mUnsupportedAudio = 0, mUnsupportedVideo = 0, mHaveAudioTrack = 1, mHaveVideoTrack = 0
02-22 20:58:55.806  2199  6443 V NuPlayer: msg : 200, ext1 : 10973, ext2 : 0
02-22 20:58:55.806  2199  6443 D NuPlayerDriver: notifyListener_l(0xb2fc8400), (200, 10973, 0)
02-22 20:58:55.806  2199  6443 V MediaPlayerService: [8] notify (0xaf464140, 200, 10973, 0)
02-22 20:58:55.806  2199  6444 V GenericSource: onPrepareAsyncEvent() done
02-22 20:58:55.806  2199  6443 V MediaPlayer: message received msg=200, ext1=10973, ext2=0
02-22 20:58:55.811  2199  6443 W MediaPlayer: info/warning (10973, 0)
02-22 20:58:55.811  2199  6443 V NuPlayer: extractMetadata Tracks : 1
02-22 20:58:55.811  2199  6443 V NuPlayer: enableInbandTextFromExtr
02-22 20:58:55.811  2199  6443 D NuPlayerDriver: notifyListener_l(0xb2fc8400), (1, 0, 0)
02-22 20:58:55.811  2199  6443 V MediaPlayerService: [8] notify (0xaf464140, 1, 0, 0)
02-22 20:58:55.811  2199  6443 V MediaPlayer: message received msg=1, ext1=0, ext2=0
02-22 20:58:55.811  2199  6443 V MediaPlayer: prepared
02-22 20:58:55.811  2199  6443 V MediaPlayer: signal application thread
02-22 20:58:55.811  2199  6441 V MediaPlayer: prepare complete - status=0
02-22 20:58:55.811  2199  6441 V MediaPlayer: constructor
02-22 20:58:55.811  2199  6441 V MediaPlayerService: Create new client(9) from pid 2199, uid 1013, 
02-22 20:58:55.811  2199  6441 I MediaPlayerService: Setting player type to NuPlayer
02-22 20:58:55.811  2199  6441 V MediaPlayerService: player type = 4
02-22 20:58:55.811  2199  6441 V NuPlayerDriver: NuPlayerDriver(0xb2fc8540)
02-22 20:58:55.811  2199  6441 V AudioSink: AudioOutput(22)
02-22 20:58:55.811  2199  6441 V NuPlayerDriver: setDataSource(0xb2fc8540) url(<no-scheme URI suppressed>)
02-22 20:58:55.811  2199  6441 V GenericSource: setDefault
02-22 20:58:55.811  2199  6445 V NuPlayer: kWhatSetAudioSink
02-22 20:58:55.811  2199  6441 V NuPlayer: url=/system/media/audio/ui/Cam_Start.ogg
02-22 20:58:55.811  2199  6445 V NuPlayer: kWhatSetDataSource
02-22 20:58:55.811  2199  6441 V MediaPlayerService: [9] getParameter(31700)
02-22 20:58:55.811  2199  6441 V MediaPlayer: MediaPlayer::setAudioStreamType
02-22 20:58:55.811  2199  6441 V MediaPlayer: prepare
02-22 20:58:55.811  2199  6441 V MediaPlayerService: [9] setAudioStreamType(1)
02-22 20:58:55.811  2199  6441 V MediaPlayerService: [9] prepareAsync
02-22 20:58:55.811  2199  6441 V NuPlayerDriver: prepareAsync(0xb2fc8540)
02-22 20:58:55.811  2199  6445 V GenericSource: [Flag] set 0x8 -> mFlags = 0x8
02-22 20:58:55.811  2199  6446 V GenericSource: onPrepareAsync
02-22 20:58:55.816  2199  6446 I OggExtractor: OggSource::OggSource() mExtractor ref count = 4
02-22 20:58:55.816  2199  6446 I AnotherPacketSource: setFormat() audio
02-22 20:58:55.816  2199  6446 V GenericSource: setDefault
02-22 20:58:55.816  2199  6446 I GenericSource: ORmode enable : mUnsupportedAudio = 0 mUnsupportedVideo = 0 mHaveAudio = 1 mHaveVideo = 0
02-22 20:58:55.816  2199  6445 V NuPlayer: prepare posted successfully.
02-22 20:58:55.816  2199  6445 V NuPlayer: mUnsupportedAudio = 0, mUnsupportedVideo = 0, mHaveAudioTrack = 1, mHaveVideoTrack = 0
02-22 20:58:55.816  2199  6445 V NuPlayer: msg : 200, ext1 : 10973, ext2 : 0
02-22 20:58:55.816  2199  6446 V GenericSource: onPrepareAsyncEvent() done
02-22 20:58:55.816  2199  6445 D NuPlayerDriver: notifyListener_l(0xb2fc8540), (200, 10973, 0)
02-22 20:58:55.816  2199  6445 V MediaPlayerService: [9] notify (0xaf464280, 200, 10973, 0)
02-22 20:58:55.816  2199  6445 V MediaPlayer: message received msg=200, ext1=10973, ext2=0
02-22 20:58:55.816  2199  6445 W MediaPlayer: info/warning (10973, 0)
02-22 20:58:55.816  2199  6445 V NuPlayer: extractMetadata Tracks : 1
02-22 20:58:55.816  2199  6445 V NuPlayer: enableInbandTextFromExtr
02-22 20:58:55.816  2199  6445 D NuPlayerDriver: notifyListener_l(0xb2fc8540), (1, 0, 0)
02-22 20:58:55.816  2199  6445 V MediaPlayerService: [9] notify (0xaf464280, 1, 0, 0)
02-22 20:58:55.816  2199  6445 V MediaPlayer: message received msg=1, ext1=0, ext2=0
02-22 20:58:55.821  2199  6445 V MediaPlayer: prepared
02-22 20:58:55.821  2199  6445 V MediaPlayer: signal application thread
02-22 20:58:55.821  2199  6441 V MediaPlayer: prepare complete - status=0
02-22 20:58:55.821  2199  6441 V MediaPlayer: constructor
02-22 20:58:55.821  2199  6441 V MediaPlayerService: Create new client(10) from pid 2199, uid 1013, 
02-22 20:58:55.821  2199  6441 I MediaPlayerService: Setting player type to NuPlayer
02-22 20:58:55.821  2199  6441 V MediaPlayerService: player type = 4
02-22 20:58:55.821  2199  6441 V NuPlayerDriver: NuPlayerDriver(0xb2fc8e00)
02-22 20:58:55.821  2199  6441 V AudioSink: AudioOutput(23)
02-22 20:58:55.821  2199  6441 V NuPlayerDriver: setDataSource(0xb2fc8e00) url(<no-scheme URI suppressed>)
02-22 20:58:55.821  2199  6441 V GenericSource: setDefault
02-22 20:58:55.821  2199  6441 V NuPlayer: url=/system/media/audio/ui/Cam_Stop.ogg
02-22 20:58:55.821  2199  6447 V NuPlayer: kWhatSetAudioSink
02-22 20:58:55.821  2199  6447 V NuPlayer: kWhatSetDataSource
02-22 20:58:55.821  2199  6441 V MediaPlayerService: [10] getParameter(31700)
02-22 20:58:55.821  2199  6441 V MediaPlayer: MediaPlayer::setAudioStreamType
02-22 20:58:55.821  2199  6441 V MediaPlayer: prepare
02-22 20:58:55.821  2199  6441 V MediaPlayerService: [10] setAudioStreamType(1)
02-22 20:58:55.821  2199  6441 V MediaPlayerService: [10] prepareAsync
02-22 20:58:55.821  2199  6441 V NuPlayerDriver: prepareAsync(0xb2fc8e00)
02-22 20:58:55.821  2199  6447 V GenericSource: [Flag] set 0x8 -> mFlags = 0x8
02-22 20:58:55.821  2199  6448 V GenericSource: onPrepareAsync
02-22 20:58:55.826  2199  6448 I OggExtractor: OggSource::OggSource() mExtractor ref count = 4
02-22 20:58:55.826  2199  6448 I AnotherPacketSource: setFormat() audio
02-22 20:58:55.826  2199  6448 V GenericSource: setDefault
02-22 20:58:55.826  2199  6448 I GenericSource: ORmode enable : mUnsupportedAudio = 0 mUnsupportedVideo = 0 mHaveAudio = 1 mHaveVideo = 0
02-22 20:58:55.826  2199  6447 V NuPlayer: prepare posted successfully.
02-22 20:58:55.826  2199  6448 V GenericSource: onPrepareAsyncEvent() done
02-22 20:58:55.826  2199  6447 V NuPlayer: mUnsupportedAudio = 0, mUnsupportedVideo = 0, mHaveAudioTrack = 1, mHaveVideoTrack = 0
02-22 20:58:55.826  2199  6447 V NuPlayer: msg : 200, ext1 : 10973, ext2 : 0
02-22 20:58:55.826  2199  6447 D NuPlayerDriver: notifyListener_l(0xb2fc8e00), (200, 10973, 0)
02-22 20:58:55.826  2199  6447 V MediaPlayerService: [10] notify (0xaf4652c0, 200, 10973, 0)
02-22 20:58:55.826  2199  6447 V MediaPlayer: message received msg=200, ext1=10973, ext2=0
02-22 20:58:55.826  2199  6447 W MediaPlayer: info/warning (10973, 0)
02-22 20:58:55.826  2199  6447 V NuPlayer: extractMetadata Tracks : 1
02-22 20:58:55.826  2199  6447 V NuPlayer: enableInbandTextFromExtr
02-22 20:58:55.826  2199  6447 D NuPlayerDriver: notifyListener_l(0xb2fc8e00), (1, 0, 0)
02-22 20:58:55.826  2199  6447 V MediaPlayerService: [10] notify (0xaf4652c0, 1, 0, 0)
02-22 20:58:55.826  2199  6447 V MediaPlayer: message received msg=1, ext1=0, ext2=0
02-22 20:58:55.826  2199  6447 V MediaPlayer: prepared
02-22 20:58:55.826  2199  6447 V MediaPlayer: signal application thread
02-22 20:58:55.826  2199  6441 V MediaPlayer: prepare complete - status=0
02-22 20:58:55.871  6154  6209 I AMMetaDataParserService: Icon data: ResourceCamera2131362528android.intent.action.camera2130837610
02-22 20:58:55.906  6154  6209 I AMMetaDataParserService: Icon data: ResourceDelete2131361969android.intent.action.delete2130837611
02-22 20:58:55.931  6154  6209 I AMMetaDataParserService: Resource data:Loop for running activitycom.sec.android.gallery3d.app.GalleryActivity
02-22 20:58:55.931  6154  6209 I AMMetaDataParserService: Resource data:Inside bundle  check
02-22 20:58:55.931  6154  6209 I AMMetaDataParserService: getResourcePackageName:com.sec.android.sdk.cover.MODE
02-22 20:58:55.931  6154  6209 I AMMetaDataParserService: getResourcePackageName:android.app.searchable
02-22 20:58:55.931  6154  6209 I AMMetaDataParserService: getResourcePackageName:assistant
02-22 20:58:55.931  6154  6209 I AMMetaDataParserService: Resource data:2131230729
02-22 20:58:55.936  6154  6209 I AMMetaDataParserService: getResourceName:com.sec.android.gallery3d:xml/assistant
02-22 20:58:55.936  6154  6209 I AMMetaDataParserService: getResourceTypeNamexml
02-22 20:58:55.936  6154  6209 I AMMetaDataParserService: Icon data: ResourceDrawer2131362021android.intent.action.drawer2130837613
02-22 20:58:55.966  6154  6209 I AMMetaDataParserService: Icon data: ResourceSlideshow2131362468android.intent.action.slideshow2130837612
02-22 20:58:56.016  2199  2199 D SecCameraHardware: Lens Close Hold persist.sys.camera.fw_update [0], res 1
02-22 20:58:56.016  2199  2199 D SecCameraHardware: Lens Close Hold persist.sys.camera.samsung [0], res 1
02-22 20:58:56.016  2199  2199 D SecCameraHardware: ISP mem : property get [0], res 1
02-22 20:58:56.016  2199  2199 D SecCameraHardware: call camera init with value: 0x01
02-22 20:58:56.016  2199  2199 D SecCameraPreviewFrameScheduler: (SecCameraPreviewFrameScheduler[36])
02-22 20:58:56.016  2199  2199 D SecCameraPreviewFrameScheduler: (m_reset[52] targetFps=30.000000, m_videoSyncPeriod=33333333)
02-22 20:58:56.021  2199  2199 D ISecCameraHardware: INFO(setDefaultParameter):zoomRatioList=100,104,109,114,120,125,131,138,144,151,158,166,174,182,190,200,209,219,229,240,251,263,276,289,303,317,332,348,364,381,400
02-22 20:58:56.021  2199  2199 D SecCameraHardware: createInstance: Back camera, created 
02-22 20:58:56.021  2199  2199 I CameraService: onTorchStatusChangedLocked: Torch status changed for cameraId=0, newStatus=0
02-22 20:58:56.021  2199  2199 E CameraService: onTorchStatusChangedLocked: cannot get torch status of camera 0: No such file or directory (-2)
02-22 20:58:56.021  2199  2199 I SecCameraInterface: opened camera 0 (0xb3021b20)
02-22 20:58:56.026  2199  2199 I ShotCommon: ShotCommon created: pid=2199
02-22 20:58:56.026  2199  2199 D SecCameraInterface: DEBUG:duration time(    1 msec):(HAL_camera_device_get_parameters)
02-22 20:58:56.026  2199  2199 D SecCameraInterface: DEBUG:duration time(    0 msec):(HAL_camera_device_put_parameters)
02-22 20:58:56.026  2199  2199 I ShotCommon: Preview width(1280), height(720)
02-22 20:58:56.026  2199  2199 I ShotCommon: Preview color format [yuv420sp]
02-22 20:58:56.026  2199  2199 I ShotCommon: Picture width(2576), height(1932)
02-22 20:58:56.026  2199  2199 I ShotCommon: Picture color format [jpeg]
02-22 20:58:56.026  2199  2199 I ShotCommon: enableMsgType : msg(In:0xc0d, Out:0xc0d)
02-22 20:58:56.026  2199  2199 I ShotSingle: ShotSingle created E : pid=2199
02-22 20:58:56.026  2199  2199 I ShotCommon: enableMsgType : msg(In:0xc0d, Out:0xc0d)
02-22 20:58:56.026  2199  2199 I ShotSingle: ShotSingle created X
02-22 20:58:56.026  2199  2199 V ShotSingle: setCallbacks(0)
02-22 20:58:56.026  2199  2199 D SecCameraInterface: DEBUG:duration time(    0 msec):(HAL_camera_device_set_callbacks)
02-22 20:58:56.026  2199  2199 I ShotCommon: enableMsgType : msg(In:0xc0d, Out:0xc0d)
02-22 20:58:56.026  2199  2199 D SecCameraInterface: DEBUG:duration time(    0 msec):(HAL_camera_device_get_parameters)
02-22 20:58:56.026  2199  2199 D SecCameraInterface: DEBUG:duration time(    0 msec):(HAL_camera_device_put_parameters)
02-22 20:58:56.106  2182  2269 I display : [PrimaryDisplay] [DYNAMIC_RECOMP] HWC_2_GLES by low FPS(0)
02-22 20:58:56.116  6154  6209 I AMMetaDataParserService: Icon data: ResourceCamera2131362528android.intent.action.camera2130837610
02-22 20:58:56.121  2199  2909 I ShotSingle: sendCommand end
02-22 20:58:56.121  2199  2909 V ShotSingle: sendCommand(0)
02-22 20:58:56.121  2199  2909 D ISecCameraHardware: DEBUG(sendCommand):CAMERA_CMD_SET_SAMSUNG_APP is called!
02-22 20:58:56.121  2199  2909 D ISecCameraHardware: INFO(setDefaultParameter):zoomRatioList=100,104,109,114,120,125,131,138,144,151,158,166,174,182,190,200,209,219,229,240,251,263,276,289,303,317,332,348,364,381,400
02-22 20:58:56.121  2199  2909 D SecCameraInterface: DEBUG:duration time(    0 msec):(HAL_camera_device_send_command)
02-22 20:58:56.121  2199  2541 D SecCameraInterface: DEBUG:duration time(    1 msec):(HAL_camera_device_get_parameters)
02-22 20:58:56.121  2199  2541 D SecCameraInterface: DEBUG:duration time(    0 msec):(HAL_camera_device_put_parameters)
02-22 20:58:56.191  6154  6209 I AMMetaDataParserService: Icon data: ResourceDelete2131361969android.intent.action.delete2130837611
02-22 20:58:56.196  6267  6276 W art     : Suspending all threads took: 52.793ms
02-22 20:58:56.196  2199  2199 V ShotSingle: setParameters(0)
02-22 20:58:56.201  2199  2199 D ISecCameraHardware: setPreviewSize: preview size 1280x960/1280x960/1280x960
02-22 20:58:56.201  2199  2199 D ISecCameraHardware: setPreviewSize: Flite size 1024x768
02-22 20:58:56.201  2199  2199 W ISecCameraHardware: setPictureSize: not supported size(4032x3024)
02-22 20:58:56.201  2199  2199 D ISecCameraHardware: setPictureSize: 2576x1932
02-22 20:58:56.201  2199  2199 D ISecCameraHardware: setAntiBanding: 60hz
02-22 20:58:56.201  2199  2199 D ISecCameraHardware: setParameters X: success
02-22 20:58:56.201  2199  2199 D SecCameraInterface: DEBUG:duration time(    0 msec):(HAL_camera_device_set_parameters)
02-22 20:58:56.201  2199  2909 D SecCameraInterface: DEBUG:duration time(    0 msec):(HAL_camera_device_preview_enabled)
02-22 20:58:56.201  2199  2909 I SecCameraInterface: INFO(HAL_camera_device_set_preview_window[139]):camera(0) in
02-22 20:58:56.201  2199  2909 E ISecCameraHardware: setPreviewWindow: NULL Surface!
02-22 20:58:56.201  2199  2909 I SecCameraInterface: INFO(HAL_camera_device_set_preview_window[141]):camera(0) out
02-22 20:58:56.201  2199  2909 D SecCameraInterface: DEBUG:duration time(    0 msec):(HAL_camera_device_set_preview_window)
02-22 20:58:56.201  2199  2909 D ShotSingle: startPreview
02-22 20:58:56.201  2199  2909 D SecCameraInterface: DEBUG:duration time(    0 msec):(HAL_camera_device_get_parameters)
02-22 20:58:56.201  2199  2909 D SecCameraInterface: DEBUG:duration time(    0 msec):(HAL_camera_device_put_parameters)
02-22 20:58:56.201  2199  2909 V ShotSingle: startPreview(0)
02-22 20:58:56.201  2199  2909 I SecCameraInterface: INFO(HAL_camera_device_start_preview[218]):camera(0) in
02-22 20:58:56.201  2199  2909 D SecCameraInterface: DEBUG(check_camera_state):camera(0) state(4) checking...
02-22 20:58:56.201  2199  2909 D SecCameraInterface: DEBUG(check_camera_state):camera(0) state(1:OPENED->4:PREVIEW_RUNNING) is valid
02-22 20:58:56.201  2199  2909 D ISecCameraHardware: startPreview E
02-22 20:58:56.201  2199  2909 D SecCameraHardware: nativeStartPreview: FLite Format = YUYV
02-22 20:58:56.211  6154  6209 I AMMetaDataParserService: Resource data:Loop for running activitycom.sec.android.gallery3d.app.PermissionsRequestActivity
02-22 20:58:56.211  6154  6209 I AMMetaDataParserService: Resource data:Loop for running activitycom.sec.android.gallery3d.app.PermissionsRequestSetting
02-22 20:58:56.211  6154  6209 I AMMetaDataParserService: Resource data:Loop for running activitycom.cooliris.media.Gallery
02-22 20:58:56.211  6154  6209 I AMMetaDataParserService: Resource data:Loop for running activitycom.sec.android.gallery3d.app.Gallery
02-22 20:58:56.211  6154  6209 I AMMetaDataParserService: Resource data:Inside bundle  check
02-22 20:58:56.211  6154  6209 I AMMetaDataParserService: getResourcePackageName:assistant
02-22 20:58:56.211  6154  6209 I AMMetaDataParserService: Resource data:2131230729
02-22 20:58:56.211  6154  6209 I AMMetaDataParserService: getResourceName:com.sec.android.gallery3d:xml/assistant
02-22 20:58:56.211  6154  6209 I AMMetaDataParserService: getResourceTypeNamexml
02-22 20:58:56.216  6154  6209 I AMMetaDataParserService: Icon data: ResourceDrawer2131362021android.intent.action.drawer2130837613
02-22 20:58:56.226  2199  2909 I SecCameraHardware: INFO(startPreview[293]:set framerate (denominator=0)
02-22 20:58:56.226  2199  2909 I SecCameraHardware: INFO(virtual android::status_t android::SecCameraHardware::nativeStartPreviewZoom()): mFliteNode.fd     [24]
02-22 20:58:56.226  2199  2909 I SecCameraHardware: INFO(virtual android::status_t android::SecCameraHardware::nativeStartPreviewZoom()): mFliteNode.width  [1024]
02-22 20:58:56.226  2199  2909 I SecCameraHardware: INFO(virtual android::status_t android::SecCameraHardware::nativeStartPreviewZoom()): mFliteNode.height [768]
02-22 20:58:56.226  2199  2909 I SecCameraHardware: INFO(virtual android::status_t android::SecCameraHardware::nativeStartPreviewZoom()): mFliteNode.format [YUYV]
02-22 20:58:56.226  2199  2909 I SecCameraHardware: INFO(virtual android::status_t android::SecCameraHardware::nativeStartPreviewZoom()): mFliteNode.planes [2]
02-22 20:58:56.226  2199  2909 I SecCameraHardware: INFO(virtual android::status_t android::SecCameraHardware::nativeStartPreviewZoom()): mFliteNode.buffers[8]
02-22 20:58:56.226  2199  2909 I SecCameraHardware: INFO(virtual android::status_t android::SecCameraHardware::nativeStartPreviewZoom()): mFliteNode.memory [2]
02-22 20:58:56.226  2199  2909 I SecCameraHardware: INFO(virtual android::status_t android::SecCameraHardware::nativeStartPreviewZoom()): mFliteNode.type   [9]
02-22 20:58:56.226  2199  2909 I SecCameraHardware: INFO(virtual android::status_t android::SecCameraHardware::nativeStartPreviewZoom()): mFliteNode.ionClient [28]
02-22 20:58:56.241  2199  2909 D SecCameraHardware: allocatePreviewHeap: 1280x960, frame 1843200x8
02-22 20:58:56.256  6154  6209 I AMMetaDataParserService: Icon data: ResourceSlideshow2131362468android.intent.action.slideshow2130837612
02-22 20:58:56.301  6267  6433 W art     : Verification of void com.google.android.apps.youtube.app.watchwhile.WatchWhileActivity.onCreate(android.os.Bundle) took 408.458ms
02-22 20:58:56.306  2182  2182 I display : [PrimaryDisplay] [DYNAMIC_RECOMP] GLES_2_HWC by high FPS(5)
02-22 20:58:56.311  2199  2909 D ISecCameraHardware: DEBUG(setDropFrame): mDropFrameCount = 5
02-22 20:58:56.311  2199  2909 D ISecCameraHardware: startPreview X
02-22 20:58:56.311  2199  2909 I SecCameraInterface: INFO(HAL_camera_device_start_preview[238]):camera(0) out (startPreview succeeded)
02-22 20:58:56.311  2199  2909 D SecCameraInterface: DEBUG:duration time(  110 msec):(HAL_camera_device_start_preview)
02-22 20:58:56.311  2199  2541 I ShotCommon: setAppUsePreviewFrame(0)
02-22 20:58:56.311  2199  2541 I ShotCommon: disablePreviewMsgBy : msg(In:0x2, Out:0x0)
02-22 20:58:56.311  2199  2541 I ShotCommon: previewCallbackEnabled (0x0)
02-22 20:58:56.311  2199  2541 I ShotCommon: disableMsgType : msg(In:0x10, Out:0xc0d)
02-22 20:58:56.311  2199  2541 I ShotSingle: stopPreview E
02-22 20:58:56.311  2199  2541 I ShotCommon: disableMsgType : msg(In:0x3c2, Out:0xc0d)
02-22 20:58:56.311  2199  2541 V ShotSingle: stopPreview(0)
02-22 20:58:56.311  2199  2541 I SecCameraInterface: INFO(HAL_camera_device_stop_preview[258]):camera(0) in
02-22 20:58:56.311  2199  2541 D SecCameraInterface: DEBUG(check_camera_state):camera(0) state(5) checking...
02-22 20:58:56.311  2199  2541 D SecCameraInterface: DEBUG(check_camera_state):camera(0) state(4:PREVIEW_RUNNING->5:PREVIEW_STOPPED) is valid
02-22 20:58:56.311  2199  2541 D ISecCameraHardware: stopPreview E
02-22 20:58:56.316  6154  6209 I AMMetaDataParserService: Icon data: ResourceCamera2131362528android.intent.action.camera2130837610
02-22 20:58:56.376  6154  6209 I AMMetaDataParserService: Icon data: ResourceDelete2131361969android.intent.action.delete2130837611
02-22 20:58:56.396  2199  6461 D SecCameraHardware: preview started
02-22 20:58:56.396  2199  2541 W libutils.threads: Thread (this=0xb3010ab0): getTid() is undefined before run()
02-22 20:58:56.396  2199  6460 D ISecCameraHardware: INFO(previewEnqueueThread[786]):m_flagEnqueueThreadStop(1)
02-22 20:58:56.401  6154  6209 I AMMetaDataParserService: Resource data:Loop for running activitycom.sec.android.gallery3d.app.UsbDeviceActivity
02-22 20:58:56.401  6154  6209 I AMMetaDataParserService: Resource data:Inside bundle  check
02-22 20:58:56.401  6154  6209 I AMMetaDataParserService: getResourcePackageName:android.hardware.usb.action.USB_DEVICE_ATTACHED
02-22 20:58:56.406  6154  6209 I AMMetaDataParserService: Resource data:Loop for running activitycom.sec.android.gallery3d.app.Wallpaper
02-22 20:58:56.406  6154  6209 I AMMetaDataParserService: Resource data:Loop for running activitycom.sec.android.gallery3d.app.LockScreen
02-22 20:58:56.406  6154  6209 I AMMetaDataParserService: Resource data:Loop for running activitycom.sec.android.gallery3d.app.BothScreen
02-22 20:58:56.406  6154  6209 I AMMetaDataParserService: Resource data:Loop for running activitycom.sec.android.gallery3d.app.CropImage
02-22 20:58:56.406  6154  6209 I AMMetaDataParserService: Resource data:Loop for running activitycom.sec.samsung.gallery.view.detailview.moreinfo.MoreInfoLocationEditActivity
02-22 20:58:56.406  6154  6209 I AMMetaDataParserService: Resource data:Loop for running activitycom.sec.samsung.gallery.view.detailview.moreinfo.MoreInfoLocationEditActivityChn
02-22 20:58:56.406  6154  6209 I AMMetaDataParserService: Resource data:Loop for running activitycom.sec.android.gallery3d.gadget.WidgetTypeChooser
02-22 20:58:56.406  6154  6209 I AMMetaDataParserService: Resource data:Loop for running activitycom.sec.android.gallery3d.gadget.WidgetClickHandler
02-22 20:58:56.406  6154  6209 I AMMetaDataParserService: Resource data:Loop for running activitycom.sec.android.gallery3d.gadget.WidgetConfigure
02-22 20:58:56.406  6154  6209 I AMMetaDataParserService: Resource data:Loop for running activitycom.sec.android.gallery3d.gadget.WidgetPreferenceActivity
02-22 20:58:56.406  6154  6209 I AMMetaDataParserService: Resource data:Loop for running activitycom.sec.android.gallery3d.settings.AccountSettingActivity
02-22 20:58:56.406  6154  6209 I AMMetaDataParserService: Resource data:Loop for running activitycom.sec.android.gallery3d.settings.EventSharingSettingActivity
02-22 20:58:56.406  6154  6209 I AMMetaDataParserService: Resource data:Loop for running activitycom.sec.samsung.gallery.view.slideshowsetting.SlideShowSettingPreferenceActivity
02-22 20:58:56.406  6154  6209 I AMMetaDataParserService: Resource data:Loop for running activitycom.sec.samsung.gallery.controller.StartMmsSaveCmd$CallMmsSave
02-22 20:58:56.406  6154  6209 I AMMetaDataParserService: Resource data:Loop for running activitycom.sec.android.gallery3d.app.GalleryChooserActivity
02-22 20:58:56.406  6154  6209 I AMMetaDataParserService: Resource data:Loop for running activitycom.sec.samsung.gallery.view.common.AlbumChoiceActivity
02-22 20:58:56.406  6154  6209 I AMMetaDataParserService: Resource data:Loop for running activitycom.sec.android.cloud.integrator.CloudIntegratorActivity
02-22 20:58:56.406  6154  6209 I AMMetaDataParserService: Resource data:Loop for running activitycom.samsung.android.sdk.enhancedfeatures.internal.common.ui.PermissionActivity
02-22 20:58:56.406  6154  6209 I AMMetaDataParserService: Resource data:Loop for running activitycom.samsung.android.sdk.enhancedfeatures.internal.common.ui.PermissionDialogActivity
02-22 20:58:56.406  6154  6209 I AMMetaDataParserService: Resource data:Loop for running activitycom.samsung.android.sdk.enhancedfeatures.easysignup.internal.ui.AcsAuthenticatorActivity
02-22 20:58:56.406  6154  6209 I AMMetaDataParserService: Resource data:Loop for running activitycom.samsung.android.sdk.enhancedfeatures.easysignup.internal.ui.SmsAuthenticatorActivity
02-22 20:58:56.406  6154  6209 I AMMetaDataParserService: Resource data:Loop for running activitycom.samsung.android.sdk.enhancedfeatures.easysignup.internal.ui.CountryActivity
02-22 20:58:56.406  6154  6209 I AMMetaDataParserService: Resource data:Loop for running activitycom.samsung.android.sdk.enhancedfeatures.easysignup.internal.ui.PlayServiceUpdateActivity
02-22 20:58:56.416  3325  3325 I Process : Sending signal. PID: 3325 SIG: 9
02-22 20:58:56.466  2199  2541 D SecCameraHardware: nativeStopPreview EX
02-22 20:58:56.466  2199  2541 D ISecCameraHardware: stopPreview X
02-22 20:58:56.466  2199  2541 I SecCameraInterface: INFO(HAL_camera_device_stop_preview[299]):camera(0) out
02-22 20:58:56.466  2199  2541 D SecCameraInterface: DEBUG:duration time(  153 msec):(HAL_camera_device_stop_preview)
02-22 20:58:56.466  2199  2541 I ShotSingle: stopPreview X
02-22 20:58:56.466  6394  6394 I SecCamera-JNI-Java: stopPreview
02-22 20:58:56.466  2199  2199 I ShotCommon: setAppUsePreviewFrame(0)
02-22 20:58:56.466  2199  2199 I ShotCommon: disablePreviewMsgBy : msg(In:0x2, Out:0x0)
02-22 20:58:56.466  2199  2199 I ShotCommon: previewCallbackEnabled (0x0)
02-22 20:58:56.466  2199  2199 I ShotCommon: disableMsgType : msg(In:0x10, Out:0xc0d)
02-22 20:58:56.466  2199  2199 I ShotCommon: setAppUsePreviewFrame(0)
02-22 20:58:56.466  2199  2199 I ShotCommon: disablePreviewMsgBy : msg(In:0x2, Out:0x0)
02-22 20:58:56.466  6154  6209 I AMMetaDataParserService: Resource data:Loop for running activitycom.sec.android.app.sbrowser.SBrowserMainActivity
02-22 20:58:56.466  2199  2199 I ShotCommon: disableMsgType : msg(In:0xffffffff, Out:0x0)
02-22 20:58:56.466  6154  6209 I AMMetaDataParserService: Resource data:Inside bundle  check
02-22 20:58:56.466  6154  6209 I AMMetaDataParserService: getResourcePackageName:android.app.searchable
02-22 20:58:56.466  6154  6209 I AMMetaDataParserService: getResourcePackageName:assistantlist
02-22 20:58:56.466  2199  2199 I ShotSingle: stopPreview E
02-22 20:58:56.466  2199  2199 I ShotCommon: disableMsgType : msg(In:0x3c2, Out:0x0)
02-22 20:58:56.466  6154  6209 I AMMetaDataParserService: Resource data:2131230724
02-22 20:58:56.466  2199  2199 V ShotSingle: stopPreview(0)
02-22 20:58:56.466  2199  2199 I SecCameraInterface: INFO(HAL_camera_device_stop_preview[258]):camera(0) in
02-22 20:58:56.466  2199  2199 D SecCameraInterface: DEBUG(check_camera_state):camera(0) state(5) checking...
02-22 20:58:56.466  2199  2199 D SecCameraInterface: DEBUG(check_camera_state):camera(0) state(5:PREVIEW_STOPPED->5:PREVIEW_STOPPED) is valid
02-22 20:58:56.466  2199  2199 D ISecCameraHardware: stopPreview E
02-22 20:58:56.466  2199  2199 W ISecCameraHardware: stopPreview: warning, preview has been stopped
02-22 20:58:56.466  2199  2199 I SecCameraInterface: INFO(HAL_camera_device_stop_preview[299]):camera(0) out
02-22 20:58:56.466  2199  2199 D SecCameraInterface: DEBUG:duration time(    0 msec):(HAL_camera_device_stop_preview)
02-22 20:58:56.466  2199  2199 I ShotSingle: stopPreview X
02-22 20:58:56.476  6267  6429 W ResourceType: ResTable_typeSpec entry count inconsistent: given 106, previously 109
02-22 20:58:56.476  6267  6429 W ResourceType: ResTable_typeSpec entry count inconsistent: given 4672, previously 5296
02-22 20:58:56.476  6267  6429 W ResourceType: ResTable_typeSpec entry count inconsistent: given 3549, previously 3570
02-22 20:58:56.476  6267  6429 W ResourceType: ResTable_typeSpec entry count inconsistent: given 234, previously 238
02-22 20:58:56.476  6267  6429 W ResourceType: ResTable_typeSpec entry count inconsistent: given 508, previously 5654
02-22 20:58:56.481  2199  2199 D ISecCameraHardware: cancelPicture EX
02-22 20:58:56.481  2199  2199 D SecCameraInterface: DEBUG:duration time(    0 msec):(HAL_camera_device_cancel_picture)
02-22 20:58:56.481  2199  2199 I SecCameraInterface: INFO(HAL_camera_device_release[578]):camera(0) in
02-22 20:58:56.481  2199  2199 D SecCameraInterface: DEBUG(check_camera_state):camera(0) state(2) checking...
02-22 20:58:56.481  2199  2199 D SecCameraInterface: DEBUG(check_camera_state):camera(0) state(5:PREVIEW_STOPPED->2:RELEASED) is valid
02-22 20:58:56.481  2199  2199 D SecCameraHardware: release E
02-22 20:58:56.486  2180  2180 I ServiceManager: service 'emergency_service' died
02-22 20:58:56.536  6066  6330 I Finsky  : [460] Finished reading experiment flags from file [bnLN5L3MjPHxgJhpsEccvFyNX1FPQ8hEdQsBuHEhEI4] numFlags=2115.
02-22 20:58:56.541  6411  6411 I art     : Rejecting re-init on previously-failed class java.lang.Class<android.support.v4.app.JobIntentService$JobServiceEngineImpl>
02-22 20:58:56.541  6154  6209 I AMMetaDataParserService: getResourceName:com.sec.android.app.sbrowser:xml/assistantlist
02-22 20:58:56.541  6154  6209 I AMMetaDataParserService: getResourceTypeNamexml
02-22 20:58:56.541  6411  6411 I art     : Rejecting re-init on previously-failed class java.lang.Class<android.support.v4.app.JobIntentService$JobServiceEngineImpl>
02-22 20:58:56.561  6154  6209 I AMMetaDataParserService: Icon data: ResourceEnter URL2131362086android.intent.action.doInputURL2130837587
02-22 20:58:56.581  6154  6209 D skia    : ---- fAsset->read(0) returned 0
02-22 20:58:56.591  6154  6209 I AMMetaDataParserService: Icon data: ResourceTabs2131362635android.intent.action.doWindowManager2130837589
02-22 20:58:56.596  6066  6075 W art     : Suspending all threads took: 6.092ms
02-22 20:58:56.611  2182  2269 I display : [PrimaryDisplay] [DYNAMIC_RECOMP] HWC_2_GLES by low FPS(0)
02-22 20:58:56.611  6154  6209 I AMMetaDataParserService: Icon data: ResourceNew Tab2131362306android.intent.action.doNewWindow2130837588
02-22 20:58:56.656  6411  6411 I InstalledAppProvider: selectNotSystemSignature: systemSignature == null, querying for it
02-22 20:58:56.671  6154  6209 I AMMetaDataParserService: Resource data:Loop for running activitycom.sec.android.app.sbrowser.webapp.WebappManager
02-22 20:58:56.671  6154  6209 I AMMetaDataParserService: Resource data:Loop for running activitycom.sec.android.app.sbrowser.webapp.WebappManager
02-22 20:58:56.671  6154  6209 I AMMetaDataParserService: Resource data:Loop for running activitycom.sec.android.app.sbrowser.webapp.WebappActivity
02-22 20:58:56.671  6154  6209 I AMMetaDataParserService: Resource data:Loop for running activitycom.sec.android.app.sbrowser.webapp.WebappActivity
02-22 20:58:56.671  6154  6209 I AMMetaDataParserService: Resource data:Loop for running activitycom.sec.android.app.sbrowser.webapp.WebappActivity0
02-22 20:58:56.671  6154  6209 I AMMetaDataParserService: Resource data:Loop for running activitycom.sec.android.app.sbrowser.webapp.WebappActivity0
02-22 20:58:56.671  6154  6209 I AMMetaDataParserService: Resource data:Loop for running activitycom.sec.android.app.sbrowser.webapp.WebappActivity1
02-22 20:58:56.671  6154  6209 I AMMetaDataParserService: Resource data:Loop for running activitycom.sec.android.app.sbrowser.webapp.WebappActivity1
02-22 20:58:56.671  6154  6209 I AMMetaDataParserService: Resource data:Loop for running activitycom.sec.android.app.sbrowser.webapp.WebappActivity2
