02-22 20:58:46.591  5489  5752 D Index   : SearchIndexableResource 'com.android.settings.applications.ManageAssist' should implement the com.android.settings.search.Indexable interface!
02-22 20:58:46.591  5489  5752 E Index   : initSearchable: com.android.settings.location.LocationSettings
02-22 20:58:46.596  5793  5854 D PCWCLIENTTRACE_AccountUtil: [hasSamungAccount] - Samsung Account exist
02-22 20:58:46.596  5793  5854 D PCWCLIENTTRACE_AuthInfo: auth info for osp 2.0 validation check - true
02-22 20:58:46.596  5793  5854 D PCWCLIENTTRACE_AccountUtil: [hasSamungAccount] - Samsung Account exist
02-22 20:58:46.596  5793  5854 D PCWCLIENTTRACE_AuthInfo: auth info for osp 2.0 validation check - true
02-22 20:58:46.596  5793  5854 D PCWCLIENTTRACE_AccountAppFacadeDelegate: End getAuthInfo
02-22 20:58:46.596  5793  5854 D PCWCLIENTTRACE_AccountUtil: [hasSamungAccount] - Samsung Account exist
02-22 20:58:46.596  5793  5854 D PCWCLIENTTRACE_AuthInfo: auth info for osp 2.0 validation check - true
02-22 20:58:46.596  5793  5854 D PCWCLIENTTRACE_PCWHandler: [ensureRegistration] - PCW Client Version : 4.82
02-22 20:58:46.601  5793  5854 I PCWCLIENTTRACE_PushUtil: DMVersion parsing 6.1.34 -> 6.1.34
02-22 20:58:46.601  3090  3090 I SystemUI_WifiApBroadcastReceiver: onReceive: action android.intent.action.BOOT_COMPLETED
02-22 20:58:46.606  5793  5854 D PCWCLIENTTRACE_PushUtil: Call supportReactivationLock 
02-22 20:58:46.626  3339  3339 D BootupListener: onReceive : android.intent.action.BOOT_COMPLETED
02-22 20:58:46.631  5793  5793 D DSM     : [null/Lines:-1] Normal booted
02-22 20:58:46.631  5793  5793 D DSM     : [null/Lines:-1] Boot completed
02-22 20:58:46.631  3339  3339 D BootupListener: onReceive ACTION_BOOT_COMPLETED: IMSI_key null
02-22 20:58:46.631  5793  5793 I DBG_FMMDM: [6.1.34][Line:-1][c] WiFi Connected
02-22 20:58:46.631  3339  3339 D BootupListener: SUPPORT_SOFTPHONE, enable CallSettingsActivity
02-22 20:58:46.636  5793  5793 D PCWCLIENTTRACE_MqttUtils: Create new mqttUtil object
02-22 20:58:46.636  5793  5854 I ReactiveServiceManager: Supported : 4
02-22 20:58:46.636  5793  5854 I PCWCLIENTTRACE_SecurePreferencesJNI: rsm.getServiceSupport() is GOOGLE_FACTORY_RESET_PROTECTION_IS_SUPPORTED : 2
02-22 20:58:46.636  5793  5854 I PCWCLIENTTRACE_PushUtil: isReactiveServiceSupported = false
02-22 20:58:46.636  5793  5793 D PCWCLIENTTRACE_MqttCallBack: Create new FmmMqttCallBack object
02-22 20:58:46.636  5793  5854 D PCWCLIENTTRACE_PCWHandler: [ensureRegistration] - MG registered : SPP
02-22 20:58:46.641  5793  5793 I PCWCLIENT_lawmoResultReceiver: Boot Complete
02-22 20:58:46.646  5489  5752 E Index   : initSearchable: com.android.settings.DeviceAdminSettings
02-22 20:58:46.646  5489  5752 D Index   : SearchIndexableResource 'com.android.settings.DeviceAdminSettings' should implement the com.android.settings.search.Indexable interface!
02-22 20:58:46.646  5489  5752 E Index   : initSearchable: com.android.settings.accessibility.CaptionPropertiesFragment
02-22 20:58:46.646  5489  5752 D Index   : SearchIndexableResource 'com.android.settings.accessibility.CaptionPropertiesFragment' should implement the com.android.settings.search.Indexable interface!
02-22 20:58:46.646  5489  5752 E Index   : initSearchable: com.android.settings.accessibility.ToggleDaltonizerPreferenceFragment
02-22 20:58:46.646  5489  5752 D Index   : SearchIndexableResource 'com.android.settings.accessibility.ToggleDaltonizerPreferenceFragment' should implement the com.android.settings.search.Indexable interface!
02-22 20:58:46.646  5489  5752 E Index   : initSearchable: com.android.settings.accessibility.ToggleScreenMagnificationPreferenceFragment
02-22 20:58:46.646  5489  5752 D Index   : SearchIndexableResource 'com.android.settings.accessibility.ToggleScreenMagnificationPreferenceFragment' should implement the com.android.settings.search.Indexable interface!
02-22 20:58:46.646  5489  5752 E Index   : initSearchable: com.android.settings.accessibility.ToggleGlobalGesturePreferenceFragment
02-22 20:58:46.646  5489  5752 D Index   : SearchIndexableResource 'com.android.settings.accessibility.ToggleGlobalGesturePreferenceFragment' should implement the com.android.settings.search.Indexable interface!
02-22 20:58:46.646  5489  5752 E Index   : initSearchable: com.android.settings.tts.TextToSpeechSettings
02-22 20:58:46.646  5489  5752 D Index   : SearchIndexableResource 'com.android.settings.tts.TextToSpeechSettings' should implement the com.android.settings.search.Indexable interface!
02-22 20:58:46.646  5489  5752 E Index   : initSearchable: com.android.settings.nearby.NearbySettings
02-22 20:58:46.646  5489  5752 D Index   : SearchIndexableResource 'com.android.settings.nearby.NearbySettings' should implement the com.android.settings.search.Indexable interface!
02-22 20:58:46.646  5489  5752 E Index   : initSearchable: com.android.settings.wfd.WifiDisplaySettings
02-22 20:58:46.646  5489  5752 D Index   : SearchIndexableResource 'com.android.settings.wfd.WifiDisplaySettings' should implement the com.android.settings.search.Indexable interface!
02-22 20:58:46.646  5489  5752 E Index   : initSearchable: com.android.settings.CryptKeeperSettings
02-22 20:58:46.656  5793  5854 D PCWCLIENTTRACE_AccountUtil: [hasSamungAccount] - Samsung Account exist
02-22 20:58:46.656  5793  5854 D PCWCLIENTTRACE_AuthInfo: auth info for osp 2.0 validation check - true
02-22 20:58:46.656  2755  3635 D PackageManager: setEnabledSetting : userId = 0 packageName = com.android.phone cmp = com.android.phone.callsettings.CallSettingsActivity newState = 1 callingPackage = 1001
02-22 20:58:46.656  5793  5793 I DBG_FMMDM: [6.1.34][Line:-1][onReceive] Start : android.intent.action.BOOT_COMPLETED
02-22 20:58:46.661  5793  5793 I DBG_FMMDM: [6.1.34][Line:-1][onReceive] android.intent.action.BOOT_COMPLETED
02-22 20:58:46.661  5793  5854 D AESCrypto: decryptAES begin
02-22 20:58:46.661  2755  3630 D SecContentProvider: query(), uri = 17 selection = isSettingsChangesAllowed
02-22 20:58:46.661  5793  5854 D AESCrypto: decryptAES end
02-22 20:58:46.661  5793  5854 D PCWCLIENTTRACE_PCWHandler: [ensureRegistration] - PCW Client Version : 4.82
02-22 20:58:46.666  5793  5854 I PCWCLIENTTRACE_PushUtil: DMVersion parsing 6.1.34 -> 6.1.34
02-22 20:58:46.666  5793  5854 D PCWCLIENTTRACE_PushUtil: Call supportReactivationLock 
02-22 20:58:46.666  3339  3339 D CII     : CommonIMSInterface: enter isServiceAvailable. token:TOKEN_SERVICE_CALLcheckDisabledServiceAlso [true]
02-22 20:58:46.666  5634  5731 D ContactsBirthdaySyncAdapter: bir sync - d:0, u:0, i:0
02-22 20:58:46.671  5793  5854 I ReactiveServiceManager: Supported : 4
02-22 20:58:46.671  5793  5854 I PCWCLIENTTRACE_SecurePreferencesJNI: rsm.getServiceSupport() is GOOGLE_FACTORY_RESET_PROTECTION_IS_SUPPORTED : 2
02-22 20:58:46.671  5793  5854 I PCWCLIENTTRACE_PushUtil: isReactiveServiceSupported = false
02-22 20:58:46.671  5793  5854 D PCWCLIENTTRACE_PCWHandler: [ensureRegistration] - MG registered : GCM
02-22 20:58:46.671  5793  5854 D PCWCLIENTTRACE_AccountUtil: [hasSamungAccount] - Samsung Account exist
02-22 20:58:46.671  5793  5854 D PCWCLIENTTRACE_AuthInfo: auth info for osp 2.0 validation check - true
02-22 20:58:46.671  5793  5854 D AESCrypto: decryptAES begin
02-22 20:58:46.676  5793  5854 D AESCrypto: decryptAES end
02-22 20:58:46.676  5489  5752 D Index   : SearchIndexableResource 'com.android.settings.CryptKeeperSettings' should implement the com.android.settings.search.Indexable interface!
02-22 20:58:46.676  5489  5752 E Index   : initSearchable: com.android.settings.encryption.CryptSDCardSettings
02-22 20:58:46.676  5489  5752 D Index   : SearchIndexableResource 'com.android.settings.encryption.CryptSDCardSettings' should implement the com.android.settings.search.Indexable interface!
02-22 20:58:46.676  5489  5752 E Index   : initSearchable: com.android.settings.DreamSettings
02-22 20:58:46.676  5489  5752 D Index   : SearchIndexableResource 'com.android.settings.DreamSettings' should implement the com.android.settings.search.Indexable interface!
02-22 20:58:46.676  5489  5752 E Index   : initSearchable: com.android.settings.notification.NotificationAccessSettings
02-22 20:58:46.681  5865  5865 E Zygote  : v2
02-22 20:58:46.681  5865  5865 W SELinux : Function: selinux_compare_spd_ram, index[1], priority [2], priority version is VE=SEPF_SECMOBILE_6.0.1_0035
02-22 20:58:46.681  5865  5865 E Zygote  : accessInfo : 0
02-22 20:58:46.686  5865  5865 W SELinux : SELinux: seapp_context_lookup: seinfo=untrusted, level=s0:c512,c768, pkgname=com.google.android.onetimeinitializer 
02-22 20:58:46.686  5489  5752 D Index   : SearchIndexableResource 'com.android.settings.notification.NotificationAccessSettings' should implement the com.android.settings.search.Indexable interface!
02-22 20:58:46.686  5489  5752 E Index   : initSearchable: com.android.settings.notification.ZenAccessSettings
02-22 20:58:46.696  5489  5752 D Index   : SearchIndexableResource 'com.android.settings.notification.ZenAccessSettings' should implement the com.android.settings.search.Indexable interface!
02-22 20:58:46.696  5489  5752 E Index   : initSearchable: com.android.settings.print.PrintSettingsFragment
02-22 20:58:46.696  5489  5752 E Index   : initSearchable: com.android.settings.TrustedCredentialsSettings
02-22 20:58:46.696  5489  5752 D Index   : SearchIndexableResource 'com.android.settings.TrustedCredentialsSettings' should implement the com.android.settings.search.Indexable interface!
02-22 20:58:46.696  5489  5752 E Index   : initSearchable: com.android.settings.UserCredentialsSettings
02-22 20:58:46.696  5489  5752 D Index   : SearchIndexableResource 'com.android.settings.UserCredentialsSettings' should implement the com.android.settings.search.Indexable interface!
02-22 20:58:46.696  5489  5752 E Index   : initSearchable: com.android.settings.privatebox.PrivateBoxSettings
02-22 20:58:46.696  5489  5752 D Index   : Cannot find class: com.android.settings.privatebox.PrivateBoxSettings
02-22 20:58:46.696  5489  5752 D Index   : SearchIndexableResource 'com.android.settings.privatebox.PrivateBoxSettings' should implement the com.android.settings.search.Indexable interface!
02-22 20:58:46.696  5489  5752 E Index   : initSearchable: com.android.settings.notification.ZenModeDNDSettings
02-22 20:58:46.716  3468  4045 D ImsSettingsProvider: query Uri: content://com.sec.ims.settings/imsswitch/volte
02-22 20:58:46.716  3468  4045 D ImsSettingsProvider: match 11
02-22 20:58:46.716  3468  4045 V ImsSettingsProvider: query Uri[content://com.sec.ims.settings/imsswitch/volte], selection [null]
02-22 20:58:46.716  3468  4045 D ImsSettingsProvider: queryImsSwitch: name volte
02-22 20:58:46.721  5865  5865 D ActivityThread: Added TimaKeyStore provider
02-22 20:58:46.721  3339  3339 D CommonIMSInterface: isVoLteEnabled: volte 1
02-22 20:58:46.721  3339  3339 D CII     : CommonIMSInterface: isServiceAvailable. token:TOKEN_SERVICE_CALL available:true
02-22 20:58:46.721  3339  3339 D PhoneUtilsCommon: isSupportVoLTE is true.
02-22 20:58:46.721  3339  3339 D CII     : CommonIMSInterface: enter isServiceAvailable. token:TOKEN_SERVICE_CALLcheckDisabledServiceAlso [true]
02-22 20:58:46.726  3468  4045 D ImsSettingsProvider: query Uri: content://com.sec.ims.settings/imsswitch/volte
02-22 20:58:46.726  3468  4045 D ImsSettingsProvider: match 11
02-22 20:58:46.726  3468  4045 V ImsSettingsProvider: query Uri[content://com.sec.ims.settings/imsswitch/volte], selection [null]
02-22 20:58:46.726  3468  4045 D ImsSettingsProvider: queryImsSwitch: name volte
02-22 20:58:46.731  3339  3339 D CommonIMSInterface: isVoLteEnabled: volte 1
02-22 20:58:46.731  3339  3339 D CII     : CommonIMSInterface: isServiceAvailable. token:TOKEN_SERVICE_CALL available:true
02-22 20:58:46.731  3339  3339 D PhoneUtilsCommon: isSupportVoLTE is true.
02-22 20:58:46.741  5489  5752 E Index   : initSearchable: com.android.settings.usefulfeature.UsefulFeatureHub
02-22 20:58:46.741  5489  5752 D Index   : Cannot find field 'SEARCH_INDEX_DATA_PROVIDER'
02-22 20:58:46.741  5489  5752 E Index   : initSearchable: com.android.settings.nearbyscan.NearbyScanning
02-22 20:58:46.741  5489  5752 D Index   : Cannot find field 'SEARCH_INDEX_DATA_PROVIDER'
02-22 20:58:46.741  5489  5752 E Index   : initSearchable: com.android.settings.dualclock.DualClockSetting
02-22 20:58:46.741  5489  5752 D Index   : SearchIndexableResource 'com.android.settings.dualclock.DualClockSetting' should implement the com.android.settings.search.Indexable interface!
02-22 20:58:46.741  5489  5752 E Index   : initSearchable: com.android.settings.SmartStaySettings
02-22 20:58:46.741  5489  5752 D Index   : SearchIndexableResource 'com.android.settings.SmartStaySettings' should implement the com.android.settings.search.Indexable interface!
02-22 20:58:46.741  5489  5752 D Index   : current: 114
02-22 20:58:46.741  5489  5752 D Index   : prev_cnt: 114
02-22 20:58:46.741  5489  5752 E Index   : initSearchable: com.android.settings.wifi.mobileap.WifiApSettings
02-22 20:58:46.746  5489  5752 E Index   : initSearchable: com.android.settings.vpn2.VpnSettingsForATT
02-22 20:58:46.746  5489  5752 E Index   : initSearchable: com.android.settings.LocalePicker
02-22 20:58:46.746  5489  5752 D Index   : SearchIndexableResource 'com.android.settings.LocalePicker' should implement the com.android.settings.search.Indexable interface!
02-22 20:58:46.746  5489  5752 E Index   : initSearchable: com.android.settings.handwritingsearch.HandwritingLanguagePreference
02-22 20:58:46.746  5489  5752 D Index   : SearchIndexableResource 'com.android.settings.handwritingsearch.HandwritingLanguagePreference' should implement the com.android.settings.search.Indexable interface!
02-22 20:58:46.746  5489  5752 E Index   : initSearchable: com.android.settings.applications.ManageApplications
02-22 20:58:46.746  5489  5752 D Index   : SearchIndexableResource 'com.android.settings.applications.ManageApplications' should implement the com.android.settings.search.Indexable interface!
02-22 20:58:46.746  5489  5752 E Index   : initSearchable: com.android.settings.applications.ManageAssist
02-22 20:58:46.746  5489  5752 D Index   : SearchIndexableResource 'com.android.settings.applications.ManageAssist' should implement the com.android.settings.search.Indexable interface!
02-22 20:58:46.746  5489  5752 E Index   : initSearchable: com.android.settings.DeviceAdminSettings
02-22 20:58:46.746  5489  5752 D Index   : SearchIndexableResource 'com.android.settings.DeviceAdminSettings' should implement the com.android.settings.search.Indexable interface!
02-22 20:58:46.746  5489  5752 E Index   : initSearchable: com.android.settings.accessibility.CaptionPropertiesFragment
02-22 20:58:46.746  5489  5752 D Index   : SearchIndexableResource 'com.android.settings.accessibility.CaptionPropertiesFragment' should implement the com.android.settings.search.Indexable interface!
02-22 20:58:46.746  5489  5752 E Index   : initSearchable: com.android.settings.accessibility.ToggleDaltonizerPreferenceFragment
02-22 20:58:46.746  5489  5752 D Index   : SearchIndexableResource 'com.android.settings.accessibility.ToggleDaltonizerPreferenceFragment' should implement the com.android.settings.search.Indexable interface!
02-22 20:58:46.746  5489  5752 E Index   : initSearchable: com.android.settings.accessibility.ToggleScreenMagnificationPreferenceFragment
02-22 20:58:46.751  5489  5752 D Index   : SearchIndexableResource 'com.android.settings.accessibility.ToggleScreenMagnificationPreferenceFragment' should implement the com.android.settings.search.Indexable interface!
02-22 20:58:46.751  5489  5752 E Index   : initSearchable: com.android.settings.accessibility.ToggleGlobalGesturePreferenceFragment
02-22 20:58:46.751  5489  5752 D Index   : SearchIndexableResource 'com.android.settings.accessibility.ToggleGlobalGesturePreferenceFragment' should implement the com.android.settings.search.Indexable interface!
02-22 20:58:46.751  5489  5752 E Index   : initSearchable: com.android.settings.tts.TextToSpeechSettings
02-22 20:58:46.751  5489  5752 D Index   : SearchIndexableResource 'com.android.settings.tts.TextToSpeechSettings' should implement the com.android.settings.search.Indexable interface!
02-22 20:58:46.751  5489  5752 E Index   : initSearchable: com.android.settings.nearby.NearbySettings
02-22 20:58:46.751  5489  5752 D Index   : SearchIndexableResource 'com.android.settings.nearby.NearbySettings' should implement the com.android.settings.search.Indexable interface!
02-22 20:58:46.751  5489  5752 E Index   : initSearchable: com.android.settings.wfd.WifiDisplaySettings
02-22 20:58:46.751  5489  5752 D Index   : SearchIndexableResource 'com.android.settings.wfd.WifiDisplaySettings' should implement the com.android.settings.search.Indexable interface!
02-22 20:58:46.751  5489  5752 E Index   : initSearchable: com.android.settings.CryptKeeperSettings
02-22 20:58:46.751  5489  5752 D Index   : SearchIndexableResource 'com.android.settings.CryptKeeperSettings' should implement the com.android.settings.search.Indexable interface!
02-22 20:58:46.751  5489  5752 E Index   : initSearchable: com.android.settings.encryption.CryptSDCardSettings
02-22 20:58:46.751  5489  5752 D Index   : SearchIndexableResource 'com.android.settings.encryption.CryptSDCardSettings' should implement the com.android.settings.search.Indexable interface!
02-22 20:58:46.751  5489  5752 E Index   : initSearchable: com.android.settings.DreamSettings
02-22 20:58:46.751  5489  5752 D Index   : SearchIndexableResource 'com.android.settings.DreamSettings' should implement the com.android.settings.search.Indexable interface!
02-22 20:58:46.751  5489  5752 E Index   : initSearchable: com.android.settings.notification.NotificationAccessSettings
02-22 20:58:46.751  5489  5752 D Index   : SearchIndexableResource 'com.android.settings.notification.NotificationAccessSettings' should implement the com.android.settings.search.Indexable interface!
02-22 20:58:46.751  5489  5752 E Index   : initSearchable: com.android.settings.notification.ZenAccessSettings
02-22 20:58:46.751  5489  5752 D Index   : SearchIndexableResource 'com.android.settings.notification.ZenAccessSettings' should implement the com.android.settings.search.Indexable interface!
02-22 20:58:46.751  5489  5752 E Index   : initSearchable: com.android.settings.print.PrintSettingsFragment
02-22 20:58:46.751  5489  5752 E Index   : initSearchable: com.android.settings.TrustedCredentialsSettings
02-22 20:58:46.761  5489  5752 D Index   : SearchIndexableResource 'com.android.settings.TrustedCredentialsSettings' should implement the com.android.settings.search.Indexable interface!
02-22 20:58:46.761  5489  5752 E Index   : initSearchable: com.android.settings.UserCredentialsSettings
02-22 20:58:46.761  5489  5752 D Index   : SearchIndexableResource 'com.android.settings.UserCredentialsSettings' should implement the com.android.settings.search.Indexable interface!
02-22 20:58:46.761  5489  5752 E Index   : initSearchable: com.android.settings.privatebox.PrivateBoxSettings
02-22 20:58:46.776  5489  5752 D Index   : Cannot find class: com.android.settings.privatebox.PrivateBoxSettings
02-22 20:58:46.776  5489  5752 D Index   : SearchIndexableResource 'com.android.settings.privatebox.PrivateBoxSettings' should implement the com.android.settings.search.Indexable interface!
02-22 20:58:46.776  5489  5752 E Index   : initSearchable: com.android.settings.usefulfeature.UsefulFeatureHub
02-22 20:58:46.781  5489  5752 D Index   : Cannot find field 'SEARCH_INDEX_DATA_PROVIDER'
02-22 20:58:46.781  5489  5752 E Index   : initSearchable: com.android.settings.nearbyscan.NearbyScanning
02-22 20:58:46.781  5489  5752 D Index   : Cannot find field 'SEARCH_INDEX_DATA_PROVIDER'
02-22 20:58:46.781  5489  5752 E Index   : initSearchable: com.android.settings.dualclock.DualClockSetting
02-22 20:58:46.786  3339  3339 D CII     : CommonIMSInterface: Interface for TOKEN_SERVICE_GENERAL Already Exists!
02-22 20:58:46.786  3339  3339 D CII     : IMSInterfaceForGeneralService: registerForSettingStateListener() with listener : com.android.phone.operator.usa.BootBroadcastReceiver$2@d3ddbaf
02-22 20:58:46.786  5489  5752 D Index   : SearchIndexableResource 'com.android.settings.dualclock.DualClockSetting' should implement the com.android.settings.search.Indexable interface!
02-22 20:58:46.786  5489  5752 E Index   : initSearchable: com.android.settings.SmartStaySettings
02-22 20:58:46.786  5489  5752 D Index   : SearchIndexableResource 'com.android.settings.SmartStaySettings' should implement the com.android.settings.search.Indexable interface!
02-22 20:58:46.786  5489  5752 D Index   : current: 114
02-22 20:58:46.816  5865  5865 W System  : ClassLoader referenced unknown path: /system/priv-app/GoogleOneTimeInitializer/lib/arm
02-22 20:58:46.831  5865  5865 V OneTimeInitializerReceiver: OneTimeInitializerReceiver.onReceive
02-22 20:58:46.851  5877  5877 E Zygote  : v2
02-22 20:58:46.851  5877  5877 W SELinux : Function: selinux_compare_spd_ram, index[1], priority [2], priority version is VE=SEPF_SECMOBILE_6.0.1_0035
02-22 20:58:46.856  5877  5877 E Zygote  : accessInfo : 0
02-22 20:58:46.856  5877  5877 W SELinux : SELinux: seapp_context_lookup: seinfo=default, level=s0:c512,c768, pkgname=com.ampsvc.android 
02-22 20:58:46.871  5890  5890 E Zygote  : v2
02-22 20:58:46.876  5890  5890 W SELinux : Function: selinux_compare_spd_ram, index[1], priority [2], priority version is VE=SEPF_SECMOBILE_6.0.1_0035
02-22 20:58:46.876  5890  5890 E Zygote  : accessInfo : 0
02-22 20:58:46.876  5890  5890 W SELinux : SELinux: seapp_context_lookup: seinfo=untrusted, level=s0:c512,c768, pkgname=com.google.android.partnersetup 
02-22 20:58:46.886  5877  5877 D ActivityThread: Added TimaKeyStore provider
02-22 20:58:46.896  5865  5883 V OneTimeService: OneTimeService.onHandleIntent
02-22 20:58:46.901  5865  5883 V OneTimeService: Already run, doing nothing.
02-22 20:58:46.906  5890  5890 D ActivityThread: Added TimaKeyStore provider
02-22 20:58:46.916  4134  4274 W art     : Verification of eoqr eoqr.a() took 1.878s
02-22 20:58:46.986  5890  5890 W System  : ClassLoader referenced unknown path: /system/priv-app/GooglePartnerSetup/lib/arm
02-22 20:58:47.006  3339  3784 D CII     : CommonIMSInterface: enter isServiceAvailable. token:TOKEN_SERVICE_CALLcheckDisabledServiceAlso [true]
02-22 20:58:47.011  3468  4045 D ImsSettingsProvider: query Uri: content://com.sec.ims.settings/imsswitch/volte
02-22 20:58:47.011  3468  4045 D ImsSettingsProvider: match 11
02-22 20:58:47.011  3468  4045 V ImsSettingsProvider: query Uri[content://com.sec.ims.settings/imsswitch/volte], selection [null]
02-22 20:58:47.011  3468  4045 D ImsSettingsProvider: queryImsSwitch: name volte
02-22 20:58:47.016  3339  3784 D CommonIMSInterface: isVoLteEnabled: volte 1
02-22 20:58:47.016  3339  3784 D CII     : CommonIMSInterface: isServiceAvailable. token:TOKEN_SERVICE_CALL available:true
02-22 20:58:47.016  3339  3784 D PhoneUtilsCommon: isSupportVoLTE is true.
02-22 20:58:47.016  3339  3784 D CII     : CommonIMSInterface: Interface for TOKEN_SERVICE_GENERAL Already Exists!
02-22 20:58:47.016  3339  3784 D CII     : IMSInterfaceForGeneralService: isNetworkVoLTESupported()
02-22 20:58:47.021  3339  3784 D CII     : IMSInterfaceForBaseService: getIMSService [WAIT_FOR_READY] : Service Ready!
02-22 20:58:47.021  3468  3480 D EmulatedCommonImsService: isNetworkVoLTESupported deprecated
02-22 20:58:47.021  3339  3784 D PhoneUtilsCommon: isSupportNetworkVoLTE is false.
02-22 20:58:47.041  3339  3810 D CII     : CommonIMSInterface: enter isServiceAvailable. token:TOKEN_SERVICE_CALLcheckDisabledServiceAlso [true]
02-22 20:58:47.041  3468  3479 D ImsSettingsProvider: query Uri: content://com.sec.ims.settings/imsswitch/volte
02-22 20:58:47.041  3468  3479 D ImsSettingsProvider: match 11
02-22 20:58:47.041  3468  3479 V ImsSettingsProvider: query Uri[content://com.sec.ims.settings/imsswitch/volte], selection [null]
02-22 20:58:47.041  3468  3479 D ImsSettingsProvider: queryImsSwitch: name volte
02-22 20:58:47.046  3339  3810 D CommonIMSInterface: isVoLteEnabled: volte 1
02-22 20:58:47.046  3339  3810 D CII     : CommonIMSInterface: isServiceAvailable. token:TOKEN_SERVICE_CALL available:true
02-22 20:58:47.046  3339  3810 D PhoneUtilsCommon: isSupportVoLTE is true.
02-22 20:58:47.046  3339  3810 D CII     : CommonIMSInterface: Interface for TOKEN_SERVICE_GENERAL Already Exists!
02-22 20:58:47.046  3339  3810 D CII     : IMSInterfaceForGeneralService: isNetworkVoLTESupported()
02-22 20:58:47.051  5877  5877 W System  : ClassLoader referenced unknown path: /system/priv-app/WildTangent_ATT/lib/arm
02-22 20:58:47.051  3339  3810 D CII     : IMSInterfaceForBaseService: getIMSService [WAIT_FOR_READY] : Service Ready!
02-22 20:58:47.051  3468  4045 D EmulatedCommonImsService: isNetworkVoLTESupported deprecated
02-22 20:58:47.051  3339  3810 D PhoneUtilsCommon: isSupportNetworkVoLTE is false.
02-22 20:58:47.066  5489  5752 W ResourceType: ResTable_typeSpec entry count inconsistent: given 106, previously 109
02-22 20:58:47.066  5489  5752 W ResourceType: ResTable_typeSpec entry count inconsistent: given 4672, previously 5296
02-22 20:58:47.066  5489  5752 W ResourceType: ResTable_typeSpec entry count inconsistent: given 3549, previously 3570
02-22 20:58:47.066  5489  5752 W ResourceType: ResTable_typeSpec entry count inconsistent: given 234, previously 238
02-22 20:58:47.066  5489  5752 W ResourceType: ResTable_typeSpec entry count inconsistent: given 508, previously 5654
02-22 20:58:47.071  2755  3181 D PackageManager: setEnabledSetting : userId = 0 packageName = com.google.android.partnersetup cmp = com.google.android.partnersetup.PhoneStateReceiver newState = 1 callingPackage = 10012
02-22 20:58:47.096  5904  5904 E Zygote  : v2
02-22 20:58:47.096  5904  5904 W SELinux : Function: selinux_compare_spd_ram, index[1], priority [2], priority version is VE=SEPF_SECMOBILE_6.0.1_0035
02-22 20:58:47.101  5904  5904 E Zygote  : accessInfo : 0
02-22 20:58:47.101  5904  5904 W SELinux : SELinux: seapp_context_lookup: seinfo=gmscore, level=s0:c512,c768, pkgname=com.google.android.gms.ui 
02-22 20:58:47.136  5904  5904 D ActivityThread: Added TimaKeyStore provider
02-22 20:58:47.146  5793  5855 I DBG_FMMDM: [6.1.34][Line:-1][a] XEVENT_PHONEBOOK_INITIALIZED
02-22 20:58:47.151  5793  5855 I DBG_FMMDM: [6.1.34][Line:-1][a] XEVENT_DM_INIT
02-22 20:58:47.151  5793  5855 I DBG_FMMDM: [6.1.34][Line:-1][c] WiFi Connected
02-22 20:58:47.151  5793  5855 D PCWCLIENTTRACE_DMContentProvider: [URIMatcher] - result : 1
02-22 20:58:47.151  4134  4274 W art     : Verification of eoqr eoqr.b(android.content.Context) took 231.341ms
02-22 20:58:47.171  5922  5922 E Zygote  : v2
02-22 20:58:47.171  5922  5922 W SELinux : Function: selinux_compare_spd_ram, index[1], priority [2], priority version is VE=SEPF_SECMOBILE_6.0.1_0035
02-22 20:58:47.171  5922  5922 E Zygote  : accessInfo : 0
02-22 20:58:47.171  5922  5922 W SELinux : SELinux: seapp_context_lookup: seinfo=untrusted, level=s0:c512,c768, pkgname=com.google.process.gapps 
02-22 20:58:47.201  5904  5904 W ResourceType: ResTable_typeSpec entry count inconsistent: given 106, previously 109
02-22 20:58:47.211  5922  5922 D ActivityThread: Added TimaKeyStore provider
02-22 20:58:47.221  5936  5936 E Zygote  : v2
02-22 20:58:47.221  5936  5936 W SELinux : Function: selinux_compare_spd_ram, index[1], priority [2], priority version is VE=SEPF_SECMOBILE_6.0.1_0035
02-22 20:58:47.221  5936  5936 E Zygote  : accessInfo : 0
02-22 20:58:47.221  5936  5936 W SELinux : SELinux: seapp_context_lookup: seinfo=media, level=s0:c512,c768, pkgname=com.sec.hearingadjust 
02-22 20:58:47.226  5904  5904 W ResourceType: ResTable_typeSpec entry count inconsistent: given 4672, previously 5296
02-22 20:58:47.226  5904  5904 W ResourceType: ResTable_typeSpec entry count inconsistent: given 3549, previously 3570
02-22 20:58:47.226  5904  5904 W ResourceType: ResTable_typeSpec entry count inconsistent: given 234, previously 238
02-22 20:58:47.226  5904  5904 W ResourceType: ResTable_typeSpec entry count inconsistent: given 508, previously 5654
02-22 20:58:47.261  5936  5936 D ActivityThread: Added TimaKeyStore provider
02-22 20:58:47.271  5793  5855 I DBG_FMMDM: [6.1.34][Line:-1][h] Not Changed Lawmo ServerInfo
02-22 20:58:47.276  5877  5877 W WtLog   : WtEnv not initialized.
02-22 20:58:47.326  4134  4274 W art     : Verification of fcwp fcww.b(fcwp, j$.time.Duration) took 115.855ms
02-22 20:58:47.346  5922  5922 W System  : ClassLoader referenced unknown path: /system/priv-app/GoogleServicesFramework/lib/arm
02-22 20:58:47.346  5793  5855 I DBG_FMMDM: [6.1.34][Line:-1][b] xdbLawmoDbGetDbLawmoOperation: 3
02-22 20:58:47.361  5936  5936 W System  : ClassLoader referenced unknown path: /system/priv-app/Hearingdro_Tablet_V4M/lib/arm
02-22 20:58:47.381  5396  5620 I System.out: (HTTPLog)-Static: isSBSettingEnabled false
02-22 20:58:47.381  5396  5620 I System.out: (HTTPLog)-Static: isSBSettingEnabled false
02-22 20:58:47.381  2190  2916 D EnterpriseController: netId is 0
02-22 20:58:47.381  2190  2916 D Netd    : getNetworkForDns: using netid 502 for uid 10134
02-22 20:58:47.386  5936  5936 I System.out: adaptsound_receiver android.intent.action.BOOT_COMPLETED
02-22 20:58:47.401  3700  5733 I NetworkScheduler.Stats: (REDACTED) Task %s/%s finished executing. cause:%s result: %s elapsed_millis: %s uptime_millis: %s exec_start_elapsed_seconds: %s
02-22 20:58:47.451  5922  5922 I GservicesProvider: Gservices pushing to system: true; secure/global: true
02-22 20:58:47.501  5953  5953 E Zygote  : v2
02-22 20:58:47.501  5953  5953 W SELinux : Function: selinux_compare_spd_ram, index[1], priority [2], priority version is VE=SEPF_SECMOBILE_6.0.1_0035
02-22 20:58:47.506  5953  5953 E Zygote  : accessInfo : 0
02-22 20:58:47.556  5793  5855 I DBG_FMMDM: [6.1.34][Line:-1][b] nOperation = 3
02-22 20:58:47.611  5793  5855 I DBG_FMMDM: [6.1.34][Line:-1][i] xdbMobileTrackingDbGetOperation 0
02-22 20:58:47.626  4134  4274 W art     : Verification of boolean egxu.h(android.content.Context) took 226.447ms
02-22 20:58:47.626  5793  5855 I DBG_FMMDM: [6.1.34][Line:-1][b] nOperation = 0
02-22 20:58:47.631  5953  5953 D ActivityThread: Added TimaKeyStore provider
02-22 20:58:47.641  5793  5855 I DBG_FMMDM: [6.1.34][Line:-1][E] AgentType=0
02-22 20:58:47.641  5793  5855 I DBG_FMMDM: [6.1.34][Line:-1][d] DmAgentType [0]
02-22 20:58:47.646  5793  5855 I DBG_FMMDM: [6.1.34][Line:-1][k] xdmGetTargetSIMState Target L
02-22 20:58:47.646  5793  5855 I DBG_FMMDM: [6.1.34][Line:-1][k] xdmGetTargetSIMState = NETWORK_LOCKED
02-22 20:58:47.646  5793  5855 I DBG_FMMDM: [6.1.34][Line:-1][b] DlMVn1pPGfQ/3XR5xgm8ig==
02-22 20:58:47.646  5793  5855 E DBG_FMMDM: Warning!!! [6.1.34][Line:-1][b] SIM Status is not WORKING
02-22 20:58:47.651  5793  5855 I DBG_FMMDM: [6.1.34][Line:-1][b] bret : false
02-22 20:58:47.661  5793  5855 I DBG_FMMDM: [6.1.34][Line:-1][i] xdbMobileTrackingDbGetOperation 0
02-22 20:58:47.661  5793  5855 I DBG_FMMDM: [6.1.34][Line:-1][a] xdbLawmoDbGetLawmoOperation: 3
02-22 20:58:47.666  5793  5856 I DBG_FMMDM: [6.1.34][Line:-1][a] XUI_DM_IDLE_STATE :true
02-22 20:58:47.666  5793  5855 I DBG_FMMDM: [6.1.34][Line:-1][a] XEVENT_DM_INIT : Initialized
02-22 20:58:47.666  5793  5855 I DBG_FMMDM: [6.1.34][Line:-1][c] 
02-22 20:58:47.686  5793  5856 I DBG_FMMDM: [6.1.34][Line:-1][c] WiFi Connected
02-22 20:58:47.686  5793  5856 I DBG_FMMDM: [6.1.34][Line:-1][i] 
02-22 20:58:47.736  5793  5856 I DBG_FMMDM: [6.1.34][Line:-1][i] nSessionSaveState:0
02-22 20:58:47.736  5793  5856 I DBG_FMMDM: [6.1.34][Line:-1][i] nNotiUiEvent:0
02-22 20:58:47.736  5793  5856 I DBG_FMMDM: [6.1.34][Line:-1][i] nNotiRetryCount:0
02-22 20:58:47.736  5793  5856 I DBG_FMMDM: [6.1.34][Line:-1][w] xnotiRemainAlertOperation
02-22 20:58:47.761  5793  5856 I DBG_FMMDM: [6.1.34][Line:-1][a] false
02-22 20:58:47.761  5793  5856 I DBG_FMMDM: [6.1.34][Line:-1][w] Next Alert Operation Empty
02-22 20:58:47.761  5793  5856 I DBG_FMMDM: [6.1.34][Line:-1][i] Current NOTI NOT SAVED State. EXIT. EXIT.
02-22 20:58:47.776  5953  5953 W System  : ClassLoader referenced unknown path: commonimsinterface.jar
02-22 20:58:47.776  5953  5953 W System  : ClassLoader referenced unknown path: imsmanager.jar
02-22 20:58:47.781  2755  3640 D PackageManager: setEnabledSetting : userId = 0 packageName = com.ampsvc.android cmp = com.ampsvc.externalapi.receiver.ExternalApiServiceReceiver newState = 0 callingPackage = 10052
02-22 20:58:47.781  5793  5856 I DBG_FMMDM: [6.1.34][Line:-1][a] 
02-22 20:58:47.786  2755  4604 D PackageManager: setEnabledSetting : userId = 0 packageName = com.ampsvc.android cmp = com.ampsvc.receiver.AmpBootReceiver newState = 0 callingPackage = 10052
02-22 20:58:47.791  2755  3278 D PackageManager: setEnabledSetting : userId = 0 packageName = com.ampsvc.android cmp = com.ampsvc.receiver.AmpRestartReceiver newState = 0 callingPackage = 10052
02-22 20:58:47.801  2755  2768 D PackageManager: setEnabledSetting : userId = 0 packageName = com.ampsvc.android cmp = com.ampsvc.androidreceiver.AndroidReceiver newState = 0 callingPackage = 10052
02-22 20:58:47.806  2755  3359 D PackageManager: setEnabledSetting : userId = 0 packageName = com.ampsvc.android cmp = com.ampsvc.notifications.receiver.NotificationReceiver newState = 0 callingPackage = 10052
02-22 20:58:47.811  2755  2983 D PackageManager: setEnabledSetting : userId = 0 packageName = com.ampsvc.android cmp = com.ampsvc.termsofservice.TermsOfServiceReceiver newState = 0 callingPackage = 10052
02-22 20:58:47.821  2755  3637 D PackageManager: setEnabledSetting : userId = 0 packageName = com.ampsvc.android cmp = com.ampsvc.launchreminder.LaunchReminderReceiver newState = 0 callingPackage = 10052
02-22 20:58:47.826  2755  3640 D PackageManager: setEnabledSetting : userId = 0 packageName = com.ampsvc.android cmp = com.wildtangent.core.module.oobe.OobeKeepAliveReceiver newState = 0 callingPackage = 10052
02-22 20:58:47.836  2755  4604 D PackageManager: setEnabledSetting : userId = 0 packageName = com.ampsvc.android cmp = com.wildtangent.core.module.notificationcontroller.receiver.NotificationReceiver newState = 0 callingPackage = 10052
02-22 20:58:47.841  2755  3181 D PackageManager: setEnabledSetting : userId = 0 packageName = com.ampsvc.android cmp = com.ampsvc.activity.Installer newState = 0 callingPackage = 10052
02-22 20:58:47.846  2755  3278 D PackageManager: setEnabledSetting : userId = 0 packageName = com.ampsvc.android cmp = com.ampsvc.shortcut.ShortcutActivity newState = 0 callingPackage = 10052
02-22 20:58:47.851  2755  2768 D PackageManager: setEnabledSetting : userId = 0 packageName = com.ampsvc.android cmp = com.wildtangent.core.foundation.alertdialogui.AlertDialogUI newState = 0 callingPackage = 10052
02-22 20:58:47.866  2755  2983 D PackageManager: setEnabledSetting : userId = 0 packageName = com.ampsvc.android cmp = com.ampsvc.activity.DeepLinkActivity newState = 0 callingPackage = 10052
02-22 20:58:47.876  2755  3637 D PackageManager: setEnabledSetting : userId = 0 packageName = com.ampsvc.android cmp = com.ampsvc.activity.ManageSpace newState = 0 callingPackage = 10052
02-22 20:58:47.881  5793  5856 I DBG_FMMDM: [6.1.34][Line:-1][z] nSessionSaveState [0], nNotiUiEvent [0]
02-22 20:58:47.881  2755  3640 D PackageManager: setEnabledSetting : userId = 0 packageName = com.ampsvc.android cmp = com.ampsvc.activity.RecommendedApps newState = 0 callingPackage = 10052
02-22 20:58:47.891  2755  4604 D PackageManager: setEnabledSetting : userId = 0 packageName = com.ampsvc.android cmp = com.ampsvc.recommended.ui.RecommendedAppsActivity newState = 0 callingPackage = 10052
02-22 20:58:47.896  5953  5953 W System  : ClassLoader referenced unknown path: /system/priv-app/InCallUI/lib/arm
02-22 20:58:47.896  2755  3181 D PackageManager: setEnabledSetting : userId = 0 packageName = com.ampsvc.android cmp = com.ampsvc.activity.Screenshot newState = 0 callingPackage = 10052
02-22 20:58:47.901  2755  3359 D PackageManager: setEnabledSetting : userId = 0 packageName = com.ampsvc.android cmp = com.ampsvc.activity.Eula newState = 0 callingPackage = 10052
02-22 20:58:47.906  2755  3630 D PackageManager: setEnabledSetting : userId = 0 packageName = com.ampsvc.android cmp = com.ampsvc.activity.LegalDisclosures newState = 0 callingPackage = 10052
02-22 20:58:47.916  2755  2768 D PackageManager: setEnabledSetting : userId = 0 packageName = com.ampsvc.android cmp = com.ampsvc.activity.LegalDisclosureViewer newState = 0 callingPackage = 10052
02-22 20:58:47.916  5793  5856 I DBG_FMMDM: [6.1.34][Line:-1][B] 
02-22 20:58:47.926  2755  3637 D PackageManager: setEnabledSetting : userId = 0 packageName = com.ampsvc.android cmp = com.ampsvc.ui.config.settings.SettingsActivity newState = 0 callingPackage = 10052
02-22 20:58:47.936  2755  4604 D PackageManager: setEnabledSetting : userId = 0 packageName = com.ampsvc.android cmp = com.wildtangent.core.module.shortcut.WtShortcutActivity newState = 0 callingPackage = 10052
02-22 20:58:47.941  2755  3278 D PackageManager: setEnabledSetting : userId = 0 packageName = com.ampsvc.android cmp = com.ampsvc.activity.GooglePlayBrowserActivity newState = 0 callingPackage = 10052
02-22 20:58:47.951  2755  3181 D PackageManager: setEnabledSetting : userId = 0 packageName = com.ampsvc.android cmp = com.ampsvc.service.Installer newState = 0 callingPackage = 10052
02-22 20:58:47.961  2755  3630 D PackageManager: setEnabledSetting : userId = 0 packageName = com.ampsvc.android cmp = com.ampsvc.installer.AmpInstallKeepAliveService newState = 0 callingPackage = 10052
02-22 20:58:47.961  4134  5966 E GoogleApiManager: Failed to get service from broker. 
02-22 20:58:47.961  4134  5966 E GoogleApiManager: java.lang.SecurityException: Unknown calling package name 'com.google.android.gms'.
02-22 20:58:47.961  4134  5966 E GoogleApiManager: 	at android.os.Parcel.readException(Parcel.java:1620)
02-22 20:58:47.961  4134  5966 E GoogleApiManager: 	at android.os.Parcel.readException(Parcel.java:1573)
02-22 20:58:47.961  4134  5966 E GoogleApiManager: 	at bbfa.a(:com.google.android.gms@260662000@26.06.62 (040300-873027013):36)
02-22 20:58:47.961  4134  5966 E GoogleApiManager: 	at bbdb.z(:com.google.android.gms@260662000@26.06.62 (040300-873027013):116)
02-22 20:58:47.961  4134  5966 E GoogleApiManager: 	at bajr.run(:com.google.android.gms@260662000@26.06.62 (040300-873027013):42)
02-22 20:58:47.961  4134  5966 E GoogleApiManager: 	at android.os.Handler.handleCallback(Handler.java:739)
02-22 20:58:47.961  4134  5966 E GoogleApiManager: 	at android.os.Handler.dispatchMessage(Handler.java:95)
02-22 20:58:47.961  4134  5966 E GoogleApiManager: 	at cmqo.lR(:com.google.android.gms@260662000@26.06.62 (040300-873027013):1)
02-22 20:58:47.961  4134  5966 E GoogleApiManager: 	at cmqo.dispatchMessage(:com.google.android.gms@260662000@26.06.62 (040300-873027013):5)
02-22 20:58:47.961  4134  5966 E GoogleApiManager: 	at android.os.Looper.loop(Looper.java:158)
02-22 20:58:47.961  4134  5966 E GoogleApiManager: 	at android.os.HandlerThread.run(HandlerThread.java:61)
02-22 20:58:47.966  2755  2983 D PackageManager: setEnabledSetting : userId = 0 packageName = com.ampsvc.android cmp = com.wildtangent.core.module.deeplink.DeepLinkIntentService newState = 0 callingPackage = 10052
02-22 20:58:47.976  2755  3640 D PackageManager: setEnabledSetting : userId = 0 packageName = com.ampsvc.android cmp = com.ampsvc.externalapi.AmpApiTranslator newState = 0 callingPackage = 10052
02-22 20:58:47.986  4134  5966 W GoogleApiManager: Not showing notification since connectionResult is not user-facing: ConnectionResult{statusCode=DEVELOPER_ERROR, resolution=null, message=null, clientMethodKey=null}
02-22 20:58:47.986  2755  3637 D PackageManager: setEnabledSetting : userId = 0 packageName = com.ampsvc.android cmp = com.ampsvc.apponboarding.AppOnboarding newState = 0 callingPackage = 10052
02-22 20:58:47.991  2755  4604 D PackageManager: setEnabledSetting : userId = 0 packageName = com.ampsvc.android cmp = com.ampsvc.selfupdate.interoppatch.SelfUpdateService newState = 0 callingPackage = 10052
02-22 20:58:47.991  5953  5953 D InCall  : InCallApp -  - perf - onCreate.
02-22 20:58:48.001  4134  5952 W FlagRegistrar: Failed to register com.google.android.gms.providerinstaller#com.google.android.apps.messaging
02-22 20:58:48.001  4134  5952 W FlagRegistrar: eoru: 17: 17: API: Phenotype.API is not available on this device. Connection failed with: ConnectionResult{statusCode=DEVELOPER_ERROR, resolution=null, message=null, clientMethodKey=null}
02-22 20:58:48.001  4134  5952 W FlagRegistrar: 	at eorw.a(:com.google.android.gms@260662000@26.06.62 (040300-873027013):13)
02-22 20:58:48.001  4134  5952 W FlagRegistrar: 	at fiqd.d(:com.google.android.gms@260662000@26.06.62 (040300-873027013):3)
02-22 20:58:48.001  4134  5952 W FlagRegistrar: 	at fiqf.run(:com.google.android.gms@260662000@26.06.62 (040300-873027013):130)
02-22 20:58:48.001  4134  5952 W FlagRegistrar: 	at fism.execute(:com.google.android.gms@260662000@26.06.62 (040300-873027013):1)
02-22 20:58:48.001  4134  5952 W FlagRegistrar: 	at fiqn.f(:com.google.android.gms@260662000@26.06.62 (040300-873027013):1)
02-22 20:58:48.001  4134  5952 W FlagRegistrar: 	at fiqn.m(:com.google.android.gms@260662000@26.06.62 (040300-873027013):99)
02-22 20:58:48.001  4134  5952 W FlagRegistrar: 	at fiqn.r(:com.google.android.gms@260662000@26.06.62 (040300-873027013):17)
02-22 20:58:48.001  4134  5952 W FlagRegistrar: 	at ehmo.hG(:com.google.android.gms@260662000@26.06.62 (040300-873027013):35)
02-22 20:58:48.001  4134  5952 W FlagRegistrar: 	at dxht.run(:com.google.android.gms@260662000@26.06.62 (040300-873027013):12)
02-22 20:58:48.001  4134  5952 W FlagRegistrar: 	at fism.execute(:com.google.android.gms@260662000@26.06.62 (040300-873027013):1)
02-22 20:58:48.001  4134  5952 W FlagRegistrar: 	at dxhu.b(:com.google.android.gms@260662000@26.06.62 (040300-873027013):18)
02-22 20:58:48.001  4134  5952 W FlagRegistrar: 	at dxij.b(:com.google.android.gms@260662000@26.06.62 (040300-873027013):34)
02-22 20:58:48.001  4134  5952 W FlagRegistrar: 	at dxil.d(:com.google.android.gms@260662000@26.06.62 (040300-873027013):25)
02-22 20:58:48.001  4134  5952 W FlagRegistrar: 	at baha.c(:com.google.android.gms@260662000@26.06.62 (040300-873027013):9)
02-22 20:58:48.001  4134  5952 W FlagRegistrar: 	at bajp.q(:com.google.android.gms@260662000@26.06.62 (040300-873027013):48)
02-22 20:58:48.001  4134  5952 W FlagRegistrar: 	at bajp.d(:com.google.android.gms@260662000@26.06.62 (040300-873027013):10)
02-22 20:58:48.001  4134  5952 W FlagRegistrar: 	at bajp.g(:com.google.android.gms@260662000@26.06.62 (040300-873027013):191)
02-22 20:58:48.001  4134  5952 W FlagRegistrar: 	at bajp.onConnectionFailed(:com.google.android.gms@260662000@26.06.62 (040300-873027013):2)
02-22 20:58:48.001  4134  5952 W FlagRegistrar: 	at bajr.run(:com.google.android.gms@260662000@26.06.62 (040300-873027013):70)
02-22 20:58:48.001  4134  5952 W FlagRegistrar: 	at android.os.Handler.handleCallback(Handler.java:739)
02-22 20:58:48.001  4134  5952 W FlagRegistrar: 	at android.os.Handler.dispatchMessage(Handler.java:95)
02-22 20:58:48.001  4134  5952 W FlagRegistrar: 	at cmqo.lR(:com.google.android.gms@260662000@26.06.62 (040300-873027013):1)
02-22 20:58:48.001  4134  5952 W FlagRegistrar: 	at cmqo.dispatchMessage(:com.google.android.gms@260662000@26.06.62 (040300-873027013):5)
02-22 20:58:48.001  4134  5952 W FlagRegistrar: 	at android.os.Looper.loop(Looper.java:158)
02-22 20:58:48.001  4134  5952 W FlagRegistrar: 	at android.os.HandlerThread.run(HandlerThread.java:61)
02-22 20:58:48.001  4134  5952 W FlagRegistrar: Caused by: bafh: 17: API: Phenotype.API is not available on this device. Connection failed with: ConnectionResult{statusCode=DEVELOPER_ERROR, resolution=null, message=null, clientMethodKey=null}
02-22 20:58:48.001  4134  5952 W FlagRegistrar: 	at bbcn.a(:com.google.android.gms@260662000@26.06.62 (040300-873027013):15)
02-22 20:58:48.001  4134  5952 W FlagRegistrar: 	at bahd.a(:com.google.android.gms@260662000@26.06.62 (040300-873027013):1)
02-22 20:58:48.001  4134  5952 W FlagRegistrar: 	at baha.c(:com.google.android.gms@260662000@26.06.62 (040300-873027013):5)
02-22 20:58:48.001  4134  5952 W FlagRegistrar: 	... 11 more
02-22 20:58:48.001  2755  3278 D PackageManager: setEnabledSetting : userId = 0 packageName = com.ampsvc.android cmp = com.ampsvc.updatenotifications.UpdateNotificationService newState = 0 callingPackage = 10052
02-22 20:58:48.011  2755  3181 D PackageManager: setEnabledSetting : userId = 0 packageName = com.ampsvc.android cmp = com.ampsvc.deviceusagereporter.DeviceUsageReporterService newState = 0 callingPackage = 10052
02-22 20:58:48.016  2755  2768 D PackageManager: setEnabledSetting : userId = 0 packageName = com.ampsvc.android cmp = com.ampsvc.requiredapps.AmpRequiredAppService newState = 0 callingPackage = 10052
02-22 20:58:48.026  2755  3630 D PackageManager: setEnabledSetting : userId = 0 packageName = com.ampsvc.android cmp = com.ampsvc.shortcut.AmpShortcutService newState = 0 callingPackage = 10052
02-22 20:58:48.026  3700  4472 W art     : Verification of void org.chromium.net.impl.CronetUrlRequestContext.<init>(m1.lj, long) took 196.551ms
02-22 20:58:48.031  2755  3640 D PackageManager: setEnabledSetting : userId = 0 packageName = com.ampsvc.android cmp = com.ampsvc.notifications.AmpNotificationService newState = 0 callingPackage = 10052
02-22 20:58:48.046  2755  3637 D PackageManager: setEnabledSetting : userId = 0 packageName = com.ampsvc.android cmp = com.wildtangent.core.module.guaranteedhttprequestservice.GuaranteedHttpRequestIntentService newState = 0 callingPackage = 10052
02-22 20:58:48.051  2755  4604 D PackageManager: setEnabledSetting : userId = 0 packageName = com.ampsvc.android cmp = com.ampsvc.preinstallapps.PreinstallAppsService newState = 0 callingPackage = 10052
02-22 20:58:48.061  2755  3359 D PackageManager: setEnabledSetting : userId = 0 packageName = com.ampsvc.android cmp = com.ampsvc.ls.LSService newState = 0 callingPackage = 10052
02-22 20:58:48.071  2755  3278 D PackageManager: setEnabledSetting : userId = 0 packageName = com.ampsvc.android cmp = com.ampsvc.requiredapps.PrefetchRequiredAppsIconsIntentService newState = 0 callingPackage = 10052
02-22 20:58:48.081  2755  3630 D PackageManager: setEnabledSetting : userId = 0 packageName = com.ampsvc.android cmp = com.ampsvc.recommended.prefetch.PrefetchRecommendedAppsImagesIntentService newState = 0 callingPackage = 10052
02-22 20:58:48.086  2755  2983 D PackageManager: setEnabledSetting : userId = 0 packageName = com.ampsvc.android cmp = com.ampsvc.performance.PerformanceMetricsAppReceiver newState = 0 callingPackage = 10052
02-22 20:58:48.101  2755  3637 D PackageManager: setEnabledSetting : userId = 0 packageName = com.ampsvc.android cmp = com.ampsvc.performance.PerformanceMetricsImageReceiver newState = 0 callingPackage = 10052
02-22 20:58:48.106  5953  5953 D SamsungAnalytics: [DLCBinder] send register Request
02-22 20:58:48.106  5953  5953 D SamsungAnalytics: newThread on Executor
02-22 20:58:48.111  5953  5953 D SamsungAnalytics: [Tracker] Tracker start:1.2.00
02-22 20:58:48.111  2755  3181 D PackageManager: setEnabledSetting : userId = 0 packageName = com.ampsvc.android cmp = com.ampsvc.configuration.service.ConfigurationService newState = 0 callingPackage = 10052
02-22 20:58:48.116  2755  2768 D PackageManager: setEnabledSetting : userId = 0 packageName = com.ampsvc.android cmp = com.ampsvc.network.service.NetworkConnectivityService newState = 0 callingPackage = 10052
02-22 20:58:48.116  4134  4274 V NativeCrypto: Registering com/google/android/gms/org/conscrypt/NativeCrypto's 334 native methods...
02-22 20:58:48.116  5953  5953 I InCall  : InCallApp -  - Version name : 1.0.01
02-22 20:58:48.121  5953  5953 D InCallUIFeature: makeFeature start
02-22 20:58:48.121  2755  3640 D PackageManager: setEnabledSetting : userId = 0 packageName = com.ampsvc.android cmp = com.ampsvc.autolauncher.AutoLauncherPatchService newState = 0 callingPackage = 10052
02-22 20:58:48.126  2755  2983 D PackageManager: setEnabledSetting : userId = 0 packageName = com.ampsvc.android cmp = com.ampsvc.launchreminder.LaunchReminderIntentService newState = 0 callingPackage = 10052
02-22 20:58:48.131  2755  4604 D PackageManager: setEnabledSetting : userId = 0 packageName = com.ampsvc.android cmp = com.wildtangent.core.module.downloader.WtDownloaderService newState = 0 callingPackage = 10052
02-22 20:58:48.136  5953  5953 E CscParser: getCustomerPath : customer file exist
02-22 20:58:48.136  5953  5953 E CscParser: getCustomerPath : customer file exist
02-22 20:58:48.136  5953  5953 E CscParser: fileName + /system/csc/customer.xml
02-22 20:58:48.146  2755  3637 D PackageManager: setEnabledSetting : userId = 0 packageName = com.ampsvc.android cmp = com.ampsvc.providers.ampstatuscontentprovider.AmpStatusContentProvider newState = 0 callingPackage = 10052
02-22 20:58:48.146  5793  5856 I DBG_FMMDM: [6.1.34][Line:-1][a] AlertType : 0
02-22 20:58:48.146  5793  5856 I DBG_FMMDM: [6.1.34][Line:-1][w] xnotiRemainAlertOperation
02-22 20:58:48.151  2755  3359 D PackageManager: setEnabledSetting : userId = 0 packageName = com.ampsvc.android cmp = com.ampsvc.providers.propertyprovider.PropertyProvider newState = 0 callingPackage = 10052
