02-22 20:58:48.161  2755  3181 D PackageManager: setEnabledSetting : userId = 0 packageName = com.ampsvc.android cmp = com.ampsvc.providers.downloaderprovider.DownloaderProvider newState = 0 callingPackage = 10052
02-22 20:58:48.166  2755  3630 D PackageManager: setEnabledSetting : userId = 0 packageName = com.ampsvc.android cmp = com.ampsvc.ls.LSContentProvider newState = 0 callingPackage = 10052
02-22 20:58:48.181  5793  5856 I DBG_FMMDM: [6.1.34][Line:-1][a] false
02-22 20:58:48.181  5793  5856 I DBG_FMMDM: [6.1.34][Line:-1][w] Next Alert Operation Empty
02-22 20:58:48.221  5793  5856 I DBG_FMMDM: [6.1.34][Line:-1][a] false
02-22 20:58:48.221  5793  5856 I DBG_FMMDM: [6.1.34][Line:-1][h] Next DB Noti Empty
02-22 20:58:48.226  5950  5950 I dex2oat : /system/bin/dex2oat --compiler-filter=speed --dex-file=/data/app/com.google.android.gms-2/base.apk --oat-file=/data/dalvik-cache/arm/data@app@com.google.android.gms-2@base.apk@classes.dex
02-22 20:58:48.226  5950  5950 E dex2oat : Failed to create oat file: /data/dalvik-cache/arm/data@app@com.google.android.gms-2@base.apk@classes.dex: Permission denied
02-22 20:58:48.226  5950  5950 I dex2oat : dex2oat took 7.279ms (threads: 4) 
02-22 20:58:48.226  5953  5953 E CscParser: getOthersPath : others file exist
02-22 20:58:48.226  5953  5953 E CscParser: getCustomerPath : customer file exist
02-22 20:58:48.226  5953  5953 E CscParser: getOthersPath : others file exist
02-22 20:58:48.241  5953  5953 E CscParser: fileName + /system/csc/others.xml
02-22 20:58:48.246  3700  4472 W art     : Verification of void org.chromium.net.impl.CronetUrlRequestContext.addRttListener(org.chromium.net.NetworkQualityRttListener) took 130.936ms
02-22 20:58:48.246  5793  5856 I DBG_FMMDM: [6.1.34][Line:-1][z] nSessionSaveState [0], nNotiUiEvent [0]
02-22 20:58:48.256  5904  5904 W art     : Failed execv(/system/bin/dex2oat --runtime-arg -classpath --runtime-arg  --instruction-set=arm --instruction-set-features=smp,div,-atomic_ldrd_strd --runtime-arg -Xrelocate --boot-image=/system/framework/boot.art --runtime-arg -Xms64m --runtime-arg -Xmx512m --compiler-filter=speed --instruction-set-variant=cortex-a7 --instruction-set-features=default --dex-file=/data/app/com.google.android.gms-2/base.apk --oat-file=/data/dalvik-cache/arm/data@app@com.google.android.gms-2@base.apk@classes.dex) because non-0 exit status
02-22 20:58:48.271  5793  5856 I DBG_FMMDM: [6.1.34][Line:-1][w] xnotiRemainAlertOperation
02-22 20:58:48.271  5922  5922 I GoogleHttpClient: GMS http client unavailable, use old client
02-22 20:58:48.286  5793  5856 I DBG_FMMDM: [6.1.34][Line:-1][a] false
02-22 20:58:48.291  5793  5856 I DBG_FMMDM: [6.1.34][Line:-1][w] Next Alert Operation Empty
02-22 20:58:48.291  5793  5856 I DBG_FMMDM: [6.1.34][Line:-1][c] nDmUiMode : 0
02-22 20:58:48.291  5953  5953 E CscParser: getCustomerPath : customer file exist
02-22 20:58:48.291  5953  5953 E CscParser: getOthersPath : others file exist
02-22 20:58:48.291  5953  5953 E CscParser: update(/carrier/chameleon.xml): file not exist
02-22 20:58:48.301  5953  5953 E CscParser: getCustomerPath : customer file exist
02-22 20:58:48.301  5953  5953 E CscParser: fileName + /system/csc/customer.xml
02-22 20:58:48.321  5953  5953 D InCallUIFeature: hasSystemFeature : com.sec.feature.folder_type = false
02-22 20:58:48.326  5953  5953 D InCallUIFeature: hasSystemFeature : com.sec.feature.folder_type = false
02-22 20:58:48.331  5953  5953 D SDualScreenConstantsReflector: Reflecting..... <PackageManager> class
02-22 20:58:48.331  5396  5406 W art     : Suspending all threads took: 9.361ms
02-22 20:58:48.336  5953  5953 D SDualScreen: initDualScreenFeature() : checking feature... (com.samsung.feature.dualscreen)
02-22 20:58:48.341  5953  5953 D InCallUIFeature: isSupportDualScreen: false
02-22 20:58:48.361  5953  5953 D InternalRWrapper: config_showNavigationBar: 17956969
02-22 20:58:48.366  5953  5953 D InCallUIFeature: hasSystemFeature : com.sec.feature.spen_usp = false
02-22 20:58:48.371  3090  3458 D NetworkController.MobileSignalController(0/4): onSignalStrengthsChanged signalStrength=SignalStrength: 0 99 -120 -200 -120 -200 -1 0 2147483647 2147483647 2147483647 2147483647 2147483647 0x0 gsm|lte level=0
02-22 20:58:48.371  3090  3458 D NetworkController.MobileSignalController(0/4): getMobileIconGroup(): 0
02-22 20:58:48.371  3090  3458 D NetworkController.MobileSignalController(0/4): updateATTMobileIconGroup(): 0
02-22 20:58:48.376  3688  3688 D HeadsetPhoneState: Signal level : previous=0 curr=0
02-22 20:58:48.376  5890  5934 I RlzPingService: Setting next ping for 1772357296279
02-22 20:58:48.391  5953  5953 D InCallUIFeature: hasVibratorFeature: true
02-22 20:58:48.416  5953  5953 D InCallUIFeature: hasSystemFeature : com.sec.feature.people_edge_notification = false
02-22 20:58:48.446  4686  4686 D BoundBrokerSvc: onUnbind: Intent { act=com.google.android.gms.measurement.START pkg=com.google.android.gms }
02-22 20:58:48.461  5953  5953 D CII     : CommonIMSInterface: enter isServiceAvailable. token:TOKEN_SERVICE_CALLcheckDisabledServiceAlso [true]
02-22 20:58:48.486  3468  3480 D ImsSettingsProvider: query Uri: content://com.sec.ims.settings/imsswitch/volte
02-22 20:58:48.486  3468  3480 D ImsSettingsProvider: match 11
02-22 20:58:48.486  3468  3480 V ImsSettingsProvider: query Uri[content://com.sec.ims.settings/imsswitch/volte], selection [null]
02-22 20:58:48.486  3468  3480 D ImsSettingsProvider: queryImsSwitch: name volte
02-22 20:58:48.491  5953  5953 D CommonIMSInterface: isVoLteEnabled: volte 1
02-22 20:58:48.496  5953  5953 D CII     : CommonIMSInterface: isServiceAvailable. token:TOKEN_SERVICE_CALL available:true
02-22 20:58:48.496  5953  5953 D InCallUIFeature: makeFeatureForCommon(): IMS.COMMON_VOLTE is true
02-22 20:58:48.516  3700  4472 W art     : Verification of org.chromium.net.BidirectionalStream$Builder org.chromium.net.impl.CronetUrlRequestContext.newBidirectionalStreamBuilder(java.lang.String, org.chromium.net.BidirectionalStream$Callback, java.util.concurrent.Executor) took 106.272ms
02-22 20:58:48.556  5953  5953 D InCallUIFeature: makeFeature end
02-22 20:58:48.561  5953  5953 I InCallUIFeature: mFeatureList : {tmo_echolocate_logger_setting=false, support_folder_hardkey=false, handle_sip_error_code=true, support_mobile_keyboard_for_wqhd_double=false, lock_screen_during_call=false, voice_call_recording=false, feature_multisim=false, ims_callplus=false, common_volte=true, support_safetycare=true, enable_conference_info_banner=false, support_penwindow_rotation=false, smart_ivr_callerid_info=false, ims_voice_conference=false, show_forwarding_number=false, support_gray_screen=false, support_ims_conference_split=false, support_call_transfer=true, support_onehand_operation=false, abbreviated_dialing_codes_enable=false, support_mobile_keyboard=false, vtcommon_hybrid=false, display_hd_icon=false, disable_call=false, show_hd_icon_in_cs_call=false, notice_sound_for_voice_recording=false, support_conference_call=true, spr_display_hd_icon=false, use_action_memo_duringcall=false, default_caller_information=true, abbreviated_dialing_codes_table_sprint=false, game_no_interruption=true, evr_volte_ui=false, not_support_extra_view_page=false, assisted_dialing_enable=false, voice_call_recording_menu=false, support_spam_call_report=false, not_support_switch_button=false, thl_volte_ui=false, tmo_volte_ui=false, usa_cdma_emergency_concept=false, enabled=true, spr_vowifi_ui=false, end_call_when_dial_e911=false, default_volte=true, us_show_on_hold=true, tmo_display_hd_icon=false, mpcs_volte_ui=false, support_line_effect=true, feature_multisim_adaptive_callback=false, feature_usa=true, feature_usc=false, tablet_fullscreen_mode=true, feature_aus=false, flash_notification=false, show_caller_info_card_one_item=false, feature_multisim_dsda=false, feature_vzw=false, abbreviated_dialing_codes_table_virgin=false, psvt_support=true, show_local_time=false, tmo_echolocate_logger=false, csvt_supprt=false, video_connected_as_voice=true, ims_rcs=false, support_dual_screen_mode=false, block_vt_outgoing=false, not_support_participant_count_text=false, support_hide_conference_manager_menu_srvcc=false, ims_crane=false, jansky_info_for_tmo=false, feature_att=true, no_receiver_in_call=true, feature_org=false, ecid_enable=false, support_all_rat=false, incoming_call_widget_for_volte=true, personal_vibration=true, csc_chameleon_enable=false, support_drop_text_conference_manage=false, support_softphone=false, ims_capability_check_on_call_end=false, support_reveal_effect=false, ims_voice_conference_vzw=false, disable_incoming_call_popup_during_camera=false, voice_call_recording_button=false, support_easy_mode_enhanced=false, samsung_screen_timeout_incall=false, feature_multisim_preferred_sim=false, roaming_enhancement=false, singapore_volte_ui=false, support_penwindow_callscreen=false, multiend_point=false, tw_scafe_2016a=true, feature_spr=false, vzw_volte_ui=false, eri_info_label_enable=false, support_move_button_conference_manage=false, enable_simulate_gui=false, popup_call_service_has_icon=false, show_switch_icon_in_button=true, support_bluetooth_multi_profile=true, rear_proximity_sensor_device=false, global_network_cdma_gsm_enable=false, feature_prt=false, support_spam_call=false, support_vowifi=false, provider_name_display_disable=true, turn_on_speaker_by_proxisensor=false, hac_enable=true, att_volte_ui=true, not_support_addcall_button=false, feature_tmo=false, support_cover_extra_size=false, support_merge_call=true, ims_only_conf_initiator_can_merge=false, call_details_for_hd_icon=false, geo_description_disable=false, enhanced_wave_effect_color=true, show_vowifi_endcall_button=true, vzw_volte_ui_conf=false, hide_vt_button_during_unsupported=true, disable_format_number=false, people_stripe=false, abbreviated_dialing_codes_table_boost=false, vicommon_enabled=true, disable_add_call_mute_hold_during_emergency_call=false, support_incoming_call_widget_clear_flick_effect=true, bike_mode=false, support_outgoing_dialer_animation=true, ims_rcs_bb=false, support_folder_single_lcd=false, hw_home_key=true, support_lunar_birthday=false, usc_volte_ui=false, contextservice_enable_survey_mode=true, show_vowifi_incomingcall_button=fals
02-22 20:58:48.566  5953  5953 I InCall  : SECVT:CSC - Create VideoCallCSC
02-22 20:58:48.566  5953  5953 I InCall  : SECVT:CSC - PSVT Operator dependendy : ATT_PSVT
02-22 20:58:48.596  5995  5995 E Zygote  : v2
02-22 20:58:48.596  5995  5995 W SELinux : Function: selinux_compare_spd_ram, index[1], priority [2], priority version is VE=SEPF_SECMOBILE_6.0.1_0035
02-22 20:58:48.596  5995  5995 E Zygote  : accessInfo : 0
02-22 20:58:48.601  5995  5995 W SELinux : SELinux: seapp_context_lookup: seinfo=platform, level=s0:c512,c768, pkgname=com.samsung.klmsagent 
02-22 20:58:48.641  5396  5989 W ResourceType: ResTable_typeSpec entry count inconsistent: given 106, previously 109
02-22 20:58:48.646  5995  5995 D ActivityThread: Added TimaKeyStore provider
02-22 20:58:48.651  3688  3783 D ScanRecord: parseFromBytes
02-22 20:58:48.661  4134  4144 W art     : Suspending all threads took: 40.301ms
02-22 20:58:48.661  5396  5989 W ResourceType: ResTable_typeSpec entry count inconsistent: given 4672, previously 5296
02-22 20:58:48.661  5396  5989 W ResourceType: ResTable_typeSpec entry count inconsistent: given 3549, previously 3570
02-22 20:58:48.661  5396  5989 W ResourceType: ResTable_typeSpec entry count inconsistent: given 234, previously 238
02-22 20:58:48.661  5396  5989 W ResourceType: ResTable_typeSpec entry count inconsistent: given 508, previously 5654
02-22 20:58:48.671  5396  5973 I System.out: (HTTPLog)-Static: isSBSettingEnabled false
02-22 20:58:48.671  5396  5973 I System.out: (HTTPLog)-Static: isSBSettingEnabled false
02-22 20:58:48.676  2190  2916 D EnterpriseController: netId is 0
02-22 20:58:48.676  2190  2916 D Netd    : getNetworkForDns: using netid 502 for uid 10134
02-22 20:58:48.696  4134  4274 W art     : Verification of byte[] bbzp.l(android.content.Context, java.lang.String) took 157.014ms
02-22 20:58:48.716  6010  6010 E Zygote  : v2
02-22 20:58:48.716  6010  6010 W SELinux : Function: selinux_compare_spd_ram, index[1], priority [2], priority version is VE=SEPF_SECMOBILE_6.0.1_0035
02-22 20:58:48.716  6010  6010 E Zygote  : accessInfo : 0
02-22 20:58:48.761  3700  5993 D ConnectivityManager: requestNetwork; getAppId(CallingUid) : 10008, CallingPid : 3700
02-22 20:58:48.761  6010  6010 D ActivityThread: Added TimaKeyStore provider
02-22 20:58:48.771  4134  4274 I art     : Rejecting re-init on previously-failed class java.lang.Class<com.google.android.gms.org.conscrypt.TrustManagerImpl>
02-22 20:58:48.771  4134  4274 I art     : Rejecting re-init on previously-failed class java.lang.Class<com.google.android.gms.org.conscrypt.TrustManagerImpl>
02-22 20:58:48.781  4134  4274 I art     : Rejecting re-init on previously-failed class java.lang.Class<com.google.android.gms.org.conscrypt.TrustManagerImpl>
02-22 20:58:48.791  4134  4274 I art     : Rejecting re-init on previously-failed class java.lang.Class<com.google.android.gms.org.conscrypt.TrustManagerImpl>
02-22 20:58:48.796  4134  4274 I art     : Rejecting re-init on previously-failed class java.lang.Class<com.google.android.gms.org.conscrypt.TrustManagerImpl>
02-22 20:58:48.821  4134  4274 I art     : Rejecting re-init on previously-failed class java.lang.Class<com.google.android.gms.org.conscrypt.TrustManagerImpl>
02-22 20:58:48.826  5740  5740 W art     : Verification of boolean annh.jn(annh) took 104.031ms
02-22 20:58:48.826  4134  4274 I art     : Rejecting re-init on previously-failed class java.lang.Class<com.google.android.gms.org.conscrypt.TrustManagerImpl>
02-22 20:58:48.826  4134  4274 I art     : Rejecting re-init on previously-failed class java.lang.Class<com.google.android.gms.org.conscrypt.TrustManagerImpl>
02-22 20:58:48.836  5995  5995 W System  : ClassLoader referenced unknown path: /system/priv-app/KLMSAgent/lib/arm
02-22 20:58:48.841  6010  6010 W System  : ClassLoader referenced unknown path: /system/priv-app/serviceModeApp_FB/lib/arm
02-22 20:58:48.911  5995  5995 I KLMS-2.6.051: : KLMSAbstractReciever(): onReceive(): Intent { act=android.intent.action.BOOT_COMPLETED flg=0x8000010 cmp=com.samsung.klmsagent/.listner.MainReciver bqHint=4 (has extras) } | timestamp: Sun Feb 22 20:58:48 PST 2026
02-22 20:58:48.926  6010  6010 I ServiceMode: received = ACTION_BOOT_COMPLETED
02-22 20:58:48.926  6010  6010 I ServiceMode: setReferenceIsDumpState : 0
02-22 20:58:48.931  5995  5995 I KLMS-2.6.051: : LicenseEngine(): LicenseEngine( context ).
02-22 20:58:48.951  5995  5995 I KLMS-2.6.051: : MDMBridge(): setEnterpriseBridge()
02-22 20:58:48.956  5995  5995 I KLMS-2.6.051: : KLMSAbstractReciever(): onReceive().END.
02-22 20:58:48.971  6034  6034 E Zygote  : v2
02-22 20:58:48.976  6034  6034 W SELinux : Function: selinux_compare_spd_ram, index[1], priority [2], priority version is VE=SEPF_SECMOBILE_6.0.1_0035
02-22 20:58:48.976  6034  6034 E Zygote  : accessInfo : 0
02-22 20:58:48.976  6034  6034 W SELinux : SELinux: seapp_context_lookup: seinfo=platform, level=s0:c512,c768, pkgname=com.android.managedprovisioning 
02-22 20:58:48.981  5995  5995 I KLMS-2.6.051: : KLMSIntentService(): onCreate()
02-22 20:58:48.986  5995  5995 I KLMS-2.6.051: : KLMSSystemProperties(): getBoolean(): ro.product_ship = true
02-22 20:58:48.991  5995  5995 I KLMS-2.6.051: : KLMSUtility(): isTestMode(): product_ship: true | testApk: false
02-22 20:58:49.006  5995  6033 I KLMS-2.6.051: : KLMSIntentService(): onHandleIntent().START: Intent { act=android.intent.action.BOOT_COMPLETED flg=0x8000010 cmp=com.samsung.klmsagent/.service.KLMSIntentService bqHint=4 (has extras) }
02-22 20:58:49.006  5995  6033 D KLMS-2.6.051: : KLMSIntentService(): BOOT_COMPLETED
02-22 20:58:49.006  5995  6033 I KLMS-2.6.051: : Systemprocess(): bootCompleteListenerForKLM().STRAT
02-22 20:58:49.036  6034  6034 D ActivityThread: Added TimaKeyStore provider
02-22 20:58:49.041  4327  4327 I DBG_WSS_DM: [2.2.42][Line:153][onReceive] Need to receive Intent count for Application:0
02-22 20:58:49.046  5995  6033 D KLMS-2.6.051: : DataSource(): Fetched Data from data base count : 0
02-22 20:58:49.061  6049  6049 E Zygote  : v2
02-22 20:58:49.061  6049  6049 W SELinux : Function: selinux_compare_spd_ram, index[1], priority [2], priority version is VE=SEPF_SECMOBILE_6.0.1_0035
02-22 20:58:49.066  6049  6049 E Zygote  : accessInfo : 0
02-22 20:58:49.106  6049  6049 D ActivityThread: Added TimaKeyStore provider
02-22 20:58:49.146  6034  6034 W System  : ClassLoader referenced unknown path: /system/priv-app/ManagedProvisioning/lib/arm
02-22 20:58:49.186  6049  6049 W System  : ClassLoader referenced unknown path: /system/priv-app/wssyncmlnps2/lib/arm
02-22 20:58:49.191  5995  6033 D KLMS-2.6.051: : KLMSUtility(): IsPackageExistInDevice().mAppInfoList: 261
02-22 20:58:49.191  5995  6033 D KLMS-2.6.051: : KLMSUtility(): IsPackageExistInDevice: com.sec.esdk.elm exist.
02-22 20:58:49.191  5995  6033 I KLMS-2.6.051: : Systemprocess(): migrationforSharedPreferenc().START
02-22 20:58:49.201  2755  2755 D ICCC    : mSysScopeResult: 1
02-22 20:58:49.201  2755  2755 D ICCC    : Saving SysScope Value : OK
02-22 20:58:49.201  5143  5143 I Process : Sending signal. PID: 5143 SIG: 9
02-22 20:58:49.206  2755  2755 I TLC_TZ_ICCC_initialize: initializing...
02-22 20:58:49.206  2755  2755 I TLC_TZ_ICCC_initialize: root = 0, root_strlen = 1
02-22 20:58:49.206  2755  2755 I TLC_TZ_ICCC_initialize: process = ffffffff000000000000000000000041, process_strlen = 32
02-22 20:58:49.206  2755  2755 I TZ: mc_tlc_communication: input max_sendmsg_size = 64
02-22 20:58:49.206  2755  2755 I TZ: mc_tlc_communication: input max_recvmsg_size = 64
02-22 20:58:49.206  2755  2755 I TZ: mc_tlc_communication: root = 0, root_len = 1
02-22 20:58:49.206  2755  2755 I TZ: mc_tlc_communication: process = ffffffff000000000000000000000041, process_strlen = 32
02-22 20:58:49.206  2755  2755 I TZ: mc_tlc_communication: aligned max_sendmsg_size = 64
02-22 20:58:49.206  2755  2755 I TZ: mc_tlc_communication: aligned max_recvmsg_size = 64
02-22 20:58:49.206  2755  2755 I TZ: mc_tlc_communication: device_id = 0x0
02-22 20:58:49.206  2755  2755 I TZ: mc_tlc_communication: tlc_open() was called
02-22 20:58:49.206  2755  2755 I TZ: mc_tlc_communication: Opening MobiCore device
02-22 20:58:49.206  2755  2755 I TZ: mc_tlc_communication: Allocating message buffer for TCI
02-22 20:58:49.206  2755  2755 I TZ: mc_tlc_communication: Opening the session
02-22 20:58:49.216  5995  6033 I KLMS-2.6.051: : Systemprocess(): migrationforSharedPreferenc().END
02-22 20:58:49.216  5995  6033 I KLMS-2.6.051: : Systemprocess(): migrationforLogDataBase().START
02-22 20:58:49.241  5995  6033 D KLMS-2.6.051: : DataSource(): Fetched Data from data base count : 0
02-22 20:58:49.241  5995  6033 D KLMS-2.6.051: : Systemprocess(): migrationforLogDataBase(): Log DB is null.
02-22 20:58:49.246  5995  6033 I KLMS-2.6.051: : Systemprocess(): migrationforLogDataBase().END 
02-22 20:58:49.261  2755  2755 I TZ: mc_tlc_communication: tlc_open() succeeded
02-22 20:58:49.261  2755  2755 I TLC_TZ_ICCC_initialize: Trustlet response is completed
02-22 20:58:49.276  6066  6066 E Zygote  : v2
02-22 20:58:49.276  6066  6066 W SELinux : Function: selinux_compare_spd_ram, index[1], priority [2], priority version is VE=SEPF_SECMOBILE_6.0.1_0035
02-22 20:58:49.281  6049  6049 D NPS_WSSNPS: [] android.intent.action.BOOT_COMPLETED
02-22 20:58:49.281  6066  6066 E Zygote  : accessInfo : 0
02-22 20:58:49.281  6066  6066 W SELinux : SELinux: seapp_context_lookup: seinfo=gmscore, level=s0:c512,c768, pkgname=com.android.vending 
02-22 20:58:49.281  2755  2755 I TZ_ICCC_write_tlc: Trustlet response is completed
02-22 20:58:49.281  2755  2755 E         : iccc successfully write type = ff200000 and value = 0 
02-22 20:58:49.281  2755  2755 I TZ: mc_tlc_communication: tlc_close() was called
02-22 20:58:49.281  2755  2755 I TZ: mc_tlc_communication: Closing the session
02-22 20:58:49.286  5995  6033 D KLMS-2.6.051: : DataSource(): Fetched Data from data base count : 0
02-22 20:58:49.286  5995  6033 I KLMS-2.6.051: : Systemprocess(): bootCompleteListenerForKLM().END
02-22 20:58:49.286  5995  6033 I KLMS-2.6.051: : Systemprocess(): bootCompleteListenerForELM().STRAT
02-22 20:58:49.301  6049  6049 I NPS_WSSNPS: [] Delete ConnectFile.xml
02-22 20:58:49.306  5995  6033 D KLMS-2.6.051: : KLMSUtility(): Checking the rights object.
02-22 20:58:49.311  2755  2755 I TZ: mc_tlc_communication: Freeing message buffer
02-22 20:58:49.311  2755  2755 I TZ: mc_tlc_communication: Closing MobiCore device
02-22 20:58:49.311  2755  2755 I TZ: mc_tlc_communication: tlc_close() succeeded
02-22 20:58:49.316  5995  6033 D KLMS-2.6.051: : KLMSUtility(): No policy set.
02-22 20:58:49.316  5995  6033 I KLMS-2.6.051: : MDMBridge(): getAllLicenseInfoFromSDK()
02-22 20:58:49.316  6066  6066 D ActivityThread: Added TimaKeyStore provider
02-22 20:58:49.316  6049  6049 D NPS_WSSNPS: [] Service onCreate!!
02-22 20:58:49.336  6080  6080 E Zygote  : v2
02-22 20:58:49.336  6080  6080 W SELinux : Function: selinux_compare_spd_ram, index[1], priority [2], priority version is VE=SEPF_SECMOBILE_6.0.1_0035
02-22 20:58:49.341  6080  6080 E Zygote  : accessInfo : 0
02-22 20:58:49.341  6080  6080 W SELinux : SELinux: seapp_context_lookup: seinfo=platform, level=s0:c512,c768, pkgname=com.samsung.android.app.FileShareServer 
02-22 20:58:49.346  5995  6033 D KLMS-2.6.051: : Get License : 0
02-22 20:58:49.346  5995  6033 I KLMS-2.6.051: : Systemprocess(): bootCompleteListenerForELM().END
02-22 20:58:49.356  6091  6091 E Zygote  : v2
02-22 20:58:49.356  6091  6091 W SELinux : Function: selinux_compare_spd_ram, index[1], priority [2], priority version is VE=SEPF_SECMOBILE_6.0.1_0035
02-22 20:58:49.361  6049  6049 I NPS_WSSNPS: [] isAsyncInit
02-22 20:58:49.366  6091  6091 E Zygote  : accessInfo : 0
02-22 20:58:49.366  6091  6091 W SELinux : SELinux: seapp_context_lookup: seinfo=platform, level=s0:c512,c768, pkgname=com.samsung.android.asksmanager 
02-22 20:58:49.376  5995  5995 I KLMS-2.6.051: : KLMSIntentService(): onDestroy()
02-22 20:58:49.391  6080  6080 D ActivityThread: Added TimaKeyStore provider
02-22 20:58:49.396  6103  6103 E Zygote  : v2
02-22 20:58:49.396  6103  6103 W SELinux : Function: selinux_compare_spd_ram, index[1], priority [2], priority version is VE=SEPF_SECMOBILE_6.0.1_0035
02-22 20:58:49.396  6103  6103 E Zygote  : accessInfo : 0
02-22 20:58:49.411  6049  6112 D NPS_WSSNPS: [] NpsServiceTask Start
02-22 20:58:49.411  6091  6091 D ActivityThread: Added TimaKeyStore provider
02-22 20:58:49.446  6103  6103 D ActivityThread: Added TimaKeyStore provider
02-22 20:58:49.486  6049  6049 D NPS_WSSNPS: [7.1.37] smlDBHelper
02-22 20:58:49.506  2755  2765 I art     : Background partial concurrent mark sweep GC freed 35708(2MB) AllocSpace objects, 10(308KB) LOS objects, 33% free, 32MB/48MB, paused 4.328ms total 310.940ms
02-22 20:58:49.511  5740  5749 W art     : Suspending all threads took: 29.431ms
02-22 20:58:49.531  6080  6080 W System  : ClassLoader referenced unknown path: /system/app/AllshareFileShareServer/lib/arm
02-22 20:58:49.551  6103  6103 W System  : ClassLoader referenced unknown path: /system/priv-app/MtpApplication/lib/arm
02-22 20:58:49.591  6080  6080 D FileShare-Server: ServerBroadcastReceiver.onReceive - action android.net.wifi.p2p.CONNECTION_STATE_CHANGE // null
02-22 20:58:49.591  6080  6080 W System.err: android.content.pm.PackageManager$NameNotFoundException: com.samsung.android.qconnect
02-22 20:58:49.591  6080  6080 W System.err: 	at android.app.ApplicationPackageManager.getApplicationInfo(ApplicationPackageManager.java:390)
02-22 20:58:49.591  6080  6080 W System.err: 	at com.samsung.android.qconnect.adapter.FileShareUiAdapter.isSupportedCommonUi(FileShareUiAdapter.java:36)
02-22 20:58:49.591  6080  6080 W System.err: 	at com.samsung.android.app.FileShareServer.ServerBroadcastReceiver.onReceive(ServerBroadcastReceiver.java:34)
02-22 20:58:49.591  6080  6080 W System.err: 	at android.app.ActivityThread.handleReceiver(ActivityThread.java:3636)
02-22 20:58:49.591  6080  6080 W System.err: 	at android.app.ActivityThread.access$2000(ActivityThread.java:222)
02-22 20:58:49.591  6080  6080 W System.err: 	at android.app.ActivityThread$H.handleMessage(ActivityThread.java:1878)
02-22 20:58:49.591  6080  6080 W System.err: 	at android.os.Handler.dispatchMessage(Handler.java:102)
02-22 20:58:49.591  6080  6080 W System.err: 	at android.os.Looper.loop(Looper.java:158)
02-22 20:58:49.591  6080  6080 W System.err: 	at android.app.ActivityThread.main(ActivityThread.java:7230)
02-22 20:58:49.591  6080  6080 W System.err: 	at java.lang.reflect.Method.invoke(Native Method)
02-22 20:58:49.591  6080  6080 W System.err: 	at com.android.internal.os.ZygoteInit$MethodAndArgsCaller.run(ZygoteInit.java:1230)
02-22 20:58:49.591  6080  6080 W System.err: 	at com.android.internal.os.ZygoteInit.main(ZygoteInit.java:1120)
02-22 20:58:49.601  6103  6103 E MTPRx   : In MtpReceiverandroid.intent.action.BOOT_COMPLETED
02-22 20:58:49.606  2755  3278 D SecContentProvider2: query(), uri = 14 selection = getSealedUsbMassStorageState
02-22 20:58:49.616  6103  6103 D MTPRx   : in initializeSettingsValues
02-22 20:58:49.616  6049  6049 I NPS_WSSNPS: [7.1.37] _clock = 1196000
02-22 20:58:49.621  3700  4472 I cn_CronetLibraryLoader: Cronet version: 145.0.7582.0, arch: armv7l
02-22 20:58:49.646  6066  6066 W ResourceType: ResTable_typeSpec entry count inconsistent: given 221, previously 254
02-22 20:58:49.646  6066  6066 W ResourceType: ResTable_typeSpec entry count inconsistent: given 5864, previously 5865
02-22 20:58:49.646  6091  6091 W System  : ClassLoader referenced unknown path: /system/priv-app/ASKSManager/lib/arm
02-22 20:58:49.666  6103  6103 E MTPRx   : Sd-Card path/storage/56C2-A183
02-22 20:58:49.671  6049  6049 I NPS_WSSNPS: [7.1.37] AsyncBulkFlagCheck
02-22 20:58:49.696  6103  6103 E MTPRx   : Status for mount/Unmount :mounted
02-22 20:58:49.696  6103  6103 E MTPRx   : SDcard is  available
02-22 20:58:49.701  6103  6103 W System.err: remove failed: ENOENT (No such file or directory) : /storage/56C2-A183/.mtp
02-22 20:58:49.701  5396  5396 W ResourceType: No package identifier when getting value for resource number 0x00000000
02-22 20:58:49.701  6103  6103 W System.err: remove failed: ENOENT (No such file or directory) : /storage/emulated/0/.mtp
02-22 20:58:49.746  5740  5740 W art     : Verification of void dvu.run() took 360.838ms
02-22 20:58:49.751  6125  6125 E Zygote  : v2
02-22 20:58:49.751  6125  6125 W SELinux : Function: selinux_compare_spd_ram, index[1], priority [2], priority version is VE=SEPF_SECMOBILE_6.0.1_0035
02-22 20:58:49.756  6125  6125 E Zygote  : accessInfo : 0
02-22 20:58:49.756  6125  6125 W SELinux : SELinux: seapp_context_lookup: seinfo=platform, level=s0:c512,c768, pkgname=com.samsung.android.scloud 
02-22 20:58:49.771  6080  6080 D FileShare-Server: ServerBroadcastReceiver.onReceive - action android.intent.action.BOOT_COMPLETED // null
02-22 20:58:49.791  2755  3359 D ActivityManager: The following uid has registered to recieve broadcast for proxy related updates 10008
02-22 20:58:49.791  3700  4472 I entq    : Network metric disabled. Skip initializing network monitor.
02-22 20:58:49.806  6125  6125 D ActivityThread: Added TimaKeyStore provider
02-22 20:58:49.861  3700  4472 E InstantAppsPMW: Error checking if app is instant app
02-22 20:58:49.861  3700  4472 E InstantAppsPMW: android.os.RemoteException
02-22 20:58:49.861  3700  4472 E InstantAppsPMW: 	at bsvt.g(:com.google.android.gms@260662000@26.06.62 (040300-873027013):521)
02-22 20:58:49.861  3700  4472 E InstantAppsPMW: 	at bsvn.run(:com.google.android.gms@260662000@26.06.62 (040300-873027013):13)
02-22 20:58:49.861  3700  4472 E InstantAppsPMW: 	at bbyl.c(:com.google.android.gms@260662000@26.06.62 (040300-873027013):50)
02-22 20:58:49.861  3700  4472 E InstantAppsPMW: 	at bbyl.run(:com.google.android.gms@260662000@26.06.62 (040300-873027013):73)
02-22 20:58:49.861  3700  4472 E InstantAppsPMW: 	at java.util.concurrent.ThreadPoolExecutor.runWorker(ThreadPoolExecutor.java:1113)
02-22 20:58:49.861  3700  4472 E InstantAppsPMW: 	at java.util.concurrent.ThreadPoolExecutor$Worker.run(ThreadPoolExecutor.java:588)
02-22 20:58:49.861  3700  4472 E InstantAppsPMW: 	at bcdv.run(:com.google.android.gms@260662000@26.06.62 (040300-873027013):8)
02-22 20:58:49.861  3700  4472 E InstantAppsPMW: 	at java.lang.Thread.run(Thread.java:818)
02-22 20:58:49.866  6125  6125 W System  : ClassLoader referenced unknown path: /system/priv-app/SCloudService/lib/arm
02-22 20:58:49.921  6049  6049 D NPS_WSSNPS: [7.1.37] Service onStart!!
02-22 20:58:49.936  6049  6142 I NPS_WSSNPS: [7.1.37] IsRemain_AsyncBulkCheck
02-22 20:58:49.961  5396  6141 W linker  : /data/app/com.fullscreen.android-1/lib/arm/libsdk.so: unused DT entry: type 0x7ffffffd arg 0x362
02-22 20:58:49.996  5396  6141 D PlayerSDK: Initializing castlabs SDK
02-22 20:58:50.021  6125  6125 I ExternalOEMControlProvider: onCreate
02-22 20:58:50.041  6125  6125 I SCloudService: onCreate
02-22 20:58:50.056  5396  6141 I PlayerSDK: License Verified for com.fullscreen.android [1B:69:2D:78:37:2B:46:0F:D0:70:AF:F3:3A:7B:06:83:02:CC:EE:69]
02-22 20:58:50.081  5396  6141 W linker  : /data/app/com.fullscreen.android-1/lib/arm/libomaplugin.so: unused DT entry: type 0x7ffffffd arg 0x1ad3c
02-22 20:58:50.151  2755  2755 W System  : ClassLoader referenced unknown path: /system/app/AntHalService/lib/arm
02-22 20:58:50.151  6049  6142 I NPS_WSSNPS: [7.1.37] IsRemain_Asyncing nothing
02-22 20:58:50.151  6049  6049 D NPS_WSSNPS: [7.1.37] Service onDestroy
02-22 20:58:50.156  6049  6049 I NPS_WSSNPS: [7.1.37] smlBRConfigurationDelete
02-22 20:58:50.166  6049  6049 I NPS_WSSNPS: [7.1.37] smlBRMessageDelete
02-22 20:58:50.176  2755  2755 W ContextImpl: Implicit intents with startService are not safe: Intent { act=com.dsi.ant.server.IAntHal } android.content.ContextWrapper.startService:606 android.content.ContextWrapper.startService:606 com.dsi.ant.server.AntService.startService:60 
02-22 20:58:50.176  6049  6049 I NPS_WSSNPS: [7.1.37] smlBREmailDelete
02-22 20:58:50.186  6049  6049 I NPS_WSSNPS: [7.1.37] smlBRAsyncEmailDelete
02-22 20:58:50.211  6049  6049 I NPS_WSSNPS: [7.1.37] smlBRNetworkDelete
02-22 20:58:50.216  6154  6154 E Zygote  : v2
02-22 20:58:50.221  6154  6154 W SELinux : Function: selinux_compare_spd_ram, index[1], priority [2], priority version is VE=SEPF_SECMOBILE_6.0.1_0035
02-22 20:58:50.221  6154  6154 E Zygote  : accessInfo : 0
02-22 20:58:50.226  2755  2755 D AntHalService: onCreate() entered
02-22 20:58:50.226  2755  2755 D JAntJava: Calling JAntJava:create, callback: com.dsi.ant.server.AntService$4@432842
02-22 20:58:50.231  2755  2755 D AntHalService: JAntJava create success
02-22 20:58:50.231  2755  2755 D AntHalService: onStartCommand() entered
02-22 20:58:50.256  6049  6049 I NPS_WSSNPS: [7.1.37] smlBRCallLogDelete
02-22 20:58:50.256  6154  6154 D ActivityThread: Added TimaKeyStore provider
02-22 20:58:50.261  4134  4274 W art     : Verification of boolean com.google.android.gms.org.conscrypt.Platform.serverNamePermittedInternal(com.google.android.gms.org.conscrypt.SSLParametersImpl, java.lang.String) took 153.135ms
02-22 20:58:50.281  6049  6049 I NPS_WSSNPS: [7.1.37] smlBRMiniDiaryDelete
02-22 20:58:50.301  2182  2182 I display : [PrimaryDisplay] [DYNAMIC_RECOMP] GLES_2_HWC by high FPS(29)
02-22 20:58:50.311  6049  6049 I NPS_WSSNPS: [7.1.37] smlBRPenMemoMDelete
02-22 20:58:50.321  6049  6049 I NPS_WSSNPS: [7.1.37] smlBRSMemoDelete
02-22 20:58:50.341  6049  6049 I NPS_WSSNPS: [7.1.37] verifier installed? false
02-22 20:58:50.341  6049  6049 I NPS_WSSNPS: [7.1.37] BoostRelease
02-22 20:58:50.346  6049  6049 I NPS_WSSNPS: [7.1.37] smlPutAllPermissionIntent
02-22 20:58:50.346  6049  6049 I NPS_WSSNPS: [7.1.37] szTopactivityname : com.sec.android.app.launcher
02-22 20:58:50.416  6066  6066 W art     : Verification of int hs$$ExternalSyntheticApiModelOutline0.m(android.telephony.CellIdentityTdscdma) took 175.122ms
02-22 20:58:50.426  6125  6125 I SCloudService: SCloudService Version Info : 1.4.50
02-22 20:58:50.426  6125  6125 I SCloudReceiver: onReceive : android.intent.action.BOOT_COMPLETED
02-22 20:58:50.466  6176  6176 E Zygote  : v2
02-22 20:58:50.466  6176  6176 W SELinux : Function: selinux_compare_spd_ram, index[1], priority [2], priority version is VE=SEPF_SECMOBILE_6.0.1_0035
02-22 20:58:50.466  6176  6176 E Zygote  : accessInfo : 0
02-22 20:58:50.466  6176  6176 W SELinux : SELinux: seapp_context_lookup: seinfo=samsung, level=s0:c512,c768, pkgname=com.sec.android.app.sns3 
02-22 20:58:50.501  6189  6189 E Zygote  : v2
02-22 20:58:50.501  6189  6189 W SELinux : Function: selinux_compare_spd_ram, index[1], priority [2], priority version is VE=SEPF_SECMOBILE_6.0.1_0035
02-22 20:58:50.501  6189  6189 E Zygote  : accessInfo : 0
02-22 20:58:50.506  6189  6189 W SELinux : SELinux: seapp_context_lookup: seinfo=default, level=s0:c512,c768, pkgname=com.sec.android.app.billing 
02-22 20:58:50.516  6154  6154 W System  : ClassLoader referenced unknown path: /system/app/AssistantMenu_M_Tablet/lib/arm
02-22 20:58:50.526  4134  4274 I art     : Rejecting re-init on previously-failed class java.lang.Class<com.google.android.gms.org.conscrypt.Java7ExtendedSSLSession>
02-22 20:58:50.531  6176  6176 D ActivityThread: Added TimaKeyStore provider
02-22 20:58:50.536  3090  3090 D KeyguardUpdateMonitor: received broadcast android.intent.action.BATTERY_CHANGED
02-22 20:58:50.536  3090  3090 D KeyguardUpdateMonitor: handleBatteryUpdate
02-22 20:58:50.551  3688  3688 V HeadsetService: HeadsetService - Received Intent.ACTION_BATTERY_CHANGED
02-22 20:58:50.551  3688  3871 D HeadsetStateMachine: Disconnected process message: 10, size: 0
02-22 20:58:50.556  6189  6189 D ActivityThread: Added TimaKeyStore provider
02-22 20:58:50.561  5396  5469 I System.out: (HTTPLog)-Static: isSBSettingEnabled false
02-22 20:58:50.561  5396  5469 I System.out: (HTTPLog)-Static: isSBSettingEnabled false
02-22 20:58:50.561  3468  3468 D BatteryMonitor: new battery level: 100
02-22 20:58:50.571  4134  4274 I art     : Rejecting re-init on previously-failed class java.lang.Class<com.google.android.gms.org.conscrypt.Java7ExtendedSSLSession>
02-22 20:58:50.571  4134  4274 I art     : Rejecting re-init on previously-failed class java.lang.Class<com.google.android.gms.org.conscrypt.Java8ExtendedSSLSession>
02-22 20:58:50.571  4134  4274 I art     : Rejecting re-init on previously-failed class java.lang.Class<com.google.android.gms.org.conscrypt.Java8ExtendedSSLSession>
02-22 20:58:50.571  4134  4274 W art     : Verification of javax.net.ssl.SSLSession com.google.android.gms.org.conscrypt.Platform.wrapSSLSession(com.google.android.gms.org.conscrypt.ExternalSession) took 117.583ms
02-22 20:58:50.586  2182  2182 I display : [PrimaryDisplay] [DYNAMIC_RECOMP] HWC_2_GLES by low FPS(4)
02-22 20:58:50.591  4636  4636 D NabCoreServices: BatteryExManager - onReceive ACTION_BATTERY_CHANGED SUB/ AC plugged
02-22 20:58:50.646  2190  2916 D EnterpriseController: netId is 0
02-22 20:58:50.646  2190  2916 D Netd    : getNetworkForDns: using netid 502 for uid 10008
02-22 20:58:50.651  6125  6173 I SCloudReceiver: Account exist, Start AutoBackup Manager
02-22 20:58:50.656  3700  6138 I qtaguid : Tagging socket 162 with tag 400040700000000{67109895,0} uid -1, pid: 3700, getuid(): 10008
02-22 20:58:50.686  6176  6176 W System  : ClassLoader referenced unknown path: /system/priv-app/SNS_v2/lib/arm
02-22 20:58:50.706  6204  6204 E Zygote  : v2
02-22 20:58:50.706  6204  6204 W SELinux : Function: selinux_compare_spd_ram, index[1], priority [2], priority version is VE=SEPF_SECMOBILE_6.0.1_0035
02-22 20:58:50.711  6204  6204 E Zygote  : accessInfo : 0
02-22 20:58:50.771  3700  6138 I qtaguid : Tagging socket 164 with tag 400040700000000{67109895,0} uid -1, pid: 3700, getuid(): 10008
02-22 20:58:50.791  4134  4144 W art     : Suspending all threads took: 20.130ms
02-22 20:58:50.881  6204  6204 D ActivityThread: Added TimaKeyStore provider
02-22 20:58:50.936  6066  6066 W art     : Verification of android.content.ContentProvider hs$$ExternalSyntheticApiModelOutline0.m(android.app.AppComponentFactory, java.lang.ClassLoader, java.lang.String) took 100.368ms
02-22 20:58:51.056  5793  5800 D PCWCLIENTTRACE_AccountAppFacade2_0: unregister AuthInfo UpdateReceiver v2.0
02-22 20:58:51.061  5793  5800 D PCWCLIENTTRACE_AccountAppFacade: unregister AuthInfo UpdateReceiver
02-22 20:58:51.071  3224  3284 E ContactsProvider_EventLog: Flush buffer to file cnt : 2 size : 2Kb duration : 461ms lastUpdatedAfter : 4567 ms mFlush_time_threasold : 2000 mCurrentSize : 1438
02-22 20:58:51.081  5396  6141 D OMA-JNI-Plugin: Loaded OMA JNI plugin
02-22 20:58:51.141  6066  6066 W art     : Verification of android.view.textclassifier.TextClassification$Request hs$$ExternalSyntheticApiModelOutline0.m(android.view.textclassifier.TextClassification$Request$Builder) took 137.724ms
02-22 20:58:51.151  5396  6141 D JNI-Utils: Initialize JNI cache
02-22 20:58:51.156  6204  6204 W System  : ClassLoader referenced unknown path: /system/app/BBCAgent/lib/arm
02-22 20:58:51.201  5877  6203 E GooglePlayServicesUtil: The Google Play services resources were not found. Check your project configuration to ensure that the resources are included.
02-22 20:58:51.241  6222  6222 E Zygote  : v2
02-22 20:58:51.246  6222  6222 W SELinux : Function: selinux_compare_spd_ram, index[1], priority [2], priority version is VE=SEPF_SECMOBILE_6.0.1_0035
02-22 20:58:51.246  6222  6222 E Zygote  : accessInfo : 0
02-22 20:58:51.276  6222  6222 D ActivityThread: Added TimaKeyStore provider
02-22 20:58:51.311  2182  2182 I display : [PrimaryDisplay] [DYNAMIC_RECOMP] GLES_2_HWC by high FPS(60)
02-22 20:58:51.326  5396  5989 W ResourceType: ResTable_typeSpec entry count inconsistent: given 106, previously 109
02-22 20:58:51.326  5396  5989 W ResourceType: ResTable_typeSpec entry count inconsistent: given 4672, previously 5296
02-22 20:58:51.326  5396  5989 W ResourceType: ResTable_typeSpec entry count inconsistent: given 3549, previously 3570
02-22 20:58:51.326  5396  5989 W ResourceType: ResTable_typeSpec entry count inconsistent: given 234, previously 238
02-22 20:58:51.326  5396  5989 W ResourceType: ResTable_typeSpec entry count inconsistent: given 508, previously 5654
02-22 20:58:51.351  6049  6049 I NPS_WSSNPS: [7.1.37] User Input Key is null
02-22 20:58:51.351  6049  6049 I NPS_WSSNPS: [7.1.37] unregisterReceiver Finish
02-22 20:58:51.376  6066  6066 W art     : Verification of android.view.textclassifier.TextClassificationContext hs$$ExternalSyntheticApiModelOutline0.m(android.view.textclassifier.TextClassificationContext$Builder) took 224.018ms
02-22 20:58:51.386  5396  6141 D Subtitles-JNI-Plugin: Loaded Subtitles JNI plugin
02-22 20:58:51.391  6049  6049 D NPS_WSSNPS: [7.1.37] dsServerSocket close
02-22 20:58:51.421  6222  6222 W System  : ClassLoader referenced unknown path: /system/app/BluetoothTest/lib/arm
02-22 20:58:51.426  6049  6235 I NPS_WSSNPS: [7.1.37] Delete ConnectFile.xml
02-22 20:58:51.426  5396  6141 D JNI-Utils: Initialize JNI cache
02-22 20:58:51.466  6222  6222 D BluetoothBDAdrressReceiver: onReceive(), action: android.intent.action.BOOT_COMPLETED
02-22 20:58:51.471  2755  3181 E TLC_TZ_KEYSTORE: : Inside TZ_KEYSTORE_initialize()
02-22 20:58:51.471  2755  3181 I TLC_TZ_KEYSTORE: : creating new keystore context...
02-22 20:58:51.471  2755  3181 I TLC_TZ_KEYSTORE: : initializing ccm context...
02-22 20:58:51.471  2755  3181 I TLC_TZ_KEYSTORE: : root = 0, root_strlen = 1
02-22 20:58:51.471  2755  3181 I TLC_TZ_KEYSTORE: : process = ffffffff000000000000000000000013, process_strlen = 32
02-22 20:58:51.471  2755  3181 I TZ: mc_tlc_communication: input max_sendmsg_size = 1080
02-22 20:58:51.471  2755  3181 I TZ: mc_tlc_communication: input max_recvmsg_size = 1080
02-22 20:58:51.471  2755  3181 I TZ: mc_tlc_communication: root = 0, root_len = 1
02-22 20:58:51.471  2755  3181 I TZ: mc_tlc_communication: process = ffffffff000000000000000000000013, process_strlen = 32
02-22 20:58:51.471  2755  3181 I TZ: mc_tlc_communication: aligned max_sendmsg_size = 1088
02-22 20:58:51.471  2755  3181 I TZ: mc_tlc_communication: aligned max_recvmsg_size = 1088
02-22 20:58:51.471  2755  3181 I TZ: mc_tlc_communication: device_id = 0x0
02-22 20:58:51.471  2755  3181 I TZ: mc_tlc_communication: tlc_open() was called
02-22 20:58:51.471  2755  3181 I TZ: mc_tlc_communication: Opening MobiCore device
02-22 20:58:51.471  2755  3181 I TZ: mc_tlc_communication: Allocating message buffer for TCI
02-22 20:58:51.471  2755  3181 I TZ: mc_tlc_communication: Opening the session
02-22 20:58:51.501  2199  2909 I Crypto  : android::Crypto::Crypto() is called from com.fullscreen.android(pid:5396)
02-22 20:58:51.511  2755  3181 I TZ: mc_tlc_communication: tlc_open() succeeded
02-22 20:58:51.511  2755  3181 I TLC_TZ_KEYSTORE: : ctx = 0x989e86b0, comm = 0x98bfd3f0, sendmsg = 0x9be28000, recvmsg = 0x9be28440
02-22 20:58:51.511  2755  3181 I TZ_init: : TZ_init: sending initialization request...
02-22 20:58:51.511  4134  4274 I ProviderInstaller: Installed default security provider GmsCore_OpenSSL
02-22 20:58:51.516  6239  6239 E Zygote  : v2
02-22 20:58:51.516  6239  6239 W SELinux : Function: selinux_compare_spd_ram, index[1], priority [2], priority version is VE=SEPF_SECMOBILE_6.0.1_0035
02-22 20:58:51.521  6239  6239 E Zygote  : accessInfo : 0
02-22 20:58:51.521  6239  6239 W SELinux : SELinux: seapp_context_lookup: seinfo=platform, level=s0:c512,c768, pkgname=com.sec.android.app.clockpackage 
02-22 20:58:51.536  2755  3181 I TZ_init: : TZ_init: successful initialization
02-22 20:58:51.536  2755  3181 I TZ: mc_tlc_communication: tlc_close() was called
02-22 20:58:51.536  2755  3181 I TZ: mc_tlc_communication: Closing the session
02-22 20:58:51.546  2755  3359 D PackageManager: setEnabledSetting : userId = 0 packageName = com.sec.android.app.sns3 cmp = com.sec.android.app.sns3.auth.sp.linkedin.SnsAccountLiAuthenticatorService newState = 1 callingPackage = 10024
02-22 20:58:51.551  2755  3640 D PackageManager: setEnabledSetting : userId = 0 packageName = com.sec.android.app.sns3 cmp = com.sec.android.app.sns3.auth.sp.linkedin.SnsAccountLiAuthSSOReceiver newState = 1 callingPackage = 10024
02-22 20:58:51.551  6239  6239 D ActivityThread: Added TimaKeyStore provider
02-22 20:58:51.556  2755  2768 D PackageManager: setEnabledSetting : userId = 0 packageName = com.sec.android.app.sns3 cmp = com.sec.android.app.sns3.auth.sp.googleplus.SnsAccountGpAuthenticatorService newState = 1 callingPackage = 10024
02-22 20:58:51.561  2755  3631 D PackageManager: setEnabledSetting : userId = 0 packageName = com.sec.android.app.sns3 cmp = com.sec.android.app.sns3.auth.sp.googleplus.SnsAccountGpAuthSSOReceiver newState = 1 callingPackage = 10024
02-22 20:58:51.566  2199  2909 E Crypto  : createCryptoFactory failed:No errors or unknown error
02-22 20:58:51.571  2755  3181 I TZ: mc_tlc_communication: Freeing message buffer
02-22 20:58:51.571  2755  3181 I TZ: mc_tlc_communication: Closing MobiCore device
02-22 20:58:51.571  2755  3181 I TZ: mc_tlc_communication: tlc_close() succeeded
02-22 20:58:51.571  2755  3181 E TLC_TZ_KEYSTORE: : Count : 1, Ret : 0
02-22 20:58:51.571  2755  3181 E         : TimaKeyStore: tima_check_tzdriver success : 0
02-22 20:58:51.576  2755  2769 D PackageManager: setEnabledSetting : userId = 0 packageName = com.sec.android.app.sns3 cmp = com.sec.android.app.sns3.svc.sp.googleplus.SnsGpService newState = 1 callingPackage = 10024
02-22 20:58:51.581  2755  2983 D PackageManager: setEnabledSetting : userId = 0 packageName = com.sec.android.app.sns3 cmp = com.sec.android.app.sns3.svc.sp.googleplus.SnsGpServiceForAuthToken newState = 1 callingPackage = 10024
02-22 20:58:51.601  2755  2769 D PackageManager: setEnabledSetting : userId = 0 packageName = com.sec.android.app.sns3 cmp = com.sec.android.app.sns3.auth.sp.foursquare.SnsAccountFsAuthenticatorService newState = 2 callingPackage = 10024
02-22 20:58:51.601  2182  2269 I display : [PrimaryDisplay] [DYNAMIC_RECOMP] HWC_2_GLES by low FPS(0)
02-22 20:58:51.606  2755  3375 D PackageManager: setEnabledSetting : userId = 0 packageName = com.sec.android.app.sns3 cmp = com.sec.android.app.sns3.auth.sp.foursquare.SnsAccountFsAuthSSOReceiver newState = 2 callingPackage = 10024
02-22 20:58:51.611  2755  3635 D PackageManager: setEnabledSetting : userId = 0 packageName = com.sec.android.app.sns3 cmp = com.sec.android.app.sns3.svc.sp.foursquare.SnsFsService newState = 2 callingPackage = 10024
02-22 20:58:51.616  2755  2768 D PackageManager: setEnabledSetting : userId = 0 packageName = com.sec.android.app.sns3 cmp = com.sec.android.app.sns3.svc.sp.foursquare.SnsFsServiceForAuthToken newState = 2 callingPackage = 10024
02-22 20:58:51.621  2755  3278 D PackageManager: setEnabledSetting : userId = 0 packageName = com.sec.android.app.sns3 cmp = com.sec.android.app.sns3.auth.sp.instagram.SnsAccountInAuthenticatorService newState = 2 callingPackage = 10024
02-22 20:58:51.641  2199  2541 I Crypto  : android::Crypto::Crypto() is called from com.fullscreen.android(pid:5396)
02-22 20:58:51.646  3339  3339 W System  : ClassLoader referenced unknown path: /system/app/BluetoothTest/lib/arm
02-22 20:58:51.651  6189  6189 D FirebaseApp: com.google.firebase.auth.FirebaseAuth is not linked. Skipping initialization.
02-22 20:58:51.651  6189  6189 D FirebaseApp: com.google.firebase.crash.FirebaseCrash is not linked. Skipping initialization.
02-22 20:58:51.651  6189  6189 I FirebaseInitProvider: FirebaseApp initialization successful
02-22 20:58:51.656  2199  2909 E Crypto  : createCryptoFactory failed:No errors or unknown error
02-22 20:58:51.666  3339  3339 D BluetoothBDTestService: onCreate()
02-22 20:58:51.666  3339  3339 E BluetoothBDTestService: onStart(), extra_type: BOOT_COMPLETED
02-22 20:58:51.666  3339  3339 E BluetoothBDTestService: bd_address_path: /efs/bluetooth/bt_addr
02-22 20:58:51.666  3339  3339 E BluetoothBDTestService: already exist!( /efs/bluetooth/bt_addr ), file length: 17
02-22 20:58:51.686  2199  2909 E Crypto  : createCryptoFactory failed:No errors or unknown error
02-22 20:58:51.731  2199  2909 E Crypto  : createCryptoFactory failed:No errors or unknown error
02-22 20:58:51.736  6189  6189 I UnifiedPayment: [UP_VERSION : 5.0.46.0] CreditCardProvider onCreate
02-22 20:58:51.756  6066  6066 W art     : Verification of void hs$$ExternalSyntheticApiModelOutline0.m(android.view.WindowManager$LayoutParams, int) took 264.153ms
02-22 20:58:51.776  2182  2182 I display : [PrimaryDisplay] [DYNAMIC_RECOMP] GLES_2_HWC by high FPS(6)
02-22 20:58:51.841  2199  2199 I Drm     : android::Drm::Drm() is called from com.fullscreen.android(pid:5396)
02-22 20:58:51.861  2199  2199 D WVCdm   : Instantiating CDM.
02-22 20:58:51.866  2199  2541 I WVCdm   : CdmEngine::QueryStatus
02-22 20:58:51.866  2199  2541 I WVCdm   : Level3 Library Jun 15 2015 14:09:24
02-22 20:58:51.881  2199  2541 W WVCdm   : Could not read /data/mediadrm/IDM1013/ay64.dat2: No such file or directory
02-22 20:58:51.886  2199  2541 E wv_dash : No saved usage table. Creating new table.
02-22 20:58:51.896  6189  6189 I UnifiedPayment: [UP_VERSION : 5.0.46.0] CreditCardProvider setCreditcardSupportCountry : CHN
02-22 20:58:51.896  6189  6189 I UnifiedPayment: [UP_VERSION : 5.0.46.0] CreditCardProvider insert : country=CHN
02-22 20:58:51.916  6189  6189 I UnifiedPayment: [UP_VERSION : 5.0.46.0] CreditCardProvider setUri : content://unifiedpayment.provider.CreditCardProvider/BillingCardNotSupportCountry/1
02-22 20:58:51.916  6189  6189 I UnifiedPayment: [UP_VERSION : 5.0.46.0] CreditCardProvider setCreditcardSupportCountry : IRN
02-22 20:58:51.916  6189  6189 I UnifiedPayment: [UP_VERSION : 5.0.46.0] CreditCardProvider insert : country=IRN
02-22 20:58:51.916  6189  6189 I UnifiedPayment: [UP_VERSION : 5.0.46.0] CreditCardProvider setUri : content://unifiedpayment.provider.CreditCardProvider/BillingCardNotSupportCountry/2
02-22 20:58:51.941  2199  2541 D WVCdm   : OEMCrypto_Initialize Level 1 success. I will use level 1.
02-22 20:58:51.996  5740  5740 W art     : Verification of java.lang.Object kfl.a() took 571.736ms
02-22 20:58:52.016  6189  6189 I IAPApplication: ApplicationInit onCreate()
02-22 20:58:52.061  6239  6239 W System  : ClassLoader referenced unknown path: /system/app/ClockPackage_M_Tablet/lib/arm
02-22 20:58:52.101  2182  2269 I display : [PrimaryDisplay] [DYNAMIC_RECOMP] HWC_2_GLES by low FPS(0)
02-22 20:58:52.151  6189  6189 I UnifiedPayment: [UP_VERSION : 5.0.46.0] [CommonUtil] isMDETarget
02-22 20:58:52.161  6189  6189 W System.err: java.lang.NoSuchMethodError: No static method semIsProductDev()Z in class Landroid/os/Debug; or its super classes (declaration of 'android.os.Debug' appears in /system/framework/framework.jar)
02-22 20:58:52.161  6189  6189 W System.err: 	at com.sec.android.app.billing.unifiedpayment.util.CommonUtil.i()
02-22 20:58:52.161  6189  6189 W System.err: 	at com.sec.android.app.billing.unifiedpayment.util.CommonUtil.D()
02-22 20:58:52.161  6189  6189 W System.err: 	at com.sec.android.app.billing.iap.IAPApplication.onCreate()
